******************************************************************************
                  TI ARM Linker PC v16.9.0                     
******************************************************************************
>> Linked Mon Jan 28 15:55:47 2019

OUTPUT FILE NAME:   <Aircraft_v21.out>
ENTRY POINT SYMBOL: "_c_int00"  address: 00003cd5


MEMORY CONFIGURATION

         name            origin    length      used     unused   attr    fill
----------------------  --------  ---------  --------  --------  ----  --------
  FLASH                 00000000   00040000  000045f2  0003ba0e  R  X
  SRAM                  20000000   00008000  0000072c  000078d4  RW X


SEGMENT ALLOCATION MAP

run origin  load origin   length   init length attrs members
----------  ----------- ---------- ----------- ----- -------
00000000    00000000    000045f8   000045f8    r-x
  00000000    00000000    0000026c   0000026c    r-- .intvecs
  0000026c    0000026c    00004016   00004016    r-x .text
  00004288    00004288    00000308   00000308    r-- .const
  00004590    00004590    00000068   00000068    r-- .cinit
20000000    20000000    00000730   00000000    rw-
  20000000    20000000    0000026c   00000000    rw- .vtable
  2000026c    2000026c    00000200   00000000    rw- .stack
  20000470    20000470    000001e8   00000000    rw- .bss
  20000658    20000658    000000d8   00000000    rw- .data


SECTION ALLOCATION MAP

 output                                  attributes/
section   page    origin      length       input sections
--------  ----  ----------  ----------   ----------------
.intvecs   0    00000000    0000026c     
                  00000000    0000026c     tm4c123gh6pm_startup_ccs.obj (.intvecs)

.text      0    0000026c    00004016     
                  0000026c    00000fbc     main.obj (.text)
                  00001228    000009ac     rtsv7M4_T_le_v4SPD16_eabi.lib : e_pow.obj (.text)
                  00001bd4    000004dc     uartstdio.obj (.text)
                  000020b0    00000420     mavlink.obj (.text)
                  000024d0    000003a0     ppm.obj (.text)
                  00002870    00000288     filter.obj (.text)
                  00002af8    000001dc     ultrasonic.obj (.text)
                  00002cd4    000001c4     camera.obj (.text)
                  00002e98    000001b6     rtsv7M4_T_le_v4SPD16_eabi.lib : fd_add_t2.obj (.text)
                  0000304e    00000002                                   : i_div0.obj (.text)
                  00003050    00000170     receive.obj (.text)
                  000031c0    00000170     rtsv7M4_T_le_v4SPD16_eabi.lib : e_sqrt.obj (.text)
                  00003330    00000136                                   : fd_div_t2.obj (.text)
                  00003466    00000132     driverlib.lib : gpio.obj (.text:GPIOPadConfigSet)
                  00003598    00000110                   : sysctl.obj (.text:SysCtlClockGet)
                  000036a8    000000fc     rtsv7M4_T_le_v4SPD16_eabi.lib : fd_mul_t2.obj (.text)
                  000037a4    000000fc                                   : s_scalbn.obj (.text)
                  000038a0    0000009c                                   : memcpy_t2.obj (.text)
                  0000393c    00000086                                   : fd_cmp_t2.obj (.text:__aeabi_cdcmple)
                  000039c2    00000086                                   : fd_cmp_t2.obj (.text:__aeabi_cdrcmple)
                  00003a48    0000007a                                   : memset_t2.obj (.text)
                  00003ac2    00000002                                   : mpu_init.obj (.text)
                  00003ac4    00000070                                   : autoinit.obj (.text)
                  00003b34    0000006e                                   : fd_tos_t2.obj (.text)
                  00003ba2    00000002                                   : startup.obj (.text)
                  00003ba4    00000068     driverlib.lib : interrupt.obj (.text:IntEnable)
                  00003c0c    00000068     rtsv7M4_T_le_v4SPD16_eabi.lib : copy_decompress_lzss.obj (.text:decompress:lzss)
                  00003c74    00000060     driverlib.lib : timer.obj (.text:TimerConfigure)
                  00003cd4    00000054     rtsv7M4_T_le_v4SPD16_eabi.lib : boot.obj (.text)
                  00003d28    00000054                                   : exit.obj (.text)
                  00003d7c    0000004c     driverlib.lib : timer.obj (.text:_TimerIntNumberGet)
                  00003dc8    0000004c     rtsv7M4_T_le_v4SPD16_eabi.lib : cpy_tbl.obj (.text)
                  00003e14    00000048     driverlib.lib : gpio.obj (.text:GPIOPinConfigure)
                  00003e5c    00000048     rtsv7M4_T_le_v4SPD16_eabi.lib : fd_toi_t2.obj (.text)
                  00003ea4    00000046     driverlib.lib : uart.obj (.text:UARTConfigSetExpClk)
                  00003eea    00000040     rtsv7M4_T_le_v4SPD16_eabi.lib : u_divt2.obj (.text)
                  00003f2a    00000002     --HOLE-- [fill = 0]
                  00003f2c    00000038     driverlib.lib : sysctl.obj (.text:SysCtlPeripheralReady)
                  00003f64    00000038     rtsv7M4_T_le_v4SPD16_eabi.lib : fs_tod_t2.obj (.text)
                  00003f9c    00000034     driverlib.lib : interrupt.obj (.text:IntRegister)
                  00003fd0    00000034                   : sysctl.obj (.text:SysCtlPeripheralEnable)
                  00004004    0000002e     rtsv7M4_T_le_v4SPD16_eabi.lib : i_tofd_t2.obj (.text)
                  00004032    0000002a     driverlib.lib : gpio.obj (.text:GPIODirModeSet)
                  0000405c    00000024                   : interrupt.obj (.text:IntPrioritySet)
                  00004080    00000020                   : uart.obj (.text:UARTDisable)
                  000040a0    00000020     rtsv7M4_T_le_v4SPD16_eabi.lib : u_tofd_t2.obj (.text)
                  000040c0    00000018     driverlib.lib : gpio.obj (.text:GPIOPinTypeGPIOOutput)
                  000040d8    00000018                   : timer.obj (.text:TimerIntRegister)
                  000040f0    00000018     rtsv7M4_T_le_v4SPD16_eabi.lib : args_main.obj (.text)
                  00004108    00000016     driverlib.lib : timer.obj (.text:TimerControlEvent)
                  0000411e    00000014                   : uart.obj (.text:UARTEnable)
                  00004132    00000002     --HOLE-- [fill = 0]
                  00004134    00000014     rtsv7M4_T_le_v4SPD16_eabi.lib : _lock.obj (.text)
                  00004148    00000014                                   : s_copysign.obj (.text)
                  0000415c    00000012     driverlib.lib : gpio.obj (.text:GPIOPinTypeGPIOInput)
                  0000416e    00000012                   : gpio.obj (.text:GPIOPinTypeTimer)
                  00004180    00000012                   : gpio.obj (.text:GPIOPinTypeUART)
                  00004192    00000002     --HOLE-- [fill = 0]
                  00004194    00000010                   : fpu.obj (.text:FPUEnable)
                  000041a4    00000010                   : fpu.obj (.text:FPULazyStackingEnable)
                  000041b4    00000010                   : interrupt.obj (.text:IntMasterEnable)
                  000041c4    0000000e                   : timer.obj (.text:TimerEnable)
                  000041d2    0000000e                   : uart.obj (.text:UARTCharGetNonBlocking)
                  000041e0    0000000e                   : uart.obj (.text:UARTCharsAvail)
                  000041ee    0000000e     rtsv7M4_T_le_v4SPD16_eabi.lib : copy_decompress_none.obj (.text:decompress:none)
                  000041fc    0000000c     driverlib.lib : cpu.obj (.text:CPUcpsie)
                  00004208    0000000c     rtsv7M4_T_le_v4SPD16_eabi.lib : copy_zero_init.obj (.text:decompress:ZI)
                  00004214    0000000c     tm4c123gh6pm_startup_ccs.obj (.text)
                  00004220    0000000a     driverlib.lib : timer.obj (.text:TimerIntStatus)
                  0000422a    0000000a                   : timer.obj (.text:TimerValueGet)
                  00004234    0000000a                   : uart.obj (.text:UARTFIFOEnable)
                  0000423e    0000000a                   : uart.obj (.text:UARTIntStatus)
                  00004248    00000008                   : timer.obj (.text:TimerIntEnable)
                  00004250    00000008                   : uart.obj (.text:UARTIntEnable)
                  00004258    00000006                   : gpio.obj (.text:GPIOPinRead)
                  0000425e    00000006                   : gpio.obj (.text:GPIOPinWrite)
                  00004264    00000006                   : timer.obj (.text:TimerClockSourceSet)
                  0000426a    00000006                   : uart.obj (.text:UARTClockSourceSet)
                  00004270    00000006                   : uart.obj (.text:UARTFIFOLevelSet)
                  00004276    00000004                   : timer.obj (.text:TimerIntClear)
                  0000427a    00000004                   : uart.obj (.text:UARTIntClear)
                  0000427e    00000004     rtsv7M4_T_le_v4SPD16_eabi.lib : pre_init.obj (.text)

.const     0    00004288    00000308     
                  00004288    0000009c     driverlib.lib : interrupt.obj (.const:g_pui32Regs)
                  00004324    00000090                   : gpio.obj (.const:g_pui32GPIOBaseAddrs)
                  000043b4    00000070                   : interrupt.obj (.const)
                  00004424    0000006c                   : sysctl.obj (.const:g_pui32Xtals)
                  00004490    00000060                   : timer.obj (.const:g_ppui32TimerIntMap)
                  000044f0    00000040                   : timer.obj (.const:g_ppui32TimerIntMapSnowflake)
                  00004530    00000030     rtsv7M4_T_le_v4SPD16_eabi.lib : e_pow.obj (.const:$O1$$)
                  00004560    00000012     uartstdio.obj (.const:.string)
                  00004572    00000002     --HOLE-- [fill = 0]
                  00004574    0000000c     uartstdio.obj (.const:g_ui32UARTBase)
                  00004580    0000000c     uartstdio.obj (.const:g_ui32UARTPeriph)
                  0000458c    00000004     uartstdio.obj (.const)

.cinit     0    00004590    00000068     
                  00004590    00000031     (.cinit..data.load) [load image, compression = lzss]
                  000045c1    00000003     --HOLE-- [fill = 0]
                  000045c4    0000000c     (__TI_handler_table)
                  000045d0    00000008     (.cinit..bss.load) [load image, compression = zero_init]
                  000045d8    00000008     (.cinit..vtable.load) [load image, compression = zero_init]
                  000045e0    00000018     (__TI_cinit_table)

.init_array 
*          0    00000000    00000000     UNINITIALIZED

.vtable    0    20000000    0000026c     UNINITIALIZED
                  20000000    0000026c     driverlib.lib : interrupt.obj (.vtable)

.stack     0    2000026c    00000200     UNINITIALIZED
                  2000026c    00000200     --HOLE--

.bss       0    20000470    000001e8     UNINITIALIZED
                  20000470    00000068     (.common:position_controler)
                  200004d8    00000034     (.common:UART1_Rx_Buffers)
                  2000050c    00000034     (.common:UART1_Rx_Data)
                  20000540    00000030     (.common:Source_attitude_payload)
                  20000570    00000030     (.common:altitude_ewa)
                  200005a0    0000002c     (.common:altitude_controler)
                  200005cc    00000024     ppm.obj (.bss:ppm_data_buf)
                  200005f0    00000012     ppm.obj (.bss:ppm_data_shadow)
                  20000602    00000012     (.common:ppm_data)
                  20000614    0000000c     ppm.obj (.bss)
                  20000620    0000000c     (.common:UART3_Rx_Buffers)
                  2000062c    00000008     (.common:Source_Rangefinder_payload)
                  20000634    00000004     (.common:int_mavlink_height)
                  20000638    00000004     (.common:int_pitch)
                  2000063c    00000004     (.common:int_roll)
                  20000640    00000004     (.common:int_yaw)
                  20000644    00000004     (.common:mavlink_height)
                  20000648    00000004     (.common:pitch)
                  2000064c    00000004     (.common:roll)
                  20000650    00000004     (.common:yaw)
                  20000654    00000001     (.common:UART1_Rx_Len)
                  20000655    00000001     (.common:UART1_Sender_Address)
                  20000656    00000001     (.common:payload_buf_index)
                  20000657    00000001     (.common:rx_buffer)

.data      0    20000658    000000d8     UNINITIALIZED
                  20000658    00000028     mavlink.obj (.data:Rx_Buffer_attitude)
                  20000680    00000028     ultrasonic.obj (.data:ultrasonic_distance_history)
                  200006a8    00000014     mavlink.obj (.data:Rx_Buffer_height)
                  200006bc    00000011     camera.obj (.data)
                  200006cd    00000003     --HOLE--
                  200006d0    00000010     main.obj (.data)
                  200006e0    0000000c     rtsv7M4_T_le_v4SPD16_eabi.lib : exit.obj (.data:$O1$$)
                  200006ec    0000000a     ultrasonic.obj (.data)
                  200006f6    00000002     --HOLE--
                  200006f8    00000008     rtsv7M4_T_le_v4SPD16_eabi.lib : _lock.obj (.data:$O1$$)
                  20000700    00000008     receive.obj (.data)
                  20000708    00000008     ultrasonic.obj (.data:ui32Time$2)
                  20000710    00000006     mavlink.obj (.data)
                  20000716    00000002     --HOLE--
                  20000718    00000005     ppm.obj (.data)
                  2000071d    00000003     --HOLE--
                  20000720    00000005     uartstdio.obj (.data)
                  20000725    00000003     --HOLE--
                  20000728    00000004     rtsv7M4_T_le_v4SPD16_eabi.lib : errno.obj (.data)
                  2000072c    00000004                                   : stkdepth_vars.obj (.data)

MODULE SUMMARY

       Module                         code    ro data   rw data
       ------                         ----    -------   -------
    .\
       main.obj                       4028    0         230    
       uartstdio.obj                  1244    46        5      
       mavlink.obj                    1056    0         156    
       ppm.obj                        928     0         71     
       filter.obj                     648     0         0      
       tm4c123gh6pm_startup_ccs.obj   12      620       0      
       ultrasonic.obj                 476     0         58     
       receive.obj                    368     0         114    
       camera.obj                     452     0         29     
    +--+------------------------------+-------+---------+---------+
       Total:                         9212    666       663    
                                                               
    D:\ti\ccsv7\tools\compiler\ti-cgt-arm_16.9.0.LTS\lib\rtsv7M4_T_le_v4SPD16_eabi.lib
       e_pow.obj                      2476    48        0      
       fd_add_t2.obj                  438     0         0      
       e_sqrt.obj                     368     0         0      
       fd_div_t2.obj                  310     0         0      
       fd_cmp_t2.obj                  268     0         0      
       fd_mul_t2.obj                  252     0         0      
       s_scalbn.obj                   252     0         0      
       memcpy_t2.obj                  156     0         0      
       memset_t2.obj                  122     0         0      
       autoinit.obj                   112     0         0      
       fd_tos_t2.obj                  110     0         0      
       copy_decompress_lzss.obj       104     0         0      
       exit.obj                       84      0         12     
       boot.obj                       84      0         0      
       cpy_tbl.obj                    76      0         0      
       fd_toi_t2.obj                  72      0         0      
       u_divt2.obj                    64      0         0      
       fs_tod_t2.obj                  56      0         0      
       i_tofd_t2.obj                  46      0         0      
       u_tofd_t2.obj                  32      0         0      
       _lock.obj                      20      0         8      
       args_main.obj                  24      0         0      
       s_copysign.obj                 20      0         0      
       copy_decompress_none.obj       14      0         0      
       copy_zero_init.obj             12      0         0      
       errno.obj                      0       0         4      
       pre_init.obj                   4       0         0      
       stkdepth_vars.obj              0       0         4      
       i_div0.obj                     2       0         0      
       mpu_init.obj                   2       0         0      
       startup.obj                    2       0         0      
    +--+------------------------------+-------+---------+---------+
       Total:                         5582    48        28     
                                                               
    F:/TIVAWARE002/driverlib/ccs/Debug/driverlib.lib
       interrupt.obj                  208     268       620    
       gpio.obj                       510     144       0      
       sysctl.obj                     380     108       0      
       timer.obj                      270     160       0      
       uart.obj                       194     0         0      
       fpu.obj                        32      0         0      
       cpu.obj                        12      0         0      
    +--+------------------------------+-------+---------+---------+
       Total:                         1606    680       620    
                                                               
       Stack:                         0       0         512    
       Linker Generated:              0       101       0      
    +--+------------------------------+-------+---------+---------+
       Grand Total:                   16400   1495      1823   


LINKER GENERATED COPY TABLES

__TI_cinit_table @ 000045e0 records: 3, size/record: 8, table size: 24
	.data: load addr=00004590, load size=00000031 bytes, run addr=20000658, run size=000000d8 bytes, compression=lzss
	.bss: load addr=000045d0, load size=00000008 bytes, run addr=20000470, run size=000001e8 bytes, compression=zero_init
	.vtable: load addr=000045d8, load size=00000008 bytes, run addr=20000000, run size=0000026c bytes, compression=zero_init


LINKER GENERATED HANDLER TABLE

__TI_handler_table @ 000045c4 records: 3, size/record: 4, table size: 12
	index: 0, handler: __TI_zero_init
	index: 1, handler: __TI_decompress_lzss
	index: 2, handler: __TI_decompress_none


GLOBAL SYMBOLS: SORTED ALPHABETICALLY BY Name 

address   name                           
-------   ----                           
00000865  AircraftDataReceive            
00000c11  Aircraft_Base_Output           
00000bc1  Aircraft_Unlock                
0000026d  AltitudeControlerInit          
000007db  AltitudeGet                    
0000035d  Altitude_Control               
00002111  Attitude_Data_Store            
00002283  Attitude_init                  
00003d29  C$$EXIT                        
000041fd  CPUcpsie                       
00000a69  ConfigureUART0                 
00002291  Distance_init                  
000028d3  EWA_Filter_Compute             
00002871  EWA_Filter_Init                
00004195  FPUEnable                      
000041a5  FPULazyStackingEnable          
00004033  GPIODirModeSet                 
00002af9  GPIOE3_Init                    
00003467  GPIOPadConfigSet               
00003e15  GPIOPinConfigure               
00004259  GPIOPinRead                    
0000415d  GPIOPinTypeGPIOInput           
000040c1  GPIOPinTypeGPIOOutput          
0000416f  GPIOPinTypeTimer               
00004181  GPIOPinTypeUART                
0000425f  GPIOPinWrite                   
00003ba5  IntEnable                      
000041b5  IntMasterEnable                
0000405d  IntPrioritySet                 
00003f9d  IntRegister                    
00000b05  KEY_PF4_Pros                   
00000ad5  Key_PF4_Init                   
00000aad  LED_Init                       
00002a0d  MA_Filter_Compute              
000029bb  MA_Filter_Init                 
000022e1  MavLink_Data_Get               
000020b1  Mav_recive_UART2_Config        
0000229f  Mavlink_DateInit               
00000b5d  PPM_Channal_Init               
000002c5  PositionControlerInit          
000005e5  Position_Control               
00003051  Recive_UART1_Config            
00002cd5  Recive_UART3_Config            
00004215  ResetISR                       
00000c71  RolloverProtection             
20000658  Rx_Buffer_attitude             
200006a8  Rx_Buffer_height               
UNDEFED   SHT$$INIT_ARRAY$$Base          
UNDEFED   SHT$$INIT_ARRAY$$Limit         
00002b1f  SonicTrig                      
2000062c  Source_Rangefinder_payload     
20000540  Source_attitude_payload        
00003599  SysCtlClockGet                 
00003fd1  SysCtlPeripheralEnable         
00003f2d  SysCtlPeripheralReady          
000025ad  Timer0AIntHandler              
00000d9d  Timer1AIntHandler              
00000cfd  Timer1A_Init                   
00004265  TimerClockSourceSet            
00003c75  TimerConfigure                 
00004109  TimerControlEvent              
000041c5  TimerEnable                    
00004277  TimerIntClear                  
00004249  TimerIntEnable                 
000040d9  TimerIntRegister               
00004221  TimerIntStatus                 
0000422b  TimerValueGet                  
00003097  UART1IntHandler                
00000e29  UART1_Data_Pros                
200004d8  UART1_Rx_Buffers               
2000050c  UART1_Rx_Data                  
20000654  UART1_Rx_Len                   
20000655  UART1_Sender_Address           
20000700  UART1_Updated_Flag             
00002147  UART2IntHandler                
00002d19  UART3IntHandler                
20000620  UART3_Rx_Buffers               
200006c4  UART3_Updated_Flag             
000041d3  UARTCharGetNonBlocking         
000041e1  UARTCharsAvail                 
0000426b  UARTClockSourceSet             
00003ea5  UARTConfigSetExpClk            
00004081  UARTDisable                    
0000411f  UARTEnable                     
00004235  UARTFIFOEnable                 
00004271  UARTFIFOLevelSet               
0000427b  UARTIntClear                   
00004251  UARTIntEnable                  
0000423f  UARTIntStatus                  
00001bd5  UARTStdioConfig                
00001d4d  UARTgetc                       
00001c87  UARTgets                       
0000207b  UARTprintf                     
00001d81  UARTvprintf                    
00001c35  UARTwrite                      
00002c75  UltrasonicConfigure            
00002c13  WTimer0BConfigure              
00002b4f  WTimer0BIntHandler             
2000046c  __STACK_END                    
00000200  __STACK_SIZE                   
2000046c  __STACK_TOP                    
000045e0  __TI_CINIT_Base                
000045f8  __TI_CINIT_Limit               
000045c4  __TI_Handler_Table_Base        
000045d0  __TI_Handler_Table_Limit       
00003ac5  __TI_auto_init                 
200006e0  __TI_cleanup_ptr               
00003c0d  __TI_decompress_lzss           
000041ef  __TI_decompress_none           
200006e4  __TI_dtors_ptr                 
200006e8  __TI_enable_exit_profile_output
ffffffff  __TI_pprof_out_hndl            
ffffffff  __TI_prof_data_size            
ffffffff  __TI_prof_data_start           
00000000  __TI_static_base__             
00004209  __TI_zero_init                 
0000393d  __aeabi_cdcmpeq                
0000393d  __aeabi_cdcmple                
000039c3  __aeabi_cdrcmple               
00003b35  __aeabi_d2f                    
00003e5d  __aeabi_d2iz                   
00002ea3  __aeabi_dadd                   
00003331  __aeabi_ddiv                   
000036a9  __aeabi_dmul                   
00002e99  __aeabi_dsub                   
00003f65  __aeabi_f2d                    
00004005  __aeabi_i2d                    
0000304f  __aeabi_idiv0                  
00003a49  __aeabi_memclr                 
00003a49  __aeabi_memclr4                
00003a49  __aeabi_memclr8                
000038a1  __aeabi_memcpy                 
000038a1  __aeabi_memcpy4                
000038a1  __aeabi_memcpy8                
00003a4b  __aeabi_memset                 
00003a4b  __aeabi_memset4                
00003a4b  __aeabi_memset8                
000040a1  __aeabi_ui2d                   
00003eeb  __aeabi_uidiv                  
00003eeb  __aeabi_uidivmod               
ffffffff  __binit__                      
ffffffff  __c_args__                     
00003ac3  __mpu_init                     
2000026c  __stack                        
000040f1  _args_main                     
00003cd5  _c_int00                       
200006f8  _lock                          
00004143  _nop                           
0000413b  _register_lock                 
00004135  _register_unlock               
00003ba3  _system_post_cinit             
0000427f  _system_pre_init               
200006fc  _unlock                        
00003d2d  abort                          
200006d0  aircraft_start_flag            
200005a0  altitude_controler             
20000570  altitude_ewa                   
ffffffff  binit                          
00003dc9  copy_in                        
00004149  copysign                       
00004149  copysignl                      
20000728  errno                          
00003d35  exit                           
20000000  g_pfnRAMVectors                
00000000  g_pfnVectors                   
20000634  int_mavlink_height             
20000638  int_pitch                      
2000063c  int_roll                       
20000640  int_yaw                        
000037a5  ldexp                          
000037a5  ldexpl                         
00000f29  main                           
2000072c  main_func_sp                   
20000644  mavlink_height                 
000038a1  memcpy                         
00003a51  memset                         
20000710  newAttiFlag                    
20000711  newHeightFlag                  
20000656  payload_buf_index              
20000648  pitch                          
20000470  position_controler             
00001229  pow                            
00001229  powl                           
20000602  ppm_data                       
000024d1  ppm_encoder_init               
000025d7  ppm_encoder_set_data           
2000064c  roll                           
20000657  rx_buffer                      
000037a5  scalbn                         
000037a5  scalbnl                        
000031c1  sqrt                           
000031c1  sqrtl                          
20000712  start_receive_attitude         
20000713  start_receive_height           
00002da1  u3Data_handle                  
200006f0  ultrasonic_distance            
20000680  ultrasonic_distance_history    
200006ec  ultrasonic_update_flag         
200006bc  x_hat                          
200006c0  y_hat                          
20000650  yaw                            


GLOBAL SYMBOLS: SORTED BY Symbol Address 

address   name                           
-------   ----                           
00000000  __TI_static_base__             
00000000  g_pfnVectors                   
00000200  __STACK_SIZE                   
0000026d  AltitudeControlerInit          
000002c5  PositionControlerInit          
0000035d  Altitude_Control               
000005e5  Position_Control               
000007db  AltitudeGet                    
00000865  AircraftDataReceive            
00000a69  ConfigureUART0                 
00000aad  LED_Init                       
00000ad5  Key_PF4_Init                   
00000b05  KEY_PF4_Pros                   
00000b5d  PPM_Channal_Init               
00000bc1  Aircraft_Unlock                
00000c11  Aircraft_Base_Output           
00000c71  RolloverProtection             
00000cfd  Timer1A_Init                   
00000d9d  Timer1AIntHandler              
00000e29  UART1_Data_Pros                
00000f29  main                           
00001229  pow                            
00001229  powl                           
00001bd5  UARTStdioConfig                
00001c35  UARTwrite                      
00001c87  UARTgets                       
00001d4d  UARTgetc                       
00001d81  UARTvprintf                    
0000207b  UARTprintf                     
000020b1  Mav_recive_UART2_Config        
00002111  Attitude_Data_Store            
00002147  UART2IntHandler                
00002283  Attitude_init                  
00002291  Distance_init                  
0000229f  Mavlink_DateInit               
000022e1  MavLink_Data_Get               
000024d1  ppm_encoder_init               
000025ad  Timer0AIntHandler              
000025d7  ppm_encoder_set_data           
00002871  EWA_Filter_Init                
000028d3  EWA_Filter_Compute             
000029bb  MA_Filter_Init                 
00002a0d  MA_Filter_Compute              
00002af9  GPIOE3_Init                    
00002b1f  SonicTrig                      
00002b4f  WTimer0BIntHandler             
00002c13  WTimer0BConfigure              
00002c75  UltrasonicConfigure            
00002cd5  Recive_UART3_Config            
00002d19  UART3IntHandler                
00002da1  u3Data_handle                  
00002e99  __aeabi_dsub                   
00002ea3  __aeabi_dadd                   
0000304f  __aeabi_idiv0                  
00003051  Recive_UART1_Config            
00003097  UART1IntHandler                
000031c1  sqrt                           
000031c1  sqrtl                          
00003331  __aeabi_ddiv                   
00003467  GPIOPadConfigSet               
00003599  SysCtlClockGet                 
000036a9  __aeabi_dmul                   
000037a5  ldexp                          
000037a5  ldexpl                         
000037a5  scalbn                         
000037a5  scalbnl                        
000038a1  __aeabi_memcpy                 
000038a1  __aeabi_memcpy4                
000038a1  __aeabi_memcpy8                
000038a1  memcpy                         
0000393d  __aeabi_cdcmpeq                
0000393d  __aeabi_cdcmple                
000039c3  __aeabi_cdrcmple               
00003a49  __aeabi_memclr                 
00003a49  __aeabi_memclr4                
00003a49  __aeabi_memclr8                
00003a4b  __aeabi_memset                 
00003a4b  __aeabi_memset4                
00003a4b  __aeabi_memset8                
00003a51  memset                         
00003ac3  __mpu_init                     
00003ac5  __TI_auto_init                 
00003b35  __aeabi_d2f                    
00003ba3  _system_post_cinit             
00003ba5  IntEnable                      
00003c0d  __TI_decompress_lzss           
00003c75  TimerConfigure                 
00003cd5  _c_int00                       
00003d29  C$$EXIT                        
00003d2d  abort                          
00003d35  exit                           
00003dc9  copy_in                        
00003e15  GPIOPinConfigure               
00003e5d  __aeabi_d2iz                   
00003ea5  UARTConfigSetExpClk            
00003eeb  __aeabi_uidiv                  
00003eeb  __aeabi_uidivmod               
00003f2d  SysCtlPeripheralReady          
00003f65  __aeabi_f2d                    
00003f9d  IntRegister                    
00003fd1  SysCtlPeripheralEnable         
00004005  __aeabi_i2d                    
00004033  GPIODirModeSet                 
0000405d  IntPrioritySet                 
00004081  UARTDisable                    
000040a1  __aeabi_ui2d                   
000040c1  GPIOPinTypeGPIOOutput          
000040d9  TimerIntRegister               
000040f1  _args_main                     
00004109  TimerControlEvent              
0000411f  UARTEnable                     
00004135  _register_unlock               
0000413b  _register_lock                 
00004143  _nop                           
00004149  copysign                       
00004149  copysignl                      
0000415d  GPIOPinTypeGPIOInput           
0000416f  GPIOPinTypeTimer               
00004181  GPIOPinTypeUART                
00004195  FPUEnable                      
000041a5  FPULazyStackingEnable          
000041b5  IntMasterEnable                
000041c5  TimerEnable                    
000041d3  UARTCharGetNonBlocking         
000041e1  UARTCharsAvail                 
000041ef  __TI_decompress_none           
000041fd  CPUcpsie                       
00004209  __TI_zero_init                 
00004215  ResetISR                       
00004221  TimerIntStatus                 
0000422b  TimerValueGet                  
00004235  UARTFIFOEnable                 
0000423f  UARTIntStatus                  
00004249  TimerIntEnable                 
00004251  UARTIntEnable                  
00004259  GPIOPinRead                    
0000425f  GPIOPinWrite                   
00004265  TimerClockSourceSet            
0000426b  UARTClockSourceSet             
00004271  UARTFIFOLevelSet               
00004277  TimerIntClear                  
0000427b  UARTIntClear                   
0000427f  _system_pre_init               
000045c4  __TI_Handler_Table_Base        
000045d0  __TI_Handler_Table_Limit       
000045e0  __TI_CINIT_Base                
000045f8  __TI_CINIT_Limit               
20000000  g_pfnRAMVectors                
2000026c  __stack                        
2000046c  __STACK_END                    
2000046c  __STACK_TOP                    
20000470  position_controler             
200004d8  UART1_Rx_Buffers               
2000050c  UART1_Rx_Data                  
20000540  Source_attitude_payload        
20000570  altitude_ewa                   
200005a0  altitude_controler             
20000602  ppm_data                       
20000620  UART3_Rx_Buffers               
2000062c  Source_Rangefinder_payload     
20000634  int_mavlink_height             
20000638  int_pitch                      
2000063c  int_roll                       
20000640  int_yaw                        
20000644  mavlink_height                 
20000648  pitch                          
2000064c  roll                           
20000650  yaw                            
20000654  UART1_Rx_Len                   
20000655  UART1_Sender_Address           
20000656  payload_buf_index              
20000657  rx_buffer                      
20000658  Rx_Buffer_attitude             
20000680  ultrasonic_distance_history    
200006a8  Rx_Buffer_height               
200006bc  x_hat                          
200006c0  y_hat                          
200006c4  UART3_Updated_Flag             
200006d0  aircraft_start_flag            
200006e0  __TI_cleanup_ptr               
200006e4  __TI_dtors_ptr                 
200006e8  __TI_enable_exit_profile_output
200006ec  ultrasonic_update_flag         
200006f0  ultrasonic_distance            
200006f8  _lock                          
200006fc  _unlock                        
20000700  UART1_Updated_Flag             
20000710  newAttiFlag                    
20000711  newHeightFlag                  
20000712  start_receive_attitude         
20000713  start_receive_height           
20000728  errno                          
2000072c  main_func_sp                   
ffffffff  __TI_pprof_out_hndl            
ffffffff  __TI_prof_data_size            
ffffffff  __TI_prof_data_start           
ffffffff  __binit__                      
ffffffff  __c_args__                     
ffffffff  binit                          
UNDEFED   SHT$$INIT_ARRAY$$Base          
UNDEFED   SHT$$INIT_ARRAY$$Limit         

[201 symbols]
