******************************************************************************
                  TI ARM Linker PC v16.9.0                     
******************************************************************************
>> Linked Sat Jan 26 12:50:03 2019

OUTPUT FILE NAME:   <Aircraft_v8.out>
ENTRY POINT SYMBOL: "_c_int00"  address: 00003a81


MEMORY CONFIGURATION

         name            origin    length      used     unused   attr    fill
----------------------  --------  ---------  --------  --------  ----  --------
  FLASH                 00000000   00040000  000043da  0003bc26  R  X
  SRAM                  20000000   00008000  00000a24  000075dc  RW X


SEGMENT ALLOCATION MAP

run origin  load origin   length   init length attrs members
----------  ----------- ---------- ----------- ----- -------
00000000    00000000    000043e0   000043e0    r-x
  00000000    00000000    0000026c   0000026c    r-- .intvecs
  0000026c    0000026c    00003e06   00003e06    r-x .text
  00004078    00004078    00000308   00000308    r-- .const
  00004380    00004380    00000060   00000060    r-- .cinit
20000000    20000000    00000a28   00000000    rw-
  20000000    20000000    0000026c   00000000    rw- .vtable
  20000270    20000270    00000514   00000000    rw- .bss
  20000784    20000784    00000200   00000000    rw- .stack
  20000984    20000984    000000a4   00000000    rw- .data


SECTION ALLOCATION MAP

 output                                  attributes/
section   page    origin      length       input sections
--------  ----  ----------  ----------   ----------------
.intvecs   0    00000000    0000026c     
                  00000000    0000026c     tm4c123gh6pm_startup_ccs.obj (.intvecs)

.text      0    0000026c    00003e06     
                  0000026c    00000f2c     main.obj (.text)
                  00001198    000009ac     rtsv7M4_T_le_v4SPD16_eabi.lib : e_pow.obj (.text)
                  00001b44    000004dc     uartstdio.obj (.text)
                  00002020    00000420     mavlink.obj (.text)
                  00002440    000003a0     ppm.obj (.text)
                  000027e0    00000288     filter.obj (.text)
                  00002a68    000001dc     ultrasonic.obj (.text)
                  00002c44    000001b6     rtsv7M4_T_le_v4SPD16_eabi.lib : fd_add_t2.obj (.text)
                  00002dfa    00000002                                   : i_div0.obj (.text)
                  00002dfc    00000170     receive.obj (.text)
                  00002f6c    00000170     rtsv7M4_T_le_v4SPD16_eabi.lib : e_sqrt.obj (.text)
                  000030dc    00000136                                   : fd_div_t2.obj (.text)
                  00003212    00000132     driverlib.lib : gpio.obj (.text:GPIOPadConfigSet)
                  00003344    00000110                   : sysctl.obj (.text:SysCtlClockGet)
                  00003454    000000fc     rtsv7M4_T_le_v4SPD16_eabi.lib : fd_mul_t2.obj (.text)
                  00003550    000000fc                                   : s_scalbn.obj (.text)
                  0000364c    0000009c                                   : memcpy_t2.obj (.text)
                  000036e8    00000086                                   : fd_cmp_t2.obj (.text:__aeabi_cdcmple)
                  0000376e    00000086                                   : fd_cmp_t2.obj (.text:__aeabi_cdrcmple)
                  000037f4    0000007a                                   : memset_t2.obj (.text)
                  0000386e    00000002                                   : mpu_init.obj (.text)
                  00003870    00000070                                   : autoinit.obj (.text)
                  000038e0    0000006e                                   : fd_tos_t2.obj (.text)
                  0000394e    00000002                                   : startup.obj (.text)
                  00003950    00000068     driverlib.lib : interrupt.obj (.text:IntEnable)
                  000039b8    00000068     rtsv7M4_T_le_v4SPD16_eabi.lib : copy_decompress_lzss.obj (.text:decompress:lzss)
                  00003a20    00000060     driverlib.lib : timer.obj (.text:TimerConfigure)
                  00003a80    00000054     rtsv7M4_T_le_v4SPD16_eabi.lib : boot.obj (.text)
                  00003ad4    00000054                                   : exit.obj (.text)
                  00003b28    0000004c     driverlib.lib : timer.obj (.text:_TimerIntNumberGet)
                  00003b74    0000004c     rtsv7M4_T_le_v4SPD16_eabi.lib : cpy_tbl.obj (.text)
                  00003bc0    00000048     driverlib.lib : gpio.obj (.text:GPIOPinConfigure)
                  00003c08    00000048     rtsv7M4_T_le_v4SPD16_eabi.lib : fd_toi_t2.obj (.text)
                  00003c50    00000046     driverlib.lib : uart.obj (.text:UARTConfigSetExpClk)
                  00003c96    00000044     rtsv7M4_T_le_v4SPD16_eabi.lib : fd_tou_t2.obj (.text)
                  00003cda    00000040                                   : u_divt2.obj (.text)
                  00003d1a    00000002     --HOLE-- [fill = 0]
                  00003d1c    00000038     driverlib.lib : sysctl.obj (.text:SysCtlPeripheralReady)
                  00003d54    00000038     rtsv7M4_T_le_v4SPD16_eabi.lib : fs_tod_t2.obj (.text)
                  00003d8c    00000034     driverlib.lib : interrupt.obj (.text:IntRegister)
                  00003dc0    00000034                   : sysctl.obj (.text:SysCtlPeripheralEnable)
                  00003df4    0000002e     rtsv7M4_T_le_v4SPD16_eabi.lib : i_tofd_t2.obj (.text)
                  00003e22    0000002a     driverlib.lib : gpio.obj (.text:GPIODirModeSet)
                  00003e4c    00000024                   : interrupt.obj (.text:IntPrioritySet)
                  00003e70    00000020                   : uart.obj (.text:UARTDisable)
                  00003e90    00000020     rtsv7M4_T_le_v4SPD16_eabi.lib : u_tofd_t2.obj (.text)
                  00003eb0    00000018     driverlib.lib : gpio.obj (.text:GPIOPinTypeGPIOOutput)
                  00003ec8    00000018                   : timer.obj (.text:TimerIntRegister)
                  00003ee0    00000018     rtsv7M4_T_le_v4SPD16_eabi.lib : args_main.obj (.text)
                  00003ef8    00000016     driverlib.lib : timer.obj (.text:TimerControlEvent)
                  00003f0e    00000014                   : uart.obj (.text:UARTEnable)
                  00003f22    00000002     --HOLE-- [fill = 0]
                  00003f24    00000014     rtsv7M4_T_le_v4SPD16_eabi.lib : _lock.obj (.text)
                  00003f38    00000014                                   : s_copysign.obj (.text)
                  00003f4c    00000012     driverlib.lib : gpio.obj (.text:GPIOPinTypeGPIOInput)
                  00003f5e    00000012                   : gpio.obj (.text:GPIOPinTypeTimer)
                  00003f70    00000012                   : gpio.obj (.text:GPIOPinTypeUART)
                  00003f82    00000002     --HOLE-- [fill = 0]
                  00003f84    00000010                   : fpu.obj (.text:FPUEnable)
                  00003f94    00000010                   : fpu.obj (.text:FPULazyStackingEnable)
                  00003fa4    00000010                   : interrupt.obj (.text:IntMasterEnable)
                  00003fb4    0000000e                   : timer.obj (.text:TimerEnable)
                  00003fc2    0000000e                   : uart.obj (.text:UARTCharGetNonBlocking)
                  00003fd0    0000000e                   : uart.obj (.text:UARTCharsAvail)
                  00003fde    0000000e     rtsv7M4_T_le_v4SPD16_eabi.lib : copy_decompress_none.obj (.text:decompress:none)
                  00003fec    0000000c     driverlib.lib : cpu.obj (.text:CPUcpsie)
                  00003ff8    0000000c     rtsv7M4_T_le_v4SPD16_eabi.lib : copy_zero_init.obj (.text:decompress:ZI)
                  00004004    0000000c     tm4c123gh6pm_startup_ccs.obj (.text)
                  00004010    0000000a     driverlib.lib : timer.obj (.text:TimerIntStatus)
                  0000401a    0000000a                   : timer.obj (.text:TimerValueGet)
                  00004024    0000000a                   : uart.obj (.text:UARTFIFOEnable)
                  0000402e    0000000a                   : uart.obj (.text:UARTIntStatus)
                  00004038    00000008                   : timer.obj (.text:TimerIntEnable)
                  00004040    00000008                   : uart.obj (.text:UARTIntEnable)
                  00004048    00000006                   : gpio.obj (.text:GPIOPinRead)
                  0000404e    00000006                   : gpio.obj (.text:GPIOPinWrite)
                  00004054    00000006                   : timer.obj (.text:TimerClockSourceSet)
                  0000405a    00000006                   : uart.obj (.text:UARTClockSourceSet)
                  00004060    00000006                   : uart.obj (.text:UARTFIFOLevelSet)
                  00004066    00000004                   : timer.obj (.text:TimerIntClear)
                  0000406a    00000004                   : uart.obj (.text:UARTIntClear)
                  0000406e    00000004     rtsv7M4_T_le_v4SPD16_eabi.lib : pre_init.obj (.text)

.const     0    00004078    00000308     
                  00004078    0000009c     driverlib.lib : interrupt.obj (.const:g_pui32Regs)
                  00004114    00000090                   : gpio.obj (.const:g_pui32GPIOBaseAddrs)
                  000041a4    00000070                   : interrupt.obj (.const)
                  00004214    0000006c                   : sysctl.obj (.const:g_pui32Xtals)
                  00004280    00000060                   : timer.obj (.const:g_ppui32TimerIntMap)
                  000042e0    00000040                   : timer.obj (.const:g_ppui32TimerIntMapSnowflake)
                  00004320    00000030     rtsv7M4_T_le_v4SPD16_eabi.lib : e_pow.obj (.const:$O1$$)
                  00004350    00000012     uartstdio.obj (.const:.string)
                  00004362    00000002     --HOLE-- [fill = 0]
                  00004364    0000000c     uartstdio.obj (.const:g_ui32UARTBase)
                  00004370    0000000c     uartstdio.obj (.const:g_ui32UARTPeriph)
                  0000437c    00000004     uartstdio.obj (.const)

.cinit     0    00004380    00000060     
                  00004380    00000027     (.cinit..data.load) [load image, compression = lzss]
                  000043a7    00000001     --HOLE-- [fill = 0]
                  000043a8    0000000c     (__TI_handler_table)
                  000043b4    00000004     --HOLE-- [fill = 0]
                  000043b8    00000008     (.cinit..bss.load) [load image, compression = zero_init]
                  000043c0    00000008     (.cinit..vtable.load) [load image, compression = zero_init]
                  000043c8    00000018     (__TI_cinit_table)

.init_array 
*          0    00000000    00000000     UNINITIALIZED

.vtable    0    20000000    0000026c     UNINITIALIZED
                  20000000    0000026c     driverlib.lib : interrupt.obj (.vtable)

.bss       0    20000270    00000514     UNINITIALIZED
                  20000270    00000330     (.common:altitude_ma)
                  200005a0    00000068     (.common:position_controler)
                  20000608    00000034     (.common:UART1_Rx_Buffers)
                  2000063c    00000034     (.common:UART1_Rx_Data)
                  20000670    00000030     (.common:Source_attitude_payload)
                  200006a0    00000030     (.common:altitude_ewa)
                  200006d0    0000002c     (.common:altitude_controler)
                  200006fc    00000024     ppm.obj (.bss:ppm_data_buf)
                  20000720    00000012     ppm.obj (.bss:ppm_data_shadow)
                  20000732    00000012     (.common:ppm_data)
                  20000744    0000000c     ppm.obj (.bss)
                  20000750    00000008     (.common:Source_Rangefinder_payload)
                  20000758    00000004     (.common:int_mavlink_height)
                  2000075c    00000004     (.common:int_pitch)
                  20000760    00000004     (.common:int_roll)
                  20000764    00000004     (.common:int_yaw)
                  20000768    00000004     (.common:mavlink_height)
                  2000076c    00000004     (.common:pitch)
                  20000770    00000004     (.common:roll)
                  20000774    00000004     (.common:x_hat)
                  20000778    00000004     (.common:y_hat)
                  2000077c    00000004     (.common:yaw)
                  20000780    00000001     (.common:UART1_Rx_Len)
                  20000781    00000001     (.common:UART1_Sender_Address)
                  20000782    00000001     (.common:payload_buf_index)
                  20000783    00000001     (.common:rx_buffer)

.stack     0    20000784    00000200     UNINITIALIZED
                  20000784    00000200     --HOLE--

.data      0    20000984    000000a4     UNINITIALIZED
                  20000984    00000028     mavlink.obj (.data:Rx_Buffer_attitude)
                  200009ac    00000014     mavlink.obj (.data:Rx_Buffer_height)
                  200009c0    00000014     ultrasonic.obj (.data)
                  200009d4    00000010     main.obj (.data)
                  200009e4    0000000c     rtsv7M4_T_le_v4SPD16_eabi.lib : exit.obj (.data:$O1$$)
                  200009f0    00000008                                   : _lock.obj (.data:$O1$$)
                  200009f8    00000008     receive.obj (.data)
                  20000a00    00000008     ultrasonic.obj (.data:ui32Time$2)
                  20000a08    00000006     mavlink.obj (.data)
                  20000a0e    00000002     --HOLE--
                  20000a10    00000005     ppm.obj (.data)
                  20000a15    00000003     --HOLE--
                  20000a18    00000005     uartstdio.obj (.data)
                  20000a1d    00000003     --HOLE--
                  20000a20    00000004     rtsv7M4_T_le_v4SPD16_eabi.lib : errno.obj (.data)
                  20000a24    00000004                                   : stkdepth_vars.obj (.data)

MODULE SUMMARY

       Module                         code    ro data   rw data
       ------                         ----    -------   -------
    .\
       main.obj                       3884    0         1046   
       uartstdio.obj                  1244    46        5      
       mavlink.obj                    1056    0         156    
       ppm.obj                        928     0         71     
       filter.obj                     648     0         0      
       tm4c123gh6pm_startup_ccs.obj   12      620       0      
       ultrasonic.obj                 476     0         28     
       receive.obj                    368     0         114    
       camera.obj                     0       0         8      
    +--+------------------------------+-------+---------+---------+
       Total:                         8616    666       1428   
                                                               
    D:\ti\ccsv7\tools\compiler\ti-cgt-arm_16.9.0.LTS\lib\rtsv7M4_T_le_v4SPD16_eabi.lib
       e_pow.obj                      2476    48        0      
       fd_add_t2.obj                  438     0         0      
       e_sqrt.obj                     368     0         0      
       fd_div_t2.obj                  310     0         0      
       fd_cmp_t2.obj                  268     0         0      
       fd_mul_t2.obj                  252     0         0      
       s_scalbn.obj                   252     0         0      
       memcpy_t2.obj                  156     0         0      
       memset_t2.obj                  122     0         0      
       autoinit.obj                   112     0         0      
       fd_tos_t2.obj                  110     0         0      
       copy_decompress_lzss.obj       104     0         0      
       exit.obj                       84      0         12     
       boot.obj                       84      0         0      
       cpy_tbl.obj                    76      0         0      
       fd_toi_t2.obj                  72      0         0      
       fd_tou_t2.obj                  68      0         0      
       u_divt2.obj                    64      0         0      
       fs_tod_t2.obj                  56      0         0      
       i_tofd_t2.obj                  46      0         0      
       u_tofd_t2.obj                  32      0         0      
       _lock.obj                      20      0         8      
       args_main.obj                  24      0         0      
       s_copysign.obj                 20      0         0      
       copy_decompress_none.obj       14      0         0      
       copy_zero_init.obj             12      0         0      
       errno.obj                      0       0         4      
       pre_init.obj                   4       0         0      
       stkdepth_vars.obj              0       0         4      
       i_div0.obj                     2       0         0      
       mpu_init.obj                   2       0         0      
       startup.obj                    2       0         0      
    +--+------------------------------+-------+---------+---------+
       Total:                         5650    48        28     
                                                               
    F:/TIVAWARE002/driverlib/ccs/Debug/driverlib.lib
       interrupt.obj                  208     268       620    
       gpio.obj                       510     144       0      
       sysctl.obj                     380     108       0      
       timer.obj                      270     160       0      
       uart.obj                       194     0         0      
       fpu.obj                        32      0         0      
       cpu.obj                        12      0         0      
    +--+------------------------------+-------+---------+---------+
       Total:                         1606    680       620    
                                                               
       Stack:                         0       0         512    
       Linker Generated:              0       91        0      
    +--+------------------------------+-------+---------+---------+
       Grand Total:                   15872   1485      2588   


LINKER GENERATED COPY TABLES

__TI_cinit_table @ 000043c8 records: 3, size/record: 8, table size: 24
	.data: load addr=00004380, load size=00000027 bytes, run addr=20000984, run size=000000a4 bytes, compression=lzss
	.bss: load addr=000043b8, load size=00000008 bytes, run addr=20000270, run size=00000514 bytes, compression=zero_init
	.vtable: load addr=000043c0, load size=00000008 bytes, run addr=20000000, run size=0000026c bytes, compression=zero_init


LINKER GENERATED HANDLER TABLE

__TI_handler_table @ 000043a8 records: 3, size/record: 4, table size: 12
	index: 0, handler: __TI_zero_init
	index: 1, handler: __TI_decompress_lzss
	index: 2, handler: __TI_decompress_none


GLOBAL SYMBOLS: SORTED ALPHABETICALLY BY Name 

address   name                           
-------   ----                           
00000801  AircraftDataReceive            
00000b91  Aircraft_Base_Output           
00000b3d  Aircraft_Unlock                
0000026d  AltitudeControlerInit          
000002cd  AltitudeGet                    
000002d9  Altitude_Control               
00002081  Attitude_Data_Store            
000021f3  Attitude_init                  
00003ad5  C$$EXIT                        
00003fed  CPUcpsie                       
000009f9  ConfigureUART0                 
00002201  Distance_init                  
00002843  EWA_Filter_Compute             
000027e1  EWA_Filter_Init                
00003f85  FPUEnable                      
00003f95  FPULazyStackingEnable          
00003e23  GPIODirModeSet                 
00002a69  GPIOE3_Init                    
00003213  GPIOPadConfigSet               
00003bc1  GPIOPinConfigure               
00004049  GPIOPinRead                    
00003f4d  GPIOPinTypeGPIOInput           
00003eb1  GPIOPinTypeGPIOOutput          
00003f5f  GPIOPinTypeTimer               
00003f71  GPIOPinTypeUART                
0000404f  GPIOPinWrite                   
00003951  IntEnable                      
00003fa5  IntMasterEnable                
00003e4d  IntPrioritySet                 
00003d8d  IntRegister                    
00000a89  KEY_PF4_Pros                   
00000a51  Key_PF4_Init                   
00000a35  LED_Init                       
0000297d  MA_Filter_Compute              
0000292b  MA_Filter_Init                 
00002251  MavLink_Data_Get               
00002021  Mav_recive_UART2_Config        
0000220f  Mavlink_DateInit               
00000ad3  PPM_Channal_Init               
000004e9  PositionControlerInit          
000005b9  Position_Control               
00002dfd  Recive_UART1_Config            
00004005  ResetISR                       
00000bed  RolloverProtection             
20000984  Rx_Buffer_attitude             
200009ac  Rx_Buffer_height               
UNDEFED   SHT$$INIT_ARRAY$$Base          
UNDEFED   SHT$$INIT_ARRAY$$Limit         
00002a8f  SonicTrig                      
20000750  Source_Rangefinder_payload     
20000670  Source_attitude_payload        
00003345  SysCtlClockGet                 
00003dc1  SysCtlPeripheralEnable         
00003d1d  SysCtlPeripheralReady          
0000251d  Timer0AIntHandler              
00000d25  Timer1AIntHandler              
00000c81  Timer1A_Init                   
00004055  TimerClockSourceSet            
00003a21  TimerConfigure                 
00003ef9  TimerControlEvent              
00003fb5  TimerEnable                    
00004067  TimerIntClear                  
00004039  TimerIntEnable                 
00003ec9  TimerIntRegister               
00004011  TimerIntStatus                 
0000401b  TimerValueGet                  
00002e43  UART1IntHandler                
00000db1  UART1_Data_Pros                
20000608  UART1_Rx_Buffers               
2000063c  UART1_Rx_Data                  
20000780  UART1_Rx_Len                   
20000781  UART1_Sender_Address           
200009f8  UART1_Updated_Flag             
000020b7  UART2IntHandler                
00003fc3  UARTCharGetNonBlocking         
00003fd1  UARTCharsAvail                 
0000405b  UARTClockSourceSet             
00003c51  UARTConfigSetExpClk            
00003e71  UARTDisable                    
00003f0f  UARTEnable                     
00004025  UARTFIFOEnable                 
00004061  UARTFIFOLevelSet               
0000406b  UARTIntClear                   
00004041  UARTIntEnable                  
0000402f  UARTIntStatus                  
00001b45  UARTStdioConfig                
00001cbd  UARTgetc                       
00001bf7  UARTgets                       
00001feb  UARTprintf                     
00001cf1  UARTvprintf                    
00001ba5  UARTwrite                      
00002bdd  UltrasonicConfigure            
00002b7b  WTimer0BConfigure              
00002abf  WTimer0BIntHandler             
20000984  __STACK_END                    
00000200  __STACK_SIZE                   
20000984  __STACK_TOP                    
000043c8  __TI_CINIT_Base                
000043e0  __TI_CINIT_Limit               
000043a8  __TI_Handler_Table_Base        
000043b4  __TI_Handler_Table_Limit       
00003871  __TI_auto_init                 
200009e4  __TI_cleanup_ptr               
000039b9  __TI_decompress_lzss           
00003fdf  __TI_decompress_none           
200009e8  __TI_dtors_ptr                 
200009ec  __TI_enable_exit_profile_output
ffffffff  __TI_pprof_out_hndl            
ffffffff  __TI_prof_data_size            
ffffffff  __TI_prof_data_start           
00000000  __TI_static_base__             
00003ff9  __TI_zero_init                 
000036e9  __aeabi_cdcmpeq                
000036e9  __aeabi_cdcmple                
0000376f  __aeabi_cdrcmple               
000038e1  __aeabi_d2f                    
00003c09  __aeabi_d2iz                   
00003c97  __aeabi_d2uiz                  
00002c4f  __aeabi_dadd                   
000030dd  __aeabi_ddiv                   
00003455  __aeabi_dmul                   
00002c45  __aeabi_dsub                   
00003d55  __aeabi_f2d                    
00003df5  __aeabi_i2d                    
00002dfb  __aeabi_idiv0                  
000037f5  __aeabi_memclr                 
000037f5  __aeabi_memclr4                
000037f5  __aeabi_memclr8                
0000364d  __aeabi_memcpy                 
0000364d  __aeabi_memcpy4                
0000364d  __aeabi_memcpy8                
000037f7  __aeabi_memset                 
000037f7  __aeabi_memset4                
000037f7  __aeabi_memset8                
00003e91  __aeabi_ui2d                   
00003cdb  __aeabi_uidiv                  
00003cdb  __aeabi_uidivmod               
ffffffff  __binit__                      
ffffffff  __c_args__                     
0000386f  __mpu_init                     
20000784  __stack                        
00003ee1  _args_main                     
00003a81  _c_int00                       
200009f0  _lock                          
00003f33  _nop                           
00003f2b  _register_lock                 
00003f25  _register_unlock               
0000394f  _system_post_cinit             
0000406f  _system_pre_init               
200009f4  _unlock                        
00003ad9  abort                          
200009d4  aircraft_start_flag            
200006d0  altitude_controler             
200006a0  altitude_ewa                   
20000270  altitude_ma                    
200009c0  bDataReady                     
ffffffff  binit                          
00003b75  copy_in                        
00003f39  copysign                       
00003f39  copysignl                      
20000a20  errno                          
00003ae1  exit                           
20000000  g_pfnRAMVectors                
00000000  g_pfnVectors                   
20000758  int_mavlink_height             
2000075c  int_pitch                      
20000760  int_roll                       
200009cc  int_ultrasonic_height          
20000764  int_yaw                        
00003551  ldexp                          
00003551  ldexpl                         
00000ebd  main                           
20000a24  main_func_sp                   
20000768  mavlink_height                 
0000364d  memcpy                         
000037fd  memset                         
20000a08  newAttiFlag                    
20000a09  newHeightFlag                  
20000782  payload_buf_index              
2000076c  pitch                          
200005a0  position_controler             
00001199  pow                            
00001199  powl                           
20000732  ppm_data                       
00002441  ppm_encoder_init               
00002547  ppm_encoder_set_data           
20000770  roll                           
20000783  rx_buffer                      
00003551  scalbn                         
00003551  scalbnl                        
00002f6d  sqrt                           
00002f6d  sqrtl                          
20000a0a  start_receive_attitude         
20000a0b  start_receive_height           
200009c4  ui32Distance                   
200009c8  ultrasonic_height              
200009d0  ultrasonic_update_flag         
20000774  x_hat                          
20000778  y_hat                          
2000077c  yaw                            


GLOBAL SYMBOLS: SORTED BY Symbol Address 

address   name                           
-------   ----                           
00000000  __TI_static_base__             
00000000  g_pfnVectors                   
00000200  __STACK_SIZE                   
0000026d  AltitudeControlerInit          
000002cd  AltitudeGet                    
000002d9  Altitude_Control               
000004e9  PositionControlerInit          
000005b9  Position_Control               
00000801  AircraftDataReceive            
000009f9  ConfigureUART0                 
00000a35  LED_Init                       
00000a51  Key_PF4_Init                   
00000a89  KEY_PF4_Pros                   
00000ad3  PPM_Channal_Init               
00000b3d  Aircraft_Unlock                
00000b91  Aircraft_Base_Output           
00000bed  RolloverProtection             
00000c81  Timer1A_Init                   
00000d25  Timer1AIntHandler              
00000db1  UART1_Data_Pros                
00000ebd  main                           
00001199  pow                            
00001199  powl                           
00001b45  UARTStdioConfig                
00001ba5  UARTwrite                      
00001bf7  UARTgets                       
00001cbd  UARTgetc                       
00001cf1  UARTvprintf                    
00001feb  UARTprintf                     
00002021  Mav_recive_UART2_Config        
00002081  Attitude_Data_Store            
000020b7  UART2IntHandler                
000021f3  Attitude_init                  
00002201  Distance_init                  
0000220f  Mavlink_DateInit               
00002251  MavLink_Data_Get               
00002441  ppm_encoder_init               
0000251d  Timer0AIntHandler              
00002547  ppm_encoder_set_data           
000027e1  EWA_Filter_Init                
00002843  EWA_Filter_Compute             
0000292b  MA_Filter_Init                 
0000297d  MA_Filter_Compute              
00002a69  GPIOE3_Init                    
00002a8f  SonicTrig                      
00002abf  WTimer0BIntHandler             
00002b7b  WTimer0BConfigure              
00002bdd  UltrasonicConfigure            
00002c45  __aeabi_dsub                   
00002c4f  __aeabi_dadd                   
00002dfb  __aeabi_idiv0                  
00002dfd  Recive_UART1_Config            
00002e43  UART1IntHandler                
00002f6d  sqrt                           
00002f6d  sqrtl                          
000030dd  __aeabi_ddiv                   
00003213  GPIOPadConfigSet               
00003345  SysCtlClockGet                 
00003455  __aeabi_dmul                   
00003551  ldexp                          
00003551  ldexpl                         
00003551  scalbn                         
00003551  scalbnl                        
0000364d  __aeabi_memcpy                 
0000364d  __aeabi_memcpy4                
0000364d  __aeabi_memcpy8                
0000364d  memcpy                         
000036e9  __aeabi_cdcmpeq                
000036e9  __aeabi_cdcmple                
0000376f  __aeabi_cdrcmple               
000037f5  __aeabi_memclr                 
000037f5  __aeabi_memclr4                
000037f5  __aeabi_memclr8                
000037f7  __aeabi_memset                 
000037f7  __aeabi_memset4                
000037f7  __aeabi_memset8                
000037fd  memset                         
0000386f  __mpu_init                     
00003871  __TI_auto_init                 
000038e1  __aeabi_d2f                    
0000394f  _system_post_cinit             
00003951  IntEnable                      
000039b9  __TI_decompress_lzss           
00003a21  TimerConfigure                 
00003a81  _c_int00                       
00003ad5  C$$EXIT                        
00003ad9  abort                          
00003ae1  exit                           
00003b75  copy_in                        
00003bc1  GPIOPinConfigure               
00003c09  __aeabi_d2iz                   
00003c51  UARTConfigSetExpClk            
00003c97  __aeabi_d2uiz                  
00003cdb  __aeabi_uidiv                  
00003cdb  __aeabi_uidivmod               
00003d1d  SysCtlPeripheralReady          
00003d55  __aeabi_f2d                    
00003d8d  IntRegister                    
00003dc1  SysCtlPeripheralEnable         
00003df5  __aeabi_i2d                    
00003e23  GPIODirModeSet                 
00003e4d  IntPrioritySet                 
00003e71  UARTDisable                    
00003e91  __aeabi_ui2d                   
00003eb1  GPIOPinTypeGPIOOutput          
00003ec9  TimerIntRegister               
00003ee1  _args_main                     
00003ef9  TimerControlEvent              
00003f0f  UARTEnable                     
00003f25  _register_unlock               
00003f2b  _register_lock                 
00003f33  _nop                           
00003f39  copysign                       
00003f39  copysignl                      
00003f4d  GPIOPinTypeGPIOInput           
00003f5f  GPIOPinTypeTimer               
00003f71  GPIOPinTypeUART                
00003f85  FPUEnable                      
00003f95  FPULazyStackingEnable          
00003fa5  IntMasterEnable                
00003fb5  TimerEnable                    
00003fc3  UARTCharGetNonBlocking         
00003fd1  UARTCharsAvail                 
00003fdf  __TI_decompress_none           
00003fed  CPUcpsie                       
00003ff9  __TI_zero_init                 
00004005  ResetISR                       
00004011  TimerIntStatus                 
0000401b  TimerValueGet                  
00004025  UARTFIFOEnable                 
0000402f  UARTIntStatus                  
00004039  TimerIntEnable                 
00004041  UARTIntEnable                  
00004049  GPIOPinRead                    
0000404f  GPIOPinWrite                   
00004055  TimerClockSourceSet            
0000405b  UARTClockSourceSet             
00004061  UARTFIFOLevelSet               
00004067  TimerIntClear                  
0000406b  UARTIntClear                   
0000406f  _system_pre_init               
000043a8  __TI_Handler_Table_Base        
000043b4  __TI_Handler_Table_Limit       
000043c8  __TI_CINIT_Base                
000043e0  __TI_CINIT_Limit               
20000000  g_pfnRAMVectors                
20000270  altitude_ma                    
200005a0  position_controler             
20000608  UART1_Rx_Buffers               
2000063c  UART1_Rx_Data                  
20000670  Source_attitude_payload        
200006a0  altitude_ewa                   
200006d0  altitude_controler             
20000732  ppm_data                       
20000750  Source_Rangefinder_payload     
20000758  int_mavlink_height             
2000075c  int_pitch                      
20000760  int_roll                       
20000764  int_yaw                        
20000768  mavlink_height                 
2000076c  pitch                          
20000770  roll                           
20000774  x_hat                          
20000778  y_hat                          
2000077c  yaw                            
20000780  UART1_Rx_Len                   
20000781  UART1_Sender_Address           
20000782  payload_buf_index              
20000783  rx_buffer                      
20000784  __stack                        
20000984  Rx_Buffer_attitude             
20000984  __STACK_END                    
20000984  __STACK_TOP                    
200009ac  Rx_Buffer_height               
200009c0  bDataReady                     
200009c4  ui32Distance                   
200009c8  ultrasonic_height              
200009cc  int_ultrasonic_height          
200009d0  ultrasonic_update_flag         
200009d4  aircraft_start_flag            
200009e4  __TI_cleanup_ptr               
200009e8  __TI_dtors_ptr                 
200009ec  __TI_enable_exit_profile_output
200009f0  _lock                          
200009f4  _unlock                        
200009f8  UART1_Updated_Flag             
20000a08  newAttiFlag                    
20000a09  newHeightFlag                  
20000a0a  start_receive_attitude         
20000a0b  start_receive_height           
20000a20  errno                          
20000a24  main_func_sp                   
ffffffff  __TI_pprof_out_hndl            
ffffffff  __TI_prof_data_size            
ffffffff  __TI_prof_data_start           
ffffffff  __binit__                      
ffffffff  __c_args__                     
ffffffff  binit                          
UNDEFED   SHT$$INIT_ARRAY$$Base          
UNDEFED   SHT$$INIT_ARRAY$$Limit         

[200 symbols]
