<?xml version="1.0"?>
<link_info>
   <banner>TI ARM Linker PC v16.9.0.LTS</banner>
   <copyright>Copyright (c) 1996-2015 Texas Instruments Incorporated</copyright>
   <link_time>0x5c4c28f4</link_time>
   <link_errors>0x0</link_errors>
   <output_file>Aircraft_v9.out</output_file>
   <entry_point>
      <name>_c_int00</name>
      <address>0x3c71</address>
   </entry_point>
   <input_file_list>
      <input_file id="fl-2">
         <path>.\</path>
         <kind>object</kind>
         <file>camera.obj</file>
         <name>camera.obj</name>
      </input_file>
      <input_file id="fl-3">
         <path>.\</path>
         <kind>object</kind>
         <file>filter.obj</file>
         <name>filter.obj</name>
      </input_file>
      <input_file id="fl-4">
         <path>.\</path>
         <kind>object</kind>
         <file>main.obj</file>
         <name>main.obj</name>
      </input_file>
      <input_file id="fl-5">
         <path>.\</path>
         <kind>object</kind>
         <file>mavlink.obj</file>
         <name>mavlink.obj</name>
      </input_file>
      <input_file id="fl-6">
         <path>.\</path>
         <kind>object</kind>
         <file>ppm.obj</file>
         <name>ppm.obj</name>
      </input_file>
      <input_file id="fl-7">
         <path>.\</path>
         <kind>object</kind>
         <file>receive.obj</file>
         <name>receive.obj</name>
      </input_file>
      <input_file id="fl-8">
         <path>.\</path>
         <kind>object</kind>
         <file>tm4c123gh6pm_startup_ccs.obj</file>
         <name>tm4c123gh6pm_startup_ccs.obj</name>
      </input_file>
      <input_file id="fl-9">
         <path>.\</path>
         <kind>object</kind>
         <file>uartstdio.obj</file>
         <name>uartstdio.obj</name>
      </input_file>
      <input_file id="fl-a">
         <path>.\</path>
         <kind>object</kind>
         <file>ultrasonic.obj</file>
         <name>ultrasonic.obj</name>
      </input_file>
      <input_file id="fl-c5">
         <path>D:\ti\ccsv7\tools\compiler\ti-cgt-arm_16.9.0.LTS\lib\</path>
         <kind>archive</kind>
         <file>rtsv7M4_T_le_v4SPD16_eabi.lib</file>
         <name>boot.obj</name>
      </input_file>
      <input_file id="fl-c6">
         <path>D:\ti\ccsv7\tools\compiler\ti-cgt-arm_16.9.0.LTS\lib\</path>
         <kind>archive</kind>
         <file>rtsv7M4_T_le_v4SPD16_eabi.lib</file>
         <name>copy_decompress_lzss.obj</name>
      </input_file>
      <input_file id="fl-c7">
         <path>D:\ti\ccsv7\tools\compiler\ti-cgt-arm_16.9.0.LTS\lib\</path>
         <kind>archive</kind>
         <file>rtsv7M4_T_le_v4SPD16_eabi.lib</file>
         <name>copy_decompress_none.obj</name>
      </input_file>
      <input_file id="fl-c8">
         <path>D:\ti\ccsv7\tools\compiler\ti-cgt-arm_16.9.0.LTS\lib\</path>
         <kind>archive</kind>
         <file>rtsv7M4_T_le_v4SPD16_eabi.lib</file>
         <name>copy_zero_init.obj</name>
      </input_file>
      <input_file id="fl-c9">
         <path>D:\ti\ccsv7\tools\compiler\ti-cgt-arm_16.9.0.LTS\lib\</path>
         <kind>archive</kind>
         <file>rtsv7M4_T_le_v4SPD16_eabi.lib</file>
         <name>e_pow.obj</name>
      </input_file>
      <input_file id="fl-ca">
         <path>D:\ti\ccsv7\tools\compiler\ti-cgt-arm_16.9.0.LTS\lib\</path>
         <kind>archive</kind>
         <file>rtsv7M4_T_le_v4SPD16_eabi.lib</file>
         <name>e_sqrt.obj</name>
      </input_file>
      <input_file id="fl-cb">
         <path>D:\ti\ccsv7\tools\compiler\ti-cgt-arm_16.9.0.LTS\lib\</path>
         <kind>archive</kind>
         <file>rtsv7M4_T_le_v4SPD16_eabi.lib</file>
         <name>errno.obj</name>
      </input_file>
      <input_file id="fl-cc">
         <path>D:\ti\ccsv7\tools\compiler\ti-cgt-arm_16.9.0.LTS\lib\</path>
         <kind>archive</kind>
         <file>rtsv7M4_T_le_v4SPD16_eabi.lib</file>
         <name>exit.obj</name>
      </input_file>
      <input_file id="fl-cd">
         <path>D:\ti\ccsv7\tools\compiler\ti-cgt-arm_16.9.0.LTS\lib\</path>
         <kind>archive</kind>
         <file>rtsv7M4_T_le_v4SPD16_eabi.lib</file>
         <name>fd_add_t2.obj</name>
      </input_file>
      <input_file id="fl-ce">
         <path>D:\ti\ccsv7\tools\compiler\ti-cgt-arm_16.9.0.LTS\lib\</path>
         <kind>archive</kind>
         <file>rtsv7M4_T_le_v4SPD16_eabi.lib</file>
         <name>fd_cmp_t2.obj</name>
      </input_file>
      <input_file id="fl-cf">
         <path>D:\ti\ccsv7\tools\compiler\ti-cgt-arm_16.9.0.LTS\lib\</path>
         <kind>archive</kind>
         <file>rtsv7M4_T_le_v4SPD16_eabi.lib</file>
         <name>fd_div_t2.obj</name>
      </input_file>
      <input_file id="fl-d0">
         <path>D:\ti\ccsv7\tools\compiler\ti-cgt-arm_16.9.0.LTS\lib\</path>
         <kind>archive</kind>
         <file>rtsv7M4_T_le_v4SPD16_eabi.lib</file>
         <name>fd_mul_t2.obj</name>
      </input_file>
      <input_file id="fl-d1">
         <path>D:\ti\ccsv7\tools\compiler\ti-cgt-arm_16.9.0.LTS\lib\</path>
         <kind>archive</kind>
         <file>rtsv7M4_T_le_v4SPD16_eabi.lib</file>
         <name>fd_toi_t2.obj</name>
      </input_file>
      <input_file id="fl-d2">
         <path>D:\ti\ccsv7\tools\compiler\ti-cgt-arm_16.9.0.LTS\lib\</path>
         <kind>archive</kind>
         <file>rtsv7M4_T_le_v4SPD16_eabi.lib</file>
         <name>fd_tos_t2.obj</name>
      </input_file>
      <input_file id="fl-d3">
         <path>D:\ti\ccsv7\tools\compiler\ti-cgt-arm_16.9.0.LTS\lib\</path>
         <kind>archive</kind>
         <file>rtsv7M4_T_le_v4SPD16_eabi.lib</file>
         <name>fd_tou_t2.obj</name>
      </input_file>
      <input_file id="fl-d4">
         <path>D:\ti\ccsv7\tools\compiler\ti-cgt-arm_16.9.0.LTS\lib\</path>
         <kind>archive</kind>
         <file>rtsv7M4_T_le_v4SPD16_eabi.lib</file>
         <name>fs_tod_t2.obj</name>
      </input_file>
      <input_file id="fl-d5">
         <path>D:\ti\ccsv7\tools\compiler\ti-cgt-arm_16.9.0.LTS\lib\</path>
         <kind>archive</kind>
         <file>rtsv7M4_T_le_v4SPD16_eabi.lib</file>
         <name>i_tofd_t2.obj</name>
      </input_file>
      <input_file id="fl-d6">
         <path>D:\ti\ccsv7\tools\compiler\ti-cgt-arm_16.9.0.LTS\lib\</path>
         <kind>archive</kind>
         <file>rtsv7M4_T_le_v4SPD16_eabi.lib</file>
         <name>memcpy_t2.obj</name>
      </input_file>
      <input_file id="fl-d7">
         <path>D:\ti\ccsv7\tools\compiler\ti-cgt-arm_16.9.0.LTS\lib\</path>
         <kind>archive</kind>
         <file>rtsv7M4_T_le_v4SPD16_eabi.lib</file>
         <name>memset_t2.obj</name>
      </input_file>
      <input_file id="fl-d8">
         <path>D:\ti\ccsv7\tools\compiler\ti-cgt-arm_16.9.0.LTS\lib\</path>
         <kind>archive</kind>
         <file>rtsv7M4_T_le_v4SPD16_eabi.lib</file>
         <name>mpu_init.obj</name>
      </input_file>
      <input_file id="fl-d9">
         <path>D:\ti\ccsv7\tools\compiler\ti-cgt-arm_16.9.0.LTS\lib\</path>
         <kind>archive</kind>
         <file>rtsv7M4_T_le_v4SPD16_eabi.lib</file>
         <name>pre_init.obj</name>
      </input_file>
      <input_file id="fl-da">
         <path>D:\ti\ccsv7\tools\compiler\ti-cgt-arm_16.9.0.LTS\lib\</path>
         <kind>archive</kind>
         <file>rtsv7M4_T_le_v4SPD16_eabi.lib</file>
         <name>s_scalbn.obj</name>
      </input_file>
      <input_file id="fl-db">
         <path>D:\ti\ccsv7\tools\compiler\ti-cgt-arm_16.9.0.LTS\lib\</path>
         <kind>archive</kind>
         <file>rtsv7M4_T_le_v4SPD16_eabi.lib</file>
         <name>stkdepth_vars.obj</name>
      </input_file>
      <input_file id="fl-dc">
         <path>D:\ti\ccsv7\tools\compiler\ti-cgt-arm_16.9.0.LTS\lib\</path>
         <kind>archive</kind>
         <file>rtsv7M4_T_le_v4SPD16_eabi.lib</file>
         <name>u_divt2.obj</name>
      </input_file>
      <input_file id="fl-dd">
         <path>D:\ti\ccsv7\tools\compiler\ti-cgt-arm_16.9.0.LTS\lib\</path>
         <kind>archive</kind>
         <file>rtsv7M4_T_le_v4SPD16_eabi.lib</file>
         <name>u_tofd_t2.obj</name>
      </input_file>
      <input_file id="fl-de">
         <path>D:\ti\ccsv7\tools\compiler\ti-cgt-arm_16.9.0.LTS\lib\</path>
         <kind>archive</kind>
         <file>rtsv7M4_T_le_v4SPD16_eabi.lib</file>
         <name>_lock.obj</name>
      </input_file>
      <input_file id="fl-df">
         <path>D:\ti\ccsv7\tools\compiler\ti-cgt-arm_16.9.0.LTS\lib\</path>
         <kind>archive</kind>
         <file>rtsv7M4_T_le_v4SPD16_eabi.lib</file>
         <name>args_main.obj</name>
      </input_file>
      <input_file id="fl-e0">
         <path>D:\ti\ccsv7\tools\compiler\ti-cgt-arm_16.9.0.LTS\lib\</path>
         <kind>archive</kind>
         <file>rtsv7M4_T_le_v4SPD16_eabi.lib</file>
         <name>autoinit.obj</name>
      </input_file>
      <input_file id="fl-e1">
         <path>D:\ti\ccsv7\tools\compiler\ti-cgt-arm_16.9.0.LTS\lib\</path>
         <kind>archive</kind>
         <file>rtsv7M4_T_le_v4SPD16_eabi.lib</file>
         <name>cpy_tbl.obj</name>
      </input_file>
      <input_file id="fl-e2">
         <path>D:\ti\ccsv7\tools\compiler\ti-cgt-arm_16.9.0.LTS\lib\</path>
         <kind>archive</kind>
         <file>rtsv7M4_T_le_v4SPD16_eabi.lib</file>
         <name>i_div0.obj</name>
      </input_file>
      <input_file id="fl-e3">
         <path>D:\ti\ccsv7\tools\compiler\ti-cgt-arm_16.9.0.LTS\lib\</path>
         <kind>archive</kind>
         <file>rtsv7M4_T_le_v4SPD16_eabi.lib</file>
         <name>s_copysign.obj</name>
      </input_file>
      <input_file id="fl-e4">
         <path>D:\ti\ccsv7\tools\compiler\ti-cgt-arm_16.9.0.LTS\lib\</path>
         <kind>archive</kind>
         <file>rtsv7M4_T_le_v4SPD16_eabi.lib</file>
         <name>startup.obj</name>
      </input_file>
      <input_file id="fl-e5">
         <path>F:\TIVAWARE002\driverlib\ccs\Debug\</path>
         <kind>archive</kind>
         <file>driverlib.lib</file>
         <name>fpu.obj</name>
      </input_file>
      <input_file id="fl-e6">
         <path>F:\TIVAWARE002\driverlib\ccs\Debug\</path>
         <kind>archive</kind>
         <file>driverlib.lib</file>
         <name>gpio.obj</name>
      </input_file>
      <input_file id="fl-e7">
         <path>F:\TIVAWARE002\driverlib\ccs\Debug\</path>
         <kind>archive</kind>
         <file>driverlib.lib</file>
         <name>interrupt.obj</name>
      </input_file>
      <input_file id="fl-e8">
         <path>F:\TIVAWARE002\driverlib\ccs\Debug\</path>
         <kind>archive</kind>
         <file>driverlib.lib</file>
         <name>sysctl.obj</name>
      </input_file>
      <input_file id="fl-e9">
         <path>F:\TIVAWARE002\driverlib\ccs\Debug\</path>
         <kind>archive</kind>
         <file>driverlib.lib</file>
         <name>timer.obj</name>
      </input_file>
      <input_file id="fl-ea">
         <path>F:\TIVAWARE002\driverlib\ccs\Debug\</path>
         <kind>archive</kind>
         <file>driverlib.lib</file>
         <name>uart.obj</name>
      </input_file>
      <input_file id="fl-eb">
         <path>F:\TIVAWARE002\driverlib\ccs\Debug\</path>
         <kind>archive</kind>
         <file>driverlib.lib</file>
         <name>cpu.obj</name>
      </input_file>
   </input_file_list>
   <object_component_list>
      <object_component id="oc-f">
         <name>.intvecs</name>
         <load_address>0x0</load_address>
         <run_address>0x0</run_address>
         <size>0x26c</size>
         <input_file_ref idref="fl-8"/>
      </object_component>
      <object_component id="oc-3d">
         <name>.text</name>
         <load_address>0x26c</load_address>
         <run_address>0x26c</run_address>
         <size>0xf58</size>
         <input_file_ref idref="fl-4"/>
      </object_component>
      <object_component id="oc-24c">
         <name>.text</name>
         <load_address>0x11c4</load_address>
         <run_address>0x11c4</run_address>
         <size>0x9ac</size>
         <input_file_ref idref="fl-c9"/>
      </object_component>
      <object_component id="oc-146">
         <name>.text</name>
         <load_address>0x1b70</load_address>
         <run_address>0x1b70</run_address>
         <size>0x4dc</size>
         <input_file_ref idref="fl-9"/>
      </object_component>
      <object_component id="oc-43">
         <name>.text</name>
         <load_address>0x204c</load_address>
         <run_address>0x204c</run_address>
         <size>0x420</size>
         <input_file_ref idref="fl-5"/>
      </object_component>
      <object_component id="oc-37">
         <name>.text</name>
         <load_address>0x246c</load_address>
         <run_address>0x246c</run_address>
         <size>0x3a0</size>
         <input_file_ref idref="fl-6"/>
      </object_component>
      <object_component id="oc-102">
         <name>.text</name>
         <load_address>0x280c</load_address>
         <run_address>0x280c</run_address>
         <size>0x288</size>
         <input_file_ref idref="fl-3"/>
      </object_component>
      <object_component id="oc-1a4">
         <name>.text</name>
         <load_address>0x2a94</load_address>
         <run_address>0x2a94</run_address>
         <size>0x1dc</size>
         <input_file_ref idref="fl-a"/>
      </object_component>
      <object_component id="oc-49">
         <name>.text</name>
         <load_address>0x2c70</load_address>
         <run_address>0x2c70</run_address>
         <size>0x1c4</size>
         <input_file_ref idref="fl-2"/>
      </object_component>
      <object_component id="oc-12d">
         <name>.text</name>
         <load_address>0x2e34</load_address>
         <run_address>0x2e34</run_address>
         <size>0x1b6</size>
         <input_file_ref idref="fl-cd"/>
      </object_component>
      <object_component id="oc-33b">
         <name>.text</name>
         <load_address>0x2fea</load_address>
         <run_address>0x2fea</run_address>
         <size>0x2</size>
         <input_file_ref idref="fl-e2"/>
      </object_component>
      <object_component id="oc-31">
         <name>.text</name>
         <load_address>0x2fec</load_address>
         <run_address>0x2fec</run_address>
         <size>0x170</size>
         <input_file_ref idref="fl-7"/>
      </object_component>
      <object_component id="oc-30f">
         <name>.text</name>
         <load_address>0x315c</load_address>
         <run_address>0x315c</run_address>
         <size>0x170</size>
         <input_file_ref idref="fl-ca"/>
      </object_component>
      <object_component id="oc-11d">
         <name>.text</name>
         <load_address>0x32cc</load_address>
         <run_address>0x32cc</run_address>
         <size>0x136</size>
         <input_file_ref idref="fl-cf"/>
      </object_component>
      <object_component id="oc-15e">
         <name>.text:GPIOPadConfigSet</name>
         <load_address>0x3402</load_address>
         <run_address>0x3402</run_address>
         <size>0x132</size>
         <input_file_ref idref="fl-e6"/>
      </object_component>
      <object_component id="oc-aa">
         <name>.text:SysCtlClockGet</name>
         <load_address>0x3534</load_address>
         <run_address>0x3534</run_address>
         <size>0x110</size>
         <input_file_ref idref="fl-e8"/>
      </object_component>
      <object_component id="oc-118">
         <name>.text</name>
         <load_address>0x3644</load_address>
         <run_address>0x3644</run_address>
         <size>0xfc</size>
         <input_file_ref idref="fl-d0"/>
      </object_component>
      <object_component id="oc-325">
         <name>.text</name>
         <load_address>0x3740</load_address>
         <run_address>0x3740</run_address>
         <size>0xfc</size>
         <input_file_ref idref="fl-da"/>
      </object_component>
      <object_component id="oc-5d">
         <name>.text</name>
         <load_address>0x383c</load_address>
         <run_address>0x383c</run_address>
         <size>0x9c</size>
         <input_file_ref idref="fl-d6"/>
      </object_component>
      <object_component id="oc-31b">
         <name>.text:__aeabi_cdcmple</name>
         <load_address>0x38d8</load_address>
         <run_address>0x38d8</run_address>
         <size>0x86</size>
         <input_file_ref idref="fl-ce"/>
      </object_component>
      <object_component id="oc-320">
         <name>.text:__aeabi_cdrcmple</name>
         <load_address>0x395e</load_address>
         <run_address>0x395e</run_address>
         <size>0x86</size>
         <input_file_ref idref="fl-ce"/>
      </object_component>
      <object_component id="oc-69">
         <name>.text</name>
         <load_address>0x39e4</load_address>
         <run_address>0x39e4</run_address>
         <size>0x7a</size>
         <input_file_ref idref="fl-d7"/>
      </object_component>
      <object_component id="oc-75">
         <name>.text</name>
         <load_address>0x3a5e</load_address>
         <run_address>0x3a5e</run_address>
         <size>0x2</size>
         <input_file_ref idref="fl-d8"/>
      </object_component>
      <object_component id="oc-81">
         <name>.text</name>
         <load_address>0x3a60</load_address>
         <run_address>0x3a60</run_address>
         <size>0x70</size>
         <input_file_ref idref="fl-e0"/>
      </object_component>
      <object_component id="oc-13b">
         <name>.text</name>
         <load_address>0x3ad0</load_address>
         <run_address>0x3ad0</run_address>
         <size>0x6e</size>
         <input_file_ref idref="fl-d2"/>
      </object_component>
      <object_component id="oc-1ef">
         <name>.text</name>
         <load_address>0x3b3e</load_address>
         <run_address>0x3b3e</run_address>
         <size>0x2</size>
         <input_file_ref idref="fl-e4"/>
      </object_component>
      <object_component id="oc-b6">
         <name>.text:IntEnable</name>
         <load_address>0x3b40</load_address>
         <run_address>0x3b40</run_address>
         <size>0x68</size>
         <input_file_ref idref="fl-e7"/>
      </object_component>
      <object_component id="oc-12">
         <name>.text:decompress:lzss</name>
         <load_address>0x3ba8</load_address>
         <run_address>0x3ba8</run_address>
         <size>0x68</size>
         <input_file_ref idref="fl-c6"/>
      </object_component>
      <object_component id="oc-17a">
         <name>.text:TimerConfigure</name>
         <load_address>0x3c10</load_address>
         <run_address>0x3c10</run_address>
         <size>0x60</size>
         <input_file_ref idref="fl-e9"/>
      </object_component>
      <object_component id="oc-24">
         <name>.text</name>
         <load_address>0x3c70</load_address>
         <run_address>0x3c70</run_address>
         <size>0x54</size>
         <input_file_ref idref="fl-c5"/>
      </object_component>
      <object_component id="oc-8d">
         <name>.text</name>
         <load_address>0x3cc4</load_address>
         <run_address>0x3cc4</run_address>
         <size>0x54</size>
         <input_file_ref idref="fl-cc"/>
      </object_component>
      <object_component id="oc-350">
         <name>.text:_TimerIntNumberGet</name>
         <load_address>0x3d18</load_address>
         <run_address>0x3d18</run_address>
         <size>0x4c</size>
         <input_file_ref idref="fl-e9"/>
      </object_component>
      <object_component id="oc-1e9">
         <name>.text</name>
         <load_address>0x3d64</load_address>
         <run_address>0x3d64</run_address>
         <size>0x4c</size>
         <input_file_ref idref="fl-e1"/>
      </object_component>
      <object_component id="oc-9e">
         <name>.text:GPIOPinConfigure</name>
         <load_address>0x3db0</load_address>
         <run_address>0x3db0</run_address>
         <size>0x48</size>
         <input_file_ref idref="fl-e6"/>
      </object_component>
      <object_component id="oc-108">
         <name>.text</name>
         <load_address>0x3df8</load_address>
         <run_address>0x3df8</run_address>
         <size>0x48</size>
         <input_file_ref idref="fl-d1"/>
      </object_component>
      <object_component id="oc-b0">
         <name>.text:UARTConfigSetExpClk</name>
         <load_address>0x3e40</load_address>
         <run_address>0x3e40</run_address>
         <size>0x46</size>
         <input_file_ref idref="fl-ea"/>
      </object_component>
      <object_component id="oc-2a9">
         <name>.text</name>
         <load_address>0x3e86</load_address>
         <run_address>0x3e86</run_address>
         <size>0x44</size>
         <input_file_ref idref="fl-d3"/>
      </object_component>
      <object_component id="oc-27a">
         <name>.text</name>
         <load_address>0x3eca</load_address>
         <run_address>0x3eca</run_address>
         <size>0x40</size>
         <input_file_ref idref="fl-dc"/>
      </object_component>
      <object_component id="oc-14c">
         <name>.text:SysCtlPeripheralReady</name>
         <load_address>0x3f0c</load_address>
         <run_address>0x3f0c</run_address>
         <size>0x38</size>
         <input_file_ref idref="fl-e8"/>
      </object_component>
      <object_component id="oc-136">
         <name>.text</name>
         <load_address>0x3f44</load_address>
         <run_address>0x3f44</run_address>
         <size>0x38</size>
         <input_file_ref idref="fl-d4"/>
      </object_component>
      <object_component id="oc-356">
         <name>.text:IntRegister</name>
         <load_address>0x3f7c</load_address>
         <run_address>0x3f7c</run_address>
         <size>0x34</size>
         <input_file_ref idref="fl-e7"/>
      </object_component>
      <object_component id="oc-98">
         <name>.text:SysCtlPeripheralEnable</name>
         <load_address>0x3fb0</load_address>
         <run_address>0x3fb0</run_address>
         <size>0x34</size>
         <input_file_ref idref="fl-e8"/>
      </object_component>
      <object_component id="oc-128">
         <name>.text</name>
         <load_address>0x3fe4</load_address>
         <run_address>0x3fe4</run_address>
         <size>0x2e</size>
         <input_file_ref idref="fl-d5"/>
      </object_component>
      <object_component id="oc-20b">
         <name>.text:GPIODirModeSet</name>
         <load_address>0x4012</load_address>
         <run_address>0x4012</run_address>
         <size>0x2a</size>
         <input_file_ref idref="fl-e6"/>
      </object_component>
      <object_component id="oc-2c0">
         <name>.text:IntPrioritySet</name>
         <load_address>0x403c</load_address>
         <run_address>0x403c</run_address>
         <size>0x24</size>
         <input_file_ref idref="fl-e7"/>
      </object_component>
      <object_component id="oc-216">
         <name>.text:UARTDisable</name>
         <load_address>0x4060</load_address>
         <run_address>0x4060</run_address>
         <size>0x20</size>
         <input_file_ref idref="fl-ea"/>
      </object_component>
      <object_component id="oc-113">
         <name>.text</name>
         <load_address>0x4080</load_address>
         <run_address>0x4080</run_address>
         <size>0x20</size>
         <input_file_ref idref="fl-dd"/>
      </object_component>
      <object_component id="oc-152">
         <name>.text:GPIOPinTypeGPIOOutput</name>
         <load_address>0x40a0</load_address>
         <run_address>0x40a0</run_address>
         <size>0x18</size>
         <input_file_ref idref="fl-e6"/>
      </object_component>
      <object_component id="oc-2ba">
         <name>.text:TimerIntRegister</name>
         <load_address>0x40b8</load_address>
         <run_address>0x40b8</run_address>
         <size>0x18</size>
         <input_file_ref idref="fl-e9"/>
      </object_component>
      <object_component id="oc-87">
         <name>.text</name>
         <load_address>0x40d0</load_address>
         <run_address>0x40d0</run_address>
         <size>0x18</size>
         <input_file_ref idref="fl-df"/>
      </object_component>
      <object_component id="oc-2b4">
         <name>.text:TimerControlEvent</name>
         <load_address>0x40e8</load_address>
         <run_address>0x40e8</run_address>
         <size>0x16</size>
         <input_file_ref idref="fl-e9"/>
      </object_component>
      <object_component id="oc-21c">
         <name>.text:UARTEnable</name>
         <load_address>0x40fe</load_address>
         <run_address>0x40fe</run_address>
         <size>0x14</size>
         <input_file_ref idref="fl-ea"/>
      </object_component>
      <object_component id="oc-2ed">
         <name>.text</name>
         <load_address>0x4114</load_address>
         <run_address>0x4114</run_address>
         <size>0x14</size>
         <input_file_ref idref="fl-de"/>
      </object_component>
      <object_component id="oc-378">
         <name>.text</name>
         <load_address>0x4128</load_address>
         <run_address>0x4128</run_address>
         <size>0x14</size>
         <input_file_ref idref="fl-e3"/>
      </object_component>
      <object_component id="oc-158">
         <name>.text:GPIOPinTypeGPIOInput</name>
         <load_address>0x413c</load_address>
         <run_address>0x413c</run_address>
         <size>0x12</size>
         <input_file_ref idref="fl-e6"/>
      </object_component>
      <object_component id="oc-2ae">
         <name>.text:GPIOPinTypeTimer</name>
         <load_address>0x414e</load_address>
         <run_address>0x414e</run_address>
         <size>0x12</size>
         <input_file_ref idref="fl-e6"/>
      </object_component>
      <object_component id="oc-a4">
         <name>.text:GPIOPinTypeUART</name>
         <load_address>0x4160</load_address>
         <run_address>0x4160</run_address>
         <size>0x12</size>
         <input_file_ref idref="fl-e6"/>
      </object_component>
      <object_component id="oc-1aa">
         <name>.text:FPUEnable</name>
         <load_address>0x4174</load_address>
         <run_address>0x4174</run_address>
         <size>0x10</size>
         <input_file_ref idref="fl-e5"/>
      </object_component>
      <object_component id="oc-1b0">
         <name>.text:FPULazyStackingEnable</name>
         <load_address>0x4184</load_address>
         <run_address>0x4184</run_address>
         <size>0x10</size>
         <input_file_ref idref="fl-e5"/>
      </object_component>
      <object_component id="oc-180">
         <name>.text:IntMasterEnable</name>
         <load_address>0x4194</load_address>
         <run_address>0x4194</run_address>
         <size>0x10</size>
         <input_file_ref idref="fl-e7"/>
      </object_component>
      <object_component id="oc-18c">
         <name>.text:TimerEnable</name>
         <load_address>0x41a4</load_address>
         <run_address>0x41a4</run_address>
         <size>0xe</size>
         <input_file_ref idref="fl-e9"/>
      </object_component>
      <object_component id="oc-ce">
         <name>.text:UARTCharGetNonBlocking</name>
         <load_address>0x41b2</load_address>
         <run_address>0x41b2</run_address>
         <size>0xe</size>
         <input_file_ref idref="fl-ea"/>
      </object_component>
      <object_component id="oc-d4">
         <name>.text:UARTCharsAvail</name>
         <load_address>0x41c0</load_address>
         <run_address>0x41c0</run_address>
         <size>0xe</size>
         <input_file_ref idref="fl-ea"/>
      </object_component>
      <object_component id="oc-18">
         <name>.text:decompress:none</name>
         <load_address>0x41ce</load_address>
         <run_address>0x41ce</run_address>
         <size>0xe</size>
         <input_file_ref idref="fl-c7"/>
      </object_component>
      <object_component id="oc-294">
         <name>.text:CPUcpsie</name>
         <load_address>0x41dc</load_address>
         <run_address>0x41dc</run_address>
         <size>0xc</size>
         <input_file_ref idref="fl-eb"/>
      </object_component>
      <object_component id="oc-1e">
         <name>.text:decompress:ZI</name>
         <load_address>0x41e8</load_address>
         <run_address>0x41e8</run_address>
         <size>0xc</size>
         <input_file_ref idref="fl-c8"/>
      </object_component>
      <object_component id="oc-2b">
         <name>.text</name>
         <load_address>0x41f4</load_address>
         <run_address>0x41f4</run_address>
         <size>0xc</size>
         <input_file_ref idref="fl-8"/>
      </object_component>
      <object_component id="oc-198">
         <name>.text:TimerIntStatus</name>
         <load_address>0x4200</load_address>
         <run_address>0x4200</run_address>
         <size>0xa</size>
         <input_file_ref idref="fl-e9"/>
      </object_component>
      <object_component id="oc-2a3">
         <name>.text:TimerValueGet</name>
         <load_address>0x420a</load_address>
         <run_address>0x420a</run_address>
         <size>0xa</size>
         <input_file_ref idref="fl-e9"/>
      </object_component>
      <object_component id="oc-1b7">
         <name>.text:UARTFIFOEnable</name>
         <load_address>0x4214</load_address>
         <run_address>0x4214</run_address>
         <size>0xa</size>
         <input_file_ref idref="fl-ea"/>
      </object_component>
      <object_component id="oc-c2">
         <name>.text:UARTIntStatus</name>
         <load_address>0x421e</load_address>
         <run_address>0x421e</run_address>
         <size>0xa</size>
         <input_file_ref idref="fl-ea"/>
      </object_component>
      <object_component id="oc-186">
         <name>.text:TimerIntEnable</name>
         <load_address>0x4228</load_address>
         <run_address>0x4228</run_address>
         <size>0x8</size>
         <input_file_ref idref="fl-e9"/>
      </object_component>
      <object_component id="oc-bc">
         <name>.text:UARTIntEnable</name>
         <load_address>0x4230</load_address>
         <run_address>0x4230</run_address>
         <size>0x8</size>
         <input_file_ref idref="fl-ea"/>
      </object_component>
      <object_component id="oc-10d">
         <name>.text:GPIOPinRead</name>
         <load_address>0x4238</load_address>
         <run_address>0x4238</run_address>
         <size>0x6</size>
         <input_file_ref idref="fl-e6"/>
      </object_component>
      <object_component id="oc-ee">
         <name>.text:GPIOPinWrite</name>
         <load_address>0x423e</load_address>
         <run_address>0x423e</run_address>
         <size>0x6</size>
         <input_file_ref idref="fl-e6"/>
      </object_component>
      <object_component id="oc-174">
         <name>.text:TimerClockSourceSet</name>
         <load_address>0x4244</load_address>
         <run_address>0x4244</run_address>
         <size>0x6</size>
         <input_file_ref idref="fl-e9"/>
      </object_component>
      <object_component id="oc-140">
         <name>.text:UARTClockSourceSet</name>
         <load_address>0x424a</load_address>
         <run_address>0x424a</run_address>
         <size>0x6</size>
         <input_file_ref idref="fl-ea"/>
      </object_component>
      <object_component id="oc-1bd">
         <name>.text:UARTFIFOLevelSet</name>
         <load_address>0x4250</load_address>
         <run_address>0x4250</run_address>
         <size>0x6</size>
         <input_file_ref idref="fl-ea"/>
      </object_component>
      <object_component id="oc-19e">
         <name>.text:TimerIntClear</name>
         <load_address>0x4256</load_address>
         <run_address>0x4256</run_address>
         <size>0x4</size>
         <input_file_ref idref="fl-e9"/>
      </object_component>
      <object_component id="oc-c8">
         <name>.text:UARTIntClear</name>
         <load_address>0x425a</load_address>
         <run_address>0x425a</run_address>
         <size>0x4</size>
         <input_file_ref idref="fl-ea"/>
      </object_component>
      <object_component id="oc-7b">
         <name>.text</name>
         <load_address>0x425e</load_address>
         <run_address>0x425e</run_address>
         <size>0x4</size>
         <input_file_ref idref="fl-d9"/>
      </object_component>
      <object_component id="oc-35d">
         <name>.const:g_pui32Regs</name>
         <load_address>0x4268</load_address>
         <run_address>0x4268</run_address>
         <size>0x9c</size>
         <input_file_ref idref="fl-e7"/>
      </object_component>
      <object_component id="oc-206">
         <name>.const:g_pui32GPIOBaseAddrs</name>
         <load_address>0x4304</load_address>
         <run_address>0x4304</run_address>
         <size>0x90</size>
         <input_file_ref idref="fl-e6"/>
      </object_component>
      <object_component id="oc-224">
         <name>.const</name>
         <load_address>0x4394</load_address>
         <run_address>0x4394</run_address>
         <size>0x70</size>
         <input_file_ref idref="fl-e7"/>
      </object_component>
      <object_component id="oc-212">
         <name>.const:g_pui32Xtals</name>
         <load_address>0x4404</load_address>
         <run_address>0x4404</run_address>
         <size>0x6c</size>
         <input_file_ref idref="fl-e8"/>
      </object_component>
      <object_component id="oc-388">
         <name>.const:g_ppui32TimerIntMap</name>
         <load_address>0x4470</load_address>
         <run_address>0x4470</run_address>
         <size>0x60</size>
         <input_file_ref idref="fl-e9"/>
      </object_component>
      <object_component id="oc-38b">
         <name>.const:g_ppui32TimerIntMapSnowflake</name>
         <load_address>0x44d0</load_address>
         <run_address>0x44d0</run_address>
         <size>0x40</size>
         <input_file_ref idref="fl-e9"/>
      </object_component>
      <object_component id="oc-318">
         <name>.const:$O1$$</name>
         <load_address>0x4510</load_address>
         <run_address>0x4510</run_address>
         <size>0x30</size>
         <input_file_ref idref="fl-c9"/>
      </object_component>
      <object_component id="oc-342">
         <name>.const:.string</name>
         <load_address>0x4540</load_address>
         <run_address>0x4540</run_address>
         <size>0x12</size>
         <input_file_ref idref="fl-9"/>
      </object_component>
      <object_component id="oc-277">
         <name>.const:g_ui32UARTBase</name>
         <load_address>0x4554</load_address>
         <run_address>0x4554</run_address>
         <size>0xc</size>
         <input_file_ref idref="fl-9"/>
      </object_component>
      <object_component id="oc-271">
         <name>.const:g_ui32UARTPeriph</name>
         <load_address>0x4560</load_address>
         <run_address>0x4560</run_address>
         <size>0xc</size>
         <input_file_ref idref="fl-9"/>
      </object_component>
      <object_component id="oc-27f">
         <name>.const</name>
         <load_address>0x456c</load_address>
         <run_address>0x456c</run_address>
         <size>0x4</size>
         <input_file_ref idref="fl-9"/>
      </object_component>
      <object_component id="oc-3c2">
         <name>.cinit..data.load</name>
         <load_address>0x4570</load_address>
         <run_address>0x4570</run_address>
         <size>0x31</size>
      </object_component>
      <object_component id="oc-3bf">
         <name>__TI_handler_table</name>
         <load_address>0x45a4</load_address>
         <run_address>0x45a4</run_address>
         <size>0xc</size>
      </object_component>
      <object_component id="oc-3c3">
         <name>.cinit..bss.load</name>
         <load_address>0x45b0</load_address>
         <run_address>0x45b0</run_address>
         <size>0x8</size>
      </object_component>
      <object_component id="oc-3c1">
         <name>.cinit..vtable.load</name>
         <load_address>0x45b8</load_address>
         <run_address>0x45b8</run_address>
         <size>0x8</size>
      </object_component>
      <object_component id="oc-3c0">
         <name>__TI_cinit_table</name>
         <load_address>0x45c0</load_address>
         <run_address>0x45c0</run_address>
         <size>0x18</size>
      </object_component>
      <object_component id="oc-38f">
         <name>.vtable</name>
         <uninitialized>true</uninitialized>
         <run_address>0x20000000</run_address>
         <size>0x26c</size>
         <input_file_ref idref="fl-e7"/>
      </object_component>
      <object_component id="oc-133">
         <name>.data</name>
         <load_address>0x200009d8</load_address>
         <run_address>0x200009d8</run_address>
         <size>0x11</size>
         <input_file_ref idref="fl-2"/>
      </object_component>
      <object_component id="oc-1a7">
         <name>.data</name>
         <load_address>0x200009ec</load_address>
         <run_address>0x200009ec</run_address>
         <size>0x10</size>
         <input_file_ref idref="fl-4"/>
      </object_component>
      <object_component id="oc-164">
         <name>.data</name>
         <load_address>0x20000a20</load_address>
         <run_address>0x20000a20</run_address>
         <size>0x6</size>
         <input_file_ref idref="fl-5"/>
      </object_component>
      <object_component id="oc-1c3">
         <name>.data:Rx_Buffer_attitude</name>
         <load_address>0x20000988</load_address>
         <run_address>0x20000988</run_address>
         <size>0x28</size>
         <input_file_ref idref="fl-5"/>
      </object_component>
      <object_component id="oc-1c7">
         <name>.data:Rx_Buffer_height</name>
         <load_address>0x200009b0</load_address>
         <run_address>0x200009b0</run_address>
         <size>0x14</size>
         <input_file_ref idref="fl-5"/>
      </object_component>
      <object_component id="oc-f4">
         <name>.data</name>
         <load_address>0x20000a28</load_address>
         <run_address>0x20000a28</run_address>
         <size>0x5</size>
         <input_file_ref idref="fl-6"/>
      </object_component>
      <object_component id="oc-da">
         <name>.data</name>
         <load_address>0x20000a10</load_address>
         <run_address>0x20000a10</run_address>
         <size>0x8</size>
         <input_file_ref idref="fl-7"/>
      </object_component>
      <object_component id="oc-274">
         <name>.data</name>
         <load_address>0x20000a30</load_address>
         <run_address>0x20000a30</run_address>
         <size>0x5</size>
         <input_file_ref idref="fl-9"/>
      </object_component>
      <object_component id="oc-192">
         <name>.data</name>
         <load_address>0x200009c4</load_address>
         <run_address>0x200009c4</run_address>
         <size>0x14</size>
         <input_file_ref idref="fl-a"/>
      </object_component>
      <object_component id="oc-2c6">
         <name>.data:ui32Time$2</name>
         <load_address>0x20000a18</load_address>
         <run_address>0x20000a18</run_address>
         <size>0x8</size>
         <input_file_ref idref="fl-a"/>
      </object_component>
      <object_component id="oc-315">
         <name>.data</name>
         <load_address>0x20000a38</load_address>
         <run_address>0x20000a38</run_address>
         <size>0x4</size>
         <input_file_ref idref="fl-cb"/>
      </object_component>
      <object_component id="oc-1f9">
         <name>.data:$O1$$</name>
         <load_address>0x200009fc</load_address>
         <run_address>0x200009fc</run_address>
         <size>0xc</size>
         <input_file_ref idref="fl-cc"/>
      </object_component>
      <object_component id="oc-93">
         <name>.data</name>
         <load_address>0x20000a3c</load_address>
         <run_address>0x20000a3c</run_address>
         <size>0x4</size>
         <input_file_ref idref="fl-db"/>
      </object_component>
      <object_component id="oc-1fc">
         <name>.data:$O1$$</name>
         <load_address>0x20000a08</load_address>
         <run_address>0x20000a08</run_address>
         <size>0x8</size>
         <input_file_ref idref="fl-de"/>
      </object_component>
      <object_component id="oc-f7">
         <name>.bss:ppm_data_buf</name>
         <uninitialized>true</uninitialized>
         <run_address>0x200006fc</run_address>
         <size>0x24</size>
         <input_file_ref idref="fl-6"/>
      </object_component>
      <object_component id="oc-fa">
         <name>.bss</name>
         <uninitialized>true</uninitialized>
         <run_address>0x20000744</run_address>
         <size>0xc</size>
         <input_file_ref idref="fl-6"/>
      </object_component>
      <object_component id="oc-fd">
         <name>.bss:ppm_data_shadow</name>
         <uninitialized>true</uninitialized>
         <run_address>0x20000720</run_address>
         <size>0x12</size>
         <input_file_ref idref="fl-6"/>
      </object_component>
      <object_component id="oc-1cb">
         <name>.common:UART3_Rx_Buffers</name>
         <uninitialized>true</uninitialized>
         <run_address>0x20000750</run_address>
         <size>0xc</size>
      </object_component>
      <object_component id="oc-127">
         <name>.common:ppm_data</name>
         <uninitialized>true</uninitialized>
         <run_address>0x20000732</run_address>
         <size>0x12</size>
      </object_component>
      <object_component id="oc-122">
         <name>.common:altitude_controler</name>
         <uninitialized>true</uninitialized>
         <run_address>0x200006d0</run_address>
         <size>0x2c</size>
      </object_component>
      <object_component id="oc-132">
         <name>.common:position_controler</name>
         <uninitialized>true</uninitialized>
         <run_address>0x200005a0</run_address>
         <size>0x68</size>
      </object_component>
      <object_component id="oc-125">
         <name>.common:altitude_ewa</name>
         <uninitialized>true</uninitialized>
         <run_address>0x200006a0</run_address>
         <size>0x30</size>
      </object_component>
      <object_component id="oc-126">
         <name>.common:altitude_ma</name>
         <uninitialized>true</uninitialized>
         <run_address>0x20000270</run_address>
         <size>0x330</size>
      </object_component>
      <object_component id="oc-1c6">
         <name>.common:rx_buffer</name>
         <uninitialized>true</uninitialized>
         <run_address>0x20000787</run_address>
         <size>0x1</size>
      </object_component>
      <object_component id="oc-16f">
         <name>.common:int_pitch</name>
         <uninitialized>true</uninitialized>
         <run_address>0x20000768</run_address>
         <size>0x4</size>
      </object_component>
      <object_component id="oc-170">
         <name>.common:int_roll</name>
         <uninitialized>true</uninitialized>
         <run_address>0x2000076c</run_address>
         <size>0x4</size>
      </object_component>
      <object_component id="oc-16e">
         <name>.common:int_yaw</name>
         <uninitialized>true</uninitialized>
         <run_address>0x20000770</run_address>
         <size>0x4</size>
      </object_component>
      <object_component id="oc-173">
         <name>.common:int_mavlink_height</name>
         <uninitialized>true</uninitialized>
         <run_address>0x20000764</run_address>
         <size>0x4</size>
      </object_component>
      <object_component id="oc-167">
         <name>.common:pitch</name>
         <uninitialized>true</uninitialized>
         <run_address>0x20000778</run_address>
         <size>0x4</size>
      </object_component>
      <object_component id="oc-16c">
         <name>.common:roll</name>
         <uninitialized>true</uninitialized>
         <run_address>0x2000077c</run_address>
         <size>0x4</size>
      </object_component>
      <object_component id="oc-16d">
         <name>.common:yaw</name>
         <uninitialized>true</uninitialized>
         <run_address>0x20000780</run_address>
         <size>0x4</size>
      </object_component>
      <object_component id="oc-171">
         <name>.common:mavlink_height</name>
         <uninitialized>true</uninitialized>
         <run_address>0x20000774</run_address>
         <size>0x4</size>
      </object_component>
      <object_component id="oc-16b">
         <name>.common:payload_buf_index</name>
         <uninitialized>true</uninitialized>
         <run_address>0x20000786</run_address>
         <size>0x1</size>
      </object_component>
      <object_component id="oc-16a">
         <name>.common:Source_attitude_payload</name>
         <uninitialized>true</uninitialized>
         <run_address>0x20000670</run_address>
         <size>0x30</size>
      </object_component>
      <object_component id="oc-172">
         <name>.common:Source_Rangefinder_payload</name>
         <uninitialized>true</uninitialized>
         <run_address>0x2000075c</run_address>
         <size>0x8</size>
      </object_component>
      <object_component id="oc-dd">
         <name>.common:UART1_Rx_Buffers</name>
         <uninitialized>true</uninitialized>
         <run_address>0x20000608</run_address>
         <size>0x34</size>
      </object_component>
      <object_component id="oc-e1">
         <name>.common:UART1_Rx_Len</name>
         <uninitialized>true</uninitialized>
         <run_address>0x20000784</run_address>
         <size>0x1</size>
      </object_component>
      <object_component id="oc-e0">
         <name>.common:UART1_Sender_Address</name>
         <uninitialized>true</uninitialized>
         <run_address>0x20000785</run_address>
         <size>0x1</size>
      </object_component>
      <object_component id="oc-e2">
         <name>.common:UART1_Rx_Data</name>
         <uninitialized>true</uninitialized>
         <run_address>0x2000063c</run_address>
         <size>0x34</size>
      </object_component>
      <object_component id="oc-2a">
         <name>.stack</name>
         <uninitialized>true</uninitialized>
         <run_address>0x20000788</run_address>
         <size>0x0</size>
         <input_file_ref idref="fl-c5"/>
      </object_component>
      <object_component id="oc-3c4">
         <name>.stack</name>
         <uninitialized>true</uninitialized>
         <run_address>0x20000788</run_address>
         <size>0x0</size>
      </object_component>
      <object_component id="oc-1cc">
         <name>.debug_info</name>
         <load_address>0x0</load_address>
         <run_address>0x0</run_address>
         <size>0x35f</size>
         <input_file_ref idref="fl-2"/>
      </object_component>
      <object_component id="oc-134">
         <name>.debug_info</name>
         <load_address>0x35f</load_address>
         <run_address>0x35f</run_address>
         <size>0x108</size>
         <input_file_ref idref="fl-2"/>
      </object_component>
      <object_component id="oc-4a">
         <name>.debug_info</name>
         <load_address>0x467</load_address>
         <run_address>0x467</run_address>
         <size>0x381</size>
         <input_file_ref idref="fl-2"/>
      </object_component>
      <object_component id="oc-232">
         <name>.debug_info</name>
         <load_address>0x7e8</load_address>
         <run_address>0x7e8</run_address>
         <size>0x196</size>
         <input_file_ref idref="fl-2"/>
      </object_component>
      <object_component id="oc-e4">
         <name>.debug_info</name>
         <load_address>0x97e</load_address>
         <run_address>0x97e</run_address>
         <size>0x8b</size>
         <input_file_ref idref="fl-2"/>
      </object_component>
      <object_component id="oc-e9">
         <name>.debug_info</name>
         <load_address>0xa09</load_address>
         <run_address>0xa09</run_address>
         <size>0x18b</size>
         <input_file_ref idref="fl-2"/>
      </object_component>
      <object_component id="oc-284">
         <name>.debug_info</name>
         <load_address>0xb94</load_address>
         <run_address>0xb94</run_address>
         <size>0x4e</size>
         <input_file_ref idref="fl-2"/>
      </object_component>
      <object_component id="oc-253">
         <name>.debug_info</name>
         <load_address>0xbe2</load_address>
         <run_address>0xbe2</run_address>
         <size>0x16b</size>
         <input_file_ref idref="fl-3"/>
      </object_component>
      <object_component id="oc-103">
         <name>.debug_info</name>
         <load_address>0xd4d</load_address>
         <run_address>0xd4d</run_address>
         <size>0x44e</size>
         <input_file_ref idref="fl-3"/>
      </object_component>
      <object_component id="oc-25b">
         <name>.debug_info</name>
         <load_address>0x119b</load_address>
         <run_address>0x119b</run_address>
         <size>0x117</size>
         <input_file_ref idref="fl-3"/>
      </object_component>
      <object_component id="oc-123">
         <name>.debug_info</name>
         <load_address>0x12b2</load_address>
         <run_address>0x12b2</run_address>
         <size>0xb9a</size>
         <input_file_ref idref="fl-4"/>
      </object_component>
      <object_component id="oc-1a8">
         <name>.debug_info</name>
         <load_address>0x1e4c</load_address>
         <run_address>0x1e4c</run_address>
         <size>0xd2</size>
         <input_file_ref idref="fl-4"/>
      </object_component>
      <object_component id="oc-3e">
         <name>.debug_info</name>
         <load_address>0x1f1e</load_address>
         <run_address>0x1f1e</run_address>
         <size>0x16bf</size>
         <input_file_ref idref="fl-4"/>
      </object_component>
      <object_component id="oc-245">
         <name>.debug_info</name>
         <load_address>0x35dd</load_address>
         <run_address>0x35dd</run_address>
         <size>0x5e</size>
         <input_file_ref idref="fl-4"/>
      </object_component>
      <object_component id="oc-265">
         <name>.debug_info</name>
         <load_address>0x363b</load_address>
         <run_address>0x363b</run_address>
         <size>0x2cd</size>
         <input_file_ref idref="fl-4"/>
      </object_component>
      <object_component id="oc-260">
         <name>.debug_info</name>
         <load_address>0x3908</load_address>
         <run_address>0x3908</run_address>
         <size>0xf5</size>
         <input_file_ref idref="fl-4"/>
      </object_component>
      <object_component id="oc-168">
         <name>.debug_info</name>
         <load_address>0x39fd</load_address>
         <run_address>0x39fd</run_address>
         <size>0x5c8</size>
         <input_file_ref idref="fl-5"/>
      </object_component>
      <object_component id="oc-165">
         <name>.debug_info</name>
         <load_address>0x3fc5</load_address>
         <run_address>0x3fc5</run_address>
         <size>0x166</size>
         <input_file_ref idref="fl-5"/>
      </object_component>
      <object_component id="oc-1c4">
         <name>.debug_info</name>
         <load_address>0x412b</load_address>
         <run_address>0x412b</run_address>
         <size>0xd3</size>
         <input_file_ref idref="fl-5"/>
      </object_component>
      <object_component id="oc-1c8">
         <name>.debug_info</name>
         <load_address>0x41fe</load_address>
         <run_address>0x41fe</run_address>
         <size>0xcf</size>
         <input_file_ref idref="fl-5"/>
      </object_component>
      <object_component id="oc-45">
         <name>.debug_info</name>
         <load_address>0x42cd</load_address>
         <run_address>0x42cd</run_address>
         <size>0x690</size>
         <input_file_ref idref="fl-5"/>
      </object_component>
      <object_component id="oc-1e0">
         <name>.debug_info</name>
         <load_address>0x495d</load_address>
         <run_address>0x495d</run_address>
         <size>0x2c</size>
         <input_file_ref idref="fl-5"/>
      </object_component>
      <object_component id="oc-101">
         <name>.debug_info</name>
         <load_address>0x4989</load_address>
         <run_address>0x4989</run_address>
         <size>0x12d</size>
         <input_file_ref idref="fl-6"/>
      </object_component>
      <object_component id="oc-f5">
         <name>.debug_info</name>
         <load_address>0x4ab6</load_address>
         <run_address>0x4ab6</run_address>
         <size>0xe8</size>
         <input_file_ref idref="fl-6"/>
      </object_component>
      <object_component id="oc-f8">
         <name>.debug_info</name>
         <load_address>0x4b9e</load_address>
         <run_address>0x4b9e</run_address>
         <size>0xc2</size>
         <input_file_ref idref="fl-6"/>
      </object_component>
      <object_component id="oc-fb">
         <name>.debug_info</name>
         <load_address>0x4c60</load_address>
         <run_address>0x4c60</run_address>
         <size>0x130</size>
         <input_file_ref idref="fl-6"/>
      </object_component>
      <object_component id="oc-fe">
         <name>.debug_info</name>
         <load_address>0x4d90</load_address>
         <run_address>0x4d90</run_address>
         <size>0xc8</size>
         <input_file_ref idref="fl-6"/>
      </object_component>
      <object_component id="oc-39">
         <name>.debug_info</name>
         <load_address>0x4e58</load_address>
         <run_address>0x4e58</run_address>
         <size>0xa91</size>
         <input_file_ref idref="fl-6"/>
      </object_component>
      <object_component id="oc-23e">
         <name>.debug_info</name>
         <load_address>0x58e9</load_address>
         <run_address>0x58e9</run_address>
         <size>0x63</size>
         <input_file_ref idref="fl-6"/>
      </object_component>
      <object_component id="oc-de">
         <name>.debug_info</name>
         <load_address>0x594c</load_address>
         <run_address>0x594c</run_address>
         <size>0x424</size>
         <input_file_ref idref="fl-7"/>
      </object_component>
      <object_component id="oc-db">
         <name>.debug_info</name>
         <load_address>0x5d70</load_address>
         <run_address>0x5d70</run_address>
         <size>0xd3</size>
         <input_file_ref idref="fl-7"/>
      </object_component>
      <object_component id="oc-34">
         <name>.debug_info</name>
         <load_address>0x5e43</load_address>
         <run_address>0x5e43</run_address>
         <size>0x341</size>
         <input_file_ref idref="fl-7"/>
      </object_component>
      <object_component id="oc-51">
         <name>.debug_info</name>
         <load_address>0x6184</load_address>
         <run_address>0x6184</run_address>
         <size>0x1b3</size>
         <input_file_ref idref="fl-8"/>
      </object_component>
      <object_component id="oc-10">
         <name>.debug_info</name>
         <load_address>0x6337</load_address>
         <run_address>0x6337</run_address>
         <size>0xd8</size>
         <input_file_ref idref="fl-8"/>
      </object_component>
      <object_component id="oc-2c">
         <name>.debug_info</name>
         <load_address>0x640f</load_address>
         <run_address>0x640f</run_address>
         <size>0x254</size>
         <input_file_ref idref="fl-8"/>
      </object_component>
      <object_component id="oc-58">
         <name>.debug_info</name>
         <load_address>0x6663</load_address>
         <run_address>0x6663</run_address>
         <size>0x84</size>
         <input_file_ref idref="fl-8"/>
      </object_component>
      <object_component id="oc-283">
         <name>.debug_info</name>
         <load_address>0x66e7</load_address>
         <run_address>0x66e7</run_address>
         <size>0xec</size>
         <input_file_ref idref="fl-9"/>
      </object_component>
      <object_component id="oc-275">
         <name>.debug_info</name>
         <load_address>0x67d3</load_address>
         <run_address>0x67d3</run_address>
         <size>0xd3</size>
         <input_file_ref idref="fl-9"/>
      </object_component>
      <object_component id="oc-280">
         <name>.debug_info</name>
         <load_address>0x68a6</load_address>
         <run_address>0x68a6</run_address>
         <size>0xcd</size>
         <input_file_ref idref="fl-9"/>
      </object_component>
      <object_component id="oc-278">
         <name>.debug_info</name>
         <load_address>0x6973</load_address>
         <run_address>0x6973</run_address>
         <size>0xdb</size>
         <input_file_ref idref="fl-9"/>
      </object_component>
      <object_component id="oc-272">
         <name>.debug_info</name>
         <load_address>0x6a4e</load_address>
         <run_address>0x6a4e</run_address>
         <size>0xdf</size>
         <input_file_ref idref="fl-9"/>
      </object_component>
      <object_component id="oc-147">
         <name>.debug_info</name>
         <load_address>0x6b2d</load_address>
         <run_address>0x6b2d</run_address>
         <size>0x7af</size>
         <input_file_ref idref="fl-9"/>
      </object_component>
      <object_component id="oc-29f">
         <name>.debug_info</name>
         <load_address>0x72dc</load_address>
         <run_address>0x72dc</run_address>
         <size>0x44f</size>
         <input_file_ref idref="fl-a"/>
      </object_component>
      <object_component id="oc-193">
         <name>.debug_info</name>
         <load_address>0x772b</load_address>
         <run_address>0x772b</run_address>
         <size>0x19a</size>
         <input_file_ref idref="fl-a"/>
      </object_component>
      <object_component id="oc-195">
         <name>.debug_info</name>
         <load_address>0x78c5</load_address>
         <run_address>0x78c5</run_address>
         <size>0x540</size>
         <input_file_ref idref="fl-a"/>
      </object_component>
      <object_component id="oc-25">
         <name>.debug_info</name>
         <load_address>0x7e05</load_address>
         <run_address>0x7e05</run_address>
         <size>0x160</size>
         <input_file_ref idref="fl-c5"/>
      </object_component>
      <object_component id="oc-1d6">
         <name>.debug_info</name>
         <load_address>0x7f65</load_address>
         <run_address>0x7f65</run_address>
         <size>0xf9</size>
         <input_file_ref idref="fl-c6"/>
      </object_component>
      <object_component id="oc-15">
         <name>.debug_info</name>
         <load_address>0x805e</load_address>
         <run_address>0x805e</run_address>
         <size>0x245</size>
         <input_file_ref idref="fl-c6"/>
      </object_component>
      <object_component id="oc-53">
         <name>.debug_info</name>
         <load_address>0x82a3</load_address>
         <run_address>0x82a3</run_address>
         <size>0x60</size>
         <input_file_ref idref="fl-c6"/>
      </object_component>
      <object_component id="oc-1d1">
         <name>.debug_info</name>
         <load_address>0x8303</load_address>
         <run_address>0x8303</run_address>
         <size>0x46</size>
         <input_file_ref idref="fl-c6"/>
      </object_component>
      <object_component id="oc-68">
         <name>.debug_info</name>
         <load_address>0x8349</load_address>
         <run_address>0x8349</run_address>
         <size>0x140</size>
         <input_file_ref idref="fl-c7"/>
      </object_component>
      <object_component id="oc-19">
         <name>.debug_info</name>
         <load_address>0x8489</load_address>
         <run_address>0x8489</run_address>
         <size>0x1df</size>
         <input_file_ref idref="fl-c7"/>
      </object_component>
      <object_component id="oc-63">
         <name>.debug_info</name>
         <load_address>0x8668</load_address>
         <run_address>0x8668</run_address>
         <size>0x46</size>
         <input_file_ref idref="fl-c7"/>
      </object_component>
      <object_component id="oc-1d8">
         <name>.debug_info</name>
         <load_address>0x86ae</load_address>
         <run_address>0x86ae</run_address>
         <size>0x2c</size>
         <input_file_ref idref="fl-c7"/>
      </object_component>
      <object_component id="oc-74">
         <name>.debug_info</name>
         <load_address>0x86da</load_address>
         <run_address>0x86da</run_address>
         <size>0x12f</size>
         <input_file_ref idref="fl-c8"/>
      </object_component>
      <object_component id="oc-21">
         <name>.debug_info</name>
         <load_address>0x8809</load_address>
         <run_address>0x8809</run_address>
         <size>0x1aa</size>
         <input_file_ref idref="fl-c8"/>
      </object_component>
      <object_component id="oc-6f">
         <name>.debug_info</name>
         <load_address>0x89b3</load_address>
         <run_address>0x89b3</run_address>
         <size>0x46</size>
         <input_file_ref idref="fl-c8"/>
      </object_component>
      <object_component id="oc-331">
         <name>.debug_info</name>
         <load_address>0x89f9</load_address>
         <run_address>0x89f9</run_address>
         <size>0x201</size>
         <input_file_ref idref="fl-c9"/>
      </object_component>
      <object_component id="oc-319">
         <name>.debug_info</name>
         <load_address>0x8bfa</load_address>
         <run_address>0x8bfa</run_address>
         <size>0x11d</size>
         <input_file_ref idref="fl-c9"/>
      </object_component>
      <object_component id="oc-24e">
         <name>.debug_info</name>
         <load_address>0x8d17</load_address>
         <run_address>0x8d17</run_address>
         <size>0xb75</size>
         <input_file_ref idref="fl-c9"/>
      </object_component>
      <object_component id="oc-32c">
         <name>.debug_info</name>
         <load_address>0x988c</load_address>
         <run_address>0x988c</run_address>
         <size>0x39</size>
         <input_file_ref idref="fl-c9"/>
      </object_component>
      <object_component id="oc-371">
         <name>.debug_info</name>
         <load_address>0x98c5</load_address>
         <run_address>0x98c5</run_address>
         <size>0x149</size>
         <input_file_ref idref="fl-ca"/>
      </object_component>
      <object_component id="oc-310">
         <name>.debug_info</name>
         <load_address>0x9a0e</load_address>
         <run_address>0x9a0e</run_address>
         <size>0x240</size>
         <input_file_ref idref="fl-ca"/>
      </object_component>
      <object_component id="oc-316">
         <name>.debug_info</name>
         <load_address>0x9c4e</load_address>
         <run_address>0x9c4e</run_address>
         <size>0xf3</size>
         <input_file_ref idref="fl-cb"/>
      </object_component>
      <object_component id="oc-200">
         <name>.debug_info</name>
         <load_address>0x9d41</load_address>
         <run_address>0x9d41</run_address>
         <size>0x234</size>
         <input_file_ref idref="fl-cc"/>
      </object_component>
      <object_component id="oc-1fa">
         <name>.debug_info</name>
         <load_address>0x9f75</load_address>
         <run_address>0x9f75</run_address>
         <size>0x185</size>
         <input_file_ref idref="fl-cc"/>
      </object_component>
      <object_component id="oc-91">
         <name>.debug_info</name>
         <load_address>0xa0fa</load_address>
         <run_address>0xa0fa</run_address>
         <size>0x214</size>
         <input_file_ref idref="fl-cc"/>
      </object_component>
      <object_component id="oc-12e">
         <name>.debug_info</name>
         <load_address>0xa30e</load_address>
         <run_address>0xa30e</run_address>
         <size>0x144</size>
         <input_file_ref idref="fl-cd"/>
      </object_component>
      <object_component id="oc-31d">
         <name>.debug_info</name>
         <load_address>0xa452</load_address>
         <run_address>0xa452</run_address>
         <size>0x120</size>
         <input_file_ref idref="fl-ce"/>
      </object_component>
      <object_component id="oc-323">
         <name>.debug_info</name>
         <load_address>0xa572</load_address>
         <run_address>0xa572</run_address>
         <size>0x122</size>
         <input_file_ref idref="fl-ce"/>
      </object_component>
      <object_component id="oc-11e">
         <name>.debug_info</name>
         <load_address>0xa694</load_address>
         <run_address>0xa694</run_address>
         <size>0x132</size>
         <input_file_ref idref="fl-cf"/>
      </object_component>
      <object_component id="oc-11b">
         <name>.debug_info</name>
         <load_address>0xa7c6</load_address>
         <run_address>0xa7c6</run_address>
         <size>0x132</size>
         <input_file_ref idref="fl-d0"/>
      </object_component>
      <object_component id="oc-109">
         <name>.debug_info</name>
         <load_address>0xa8f8</load_address>
         <run_address>0xa8f8</run_address>
         <size>0x126</size>
         <input_file_ref idref="fl-d1"/>
      </object_component>
      <object_component id="oc-13d">
         <name>.debug_info</name>
         <load_address>0xaa1e</load_address>
         <run_address>0xaa1e</run_address>
         <size>0x136</size>
         <input_file_ref idref="fl-d2"/>
      </object_component>
      <object_component id="oc-2aa">
         <name>.debug_info</name>
         <load_address>0xab54</load_address>
         <run_address>0xab54</run_address>
         <size>0x131</size>
         <input_file_ref idref="fl-d3"/>
      </object_component>
      <object_component id="oc-137">
         <name>.debug_info</name>
         <load_address>0xac85</load_address>
         <run_address>0xac85</run_address>
         <size>0x124</size>
         <input_file_ref idref="fl-d4"/>
      </object_component>
      <object_component id="oc-12a">
         <name>.debug_info</name>
         <load_address>0xada9</load_address>
         <run_address>0xada9</run_address>
         <size>0x124</size>
         <input_file_ref idref="fl-d5"/>
      </object_component>
      <object_component id="oc-5f">
         <name>.debug_info</name>
         <load_address>0xaecd</load_address>
         <run_address>0xaecd</run_address>
         <size>0x111</size>
         <input_file_ref idref="fl-d6"/>
      </object_component>
      <object_component id="oc-6b">
         <name>.debug_info</name>
         <load_address>0xafde</load_address>
         <run_address>0xafde</run_address>
         <size>0x13f</size>
         <input_file_ref idref="fl-d7"/>
      </object_component>
      <object_component id="oc-76">
         <name>.debug_info</name>
         <load_address>0xb11d</load_address>
         <run_address>0xb11d</run_address>
         <size>0x138</size>
         <input_file_ref idref="fl-d8"/>
      </object_component>
      <object_component id="oc-7c">
         <name>.debug_info</name>
         <load_address>0xb255</load_address>
         <run_address>0xb255</run_address>
         <size>0x148</size>
         <input_file_ref idref="fl-d9"/>
      </object_component>
      <object_component id="oc-37f">
         <name>.debug_info</name>
         <load_address>0xb39d</load_address>
         <run_address>0xb39d</run_address>
         <size>0x17c</size>
         <input_file_ref idref="fl-da"/>
      </object_component>
      <object_component id="oc-327">
         <name>.debug_info</name>
         <load_address>0xb519</load_address>
         <run_address>0xb519</run_address>
         <size>0x1d5</size>
         <input_file_ref idref="fl-da"/>
      </object_component>
      <object_component id="oc-380">
         <name>.debug_info</name>
         <load_address>0xb6ee</load_address>
         <run_address>0xb6ee</run_address>
         <size>0x2c</size>
         <input_file_ref idref="fl-da"/>
      </object_component>
      <object_component id="oc-94">
         <name>.debug_info</name>
         <load_address>0xb71a</load_address>
         <run_address>0xb71a</run_address>
         <size>0x109</size>
         <input_file_ref idref="fl-db"/>
      </object_component>
      <object_component id="oc-27c">
         <name>.debug_info</name>
         <load_address>0xb823</load_address>
         <run_address>0xb823</run_address>
         <size>0x13a</size>
         <input_file_ref idref="fl-dc"/>
      </object_component>
      <object_component id="oc-116">
         <name>.debug_info</name>
         <load_address>0xb95d</load_address>
         <run_address>0xb95d</run_address>
         <size>0x126</size>
         <input_file_ref idref="fl-dd"/>
      </object_component>
      <object_component id="oc-2f5">
         <name>.debug_info</name>
         <load_address>0xba83</load_address>
         <run_address>0xba83</run_address>
         <size>0x124</size>
         <input_file_ref idref="fl-de"/>
      </object_component>
      <object_component id="oc-1fd">
         <name>.debug_info</name>
         <load_address>0xbba7</load_address>
         <run_address>0xbba7</run_address>
         <size>0x113</size>
         <input_file_ref idref="fl-de"/>
      </object_component>
      <object_component id="oc-2ef">
         <name>.debug_info</name>
         <load_address>0xbcba</load_address>
         <run_address>0xbcba</run_address>
         <size>0x21f</size>
         <input_file_ref idref="fl-de"/>
      </object_component>
      <object_component id="oc-1f8">
         <name>.debug_info</name>
         <load_address>0xbed9</load_address>
         <run_address>0xbed9</run_address>
         <size>0x166</size>
         <input_file_ref idref="fl-df"/>
      </object_component>
      <object_component id="oc-8b">
         <name>.debug_info</name>
         <load_address>0xc03f</load_address>
         <run_address>0xc03f</run_address>
         <size>0x167</size>
         <input_file_ref idref="fl-df"/>
      </object_component>
      <object_component id="oc-2e6">
         <name>.debug_info</name>
         <load_address>0xc1a6</load_address>
         <run_address>0xc1a6</run_address>
         <size>0x5e</size>
         <input_file_ref idref="fl-df"/>
      </object_component>
      <object_component id="oc-1f6">
         <name>.debug_info</name>
         <load_address>0xc204</load_address>
         <run_address>0xc204</run_address>
         <size>0x2e9</size>
         <input_file_ref idref="fl-e0"/>
      </object_component>
      <object_component id="oc-85">
         <name>.debug_info</name>
         <load_address>0xc4ed</load_address>
         <run_address>0xc4ed</run_address>
         <size>0x190</size>
         <input_file_ref idref="fl-e0"/>
      </object_component>
      <object_component id="oc-2da">
         <name>.debug_info</name>
         <load_address>0xc67d</load_address>
         <run_address>0xc67d</run_address>
         <size>0x39</size>
         <input_file_ref idref="fl-e0"/>
      </object_component>
      <object_component id="oc-368">
         <name>.debug_info</name>
         <load_address>0xc6b6</load_address>
         <run_address>0xc6b6</run_address>
         <size>0x39</size>
         <input_file_ref idref="fl-e0"/>
      </object_component>
      <object_component id="oc-2df">
         <name>.debug_info</name>
         <load_address>0xc6ef</load_address>
         <run_address>0xc6ef</run_address>
         <size>0xcd</size>
         <input_file_ref idref="fl-e0"/>
      </object_component>
      <object_component id="oc-2d6">
         <name>.debug_info</name>
         <load_address>0xc7bc</load_address>
         <run_address>0xc7bc</run_address>
         <size>0x1e0</size>
         <input_file_ref idref="fl-e1"/>
      </object_component>
      <object_component id="oc-1eb">
         <name>.debug_info</name>
         <load_address>0xc99c</load_address>
         <run_address>0xc99c</run_address>
         <size>0x183</size>
         <input_file_ref idref="fl-e1"/>
      </object_component>
      <object_component id="oc-363">
         <name>.debug_info</name>
         <load_address>0xcb1f</load_address>
         <run_address>0xcb1f</run_address>
         <size>0x2c</size>
         <input_file_ref idref="fl-e1"/>
      </object_component>
      <object_component id="oc-33d">
         <name>.debug_info</name>
         <load_address>0xcb4b</load_address>
         <run_address>0xcb4b</run_address>
         <size>0x147</size>
         <input_file_ref idref="fl-e2"/>
      </object_component>
      <object_component id="oc-379">
         <name>.debug_info</name>
         <load_address>0xcc92</load_address>
         <run_address>0xcc92</run_address>
         <size>0x156</size>
         <input_file_ref idref="fl-e3"/>
      </object_component>
      <object_component id="oc-1f0">
         <name>.debug_info</name>
         <load_address>0xcde8</load_address>
         <run_address>0xcde8</run_address>
         <size>0x145</size>
         <input_file_ref idref="fl-e4"/>
      </object_component>
      <object_component id="oc-1b2">
         <name>.debug_info</name>
         <load_address>0xcf2d</load_address>
         <run_address>0xcf2d</run_address>
         <size>0x225</size>
         <input_file_ref idref="fl-e5"/>
      </object_component>
      <object_component id="oc-1ab">
         <name>.debug_info</name>
         <load_address>0xd152</load_address>
         <run_address>0xd152</run_address>
         <size>0x20d</size>
         <input_file_ref idref="fl-e5"/>
      </object_component>
      <object_component id="oc-20a">
         <name>.debug_info</name>
         <load_address>0xd35f</load_address>
         <run_address>0xd35f</run_address>
         <size>0x240</size>
         <input_file_ref idref="fl-e6"/>
      </object_component>
      <object_component id="oc-207">
         <name>.debug_info</name>
         <load_address>0xd59f</load_address>
         <run_address>0xd59f</run_address>
         <size>0x15b</size>
         <input_file_ref idref="fl-e6"/>
      </object_component>
      <object_component id="oc-f0">
         <name>.debug_info</name>
         <load_address>0xd6fa</load_address>
         <run_address>0xd6fa</run_address>
         <size>0x2a3</size>
         <input_file_ref idref="fl-e6"/>
      </object_component>
      <object_component id="oc-20d">
         <name>.debug_info</name>
         <load_address>0xd99d</load_address>
         <run_address>0xd99d</run_address>
         <size>0x2b3</size>
         <input_file_ref idref="fl-e6"/>
      </object_component>
      <object_component id="oc-160">
         <name>.debug_info</name>
         <load_address>0xdc50</load_address>
         <run_address>0xdc50</run_address>
         <size>0x316</size>
         <input_file_ref idref="fl-e6"/>
      </object_component>
      <object_component id="oc-a6">
         <name>.debug_info</name>
         <load_address>0xdf66</load_address>
         <run_address>0xdf66</run_address>
         <size>0x27b</size>
         <input_file_ref idref="fl-e6"/>
      </object_component>
      <object_component id="oc-2b0">
         <name>.debug_info</name>
         <load_address>0xe1e1</load_address>
         <run_address>0xe1e1</run_address>
         <size>0x27d</size>
         <input_file_ref idref="fl-e6"/>
      </object_component>
      <object_component id="oc-153">
         <name>.debug_info</name>
         <load_address>0xe45e</load_address>
         <run_address>0xe45e</run_address>
         <size>0x2b7</size>
         <input_file_ref idref="fl-e6"/>
      </object_component>
      <object_component id="oc-159">
         <name>.debug_info</name>
         <load_address>0xe715</load_address>
         <run_address>0xe715</run_address>
         <size>0x285</size>
         <input_file_ref idref="fl-e6"/>
      </object_component>
      <object_component id="oc-10e">
         <name>.debug_info</name>
         <load_address>0xe99a</load_address>
         <run_address>0xe99a</run_address>
         <size>0x27b</size>
         <input_file_ref idref="fl-e6"/>
      </object_component>
      <object_component id="oc-9f">
         <name>.debug_info</name>
         <load_address>0xec15</load_address>
         <run_address>0xec15</run_address>
         <size>0x280</size>
         <input_file_ref idref="fl-e6"/>
      </object_component>
      <object_component id="oc-228">
         <name>.debug_info</name>
         <load_address>0xee95</load_address>
         <run_address>0xee95</run_address>
         <size>0x20e</size>
         <input_file_ref idref="fl-e7"/>
      </object_component>
      <object_component id="oc-225">
         <name>.debug_info</name>
         <load_address>0xf0a3</load_address>
         <run_address>0xf0a3</run_address>
         <size>0x210</size>
         <input_file_ref idref="fl-e7"/>
      </object_component>
      <object_component id="oc-35e">
         <name>.debug_info</name>
         <load_address>0xf2b3</load_address>
         <run_address>0xf2b3</run_address>
         <size>0x14e</size>
         <input_file_ref idref="fl-e7"/>
      </object_component>
      <object_component id="oc-390">
         <name>.debug_info</name>
         <load_address>0xf401</load_address>
         <run_address>0xf401</run_address>
         <size>0x157</size>
         <input_file_ref idref="fl-e7"/>
      </object_component>
      <object_component id="oc-357">
         <name>.debug_info</name>
         <load_address>0xf558</load_address>
         <run_address>0xf558</run_address>
         <size>0x2c1</size>
         <input_file_ref idref="fl-e7"/>
      </object_component>
      <object_component id="oc-2c1">
         <name>.debug_info</name>
         <load_address>0xf819</load_address>
         <run_address>0xf819</run_address>
         <size>0x2c9</size>
         <input_file_ref idref="fl-e7"/>
      </object_component>
      <object_component id="oc-181">
         <name>.debug_info</name>
         <load_address>0xfae2</load_address>
         <run_address>0xfae2</run_address>
         <size>0x23e</size>
         <input_file_ref idref="fl-e7"/>
      </object_component>
      <object_component id="oc-b8">
         <name>.debug_info</name>
         <load_address>0xfd20</load_address>
         <run_address>0xfd20</run_address>
         <size>0x268</size>
         <input_file_ref idref="fl-e7"/>
      </object_component>
      <object_component id="oc-205">
         <name>.debug_info</name>
         <load_address>0xff88</load_address>
         <run_address>0xff88</run_address>
         <size>0x298</size>
         <input_file_ref idref="fl-e8"/>
      </object_component>
      <object_component id="oc-213">
         <name>.debug_info</name>
[...]
      </symbol>
      <symbol id="sm-2d7">
         <name>UART1_Updated_Flag</name>
         <value>0x20000a10</value>
         <object_component_ref idref="oc-da"/>
      </symbol>
      <symbol id="sm-2f8">
         <name>ResetISR</name>
         <value>0x41f5</value>
         <object_component_ref idref="oc-2b"/>
      </symbol>
      <symbol id="sm-2f9">
         <name>g_pfnVectors</name>
         <value>0x0</value>
         <object_component_ref idref="oc-f"/>
      </symbol>
      <symbol id="sm-36a">
         <name>UARTgetc</name>
         <value>0x1ce9</value>
         <object_component_ref idref="oc-146"/>
      </symbol>
      <symbol id="sm-36b">
         <name>UARTgets</name>
         <value>0x1c23</value>
         <object_component_ref idref="oc-146"/>
      </symbol>
      <symbol id="sm-36c">
         <name>UARTStdioConfig</name>
         <value>0x1b71</value>
         <object_component_ref idref="oc-146"/>
      </symbol>
      <symbol id="sm-36d">
         <name>UARTwrite</name>
         <value>0x1bd1</value>
         <object_component_ref idref="oc-146"/>
      </symbol>
      <symbol id="sm-36e">
         <name>UARTprintf</name>
         <value>0x2017</value>
         <object_component_ref idref="oc-146"/>
      </symbol>
      <symbol id="sm-36f">
         <name>UARTvprintf</name>
         <value>0x1d1d</value>
         <object_component_ref idref="oc-146"/>
      </symbol>
      <symbol id="sm-3aa">
         <name>bDataReady</name>
         <value>0x200009c4</value>
         <object_component_ref idref="oc-192"/>
      </symbol>
      <symbol id="sm-3ab">
         <name>GPIOE3_Init</name>
         <value>0x2a95</value>
         <object_component_ref idref="oc-1a4"/>
      </symbol>
      <symbol id="sm-3ac">
         <name>WTimer0BIntHandler</name>
         <value>0x2aeb</value>
         <object_component_ref idref="oc-1a4"/>
      </symbol>
      <symbol id="sm-3ad">
         <name>ui32Distance</name>
         <value>0x200009c8</value>
         <object_component_ref idref="oc-192"/>
      </symbol>
      <symbol id="sm-3ae">
         <name>int_ultrasonic_height</name>
         <value>0x200009d0</value>
         <object_component_ref idref="oc-192"/>
      </symbol>
      <symbol id="sm-3af">
         <name>UltrasonicConfigure</name>
         <value>0x2c09</value>
         <object_component_ref idref="oc-1a4"/>
      </symbol>
      <symbol id="sm-3b0">
         <name>ultrasonic_update_flag</name>
         <value>0x200009d4</value>
         <object_component_ref idref="oc-192"/>
      </symbol>
      <symbol id="sm-3b1">
         <name>ultrasonic_height</name>
         <value>0x200009cc</value>
         <object_component_ref idref="oc-192"/>
      </symbol>
      <symbol id="sm-3b2">
         <name>SonicTrig</name>
         <value>0x2abb</value>
         <object_component_ref idref="oc-1a4"/>
      </symbol>
      <symbol id="sm-3b3">
         <name>WTimer0BConfigure</name>
         <value>0x2ba7</value>
         <object_component_ref idref="oc-1a4"/>
      </symbol>
      <symbol id="sm-3c4">
         <name>_c_int00</name>
         <value>0x3c71</value>
         <object_component_ref idref="oc-24"/>
      </symbol>
      <symbol id="sm-3c5">
         <name>__stack</name>
         <value>0x20000788</value>
         <object_component_ref idref="oc-2a"/>
      </symbol>
      <symbol id="sm-3e3">
         <name>__TI_decompress_lzss</name>
         <value>0x3ba9</value>
         <object_component_ref idref="oc-12"/>
      </symbol>
      <symbol id="sm-3fa">
         <name>__TI_decompress_none</name>
         <value>0x41cf</value>
         <object_component_ref idref="oc-18"/>
      </symbol>
      <symbol id="sm-40c">
         <name>__TI_zero_init</name>
         <value>0x41e9</value>
         <object_component_ref idref="oc-1e"/>
      </symbol>
      <symbol id="sm-49c">
         <name>pow</name>
         <value>0x11c5</value>
         <object_component_ref idref="oc-24c"/>
      </symbol>
      <symbol id="sm-49d">
         <name>powl</name>
         <value>0x11c5</value>
         <object_component_ref idref="oc-24c"/>
      </symbol>
      <symbol id="sm-4c1">
         <name>sqrtl</name>
         <value>0x315d</value>
         <object_component_ref idref="oc-30f"/>
      </symbol>
      <symbol id="sm-4c2">
         <name>sqrt</name>
         <value>0x315d</value>
         <object_component_ref idref="oc-30f"/>
      </symbol>
      <symbol id="sm-4ca">
         <name>errno</name>
         <value>0x20000a38</value>
         <object_component_ref idref="oc-315"/>
      </symbol>
      <symbol id="sm-4eb">
         <name>C$$EXIT</name>
         <value>0x3cc5</value>
         <object_component_ref idref="oc-8d"/>
      </symbol>
      <symbol id="sm-4ec">
         <name>abort</name>
         <value>0x3cc9</value>
         <object_component_ref idref="oc-8d"/>
      </symbol>
      <symbol id="sm-4ed">
         <name>exit</name>
         <value>0x3cd1</value>
         <object_component_ref idref="oc-8d"/>
      </symbol>
      <symbol id="sm-4ee">
         <name>__TI_dtors_ptr</name>
         <value>0x20000a00</value>
         <object_component_ref idref="oc-1f9"/>
      </symbol>
      <symbol id="sm-4ef">
         <name>__TI_cleanup_ptr</name>
         <value>0x200009fc</value>
         <object_component_ref idref="oc-1f9"/>
      </symbol>
      <symbol id="sm-4f0">
         <name>__TI_enable_exit_profile_output</name>
         <value>0x20000a04</value>
         <object_component_ref idref="oc-1f9"/>
      </symbol>
      <symbol id="sm-507">
         <name>__aeabi_dsub</name>
         <value>0x2e35</value>
         <object_component_ref idref="oc-12d"/>
      </symbol>
      <symbol id="sm-508">
         <name>__aeabi_dadd</name>
         <value>0x2e3f</value>
         <object_component_ref idref="oc-12d"/>
      </symbol>
      <symbol id="sm-52a">
         <name>__aeabi_cdcmpeq</name>
         <value>0x38d9</value>
         <object_component_ref idref="oc-31b"/>
      </symbol>
      <symbol id="sm-52b">
         <name>__aeabi_cdcmple</name>
         <value>0x38d9</value>
         <object_component_ref idref="oc-31b"/>
      </symbol>
      <symbol id="sm-52c">
         <name>__aeabi_cdrcmple</name>
         <value>0x395f</value>
         <object_component_ref idref="oc-320"/>
      </symbol>
      <symbol id="sm-540">
         <name>__aeabi_ddiv</name>
         <value>0x32cd</value>
         <object_component_ref idref="oc-11d"/>
      </symbol>
      <symbol id="sm-54b">
         <name>__aeabi_dmul</name>
         <value>0x3645</value>
         <object_component_ref idref="oc-118"/>
      </symbol>
      <symbol id="sm-555">
         <name>__aeabi_d2iz</name>
         <value>0x3df9</value>
         <object_component_ref idref="oc-108"/>
      </symbol>
      <symbol id="sm-561">
         <name>__aeabi_d2f</name>
         <value>0x3ad1</value>
         <object_component_ref idref="oc-13b"/>
      </symbol>
      <symbol id="sm-56b">
         <name>__aeabi_d2uiz</name>
         <value>0x3e87</value>
         <object_component_ref idref="oc-2a9"/>
      </symbol>
      <symbol id="sm-576">
         <name>__aeabi_f2d</name>
         <value>0x3f45</value>
         <object_component_ref idref="oc-136"/>
      </symbol>
      <symbol id="sm-580">
         <name>__aeabi_i2d</name>
         <value>0x3fe5</value>
         <object_component_ref idref="oc-128"/>
      </symbol>
      <symbol id="sm-59b">
         <name>memcpy</name>
         <value>0x383d</value>
         <object_component_ref idref="oc-5d"/>
      </symbol>
      <symbol id="sm-59c">
         <name>__aeabi_memcpy</name>
         <value>0x383d</value>
         <object_component_ref idref="oc-5d"/>
      </symbol>
      <symbol id="sm-59d">
         <name>__aeabi_memcpy8</name>
         <value>0x383d</value>
         <object_component_ref idref="oc-5d"/>
      </symbol>
      <symbol id="sm-59e">
         <name>__aeabi_memcpy4</name>
         <value>0x383d</value>
         <object_component_ref idref="oc-5d"/>
      </symbol>
      <symbol id="sm-5ad">
         <name>__aeabi_memset</name>
         <value>0x39e7</value>
         <object_component_ref idref="oc-69"/>
      </symbol>
      <symbol id="sm-5ae">
         <name>memset</name>
         <value>0x39ed</value>
         <object_component_ref idref="oc-69"/>
      </symbol>
      <symbol id="sm-5af">
         <name>__aeabi_memset8</name>
         <value>0x39e7</value>
         <object_component_ref idref="oc-69"/>
      </symbol>
      <symbol id="sm-5b0">
         <name>__aeabi_memset4</name>
         <value>0x39e7</value>
         <object_component_ref idref="oc-69"/>
      </symbol>
      <symbol id="sm-5b1">
         <name>__aeabi_memclr8</name>
         <value>0x39e5</value>
         <object_component_ref idref="oc-69"/>
      </symbol>
      <symbol id="sm-5b2">
         <name>__aeabi_memclr4</name>
         <value>0x39e5</value>
         <object_component_ref idref="oc-69"/>
      </symbol>
      <symbol id="sm-5b3">
         <name>__aeabi_memclr</name>
         <value>0x39e5</value>
         <object_component_ref idref="oc-69"/>
      </symbol>
      <symbol id="sm-5bd">
         <name>__mpu_init</name>
         <value>0x3a5f</value>
         <object_component_ref idref="oc-75"/>
      </symbol>
      <symbol id="sm-5c7">
         <name>_system_pre_init</name>
         <value>0x425f</value>
         <object_component_ref idref="oc-7b"/>
      </symbol>
      <symbol id="sm-5e9">
         <name>scalbn</name>
         <value>0x3741</value>
         <object_component_ref idref="oc-325"/>
      </symbol>
      <symbol id="sm-5ea">
         <name>scalbnl</name>
         <value>0x3741</value>
         <object_component_ref idref="oc-325"/>
      </symbol>
      <symbol id="sm-5eb">
         <name>ldexpl</name>
         <value>0x3741</value>
         <object_component_ref idref="oc-325"/>
      </symbol>
      <symbol id="sm-5ec">
         <name>ldexp</name>
         <value>0x3741</value>
         <object_component_ref idref="oc-325"/>
      </symbol>
      <symbol id="sm-5f4">
         <name>main_func_sp</name>
         <value>0x20000a3c</value>
         <object_component_ref idref="oc-93"/>
      </symbol>
      <symbol id="sm-603">
         <name>__aeabi_uidivmod</name>
         <value>0x3ecb</value>
         <object_component_ref idref="oc-27a"/>
      </symbol>
      <symbol id="sm-604">
         <name>__aeabi_uidiv</name>
         <value>0x3ecb</value>
         <object_component_ref idref="oc-27a"/>
      </symbol>
      <symbol id="sm-60e">
         <name>__aeabi_ui2d</name>
         <value>0x4081</value>
         <object_component_ref idref="oc-113"/>
      </symbol>
      <symbol id="sm-627">
         <name>_nop</name>
         <value>0x4123</value>
         <object_component_ref idref="oc-2ed"/>
      </symbol>
      <symbol id="sm-628">
         <name>_lock</name>
         <value>0x20000a08</value>
         <object_component_ref idref="oc-1fc"/>
      </symbol>
      <symbol id="sm-629">
         <name>_unlock</name>
         <value>0x20000a0c</value>
         <object_component_ref idref="oc-1fc"/>
      </symbol>
      <symbol id="sm-62a">
         <name>_register_lock</name>
         <value>0x411b</value>
         <object_component_ref idref="oc-2ed"/>
      </symbol>
      <symbol id="sm-62b">
         <name>_register_unlock</name>
         <value>0x4115</value>
         <object_component_ref idref="oc-2ed"/>
      </symbol>
      <symbol id="sm-63f">
         <name>_args_main</name>
         <value>0x40d1</value>
         <object_component_ref idref="oc-87"/>
      </symbol>
      <symbol id="sm-669">
         <name>__TI_auto_init</name>
         <value>0x3a61</value>
         <object_component_ref idref="oc-81"/>
      </symbol>
      <symbol id="sm-683">
         <name>copy_in</name>
         <value>0x3d65</value>
         <object_component_ref idref="oc-1e9"/>
      </symbol>
      <symbol id="sm-68d">
         <name>__aeabi_idiv0</name>
         <value>0x2feb</value>
         <object_component_ref idref="oc-33b"/>
      </symbol>
      <symbol id="sm-697">
         <name>copysign</name>
         <value>0x4129</value>
         <object_component_ref idref="oc-378"/>
      </symbol>
      <symbol id="sm-698">
         <name>copysignl</name>
         <value>0x4129</value>
         <object_component_ref idref="oc-378"/>
      </symbol>
      <symbol id="sm-6a2">
         <name>_system_post_cinit</name>
         <value>0x3b3f</value>
         <object_component_ref idref="oc-1ef"/>
      </symbol>
      <symbol id="sm-6b8">
         <name>FPULazyStackingEnable</name>
         <value>0x4185</value>
         <object_component_ref idref="oc-1b0"/>
      </symbol>
      <symbol id="sm-6b9">
         <name>FPUEnable</name>
         <value>0x4175</value>
         <object_component_ref idref="oc-1aa"/>
      </symbol>
      <symbol id="sm-713">
         <name>GPIOPinConfigure</name>
         <value>0x3db1</value>
         <object_component_ref idref="oc-9e"/>
      </symbol>
      <symbol id="sm-714">
         <name>GPIOPinTypeGPIOInput</name>
         <value>0x413d</value>
         <object_component_ref idref="oc-158"/>
      </symbol>
      <symbol id="sm-715">
         <name>GPIOPinTypeUART</name>
         <value>0x4161</value>
         <object_component_ref idref="oc-a4"/>
      </symbol>
      <symbol id="sm-716">
         <name>GPIOPinTypeGPIOOutput</name>
         <value>0x40a1</value>
         <object_component_ref idref="oc-152"/>
      </symbol>
      <symbol id="sm-717">
         <name>GPIOPinRead</name>
         <value>0x4239</value>
         <object_component_ref idref="oc-10d"/>
      </symbol>
      <symbol id="sm-718">
         <name>GPIODirModeSet</name>
         <value>0x4013</value>
         <object_component_ref idref="oc-20b"/>
      </symbol>
      <symbol id="sm-719">
         <name>GPIOPinWrite</name>
         <value>0x423f</value>
         <object_component_ref idref="oc-ee"/>
      </symbol>
      <symbol id="sm-71a">
         <name>GPIOPadConfigSet</name>
         <value>0x3403</value>
         <object_component_ref idref="oc-15e"/>
      </symbol>
      <symbol id="sm-71b">
         <name>GPIOPinTypeTimer</name>
         <value>0x414f</value>
         <object_component_ref idref="oc-2ae"/>
      </symbol>
      <symbol id="sm-76e">
         <name>IntPrioritySet</name>
         <value>0x403d</value>
         <object_component_ref idref="oc-2c0"/>
      </symbol>
      <symbol id="sm-76f">
         <name>IntEnable</name>
         <value>0x3b41</value>
         <object_component_ref idref="oc-b6"/>
      </symbol>
      <symbol id="sm-770">
         <name>IntRegister</name>
         <value>0x3f7d</value>
         <object_component_ref idref="oc-356"/>
      </symbol>
      <symbol id="sm-771">
         <name>g_pfnRAMVectors</name>
         <value>0x20000000</value>
         <object_component_ref idref="oc-38f"/>
      </symbol>
      <symbol id="sm-772">
         <name>IntMasterEnable</name>
         <value>0x4195</value>
         <object_component_ref idref="oc-180"/>
      </symbol>
      <symbol id="sm-7b7">
         <name>SysCtlPeripheralEnable</name>
         <value>0x3fb1</value>
         <object_component_ref idref="oc-98"/>
      </symbol>
      <symbol id="sm-7b8">
         <name>SysCtlClockGet</name>
         <value>0x3535</value>
         <object_component_ref idref="oc-aa"/>
      </symbol>
      <symbol id="sm-7b9">
         <name>SysCtlPeripheralReady</name>
         <value>0x3f0d</value>
         <object_component_ref idref="oc-14c"/>
      </symbol>
      <symbol id="sm-82c">
         <name>TimerIntRegister</name>
         <value>0x40b9</value>
         <object_component_ref idref="oc-2ba"/>
      </symbol>
      <symbol id="sm-82d">
         <name>TimerEnable</name>
         <value>0x41a5</value>
         <object_component_ref idref="oc-18c"/>
      </symbol>
      <symbol id="sm-82e">
         <name>TimerIntStatus</name>
         <value>0x4201</value>
         <object_component_ref idref="oc-198"/>
      </symbol>
      <symbol id="sm-82f">
         <name>TimerValueGet</name>
         <value>0x420b</value>
         <object_component_ref idref="oc-2a3"/>
      </symbol>
      <symbol id="sm-830">
         <name>TimerIntEnable</name>
         <value>0x4229</value>
         <object_component_ref idref="oc-186"/>
      </symbol>
      <symbol id="sm-831">
         <name>TimerClockSourceSet</name>
         <value>0x4245</value>
         <object_component_ref idref="oc-174"/>
      </symbol>
      <symbol id="sm-832">
         <name>TimerConfigure</name>
         <value>0x3c11</value>
         <object_component_ref idref="oc-17a"/>
      </symbol>
      <symbol id="sm-833">
         <name>TimerControlEvent</name>
         <value>0x40e9</value>
         <object_component_ref idref="oc-2b4"/>
      </symbol>
      <symbol id="sm-834">
         <name>TimerIntClear</name>
         <value>0x4257</value>
         <object_component_ref idref="oc-19e"/>
      </symbol>
      <symbol id="sm-895">
         <name>UARTConfigSetExpClk</name>
         <value>0x3e41</value>
         <object_component_ref idref="oc-b0"/>
      </symbol>
      <symbol id="sm-896">
         <name>UARTDisable</name>
         <value>0x4061</value>
         <object_component_ref idref="oc-216"/>
      </symbol>
      <symbol id="sm-897">
         <name>UARTIntEnable</name>
         <value>0x4231</value>
         <object_component_ref idref="oc-bc"/>
      </symbol>
      <symbol id="sm-898">
         <name>UARTCharsAvail</name>
         <value>0x41c1</value>
         <object_component_ref idref="oc-d4"/>
      </symbol>
      <symbol id="sm-899">
         <name>UARTCharGetNonBlocking</name>
         <value>0x41b3</value>
         <object_component_ref idref="oc-ce"/>
      </symbol>
      <symbol id="sm-89a">
         <name>UARTClockSourceSet</name>
         <value>0x424b</value>
         <object_component_ref idref="oc-140"/>
      </symbol>
      <symbol id="sm-89b">
         <name>UARTEnable</name>
         <value>0x40ff</value>
         <object_component_ref idref="oc-21c"/>
      </symbol>
      <symbol id="sm-89c">
         <name>UARTFIFOEnable</name>
         <value>0x4215</value>
         <object_component_ref idref="oc-1b7"/>
      </symbol>
      <symbol id="sm-89d">
         <name>UARTIntClear</name>
         <value>0x425b</value>
         <object_component_ref idref="oc-c8"/>
      </symbol>
      <symbol id="sm-89e">
         <name>UARTIntStatus</name>
         <value>0x421f</value>
         <object_component_ref idref="oc-c2"/>
      </symbol>
      <symbol id="sm-89f">
         <name>UARTFIFOLevelSet</name>
         <value>0x4251</value>
         <object_component_ref idref="oc-1bd"/>
      </symbol>
      <symbol id="sm-8a9">
         <name>CPUcpsie</name>
         <value>0x41dd</value>
         <object_component_ref idref="oc-294"/>
      </symbol>
      <symbol id="sm-8aa">
         <name>__TI_static_base__</name>
         <value>0x0</value>
      </symbol>
      <symbol id="sm-8ad">
         <name>SHT$$INIT_ARRAY$$Limit</name>
         <value>0x0</value>
      </symbol>
      <symbol id="sm-8ae">
         <name>SHT$$INIT_ARRAY$$Base</name>
         <value>0x0</value>
      </symbol>
   </symbol_table>
   <title>Link successful</title>
</link_info>
