******************************************************************************
                  TI ARM Linker PC v16.9.0                     
******************************************************************************
>> Linked Sun Jan 27 17:28:54 2019

OUTPUT FILE NAME:   <Aircraft_v16.out>
ENTRY POINT SYMBOL: "_c_int00"  address: 00003c49


MEMORY CONFIGURATION

         name            origin    length      used     unused   attr    fill
----------------------  --------  ---------  --------  --------  ----  --------
  FLASH                 00000000   00040000  00004566  0003ba9a  R  X
  SRAM                  20000000   00008000  0000072c  000078d4  RW X


SEGMENT ALLOCATION MAP

run origin  load origin   length   init length attrs members
----------  ----------- ---------- ----------- ----- -------
00000000    00000000    00004568   00004568    r-x
  00000000    00000000    0000026c   0000026c    r-- .intvecs
  0000026c    0000026c    00003f8a   00003f8a    r-x .text
  000041f8    000041f8    00000308   00000308    r-- .const
  00004500    00004500    00000068   00000068    r-- .cinit
20000000    20000000    00000730   00000000    rw-
  20000000    20000000    0000026c   00000000    rw- .vtable
  2000026c    2000026c    00000200   00000000    rw- .stack
  20000470    20000470    000001e8   00000000    rw- .bss
  20000658    20000658    000000d8   00000000    rw- .data


SECTION ALLOCATION MAP

 output                                  attributes/
section   page    origin      length       input sections
--------  ----  ----------  ----------   ----------------
.intvecs   0    00000000    0000026c     
                  00000000    0000026c     tm4c123gh6pm_startup_ccs.obj (.intvecs)

.text      0    0000026c    00003f8a     
                  0000026c    00000f30     main.obj (.text)
                  0000119c    000009ac     rtsv7M4_T_le_v4SPD16_eabi.lib : e_pow.obj (.text)
                  00001b48    000004dc     uartstdio.obj (.text)
                  00002024    00000420     mavlink.obj (.text)
                  00002444    000003a0     ppm.obj (.text)
                  000027e4    00000288     filter.obj (.text)
                  00002a6c    000001dc     ultrasonic.obj (.text)
                  00002c48    000001c4     camera.obj (.text)
                  00002e0c    000001b6     rtsv7M4_T_le_v4SPD16_eabi.lib : fd_add_t2.obj (.text)
                  00002fc2    00000002                                   : i_div0.obj (.text)
                  00002fc4    00000170     receive.obj (.text)
                  00003134    00000170     rtsv7M4_T_le_v4SPD16_eabi.lib : e_sqrt.obj (.text)
                  000032a4    00000136                                   : fd_div_t2.obj (.text)
                  000033da    00000132     driverlib.lib : gpio.obj (.text:GPIOPadConfigSet)
                  0000350c    00000110                   : sysctl.obj (.text:SysCtlClockGet)
                  0000361c    000000fc     rtsv7M4_T_le_v4SPD16_eabi.lib : fd_mul_t2.obj (.text)
                  00003718    000000fc                                   : s_scalbn.obj (.text)
                  00003814    0000009c                                   : memcpy_t2.obj (.text)
                  000038b0    00000086                                   : fd_cmp_t2.obj (.text:__aeabi_cdcmple)
                  00003936    00000086                                   : fd_cmp_t2.obj (.text:__aeabi_cdrcmple)
                  000039bc    0000007a                                   : memset_t2.obj (.text)
                  00003a36    00000002                                   : mpu_init.obj (.text)
                  00003a38    00000070                                   : autoinit.obj (.text)
                  00003aa8    0000006e                                   : fd_tos_t2.obj (.text)
                  00003b16    00000002                                   : startup.obj (.text)
                  00003b18    00000068     driverlib.lib : interrupt.obj (.text:IntEnable)
                  00003b80    00000068     rtsv7M4_T_le_v4SPD16_eabi.lib : copy_decompress_lzss.obj (.text:decompress:lzss)
                  00003be8    00000060     driverlib.lib : timer.obj (.text:TimerConfigure)
                  00003c48    00000054     rtsv7M4_T_le_v4SPD16_eabi.lib : boot.obj (.text)
                  00003c9c    00000054                                   : exit.obj (.text)
                  00003cf0    0000004c     driverlib.lib : timer.obj (.text:_TimerIntNumberGet)
                  00003d3c    0000004c     rtsv7M4_T_le_v4SPD16_eabi.lib : cpy_tbl.obj (.text)
                  00003d88    00000048     driverlib.lib : gpio.obj (.text:GPIOPinConfigure)
                  00003dd0    00000048     rtsv7M4_T_le_v4SPD16_eabi.lib : fd_toi_t2.obj (.text)
                  00003e18    00000046     driverlib.lib : uart.obj (.text:UARTConfigSetExpClk)
                  00003e5e    00000040     rtsv7M4_T_le_v4SPD16_eabi.lib : u_divt2.obj (.text)
                  00003e9e    00000002     --HOLE-- [fill = 0]
                  00003ea0    00000038     driverlib.lib : sysctl.obj (.text:SysCtlPeripheralReady)
                  00003ed8    00000038     rtsv7M4_T_le_v4SPD16_eabi.lib : fs_tod_t2.obj (.text)
                  00003f10    00000034     driverlib.lib : interrupt.obj (.text:IntRegister)
                  00003f44    00000034                   : sysctl.obj (.text:SysCtlPeripheralEnable)
                  00003f78    0000002e     rtsv7M4_T_le_v4SPD16_eabi.lib : i_tofd_t2.obj (.text)
                  00003fa6    0000002a     driverlib.lib : gpio.obj (.text:GPIODirModeSet)
                  00003fd0    00000024                   : interrupt.obj (.text:IntPrioritySet)
                  00003ff4    00000020                   : uart.obj (.text:UARTDisable)
                  00004014    00000020     rtsv7M4_T_le_v4SPD16_eabi.lib : u_tofd_t2.obj (.text)
                  00004034    00000018     driverlib.lib : gpio.obj (.text:GPIOPinTypeGPIOOutput)
                  0000404c    00000018                   : timer.obj (.text:TimerIntRegister)
                  00004064    00000018     rtsv7M4_T_le_v4SPD16_eabi.lib : args_main.obj (.text)
                  0000407c    00000016     driverlib.lib : timer.obj (.text:TimerControlEvent)
                  00004092    00000014                   : uart.obj (.text:UARTEnable)
                  000040a6    00000002     --HOLE-- [fill = 0]
                  000040a8    00000014     rtsv7M4_T_le_v4SPD16_eabi.lib : _lock.obj (.text)
                  000040bc    00000014                                   : s_copysign.obj (.text)
                  000040d0    00000012     driverlib.lib : gpio.obj (.text:GPIOPinTypeGPIOInput)
                  000040e2    00000012                   : gpio.obj (.text:GPIOPinTypeTimer)
                  000040f4    00000012                   : gpio.obj (.text:GPIOPinTypeUART)
                  00004106    00000002     --HOLE-- [fill = 0]
                  00004108    00000010                   : fpu.obj (.text:FPUEnable)
                  00004118    00000010                   : fpu.obj (.text:FPULazyStackingEnable)
                  00004128    00000010                   : interrupt.obj (.text:IntMasterEnable)
                  00004138    0000000e                   : timer.obj (.text:TimerEnable)
                  00004146    0000000e                   : uart.obj (.text:UARTCharGetNonBlocking)
                  00004154    0000000e                   : uart.obj (.text:UARTCharsAvail)
                  00004162    0000000e     rtsv7M4_T_le_v4SPD16_eabi.lib : copy_decompress_none.obj (.text:decompress:none)
                  00004170    0000000c     driverlib.lib : cpu.obj (.text:CPUcpsie)
                  0000417c    0000000c     rtsv7M4_T_le_v4SPD16_eabi.lib : copy_zero_init.obj (.text:decompress:ZI)
                  00004188    0000000c     tm4c123gh6pm_startup_ccs.obj (.text)
                  00004194    0000000a     driverlib.lib : timer.obj (.text:TimerIntStatus)
                  0000419e    0000000a                   : timer.obj (.text:TimerValueGet)
                  000041a8    0000000a                   : uart.obj (.text:UARTFIFOEnable)
                  000041b2    0000000a                   : uart.obj (.text:UARTIntStatus)
                  000041bc    00000008                   : timer.obj (.text:TimerIntEnable)
                  000041c4    00000008                   : uart.obj (.text:UARTIntEnable)
                  000041cc    00000006                   : gpio.obj (.text:GPIOPinRead)
                  000041d2    00000006                   : gpio.obj (.text:GPIOPinWrite)
                  000041d8    00000006                   : timer.obj (.text:TimerClockSourceSet)
                  000041de    00000006                   : uart.obj (.text:UARTClockSourceSet)
                  000041e4    00000006                   : uart.obj (.text:UARTFIFOLevelSet)
                  000041ea    00000004                   : timer.obj (.text:TimerIntClear)
                  000041ee    00000004                   : uart.obj (.text:UARTIntClear)
                  000041f2    00000004     rtsv7M4_T_le_v4SPD16_eabi.lib : pre_init.obj (.text)

.const     0    000041f8    00000308     
                  000041f8    0000009c     driverlib.lib : interrupt.obj (.const:g_pui32Regs)
                  00004294    00000090                   : gpio.obj (.const:g_pui32GPIOBaseAddrs)
                  00004324    00000070                   : interrupt.obj (.const)
                  00004394    0000006c                   : sysctl.obj (.const:g_pui32Xtals)
                  00004400    00000060                   : timer.obj (.const:g_ppui32TimerIntMap)
                  00004460    00000040                   : timer.obj (.const:g_ppui32TimerIntMapSnowflake)
                  000044a0    00000030     rtsv7M4_T_le_v4SPD16_eabi.lib : e_pow.obj (.const:$O1$$)
                  000044d0    00000012     uartstdio.obj (.const:.string)
                  000044e2    00000002     --HOLE-- [fill = 0]
                  000044e4    0000000c     uartstdio.obj (.const:g_ui32UARTBase)
                  000044f0    0000000c     uartstdio.obj (.const:g_ui32UARTPeriph)
                  000044fc    00000004     uartstdio.obj (.const)

.cinit     0    00004500    00000068     
                  00004500    00000031     (.cinit..data.load) [load image, compression = lzss]
                  00004531    00000003     --HOLE-- [fill = 0]
                  00004534    0000000c     (__TI_handler_table)
                  00004540    00000008     (.cinit..bss.load) [load image, compression = zero_init]
                  00004548    00000008     (.cinit..vtable.load) [load image, compression = zero_init]
                  00004550    00000018     (__TI_cinit_table)

.init_array 
*          0    00000000    00000000     UNINITIALIZED

.vtable    0    20000000    0000026c     UNINITIALIZED
                  20000000    0000026c     driverlib.lib : interrupt.obj (.vtable)

.stack     0    2000026c    00000200     UNINITIALIZED
                  2000026c    00000200     --HOLE--

.bss       0    20000470    000001e8     UNINITIALIZED
                  20000470    00000068     (.common:position_controler)
                  200004d8    00000034     (.common:UART1_Rx_Buffers)
                  2000050c    00000034     (.common:UART1_Rx_Data)
                  20000540    00000030     (.common:Source_attitude_payload)
                  20000570    00000030     (.common:altitude_ewa)
                  200005a0    0000002c     (.common:altitude_controler)
                  200005cc    00000024     ppm.obj (.bss:ppm_data_buf)
                  200005f0    00000012     ppm.obj (.bss:ppm_data_shadow)
                  20000602    00000012     (.common:ppm_data)
                  20000614    0000000c     ppm.obj (.bss)
                  20000620    0000000c     (.common:UART3_Rx_Buffers)
                  2000062c    00000008     (.common:Source_Rangefinder_payload)
                  20000634    00000004     (.common:int_mavlink_height)
                  20000638    00000004     (.common:int_pitch)
                  2000063c    00000004     (.common:int_roll)
                  20000640    00000004     (.common:int_yaw)
                  20000644    00000004     (.common:mavlink_height)
                  20000648    00000004     (.common:pitch)
                  2000064c    00000004     (.common:roll)
                  20000650    00000004     (.common:yaw)
                  20000654    00000001     (.common:UART1_Rx_Len)
                  20000655    00000001     (.common:UART1_Sender_Address)
                  20000656    00000001     (.common:payload_buf_index)
                  20000657    00000001     (.common:rx_buffer)

.data      0    20000658    000000d8     UNINITIALIZED
                  20000658    00000028     mavlink.obj (.data:Rx_Buffer_attitude)
                  20000680    00000028     ultrasonic.obj (.data:ultrasonic_distance_history)
                  200006a8    00000014     mavlink.obj (.data:Rx_Buffer_height)
                  200006bc    00000011     camera.obj (.data)
                  200006cd    00000003     --HOLE--
                  200006d0    00000010     main.obj (.data)
                  200006e0    0000000c     rtsv7M4_T_le_v4SPD16_eabi.lib : exit.obj (.data:$O1$$)
                  200006ec    0000000a     ultrasonic.obj (.data)
                  200006f6    00000002     --HOLE--
                  200006f8    00000008     rtsv7M4_T_le_v4SPD16_eabi.lib : _lock.obj (.data:$O1$$)
                  20000700    00000008     receive.obj (.data)
                  20000708    00000008     ultrasonic.obj (.data:ui32Time$2)
                  20000710    00000006     mavlink.obj (.data)
                  20000716    00000002     --HOLE--
                  20000718    00000005     ppm.obj (.data)
                  2000071d    00000003     --HOLE--
                  20000720    00000005     uartstdio.obj (.data)
                  20000725    00000003     --HOLE--
                  20000728    00000004     rtsv7M4_T_le_v4SPD16_eabi.lib : errno.obj (.data)
                  2000072c    00000004                                   : stkdepth_vars.obj (.data)

MODULE SUMMARY

       Module                         code    ro data   rw data
       ------                         ----    -------   -------
    .\
       main.obj                       3888    0         230    
       uartstdio.obj                  1244    46        5      
       mavlink.obj                    1056    0         156    
       ppm.obj                        928     0         71     
       filter.obj                     648     0         0      
       tm4c123gh6pm_startup_ccs.obj   12      620       0      
       ultrasonic.obj                 476     0         58     
       receive.obj                    368     0         114    
       camera.obj                     452     0         29     
    +--+------------------------------+-------+---------+---------+
       Total:                         9072    666       663    
                                                               
    D:\ti\ccsv7\tools\compiler\ti-cgt-arm_16.9.0.LTS\lib\rtsv7M4_T_le_v4SPD16_eabi.lib
       e_pow.obj                      2476    48        0      
       fd_add_t2.obj                  438     0         0      
       e_sqrt.obj                     368     0         0      
       fd_div_t2.obj                  310     0         0      
       fd_cmp_t2.obj                  268     0         0      
       fd_mul_t2.obj                  252     0         0      
       s_scalbn.obj                   252     0         0      
       memcpy_t2.obj                  156     0         0      
       memset_t2.obj                  122     0         0      
       autoinit.obj                   112     0         0      
       fd_tos_t2.obj                  110     0         0      
       copy_decompress_lzss.obj       104     0         0      
       exit.obj                       84      0         12     
       boot.obj                       84      0         0      
       cpy_tbl.obj                    76      0         0      
       fd_toi_t2.obj                  72      0         0      
       u_divt2.obj                    64      0         0      
       fs_tod_t2.obj                  56      0         0      
       i_tofd_t2.obj                  46      0         0      
       u_tofd_t2.obj                  32      0         0      
       _lock.obj                      20      0         8      
       args_main.obj                  24      0         0      
       s_copysign.obj                 20      0         0      
       copy_decompress_none.obj       14      0         0      
       copy_zero_init.obj             12      0         0      
       errno.obj                      0       0         4      
       pre_init.obj                   4       0         0      
       stkdepth_vars.obj              0       0         4      
       i_div0.obj                     2       0         0      
       mpu_init.obj                   2       0         0      
       startup.obj                    2       0         0      
    +--+------------------------------+-------+---------+---------+
       Total:                         5582    48        28     
                                                               
    F:/TIVAWARE002/driverlib/ccs/Debug/driverlib.lib
       interrupt.obj                  208     268       620    
       gpio.obj                       510     144       0      
       sysctl.obj                     380     108       0      
       timer.obj                      270     160       0      
       uart.obj                       194     0         0      
       fpu.obj                        32      0         0      
       cpu.obj                        12      0         0      
    +--+------------------------------+-------+---------+---------+
       Total:                         1606    680       620    
                                                               
       Stack:                         0       0         512    
       Linker Generated:              0       101       0      
    +--+------------------------------+-------+---------+---------+
       Grand Total:                   16260   1495      1823   


LINKER GENERATED COPY TABLES

__TI_cinit_table @ 00004550 records: 3, size/record: 8, table size: 24
	.data: load addr=00004500, load size=00000031 bytes, run addr=20000658, run size=000000d8 bytes, compression=lzss
	.bss: load addr=00004540, load size=00000008 bytes, run addr=20000470, run size=000001e8 bytes, compression=zero_init
	.vtable: load addr=00004548, load size=00000008 bytes, run addr=20000000, run size=0000026c bytes, compression=zero_init


LINKER GENERATED HANDLER TABLE

__TI_handler_table @ 00004534 records: 3, size/record: 4, table size: 12
	index: 0, handler: __TI_zero_init
	index: 1, handler: __TI_decompress_lzss
	index: 2, handler: __TI_decompress_none


GLOBAL SYMBOLS: SORTED ALPHABETICALLY BY Name 

address   name                           
-------   ----                           
00000859  AircraftDataReceive            
00000c05  Aircraft_Base_Output           
00000bb5  Aircraft_Unlock                
0000026d  AltitudeControlerInit          
000007d3  AltitudeGet                    
0000035d  Altitude_Control               
00002085  Attitude_Data_Store            
000021f7  Attitude_init                  
00003c9d  C$$EXIT                        
00004171  CPUcpsie                       
00000a5d  ConfigureUART0                 
00002205  Distance_init                  
00002847  EWA_Filter_Compute             
000027e5  EWA_Filter_Init                
00004109  FPUEnable                      
00004119  FPULazyStackingEnable          
00003fa7  GPIODirModeSet                 
00002a6d  GPIOE3_Init                    
000033db  GPIOPadConfigSet               
00003d89  GPIOPinConfigure               
000041cd  GPIOPinRead                    
000040d1  GPIOPinTypeGPIOInput           
00004035  GPIOPinTypeGPIOOutput          
000040e3  GPIOPinTypeTimer               
000040f5  GPIOPinTypeUART                
000041d3  GPIOPinWrite                   
00003b19  IntEnable                      
00004129  IntMasterEnable                
00003fd1  IntPrioritySet                 
00003f11  IntRegister                    
00000af9  KEY_PF4_Pros                   
00000ac5  Key_PF4_Init                   
00000a99  LED_Init                       
00002981  MA_Filter_Compute              
0000292f  MA_Filter_Init                 
00002255  MavLink_Data_Get               
00002025  Mav_recive_UART2_Config        
00002213  Mavlink_DateInit               
00000b51  PPM_Channal_Init               
000002c5  PositionControlerInit          
000005e5  Position_Control               
00002fc5  Recive_UART1_Config            
00002c49  Recive_UART3_Config            
00004189  ResetISR                       
00000c65  RolloverProtection             
20000658  Rx_Buffer_attitude             
200006a8  Rx_Buffer_height               
UNDEFED   SHT$$INIT_ARRAY$$Base          
UNDEFED   SHT$$INIT_ARRAY$$Limit         
00002a93  SonicTrig                      
2000062c  Source_Rangefinder_payload     
20000540  Source_attitude_payload        
0000350d  SysCtlClockGet                 
00003f45  SysCtlPeripheralEnable         
00003ea1  SysCtlPeripheralReady          
00002521  Timer0AIntHandler              
00000d8d  Timer1AIntHandler              
00000ced  Timer1A_Init                   
000041d9  TimerClockSourceSet            
00003be9  TimerConfigure                 
0000407d  TimerControlEvent              
00004139  TimerEnable                    
000041eb  TimerIntClear                  
000041bd  TimerIntEnable                 
0000404d  TimerIntRegister               
00004195  TimerIntStatus                 
0000419f  TimerValueGet                  
0000300b  UART1IntHandler                
00000e15  UART1_Data_Pros                
200004d8  UART1_Rx_Buffers               
2000050c  UART1_Rx_Data                  
20000654  UART1_Rx_Len                   
20000655  UART1_Sender_Address           
20000700  UART1_Updated_Flag             
000020bb  UART2IntHandler                
00002c8d  UART3IntHandler                
20000620  UART3_Rx_Buffers               
200006c4  UART3_Updated_Flag             
00004147  UARTCharGetNonBlocking         
00004155  UARTCharsAvail                 
000041df  UARTClockSourceSet             
00003e19  UARTConfigSetExpClk            
00003ff5  UARTDisable                    
00004093  UARTEnable                     
000041a9  UARTFIFOEnable                 
000041e5  UARTFIFOLevelSet               
000041ef  UARTIntClear                   
000041c5  UARTIntEnable                  
000041b3  UARTIntStatus                  
00001b49  UARTStdioConfig                
00001cc1  UARTgetc                       
00001bfb  UARTgets                       
00001fef  UARTprintf                     
00001cf5  UARTvprintf                    
00001ba9  UARTwrite                      
00002be9  UltrasonicConfigure            
00002b87  WTimer0BConfigure              
00002ac3  WTimer0BIntHandler             
2000046c  __STACK_END                    
00000200  __STACK_SIZE                   
2000046c  __STACK_TOP                    
00004550  __TI_CINIT_Base                
00004568  __TI_CINIT_Limit               
00004534  __TI_Handler_Table_Base        
00004540  __TI_Handler_Table_Limit       
00003a39  __TI_auto_init                 
200006e0  __TI_cleanup_ptr               
00003b81  __TI_decompress_lzss           
00004163  __TI_decompress_none           
200006e4  __TI_dtors_ptr                 
200006e8  __TI_enable_exit_profile_output
ffffffff  __TI_pprof_out_hndl            
ffffffff  __TI_prof_data_size            
ffffffff  __TI_prof_data_start           
00000000  __TI_static_base__             
0000417d  __TI_zero_init                 
000038b1  __aeabi_cdcmpeq                
000038b1  __aeabi_cdcmple                
00003937  __aeabi_cdrcmple               
00003aa9  __aeabi_d2f                    
00003dd1  __aeabi_d2iz                   
00002e17  __aeabi_dadd                   
000032a5  __aeabi_ddiv                   
0000361d  __aeabi_dmul                   
00002e0d  __aeabi_dsub                   
00003ed9  __aeabi_f2d                    
00003f79  __aeabi_i2d                    
00002fc3  __aeabi_idiv0                  
000039bd  __aeabi_memclr                 
000039bd  __aeabi_memclr4                
000039bd  __aeabi_memclr8                
00003815  __aeabi_memcpy                 
00003815  __aeabi_memcpy4                
00003815  __aeabi_memcpy8                
000039bf  __aeabi_memset                 
000039bf  __aeabi_memset4                
000039bf  __aeabi_memset8                
00004015  __aeabi_ui2d                   
00003e5f  __aeabi_uidiv                  
00003e5f  __aeabi_uidivmod               
ffffffff  __binit__                      
ffffffff  __c_args__                     
00003a37  __mpu_init                     
2000026c  __stack                        
00004065  _args_main                     
00003c49  _c_int00                       
200006f8  _lock                          
000040b7  _nop                           
000040af  _register_lock                 
000040a9  _register_unlock               
00003b17  _system_post_cinit             
000041f3  _system_pre_init               
200006fc  _unlock                        
00003ca1  abort                          
200006d0  aircraft_start_flag            
200005a0  altitude_controler             
20000570  altitude_ewa                   
ffffffff  binit                          
00003d3d  copy_in                        
000040bd  copysign                       
000040bd  copysignl                      
20000728  errno                          
00003ca9  exit                           
20000000  g_pfnRAMVectors                
00000000  g_pfnVectors                   
20000634  int_mavlink_height             
20000638  int_pitch                      
2000063c  int_roll                       
20000640  int_yaw                        
00003719  ldexp                          
00003719  ldexpl                         
00000f11  main                           
2000072c  main_func_sp                   
20000644  mavlink_height                 
00003815  memcpy                         
000039c5  memset                         
20000710  newAttiFlag                    
20000711  newHeightFlag                  
20000656  payload_buf_index              
20000648  pitch                          
20000470  position_controler             
0000119d  pow                            
0000119d  powl                           
20000602  ppm_data                       
00002445  ppm_encoder_init               
0000254b  ppm_encoder_set_data           
2000064c  roll                           
20000657  rx_buffer                      
00003719  scalbn                         
00003719  scalbnl                        
00003135  sqrt                           
00003135  sqrtl                          
20000712  start_receive_attitude         
20000713  start_receive_height           
00002d15  u3Data_handle                  
200006f0  ultrasonic_distance            
20000680  ultrasonic_distance_history    
200006ec  ultrasonic_update_flag         
200006bc  x_hat                          
200006c0  y_hat                          
20000650  yaw                            


GLOBAL SYMBOLS: SORTED BY Symbol Address 

address   name                           
-------   ----                           
00000000  __TI_static_base__             
00000000  g_pfnVectors                   
00000200  __STACK_SIZE                   
0000026d  AltitudeControlerInit          
000002c5  PositionControlerInit          
0000035d  Altitude_Control               
000005e5  Position_Control               
000007d3  AltitudeGet                    
00000859  AircraftDataReceive            
00000a5d  ConfigureUART0                 
00000a99  LED_Init                       
00000ac5  Key_PF4_Init                   
00000af9  KEY_PF4_Pros                   
00000b51  PPM_Channal_Init               
00000bb5  Aircraft_Unlock                
00000c05  Aircraft_Base_Output           
00000c65  RolloverProtection             
00000ced  Timer1A_Init                   
00000d8d  Timer1AIntHandler              
00000e15  UART1_Data_Pros                
00000f11  main                           
0000119d  pow                            
0000119d  powl                           
00001b49  UARTStdioConfig                
00001ba9  UARTwrite                      
00001bfb  UARTgets                       
00001cc1  UARTgetc                       
00001cf5  UARTvprintf                    
00001fef  UARTprintf                     
00002025  Mav_recive_UART2_Config        
00002085  Attitude_Data_Store            
000020bb  UART2IntHandler                
000021f7  Attitude_init                  
00002205  Distance_init                  
00002213  Mavlink_DateInit               
00002255  MavLink_Data_Get               
00002445  ppm_encoder_init               
00002521  Timer0AIntHandler              
0000254b  ppm_encoder_set_data           
000027e5  EWA_Filter_Init                
00002847  EWA_Filter_Compute             
0000292f  MA_Filter_Init                 
00002981  MA_Filter_Compute              
00002a6d  GPIOE3_Init                    
00002a93  SonicTrig                      
00002ac3  WTimer0BIntHandler             
00002b87  WTimer0BConfigure              
00002be9  UltrasonicConfigure            
00002c49  Recive_UART3_Config            
00002c8d  UART3IntHandler                
00002d15  u3Data_handle                  
00002e0d  __aeabi_dsub                   
00002e17  __aeabi_dadd                   
00002fc3  __aeabi_idiv0                  
00002fc5  Recive_UART1_Config            
0000300b  UART1IntHandler                
00003135  sqrt                           
00003135  sqrtl                          
000032a5  __aeabi_ddiv                   
000033db  GPIOPadConfigSet               
0000350d  SysCtlClockGet                 
0000361d  __aeabi_dmul                   
00003719  ldexp                          
00003719  ldexpl                         
00003719  scalbn                         
00003719  scalbnl                        
00003815  __aeabi_memcpy                 
00003815  __aeabi_memcpy4                
00003815  __aeabi_memcpy8                
00003815  memcpy                         
000038b1  __aeabi_cdcmpeq                
000038b1  __aeabi_cdcmple                
00003937  __aeabi_cdrcmple               
000039bd  __aeabi_memclr                 
000039bd  __aeabi_memclr4                
000039bd  __aeabi_memclr8                
000039bf  __aeabi_memset                 
000039bf  __aeabi_memset4                
000039bf  __aeabi_memset8                
000039c5  memset                         
00003a37  __mpu_init                     
00003a39  __TI_auto_init                 
00003aa9  __aeabi_d2f                    
00003b17  _system_post_cinit             
00003b19  IntEnable                      
00003b81  __TI_decompress_lzss           
00003be9  TimerConfigure                 
00003c49  _c_int00                       
00003c9d  C$$EXIT                        
00003ca1  abort                          
00003ca9  exit                           
00003d3d  copy_in                        
00003d89  GPIOPinConfigure               
00003dd1  __aeabi_d2iz                   
00003e19  UARTConfigSetExpClk            
00003e5f  __aeabi_uidiv                  
00003e5f  __aeabi_uidivmod               
00003ea1  SysCtlPeripheralReady          
00003ed9  __aeabi_f2d                    
00003f11  IntRegister                    
00003f45  SysCtlPeripheralEnable         
00003f79  __aeabi_i2d                    
00003fa7  GPIODirModeSet                 
00003fd1  IntPrioritySet                 
00003ff5  UARTDisable                    
00004015  __aeabi_ui2d                   
00004035  GPIOPinTypeGPIOOutput          
0000404d  TimerIntRegister               
00004065  _args_main                     
0000407d  TimerControlEvent              
00004093  UARTEnable                     
000040a9  _register_unlock               
000040af  _register_lock                 
000040b7  _nop                           
000040bd  copysign                       
000040bd  copysignl                      
000040d1  GPIOPinTypeGPIOInput           
000040e3  GPIOPinTypeTimer               
000040f5  GPIOPinTypeUART                
00004109  FPUEnable                      
00004119  FPULazyStackingEnable          
00004129  IntMasterEnable                
00004139  TimerEnable                    
00004147  UARTCharGetNonBlocking         
00004155  UARTCharsAvail                 
00004163  __TI_decompress_none           
00004171  CPUcpsie                       
0000417d  __TI_zero_init                 
00004189  ResetISR                       
00004195  TimerIntStatus                 
0000419f  TimerValueGet                  
000041a9  UARTFIFOEnable                 
000041b3  UARTIntStatus                  
000041bd  TimerIntEnable                 
000041c5  UARTIntEnable                  
000041cd  GPIOPinRead                    
000041d3  GPIOPinWrite                   
000041d9  TimerClockSourceSet            
000041df  UARTClockSourceSet             
000041e5  UARTFIFOLevelSet               
000041eb  TimerIntClear                  
000041ef  UARTIntClear                   
000041f3  _system_pre_init               
00004534  __TI_Handler_Table_Base        
00004540  __TI_Handler_Table_Limit       
00004550  __TI_CINIT_Base                
00004568  __TI_CINIT_Limit               
20000000  g_pfnRAMVectors                
2000026c  __stack                        
2000046c  __STACK_END                    
2000046c  __STACK_TOP                    
20000470  position_controler             
200004d8  UART1_Rx_Buffers               
2000050c  UART1_Rx_Data                  
20000540  Source_attitude_payload        
20000570  altitude_ewa                   
200005a0  altitude_controler             
20000602  ppm_data                       
20000620  UART3_Rx_Buffers               
2000062c  Source_Rangefinder_payload     
20000634  int_mavlink_height             
20000638  int_pitch                      
2000063c  int_roll                       
20000640  int_yaw                        
20000644  mavlink_height                 
20000648  pitch                          
2000064c  roll                           
20000650  yaw                            
20000654  UART1_Rx_Len                   
20000655  UART1_Sender_Address           
20000656  payload_buf_index              
20000657  rx_buffer                      
20000658  Rx_Buffer_attitude             
20000680  ultrasonic_distance_history    
200006a8  Rx_Buffer_height               
200006bc  x_hat                          
200006c0  y_hat                          
200006c4  UART3_Updated_Flag             
200006d0  aircraft_start_flag            
200006e0  __TI_cleanup_ptr               
200006e4  __TI_dtors_ptr                 
200006e8  __TI_enable_exit_profile_output
200006ec  ultrasonic_update_flag         
200006f0  ultrasonic_distance            
200006f8  _lock                          
200006fc  _unlock                        
20000700  UART1_Updated_Flag             
20000710  newAttiFlag                    
20000711  newHeightFlag                  
20000712  start_receive_attitude         
20000713  start_receive_height           
20000728  errno                          
2000072c  main_func_sp                   
ffffffff  __TI_pprof_out_hndl            
ffffffff  __TI_prof_data_size            
ffffffff  __TI_prof_data_start           
ffffffff  __binit__                      
ffffffff  __c_args__                     
ffffffff  binit                          
UNDEFED   SHT$$INIT_ARRAY$$Base          
UNDEFED   SHT$$INIT_ARRAY$$Limit         

[201 symbols]
