******************************************************************************
                  TI ARM Linker PC v16.9.0                     
******************************************************************************
>> Linked Mon Jan 28 04:14:28 2019

OUTPUT FILE NAME:   <Aircraft_v19.out>
ENTRY POINT SYMBOL: "_c_int00"  address: 00003ce9


MEMORY CONFIGURATION

         name            origin    length      used     unused   attr    fill
----------------------  --------  ---------  --------  --------  ----  --------
  FLASH                 00000000   00040000  00004606  0003b9fa  R  X
  SRAM                  20000000   00008000  0000072c  000078d4  RW X


SEGMENT ALLOCATION MAP

run origin  load origin   length   init length attrs members
----------  ----------- ---------- ----------- ----- -------
00000000    00000000    00004608   00004608    r-x
  00000000    00000000    0000026c   0000026c    r-- .intvecs
  0000026c    0000026c    0000402a   0000402a    r-x .text
  00004298    00004298    00000308   00000308    r-- .const
  000045a0    000045a0    00000068   00000068    r-- .cinit
20000000    20000000    00000730   00000000    rw-
  20000000    20000000    0000026c   00000000    rw- .vtable
  2000026c    2000026c    00000200   00000000    rw- .stack
  20000470    20000470    000001e8   00000000    rw- .bss
  20000658    20000658    000000d8   00000000    rw- .data


SECTION ALLOCATION MAP

 output                                  attributes/
section   page    origin      length       input sections
--------  ----  ----------  ----------   ----------------
.intvecs   0    00000000    0000026c     
                  00000000    0000026c     tm4c123gh6pm_startup_ccs.obj (.intvecs)

.text      0    0000026c    0000402a     
                  0000026c    00000fbc     main.obj (.text)
                  00001228    000009ac     rtsv7M4_T_le_v4SPD16_eabi.lib : e_pow.obj (.text)
                  00001bd4    000004dc     uartstdio.obj (.text)
                  000020b0    00000420     mavlink.obj (.text)
                  000024d0    000003a0     ppm.obj (.text)
                  00002870    00000288     filter.obj (.text)
                  00002af8    000001dc     ultrasonic.obj (.text)
                  00002cd4    000001d8     camera.obj (.text)
                  00002eac    000001b6     rtsv7M4_T_le_v4SPD16_eabi.lib : fd_add_t2.obj (.text)
                  00003062    00000002                                   : i_div0.obj (.text)
                  00003064    00000170     receive.obj (.text)
                  000031d4    00000170     rtsv7M4_T_le_v4SPD16_eabi.lib : e_sqrt.obj (.text)
                  00003344    00000136                                   : fd_div_t2.obj (.text)
                  0000347a    00000132     driverlib.lib : gpio.obj (.text:GPIOPadConfigSet)
                  000035ac    00000110                   : sysctl.obj (.text:SysCtlClockGet)
                  000036bc    000000fc     rtsv7M4_T_le_v4SPD16_eabi.lib : fd_mul_t2.obj (.text)
                  000037b8    000000fc                                   : s_scalbn.obj (.text)
                  000038b4    0000009c                                   : memcpy_t2.obj (.text)
                  00003950    00000086                                   : fd_cmp_t2.obj (.text:__aeabi_cdcmple)
                  000039d6    00000086                                   : fd_cmp_t2.obj (.text:__aeabi_cdrcmple)
                  00003a5c    0000007a                                   : memset_t2.obj (.text)
                  00003ad6    00000002                                   : mpu_init.obj (.text)
                  00003ad8    00000070                                   : autoinit.obj (.text)
                  00003b48    0000006e                                   : fd_tos_t2.obj (.text)
                  00003bb6    00000002                                   : startup.obj (.text)
                  00003bb8    00000068     driverlib.lib : interrupt.obj (.text:IntEnable)
                  00003c20    00000068     rtsv7M4_T_le_v4SPD16_eabi.lib : copy_decompress_lzss.obj (.text:decompress:lzss)
                  00003c88    00000060     driverlib.lib : timer.obj (.text:TimerConfigure)
                  00003ce8    00000054     rtsv7M4_T_le_v4SPD16_eabi.lib : boot.obj (.text)
                  00003d3c    00000054                                   : exit.obj (.text)
                  00003d90    0000004c     driverlib.lib : timer.obj (.text:_TimerIntNumberGet)
                  00003ddc    0000004c     rtsv7M4_T_le_v4SPD16_eabi.lib : cpy_tbl.obj (.text)
                  00003e28    00000048     driverlib.lib : gpio.obj (.text:GPIOPinConfigure)
                  00003e70    00000048     rtsv7M4_T_le_v4SPD16_eabi.lib : fd_toi_t2.obj (.text)
                  00003eb8    00000046     driverlib.lib : uart.obj (.text:UARTConfigSetExpClk)
                  00003efe    00000040     rtsv7M4_T_le_v4SPD16_eabi.lib : u_divt2.obj (.text)
                  00003f3e    00000002     --HOLE-- [fill = 0]
                  00003f40    00000038     driverlib.lib : sysctl.obj (.text:SysCtlPeripheralReady)
                  00003f78    00000038     rtsv7M4_T_le_v4SPD16_eabi.lib : fs_tod_t2.obj (.text)
                  00003fb0    00000034     driverlib.lib : interrupt.obj (.text:IntRegister)
                  00003fe4    00000034                   : sysctl.obj (.text:SysCtlPeripheralEnable)
                  00004018    0000002e     rtsv7M4_T_le_v4SPD16_eabi.lib : i_tofd_t2.obj (.text)
                  00004046    0000002a     driverlib.lib : gpio.obj (.text:GPIODirModeSet)
                  00004070    00000024                   : interrupt.obj (.text:IntPrioritySet)
                  00004094    00000020                   : uart.obj (.text:UARTDisable)
                  000040b4    00000020     rtsv7M4_T_le_v4SPD16_eabi.lib : u_tofd_t2.obj (.text)
                  000040d4    00000018     driverlib.lib : gpio.obj (.text:GPIOPinTypeGPIOOutput)
                  000040ec    00000018                   : timer.obj (.text:TimerIntRegister)
                  00004104    00000018     rtsv7M4_T_le_v4SPD16_eabi.lib : args_main.obj (.text)
                  0000411c    00000016     driverlib.lib : timer.obj (.text:TimerControlEvent)
                  00004132    00000014                   : uart.obj (.text:UARTEnable)
                  00004146    00000002     --HOLE-- [fill = 0]
                  00004148    00000014     rtsv7M4_T_le_v4SPD16_eabi.lib : _lock.obj (.text)
                  0000415c    00000014                                   : s_copysign.obj (.text)
                  00004170    00000012     driverlib.lib : gpio.obj (.text:GPIOPinTypeGPIOInput)
                  00004182    00000012                   : gpio.obj (.text:GPIOPinTypeTimer)
                  00004194    00000012                   : gpio.obj (.text:GPIOPinTypeUART)
                  000041a6    00000002     --HOLE-- [fill = 0]
                  000041a8    00000010                   : fpu.obj (.text:FPUEnable)
                  000041b8    00000010                   : fpu.obj (.text:FPULazyStackingEnable)
                  000041c8    00000010                   : interrupt.obj (.text:IntMasterEnable)
                  000041d8    0000000e                   : timer.obj (.text:TimerEnable)
                  000041e6    0000000e                   : uart.obj (.text:UARTCharGetNonBlocking)
                  000041f4    0000000e                   : uart.obj (.text:UARTCharsAvail)
                  00004202    0000000e     rtsv7M4_T_le_v4SPD16_eabi.lib : copy_decompress_none.obj (.text:decompress:none)
                  00004210    0000000c     driverlib.lib : cpu.obj (.text:CPUcpsie)
                  0000421c    0000000c     rtsv7M4_T_le_v4SPD16_eabi.lib : copy_zero_init.obj (.text:decompress:ZI)
                  00004228    0000000c     tm4c123gh6pm_startup_ccs.obj (.text)
                  00004234    0000000a     driverlib.lib : timer.obj (.text:TimerIntStatus)
                  0000423e    0000000a                   : timer.obj (.text:TimerValueGet)
                  00004248    0000000a                   : uart.obj (.text:UARTFIFOEnable)
                  00004252    0000000a                   : uart.obj (.text:UARTIntStatus)
                  0000425c    00000008                   : timer.obj (.text:TimerIntEnable)
                  00004264    00000008                   : uart.obj (.text:UARTIntEnable)
                  0000426c    00000006                   : gpio.obj (.text:GPIOPinRead)
                  00004272    00000006                   : gpio.obj (.text:GPIOPinWrite)
                  00004278    00000006                   : timer.obj (.text:TimerClockSourceSet)
                  0000427e    00000006                   : uart.obj (.text:UARTClockSourceSet)
                  00004284    00000006                   : uart.obj (.text:UARTFIFOLevelSet)
                  0000428a    00000004                   : timer.obj (.text:TimerIntClear)
                  0000428e    00000004                   : uart.obj (.text:UARTIntClear)
                  00004292    00000004     rtsv7M4_T_le_v4SPD16_eabi.lib : pre_init.obj (.text)

.const     0    00004298    00000308     
                  00004298    0000009c     driverlib.lib : interrupt.obj (.const:g_pui32Regs)
                  00004334    00000090                   : gpio.obj (.const:g_pui32GPIOBaseAddrs)
                  000043c4    00000070                   : interrupt.obj (.const)
                  00004434    0000006c                   : sysctl.obj (.const:g_pui32Xtals)
                  000044a0    00000060                   : timer.obj (.const:g_ppui32TimerIntMap)
                  00004500    00000040                   : timer.obj (.const:g_ppui32TimerIntMapSnowflake)
                  00004540    00000030     rtsv7M4_T_le_v4SPD16_eabi.lib : e_pow.obj (.const:$O1$$)
                  00004570    00000012     uartstdio.obj (.const:.string)
                  00004582    00000002     --HOLE-- [fill = 0]
                  00004584    0000000c     uartstdio.obj (.const:g_ui32UARTBase)
                  00004590    0000000c     uartstdio.obj (.const:g_ui32UARTPeriph)
                  0000459c    00000004     uartstdio.obj (.const)

.cinit     0    000045a0    00000068     
                  000045a0    00000031     (.cinit..data.load) [load image, compression = lzss]
                  000045d1    00000003     --HOLE-- [fill = 0]
                  000045d4    0000000c     (__TI_handler_table)
                  000045e0    00000008     (.cinit..bss.load) [load image, compression = zero_init]
                  000045e8    00000008     (.cinit..vtable.load) [load image, compression = zero_init]
                  000045f0    00000018     (__TI_cinit_table)

.init_array 
*          0    00000000    00000000     UNINITIALIZED

.vtable    0    20000000    0000026c     UNINITIALIZED
                  20000000    0000026c     driverlib.lib : interrupt.obj (.vtable)

.stack     0    2000026c    00000200     UNINITIALIZED
                  2000026c    00000200     --HOLE--

.bss       0    20000470    000001e8     UNINITIALIZED
                  20000470    00000068     (.common:position_controler)
                  200004d8    00000034     (.common:UART1_Rx_Buffers)
                  2000050c    00000034     (.common:UART1_Rx_Data)
                  20000540    00000030     (.common:Source_attitude_payload)
                  20000570    00000030     (.common:altitude_ewa)
                  200005a0    0000002c     (.common:altitude_controler)
                  200005cc    00000024     ppm.obj (.bss:ppm_data_buf)
                  200005f0    00000012     ppm.obj (.bss:ppm_data_shadow)
                  20000602    00000012     (.common:ppm_data)
                  20000614    0000000c     ppm.obj (.bss)
                  20000620    0000000c     (.common:UART3_Rx_Buffers)
                  2000062c    00000008     (.common:Source_Rangefinder_payload)
                  20000634    00000004     (.common:int_mavlink_height)
                  20000638    00000004     (.common:int_pitch)
                  2000063c    00000004     (.common:int_roll)
                  20000640    00000004     (.common:int_yaw)
                  20000644    00000004     (.common:mavlink_height)
                  20000648    00000004     (.common:pitch)
                  2000064c    00000004     (.common:roll)
                  20000650    00000004     (.common:yaw)
                  20000654    00000001     (.common:UART1_Rx_Len)
                  20000655    00000001     (.common:UART1_Sender_Address)
                  20000656    00000001     (.common:payload_buf_index)
                  20000657    00000001     (.common:rx_buffer)

.data      0    20000658    000000d8     UNINITIALIZED
                  20000658    00000028     mavlink.obj (.data:Rx_Buffer_attitude)
                  20000680    00000028     ultrasonic.obj (.data:ultrasonic_distance_history)
                  200006a8    00000014     mavlink.obj (.data:Rx_Buffer_height)
                  200006bc    00000011     camera.obj (.data)
                  200006cd    00000003     --HOLE--
                  200006d0    00000010     main.obj (.data)
                  200006e0    0000000c     rtsv7M4_T_le_v4SPD16_eabi.lib : exit.obj (.data:$O1$$)
                  200006ec    0000000a     ultrasonic.obj (.data)
                  200006f6    00000002     --HOLE--
                  200006f8    00000008     rtsv7M4_T_le_v4SPD16_eabi.lib : _lock.obj (.data:$O1$$)
                  20000700    00000008     receive.obj (.data)
                  20000708    00000008     ultrasonic.obj (.data:ui32Time$2)
                  20000710    00000006     mavlink.obj (.data)
                  20000716    00000002     --HOLE--
                  20000718    00000005     ppm.obj (.data)
                  2000071d    00000003     --HOLE--
                  20000720    00000005     uartstdio.obj (.data)
                  20000725    00000003     --HOLE--
                  20000728    00000004     rtsv7M4_T_le_v4SPD16_eabi.lib : errno.obj (.data)
                  2000072c    00000004                                   : stkdepth_vars.obj (.data)

MODULE SUMMARY

       Module                         code    ro data   rw data
       ------                         ----    -------   -------
    .\
       main.obj                       4028    0         230    
       uartstdio.obj                  1244    46        5      
       mavlink.obj                    1056    0         156    
       ppm.obj                        928     0         71     
       filter.obj                     648     0         0      
       tm4c123gh6pm_startup_ccs.obj   12      620       0      
       ultrasonic.obj                 476     0         58     
       camera.obj                     472     0         29     
       receive.obj                    368     0         114    
    +--+------------------------------+-------+---------+---------+
       Total:                         9232    666       663    
                                                               
    D:\ti\ccsv7\tools\compiler\ti-cgt-arm_16.9.0.LTS\lib\rtsv7M4_T_le_v4SPD16_eabi.lib
       e_pow.obj                      2476    48        0      
       fd_add_t2.obj                  438     0         0      
       e_sqrt.obj                     368     0         0      
       fd_div_t2.obj                  310     0         0      
       fd_cmp_t2.obj                  268     0         0      
       fd_mul_t2.obj                  252     0         0      
       s_scalbn.obj                   252     0         0      
       memcpy_t2.obj                  156     0         0      
       memset_t2.obj                  122     0         0      
       autoinit.obj                   112     0         0      
       fd_tos_t2.obj                  110     0         0      
       copy_decompress_lzss.obj       104     0         0      
       exit.obj                       84      0         12     
       boot.obj                       84      0         0      
       cpy_tbl.obj                    76      0         0      
       fd_toi_t2.obj                  72      0         0      
       u_divt2.obj                    64      0         0      
       fs_tod_t2.obj                  56      0         0      
       i_tofd_t2.obj                  46      0         0      
       u_tofd_t2.obj                  32      0         0      
       _lock.obj                      20      0         8      
       args_main.obj                  24      0         0      
       s_copysign.obj                 20      0         0      
       copy_decompress_none.obj       14      0         0      
       copy_zero_init.obj             12      0         0      
       errno.obj                      0       0         4      
       pre_init.obj                   4       0         0      
       stkdepth_vars.obj              0       0         4      
       i_div0.obj                     2       0         0      
       mpu_init.obj                   2       0         0      
       startup.obj                    2       0         0      
    +--+------------------------------+-------+---------+---------+
       Total:                         5582    48        28     
                                                               
    F:/TIVAWARE002/driverlib/ccs/Debug/driverlib.lib
       interrupt.obj                  208     268       620    
       gpio.obj                       510     144       0      
       sysctl.obj                     380     108       0      
       timer.obj                      270     160       0      
       uart.obj                       194     0         0      
       fpu.obj                        32      0         0      
       cpu.obj                        12      0         0      
    +--+------------------------------+-------+---------+---------+
       Total:                         1606    680       620    
                                                               
       Stack:                         0       0         512    
       Linker Generated:              0       101       0      
    +--+------------------------------+-------+---------+---------+
       Grand Total:                   16420   1495      1823   


LINKER GENERATED COPY TABLES

__TI_cinit_table @ 000045f0 records: 3, size/record: 8, table size: 24
	.data: load addr=000045a0, load size=00000031 bytes, run addr=20000658, run size=000000d8 bytes, compression=lzss
	.bss: load addr=000045e0, load size=00000008 bytes, run addr=20000470, run size=000001e8 bytes, compression=zero_init
	.vtable: load addr=000045e8, load size=00000008 bytes, run addr=20000000, run size=0000026c bytes, compression=zero_init


LINKER GENERATED HANDLER TABLE

__TI_handler_table @ 000045d4 records: 3, size/record: 4, table size: 12
	index: 0, handler: __TI_zero_init
	index: 1, handler: __TI_decompress_lzss
	index: 2, handler: __TI_decompress_none


GLOBAL SYMBOLS: SORTED ALPHABETICALLY BY Name 

address   name                           
-------   ----                           
00000865  AircraftDataReceive            
00000c11  Aircraft_Base_Output           
00000bc1  Aircraft_Unlock                
0000026d  AltitudeControlerInit          
000007db  AltitudeGet                    
0000035d  Altitude_Control               
00002111  Attitude_Data_Store            
00002283  Attitude_init                  
00003d3d  C$$EXIT                        
00004211  CPUcpsie                       
00000a69  ConfigureUART0                 
00002291  Distance_init                  
000028d3  EWA_Filter_Compute             
00002871  EWA_Filter_Init                
000041a9  FPUEnable                      
000041b9  FPULazyStackingEnable          
00004047  GPIODirModeSet                 
00002af9  GPIOE3_Init                    
0000347b  GPIOPadConfigSet               
00003e29  GPIOPinConfigure               
0000426d  GPIOPinRead                    
00004171  GPIOPinTypeGPIOInput           
000040d5  GPIOPinTypeGPIOOutput          
00004183  GPIOPinTypeTimer               
00004195  GPIOPinTypeUART                
00004273  GPIOPinWrite                   
00003bb9  IntEnable                      
000041c9  IntMasterEnable                
00004071  IntPrioritySet                 
00003fb1  IntRegister                    
00000b05  KEY_PF4_Pros                   
00000ad5  Key_PF4_Init                   
00000aad  LED_Init                       
00002a0d  MA_Filter_Compute              
000029bb  MA_Filter_Init                 
000022e1  MavLink_Data_Get               
000020b1  Mav_recive_UART2_Config        
0000229f  Mavlink_DateInit               
00000b5d  PPM_Channal_Init               
000002c5  PositionControlerInit          
000005e5  Position_Control               
00003065  Recive_UART1_Config            
00002cd5  Recive_UART3_Config            
00004229  ResetISR                       
00000c71  RolloverProtection             
20000658  Rx_Buffer_attitude             
200006a8  Rx_Buffer_height               
UNDEFED   SHT$$INIT_ARRAY$$Base          
UNDEFED   SHT$$INIT_ARRAY$$Limit         
00002b1f  SonicTrig                      
2000062c  Source_Rangefinder_payload     
20000540  Source_attitude_payload        
000035ad  SysCtlClockGet                 
00003fe5  SysCtlPeripheralEnable         
00003f41  SysCtlPeripheralReady          
000025ad  Timer0AIntHandler              
00000d9d  Timer1AIntHandler              
00000cfd  Timer1A_Init                   
00004279  TimerClockSourceSet            
00003c89  TimerConfigure                 
0000411d  TimerControlEvent              
000041d9  TimerEnable                    
0000428b  TimerIntClear                  
0000425d  TimerIntEnable                 
000040ed  TimerIntRegister               
00004235  TimerIntStatus                 
0000423f  TimerValueGet                  
000030ab  UART1IntHandler                
00000e29  UART1_Data_Pros                
200004d8  UART1_Rx_Buffers               
2000050c  UART1_Rx_Data                  
20000654  UART1_Rx_Len                   
20000655  UART1_Sender_Address           
20000700  UART1_Updated_Flag             
00002147  UART2IntHandler                
00002d19  UART3IntHandler                
20000620  UART3_Rx_Buffers               
200006c4  UART3_Updated_Flag             
000041e7  UARTCharGetNonBlocking         
000041f5  UARTCharsAvail                 
0000427f  UARTClockSourceSet             
00003eb9  UARTConfigSetExpClk            
00004095  UARTDisable                    
00004133  UARTEnable                     
00004249  UARTFIFOEnable                 
00004285  UARTFIFOLevelSet               
0000428f  UARTIntClear                   
00004265  UARTIntEnable                  
00004253  UARTIntStatus                  
00001bd5  UARTStdioConfig                
00001d4d  UARTgetc                       
00001c87  UARTgets                       
0000207b  UARTprintf                     
00001d81  UARTvprintf                    
00001c35  UARTwrite                      
00002c75  UltrasonicConfigure            
00002c13  WTimer0BConfigure              
00002b4f  WTimer0BIntHandler             
2000046c  __STACK_END                    
00000200  __STACK_SIZE                   
2000046c  __STACK_TOP                    
000045f0  __TI_CINIT_Base                
00004608  __TI_CINIT_Limit               
000045d4  __TI_Handler_Table_Base        
000045e0  __TI_Handler_Table_Limit       
00003ad9  __TI_auto_init                 
200006e0  __TI_cleanup_ptr               
00003c21  __TI_decompress_lzss           
00004203  __TI_decompress_none           
200006e4  __TI_dtors_ptr                 
200006e8  __TI_enable_exit_profile_output
ffffffff  __TI_pprof_out_hndl            
ffffffff  __TI_prof_data_size            
ffffffff  __TI_prof_data_start           
00000000  __TI_static_base__             
0000421d  __TI_zero_init                 
00003951  __aeabi_cdcmpeq                
00003951  __aeabi_cdcmple                
000039d7  __aeabi_cdrcmple               
00003b49  __aeabi_d2f                    
00003e71  __aeabi_d2iz                   
00002eb7  __aeabi_dadd                   
00003345  __aeabi_ddiv                   
000036bd  __aeabi_dmul                   
00002ead  __aeabi_dsub                   
00003f79  __aeabi_f2d                    
00004019  __aeabi_i2d                    
00003063  __aeabi_idiv0                  
00003a5d  __aeabi_memclr                 
00003a5d  __aeabi_memclr4                
00003a5d  __aeabi_memclr8                
000038b5  __aeabi_memcpy                 
000038b5  __aeabi_memcpy4                
000038b5  __aeabi_memcpy8                
00003a5f  __aeabi_memset                 
00003a5f  __aeabi_memset4                
00003a5f  __aeabi_memset8                
000040b5  __aeabi_ui2d                   
00003eff  __aeabi_uidiv                  
00003eff  __aeabi_uidivmod               
ffffffff  __binit__                      
ffffffff  __c_args__                     
00003ad7  __mpu_init                     
2000026c  __stack                        
00004105  _args_main                     
00003ce9  _c_int00                       
200006f8  _lock                          
00004157  _nop                           
0000414f  _register_lock                 
00004149  _register_unlock               
00003bb7  _system_post_cinit             
00004293  _system_pre_init               
200006fc  _unlock                        
00003d41  abort                          
200006d0  aircraft_start_flag            
200005a0  altitude_controler             
20000570  altitude_ewa                   
ffffffff  binit                          
00003ddd  copy_in                        
0000415d  copysign                       
0000415d  copysignl                      
20000728  errno                          
00003d49  exit                           
20000000  g_pfnRAMVectors                
00000000  g_pfnVectors                   
20000634  int_mavlink_height             
20000638  int_pitch                      
2000063c  int_roll                       
20000640  int_yaw                        
000037b9  ldexp                          
000037b9  ldexpl                         
00000f29  main                           
2000072c  main_func_sp                   
20000644  mavlink_height                 
000038b5  memcpy                         
00003a65  memset                         
20000710  newAttiFlag                    
20000711  newHeightFlag                  
20000656  payload_buf_index              
20000648  pitch                          
20000470  position_controler             
00001229  pow                            
00001229  powl                           
20000602  ppm_data                       
000024d1  ppm_encoder_init               
000025d7  ppm_encoder_set_data           
2000064c  roll                           
20000657  rx_buffer                      
000037b9  scalbn                         
000037b9  scalbnl                        
000031d5  sqrt                           
000031d5  sqrtl                          
20000712  start_receive_attitude         
20000713  start_receive_height           
00002da1  u3Data_handle                  
200006f0  ultrasonic_distance            
20000680  ultrasonic_distance_history    
200006ec  ultrasonic_update_flag         
200006bc  x_hat                          
200006c0  y_hat                          
20000650  yaw                            


GLOBAL SYMBOLS: SORTED BY Symbol Address 

address   name                           
-------   ----                           
00000000  __TI_static_base__             
00000000  g_pfnVectors                   
00000200  __STACK_SIZE                   
0000026d  AltitudeControlerInit          
000002c5  PositionControlerInit          
0000035d  Altitude_Control               
000005e5  Position_Control               
000007db  AltitudeGet                    
00000865  AircraftDataReceive            
00000a69  ConfigureUART0                 
00000aad  LED_Init                       
00000ad5  Key_PF4_Init                   
00000b05  KEY_PF4_Pros                   
00000b5d  PPM_Channal_Init               
00000bc1  Aircraft_Unlock                
00000c11  Aircraft_Base_Output           
00000c71  RolloverProtection             
00000cfd  Timer1A_Init                   
00000d9d  Timer1AIntHandler              
00000e29  UART1_Data_Pros                
00000f29  main                           
00001229  pow                            
00001229  powl                           
00001bd5  UARTStdioConfig                
00001c35  UARTwrite                      
00001c87  UARTgets                       
00001d4d  UARTgetc                       
00001d81  UARTvprintf                    
0000207b  UARTprintf                     
000020b1  Mav_recive_UART2_Config        
00002111  Attitude_Data_Store            
00002147  UART2IntHandler                
00002283  Attitude_init                  
00002291  Distance_init                  
0000229f  Mavlink_DateInit               
000022e1  MavLink_Data_Get               
000024d1  ppm_encoder_init               
000025ad  Timer0AIntHandler              
000025d7  ppm_encoder_set_data           
00002871  EWA_Filter_Init                
000028d3  EWA_Filter_Compute             
000029bb  MA_Filter_Init                 
00002a0d  MA_Filter_Compute              
00002af9  GPIOE3_Init                    
00002b1f  SonicTrig                      
00002b4f  WTimer0BIntHandler             
00002c13  WTimer0BConfigure              
00002c75  UltrasonicConfigure            
00002cd5  Recive_UART3_Config            
00002d19  UART3IntHandler                
00002da1  u3Data_handle                  
00002ead  __aeabi_dsub                   
00002eb7  __aeabi_dadd                   
00003063  __aeabi_idiv0                  
00003065  Recive_UART1_Config            
000030ab  UART1IntHandler                
000031d5  sqrt                           
000031d5  sqrtl                          
00003345  __aeabi_ddiv                   
0000347b  GPIOPadConfigSet               
000035ad  SysCtlClockGet                 
000036bd  __aeabi_dmul                   
000037b9  ldexp                          
000037b9  ldexpl                         
000037b9  scalbn                         
000037b9  scalbnl                        
000038b5  __aeabi_memcpy                 
000038b5  __aeabi_memcpy4                
000038b5  __aeabi_memcpy8                
000038b5  memcpy                         
00003951  __aeabi_cdcmpeq                
00003951  __aeabi_cdcmple                
000039d7  __aeabi_cdrcmple               
00003a5d  __aeabi_memclr                 
00003a5d  __aeabi_memclr4                
00003a5d  __aeabi_memclr8                
00003a5f  __aeabi_memset                 
00003a5f  __aeabi_memset4                
00003a5f  __aeabi_memset8                
00003a65  memset                         
00003ad7  __mpu_init                     
00003ad9  __TI_auto_init                 
00003b49  __aeabi_d2f                    
00003bb7  _system_post_cinit             
00003bb9  IntEnable                      
00003c21  __TI_decompress_lzss           
00003c89  TimerConfigure                 
00003ce9  _c_int00                       
00003d3d  C$$EXIT                        
00003d41  abort                          
00003d49  exit                           
00003ddd  copy_in                        
00003e29  GPIOPinConfigure               
00003e71  __aeabi_d2iz                   
00003eb9  UARTConfigSetExpClk            
00003eff  __aeabi_uidiv                  
00003eff  __aeabi_uidivmod               
00003f41  SysCtlPeripheralReady          
00003f79  __aeabi_f2d                    
00003fb1  IntRegister                    
00003fe5  SysCtlPeripheralEnable         
00004019  __aeabi_i2d                    
00004047  GPIODirModeSet                 
00004071  IntPrioritySet                 
00004095  UARTDisable                    
000040b5  __aeabi_ui2d                   
000040d5  GPIOPinTypeGPIOOutput          
000040ed  TimerIntRegister               
00004105  _args_main                     
0000411d  TimerControlEvent              
00004133  UARTEnable                     
00004149  _register_unlock               
0000414f  _register_lock                 
00004157  _nop                           
0000415d  copysign                       
0000415d  copysignl                      
00004171  GPIOPinTypeGPIOInput           
00004183  GPIOPinTypeTimer               
00004195  GPIOPinTypeUART                
000041a9  FPUEnable                      
000041b9  FPULazyStackingEnable          
000041c9  IntMasterEnable                
000041d9  TimerEnable                    
000041e7  UARTCharGetNonBlocking         
000041f5  UARTCharsAvail                 
00004203  __TI_decompress_none           
00004211  CPUcpsie                       
0000421d  __TI_zero_init                 
00004229  ResetISR                       
00004235  TimerIntStatus                 
0000423f  TimerValueGet                  
00004249  UARTFIFOEnable                 
00004253  UARTIntStatus                  
0000425d  TimerIntEnable                 
00004265  UARTIntEnable                  
0000426d  GPIOPinRead                    
00004273  GPIOPinWrite                   
00004279  TimerClockSourceSet            
0000427f  UARTClockSourceSet             
00004285  UARTFIFOLevelSet               
0000428b  TimerIntClear                  
0000428f  UARTIntClear                   
00004293  _system_pre_init               
000045d4  __TI_Handler_Table_Base        
000045e0  __TI_Handler_Table_Limit       
000045f0  __TI_CINIT_Base                
00004608  __TI_CINIT_Limit               
20000000  g_pfnRAMVectors                
2000026c  __stack                        
2000046c  __STACK_END                    
2000046c  __STACK_TOP                    
20000470  position_controler             
200004d8  UART1_Rx_Buffers               
2000050c  UART1_Rx_Data                  
20000540  Source_attitude_payload        
20000570  altitude_ewa                   
200005a0  altitude_controler             
20000602  ppm_data                       
20000620  UART3_Rx_Buffers               
2000062c  Source_Rangefinder_payload     
20000634  int_mavlink_height             
20000638  int_pitch                      
2000063c  int_roll                       
20000640  int_yaw                        
20000644  mavlink_height                 
20000648  pitch                          
2000064c  roll                           
20000650  yaw                            
20000654  UART1_Rx_Len                   
20000655  UART1_Sender_Address           
20000656  payload_buf_index              
20000657  rx_buffer                      
20000658  Rx_Buffer_attitude             
20000680  ultrasonic_distance_history    
200006a8  Rx_Buffer_height               
200006bc  x_hat                          
200006c0  y_hat                          
200006c4  UART3_Updated_Flag             
200006d0  aircraft_start_flag            
200006e0  __TI_cleanup_ptr               
200006e4  __TI_dtors_ptr                 
200006e8  __TI_enable_exit_profile_output
200006ec  ultrasonic_update_flag         
200006f0  ultrasonic_distance            
200006f8  _lock                          
200006fc  _unlock                        
20000700  UART1_Updated_Flag             
20000710  newAttiFlag                    
20000711  newHeightFlag                  
20000712  start_receive_attitude         
20000713  start_receive_height           
20000728  errno                          
2000072c  main_func_sp                   
ffffffff  __TI_pprof_out_hndl            
ffffffff  __TI_prof_data_size            
ffffffff  __TI_prof_data_start           
ffffffff  __binit__                      
ffffffff  __c_args__                     
ffffffff  binit                          
UNDEFED   SHT$$INIT_ARRAY$$Base          
UNDEFED   SHT$$INIT_ARRAY$$Limit         

[201 symbols]
