******************************************************************************
                  TI ARM Linker PC v16.9.0                     
******************************************************************************
>> Linked Mon Jan 28 19:15:28 2019

OUTPUT FILE NAME:   <Aircraft_v25.out>
ENTRY POINT SYMBOL: "_c_int00"  address: 00003f79


MEMORY CONFIGURATION

         name            origin    length      used     unused   attr    fill
----------------------  --------  ---------  --------  --------  ----  --------
  FLASH                 00000000   00040000  00004896  0003b76a  R  X
  SRAM                  20000000   00008000  0000072c  000078d4  RW X


SEGMENT ALLOCATION MAP

run origin  load origin   length   init length attrs members
----------  ----------- ---------- ----------- ----- -------
00000000    00000000    00004898   00004898    r-x
  00000000    00000000    0000026c   0000026c    r-- .intvecs
  0000026c    0000026c    000042ba   000042ba    r-x .text
  00004528    00004528    00000308   00000308    r-- .const
  00004830    00004830    00000068   00000068    r-- .cinit
20000000    20000000    00000730   00000000    rw-
  20000000    20000000    0000026c   00000000    rw- .vtable
  2000026c    2000026c    00000200   00000000    rw- .stack
  20000470    20000470    000001e8   00000000    rw- .bss
  20000658    20000658    000000d8   00000000    rw- .data


SECTION ALLOCATION MAP

 output                                  attributes/
section   page    origin      length       input sections
--------  ----  ----------  ----------   ----------------
.intvecs   0    00000000    0000026c     
                  00000000    0000026c     tm4c123gh6pm_startup_ccs.obj (.intvecs)

.text      0    0000026c    000042ba     
                  0000026c    00001260     main.obj (.text)
                  000014cc    000009ac     rtsv7M4_T_le_v4SPD16_eabi.lib : e_pow.obj (.text)
                  00001e78    000004dc     uartstdio.obj (.text)
                  00002354    00000420     mavlink.obj (.text)
                  00002774    000003a0     ppm.obj (.text)
                  00002b14    00000288     filter.obj (.text)
                  00002d9c    000001dc     ultrasonic.obj (.text)
                  00002f78    000001c4     camera.obj (.text)
                  0000313c    000001b6     rtsv7M4_T_le_v4SPD16_eabi.lib : fd_add_t2.obj (.text)
                  000032f2    00000002                                   : i_div0.obj (.text)
                  000032f4    00000170     receive.obj (.text)
                  00003464    00000170     rtsv7M4_T_le_v4SPD16_eabi.lib : e_sqrt.obj (.text)
                  000035d4    00000136                                   : fd_div_t2.obj (.text)
                  0000370a    00000132     driverlib.lib : gpio.obj (.text:GPIOPadConfigSet)
                  0000383c    00000110                   : sysctl.obj (.text:SysCtlClockGet)
                  0000394c    000000fc     rtsv7M4_T_le_v4SPD16_eabi.lib : fd_mul_t2.obj (.text)
                  00003a48    000000fc                                   : s_scalbn.obj (.text)
                  00003b44    0000009c                                   : memcpy_t2.obj (.text)
                  00003be0    00000086                                   : fd_cmp_t2.obj (.text:__aeabi_cdcmple)
                  00003c66    00000086                                   : fd_cmp_t2.obj (.text:__aeabi_cdrcmple)
                  00003cec    0000007a                                   : memset_t2.obj (.text)
                  00003d66    00000002                                   : mpu_init.obj (.text)
                  00003d68    00000070                                   : autoinit.obj (.text)
                  00003dd8    0000006e                                   : fd_tos_t2.obj (.text)
                  00003e46    00000002                                   : startup.obj (.text)
                  00003e48    00000068     driverlib.lib : interrupt.obj (.text:IntEnable)
                  00003eb0    00000068     rtsv7M4_T_le_v4SPD16_eabi.lib : copy_decompress_lzss.obj (.text:decompress:lzss)
                  00003f18    00000060     driverlib.lib : timer.obj (.text:TimerConfigure)
                  00003f78    00000054     rtsv7M4_T_le_v4SPD16_eabi.lib : boot.obj (.text)
                  00003fcc    00000054                                   : exit.obj (.text)
                  00004020    0000004c     driverlib.lib : timer.obj (.text:_TimerIntNumberGet)
                  0000406c    0000004c     rtsv7M4_T_le_v4SPD16_eabi.lib : cpy_tbl.obj (.text)
                  000040b8    00000048     driverlib.lib : gpio.obj (.text:GPIOPinConfigure)
                  00004100    00000048     rtsv7M4_T_le_v4SPD16_eabi.lib : fd_toi_t2.obj (.text)
                  00004148    00000046     driverlib.lib : uart.obj (.text:UARTConfigSetExpClk)
                  0000418e    00000040     rtsv7M4_T_le_v4SPD16_eabi.lib : u_divt2.obj (.text)
                  000041ce    00000002     --HOLE-- [fill = 0]
                  000041d0    00000038     driverlib.lib : sysctl.obj (.text:SysCtlPeripheralReady)
                  00004208    00000038     rtsv7M4_T_le_v4SPD16_eabi.lib : fs_tod_t2.obj (.text)
                  00004240    00000034     driverlib.lib : interrupt.obj (.text:IntRegister)
                  00004274    00000034                   : sysctl.obj (.text:SysCtlPeripheralEnable)
                  000042a8    0000002e     rtsv7M4_T_le_v4SPD16_eabi.lib : i_tofd_t2.obj (.text)
                  000042d6    0000002a     driverlib.lib : gpio.obj (.text:GPIODirModeSet)
                  00004300    00000024                   : interrupt.obj (.text:IntPrioritySet)
                  00004324    00000020                   : uart.obj (.text:UARTDisable)
                  00004344    00000020     rtsv7M4_T_le_v4SPD16_eabi.lib : u_tofd_t2.obj (.text)
                  00004364    00000018     driverlib.lib : gpio.obj (.text:GPIOPinTypeGPIOOutput)
                  0000437c    00000018                   : timer.obj (.text:TimerIntRegister)
                  00004394    00000018     rtsv7M4_T_le_v4SPD16_eabi.lib : args_main.obj (.text)
                  000043ac    00000016     driverlib.lib : timer.obj (.text:TimerControlEvent)
                  000043c2    00000014                   : uart.obj (.text:UARTEnable)
                  000043d6    00000002     --HOLE-- [fill = 0]
                  000043d8    00000014     rtsv7M4_T_le_v4SPD16_eabi.lib : _lock.obj (.text)
                  000043ec    00000014                                   : s_copysign.obj (.text)
                  00004400    00000012     driverlib.lib : gpio.obj (.text:GPIOPinTypeGPIOInput)
                  00004412    00000012                   : gpio.obj (.text:GPIOPinTypeTimer)
                  00004424    00000012                   : gpio.obj (.text:GPIOPinTypeUART)
                  00004436    00000002     --HOLE-- [fill = 0]
                  00004438    00000010                   : fpu.obj (.text:FPUEnable)
                  00004448    00000010                   : fpu.obj (.text:FPULazyStackingEnable)
                  00004458    00000010                   : interrupt.obj (.text:IntMasterEnable)
                  00004468    0000000e                   : timer.obj (.text:TimerEnable)
                  00004476    0000000e                   : uart.obj (.text:UARTCharGetNonBlocking)
                  00004484    0000000e                   : uart.obj (.text:UARTCharsAvail)
                  00004492    0000000e     rtsv7M4_T_le_v4SPD16_eabi.lib : copy_decompress_none.obj (.text:decompress:none)
                  000044a0    0000000c     driverlib.lib : cpu.obj (.text:CPUcpsie)
                  000044ac    0000000c     rtsv7M4_T_le_v4SPD16_eabi.lib : copy_zero_init.obj (.text:decompress:ZI)
                  000044b8    0000000c     tm4c123gh6pm_startup_ccs.obj (.text)
                  000044c4    0000000a     driverlib.lib : timer.obj (.text:TimerIntStatus)
                  000044ce    0000000a                   : timer.obj (.text:TimerValueGet)
                  000044d8    0000000a                   : uart.obj (.text:UARTFIFOEnable)
                  000044e2    0000000a                   : uart.obj (.text:UARTIntStatus)
                  000044ec    00000008                   : timer.obj (.text:TimerIntEnable)
                  000044f4    00000008                   : uart.obj (.text:UARTIntEnable)
                  000044fc    00000006                   : gpio.obj (.text:GPIOPinRead)
                  00004502    00000006                   : gpio.obj (.text:GPIOPinWrite)
                  00004508    00000006                   : timer.obj (.text:TimerClockSourceSet)
                  0000450e    00000006                   : uart.obj (.text:UARTClockSourceSet)
                  00004514    00000006                   : uart.obj (.text:UARTFIFOLevelSet)
                  0000451a    00000004                   : timer.obj (.text:TimerIntClear)
                  0000451e    00000004                   : uart.obj (.text:UARTIntClear)
                  00004522    00000004     rtsv7M4_T_le_v4SPD16_eabi.lib : pre_init.obj (.text)

.const     0    00004528    00000308     
                  00004528    0000009c     driverlib.lib : interrupt.obj (.const:g_pui32Regs)
                  000045c4    00000090                   : gpio.obj (.const:g_pui32GPIOBaseAddrs)
                  00004654    00000070                   : interrupt.obj (.const)
                  000046c4    0000006c                   : sysctl.obj (.const:g_pui32Xtals)
                  00004730    00000060                   : timer.obj (.const:g_ppui32TimerIntMap)
                  00004790    00000040                   : timer.obj (.const:g_ppui32TimerIntMapSnowflake)
                  000047d0    00000030     rtsv7M4_T_le_v4SPD16_eabi.lib : e_pow.obj (.const:$O1$$)
                  00004800    00000012     uartstdio.obj (.const:.string)
                  00004812    00000002     --HOLE-- [fill = 0]
                  00004814    0000000c     uartstdio.obj (.const:g_ui32UARTBase)
                  00004820    0000000c     uartstdio.obj (.const:g_ui32UARTPeriph)
                  0000482c    00000004     uartstdio.obj (.const)

.cinit     0    00004830    00000068     
                  00004830    00000031     (.cinit..data.load) [load image, compression = lzss]
                  00004861    00000003     --HOLE-- [fill = 0]
                  00004864    0000000c     (__TI_handler_table)
                  00004870    00000008     (.cinit..bss.load) [load image, compression = zero_init]
                  00004878    00000008     (.cinit..vtable.load) [load image, compression = zero_init]
                  00004880    00000018     (__TI_cinit_table)

.init_array 
*          0    00000000    00000000     UNINITIALIZED

.vtable    0    20000000    0000026c     UNINITIALIZED
                  20000000    0000026c     driverlib.lib : interrupt.obj (.vtable)

.stack     0    2000026c    00000200     UNINITIALIZED
                  2000026c    00000200     --HOLE--

.bss       0    20000470    000001e8     UNINITIALIZED
                  20000470    00000068     (.common:position_controler)
                  200004d8    00000034     (.common:UART1_Rx_Buffers)
                  2000050c    00000034     (.common:UART1_Rx_Data)
                  20000540    00000030     (.common:Source_attitude_payload)
                  20000570    00000030     (.common:altitude_ewa)
                  200005a0    0000002c     (.common:altitude_controler)
                  200005cc    00000024     ppm.obj (.bss:ppm_data_buf)
                  200005f0    00000012     ppm.obj (.bss:ppm_data_shadow)
                  20000602    00000012     (.common:ppm_data)
                  20000614    0000000c     ppm.obj (.bss)
                  20000620    0000000c     (.common:UART3_Rx_Buffers)
                  2000062c    00000008     (.common:Source_Rangefinder_payload)
                  20000634    00000004     (.common:int_mavlink_height)
                  20000638    00000004     (.common:int_pitch)
                  2000063c    00000004     (.common:int_roll)
                  20000640    00000004     (.common:int_yaw)
                  20000644    00000004     (.common:mavlink_height)
                  20000648    00000004     (.common:pitch)
                  2000064c    00000004     (.common:roll)
                  20000650    00000004     (.common:yaw)
                  20000654    00000001     (.common:UART1_Rx_Len)
                  20000655    00000001     (.common:UART1_Sender_Address)
                  20000656    00000001     (.common:payload_buf_index)
                  20000657    00000001     (.common:rx_buffer)

.data      0    20000658    000000d8     UNINITIALIZED
                  20000658    00000028     mavlink.obj (.data:Rx_Buffer_attitude)
                  20000680    00000028     ultrasonic.obj (.data:ultrasonic_distance_history)
                  200006a8    00000014     mavlink.obj (.data:Rx_Buffer_height)
                  200006bc    00000011     camera.obj (.data)
                  200006cd    00000003     --HOLE--
                  200006d0    00000010     main.obj (.data)
                  200006e0    0000000c     rtsv7M4_T_le_v4SPD16_eabi.lib : exit.obj (.data:$O1$$)
                  200006ec    0000000a     ultrasonic.obj (.data)
                  200006f6    00000002     --HOLE--
                  200006f8    00000008     rtsv7M4_T_le_v4SPD16_eabi.lib : _lock.obj (.data:$O1$$)
                  20000700    00000008     receive.obj (.data)
                  20000708    00000008     ultrasonic.obj (.data:ui32Time$2)
                  20000710    00000006     mavlink.obj (.data)
                  20000716    00000002     --HOLE--
                  20000718    00000005     ppm.obj (.data)
                  2000071d    00000003     --HOLE--
                  20000720    00000005     uartstdio.obj (.data)
                  20000725    00000003     --HOLE--
                  20000728    00000004     rtsv7M4_T_le_v4SPD16_eabi.lib : errno.obj (.data)
                  2000072c    00000004                                   : stkdepth_vars.obj (.data)

MODULE SUMMARY

       Module                         code    ro data   rw data
       ------                         ----    -------   -------
    .\
       main.obj                       4704    0         230    
       uartstdio.obj                  1244    46        5      
       mavlink.obj                    1056    0         156    
       ppm.obj                        928     0         71     
       filter.obj                     648     0         0      
       tm4c123gh6pm_startup_ccs.obj   12      620       0      
       ultrasonic.obj                 476     0         58     
       receive.obj                    368     0         114    
       camera.obj                     452     0         29     
    +--+------------------------------+-------+---------+---------+
       Total:                         9888    666       663    
                                                               
    D:\ti\ccsv7\tools\compiler\ti-cgt-arm_16.9.0.LTS\lib\rtsv7M4_T_le_v4SPD16_eabi.lib
       e_pow.obj                      2476    48        0      
       fd_add_t2.obj                  438     0         0      
       e_sqrt.obj                     368     0         0      
       fd_div_t2.obj                  310     0         0      
       fd_cmp_t2.obj                  268     0         0      
       fd_mul_t2.obj                  252     0         0      
       s_scalbn.obj                   252     0         0      
       memcpy_t2.obj                  156     0         0      
       memset_t2.obj                  122     0         0      
       autoinit.obj                   112     0         0      
       fd_tos_t2.obj                  110     0         0      
       copy_decompress_lzss.obj       104     0         0      
       exit.obj                       84      0         12     
       boot.obj                       84      0         0      
       cpy_tbl.obj                    76      0         0      
       fd_toi_t2.obj                  72      0         0      
       u_divt2.obj                    64      0         0      
       fs_tod_t2.obj                  56      0         0      
       i_tofd_t2.obj                  46      0         0      
       u_tofd_t2.obj                  32      0         0      
       _lock.obj                      20      0         8      
       args_main.obj                  24      0         0      
       s_copysign.obj                 20      0         0      
       copy_decompress_none.obj       14      0         0      
       copy_zero_init.obj             12      0         0      
       errno.obj                      0       0         4      
       pre_init.obj                   4       0         0      
       stkdepth_vars.obj              0       0         4      
       i_div0.obj                     2       0         0      
       mpu_init.obj                   2       0         0      
       startup.obj                    2       0         0      
    +--+------------------------------+-------+---------+---------+
       Total:                         5582    48        28     
                                                               
    F:/TIVAWARE002/driverlib/ccs/Debug/driverlib.lib
       interrupt.obj                  208     268       620    
       gpio.obj                       510     144       0      
       sysctl.obj                     380     108       0      
       timer.obj                      270     160       0      
       uart.obj                       194     0         0      
       fpu.obj                        32      0         0      
       cpu.obj                        12      0         0      
    +--+------------------------------+-------+---------+---------+
       Total:                         1606    680       620    
                                                               
       Stack:                         0       0         512    
       Linker Generated:              0       101       0      
    +--+------------------------------+-------+---------+---------+
       Grand Total:                   17076   1495      1823   


LINKER GENERATED COPY TABLES

__TI_cinit_table @ 00004880 records: 3, size/record: 8, table size: 24
	.data: load addr=00004830, load size=00000031 bytes, run addr=20000658, run size=000000d8 bytes, compression=lzss
	.bss: load addr=00004870, load size=00000008 bytes, run addr=20000470, run size=000001e8 bytes, compression=zero_init
	.vtable: load addr=00004878, load size=00000008 bytes, run addr=20000000, run size=0000026c bytes, compression=zero_init


LINKER GENERATED HANDLER TABLE

__TI_handler_table @ 00004864 records: 3, size/record: 4, table size: 12
	index: 0, handler: __TI_zero_init
	index: 1, handler: __TI_decompress_lzss
	index: 2, handler: __TI_decompress_none


GLOBAL SYMBOLS: SORTED ALPHABETICALLY BY Name 

address   name                           
-------   ----                           
00000855  AircraftDataReceive            
000011c5  AircraftMain                   
00000c01  Aircraft_Base_Output           
00000bb1  Aircraft_Unlock                
0000026d  AltitudeControlerInit          
000007cb  AltitudeGet                    
0000035d  Altitude_Control               
000023b5  Attitude_Data_Store            
00002527  Attitude_init                  
00003fcd  C$$EXIT                        
000044a1  CPUcpsie                       
00000f19  CalibrationMain                
00000a59  ConfigureUART0                 
00002535  Distance_init                  
00002b77  EWA_Filter_Compute             
00002b15  EWA_Filter_Init                
00004439  FPUEnable                      
00004449  FPULazyStackingEnable          
000042d7  GPIODirModeSet                 
00002d9d  GPIOE3_Init                    
0000370b  GPIOPadConfigSet               
000040b9  GPIOPinConfigure               
000044fd  GPIOPinRead                    
00004401  GPIOPinTypeGPIOInput           
00004365  GPIOPinTypeGPIOOutput          
00004413  GPIOPinTypeTimer               
00004425  GPIOPinTypeUART                
00004503  GPIOPinWrite                   
00003e49  IntEnable                      
00004459  IntMasterEnable                
00004301  IntPrioritySet                 
00004241  IntRegister                    
00000af5  KEY_PF4_Pros                   
00000ac5  Key_PF4_Init                   
00000a9d  LED_Init                       
00002cb1  MA_Filter_Compute              
00002c5f  MA_Filter_Init                 
00002585  MavLink_Data_Get               
00002355  Mav_recive_UART2_Config        
00002543  Mavlink_DateInit               
00000b4d  PPM_Channal_Init               
000002c5  PositionControlerInit          
000005dd  Position_Control               
000032f5  Recive_UART1_Config            
00002f79  Recive_UART3_Config            
000044b9  ResetISR                       
00000c61  RolloverProtection             
20000658  Rx_Buffer_attitude             
200006a8  Rx_Buffer_height               
UNDEFED   SHT$$INIT_ARRAY$$Base          
UNDEFED   SHT$$INIT_ARRAY$$Limit         
00002dc3  SonicTrig                      
2000062c  Source_Rangefinder_payload     
20000540  Source_attitude_payload        
0000383d  SysCtlClockGet                 
00004275  SysCtlPeripheralEnable         
000041d1  SysCtlPeripheralReady          
00002851  Timer0AIntHandler              
00000d8d  Timer1AIntHandler              
00000ced  Timer1A_Init                   
00004509  TimerClockSourceSet            
00003f19  TimerConfigure                 
000043ad  TimerControlEvent              
00004469  TimerEnable                    
0000451b  TimerIntClear                  
000044ed  TimerIntEnable                 
0000437d  TimerIntRegister               
000044c5  TimerIntStatus                 
000044cf  TimerValueGet                  
0000333b  UART1IntHandler                
00000e19  UART1_Data_Pros                
200004d8  UART1_Rx_Buffers               
2000050c  UART1_Rx_Data                  
20000654  UART1_Rx_Len                   
20000655  UART1_Sender_Address           
20000700  UART1_Updated_Flag             
000023eb  UART2IntHandler                
00002fbd  UART3IntHandler                
20000620  UART3_Rx_Buffers               
200006c4  UART3_Updated_Flag             
00004477  UARTCharGetNonBlocking         
00004485  UARTCharsAvail                 
0000450f  UARTClockSourceSet             
00004149  UARTConfigSetExpClk            
00004325  UARTDisable                    
000043c3  UARTEnable                     
000044d9  UARTFIFOEnable                 
00004515  UARTFIFOLevelSet               
0000451f  UARTIntClear                   
000044f5  UARTIntEnable                  
000044e3  UARTIntStatus                  
00001e79  UARTStdioConfig                
00001ff1  UARTgetc                       
00001f2b  UARTgets                       
0000231f  UARTprintf                     
00002025  UARTvprintf                    
00001ed9  UARTwrite                      
00002f19  UltrasonicConfigure            
00002eb7  WTimer0BConfigure              
00002df3  WTimer0BIntHandler             
2000046c  __STACK_END                    
00000200  __STACK_SIZE                   
2000046c  __STACK_TOP                    
00004880  __TI_CINIT_Base                
00004898  __TI_CINIT_Limit               
00004864  __TI_Handler_Table_Base        
00004870  __TI_Handler_Table_Limit       
00003d69  __TI_auto_init                 
200006e0  __TI_cleanup_ptr               
00003eb1  __TI_decompress_lzss           
00004493  __TI_decompress_none           
200006e4  __TI_dtors_ptr                 
200006e8  __TI_enable_exit_profile_output
ffffffff  __TI_pprof_out_hndl            
ffffffff  __TI_prof_data_size            
ffffffff  __TI_prof_data_start           
00000000  __TI_static_base__             
000044ad  __TI_zero_init                 
00003be1  __aeabi_cdcmpeq                
00003be1  __aeabi_cdcmple                
00003c67  __aeabi_cdrcmple               
00003dd9  __aeabi_d2f                    
00004101  __aeabi_d2iz                   
00003147  __aeabi_dadd                   
000035d5  __aeabi_ddiv                   
0000394d  __aeabi_dmul                   
0000313d  __aeabi_dsub                   
00004209  __aeabi_f2d                    
000042a9  __aeabi_i2d                    
000032f3  __aeabi_idiv0                  
00003ced  __aeabi_memclr                 
00003ced  __aeabi_memclr4                
00003ced  __aeabi_memclr8                
00003b45  __aeabi_memcpy                 
00003b45  __aeabi_memcpy4                
00003b45  __aeabi_memcpy8                
00003cef  __aeabi_memset                 
00003cef  __aeabi_memset4                
00003cef  __aeabi_memset8                
00004345  __aeabi_ui2d                   
0000418f  __aeabi_uidiv                  
0000418f  __aeabi_uidivmod               
ffffffff  __binit__                      
ffffffff  __c_args__                     
00003d67  __mpu_init                     
2000026c  __stack                        
00004395  _args_main                     
00003f79  _c_int00                       
200006f8  _lock                          
000043e7  _nop                           
000043df  _register_lock                 
000043d9  _register_unlock               
00003e47  _system_post_cinit             
00004523  _system_pre_init               
200006fc  _unlock                        
00003fd1  abort                          
200006d0  aircraft_start_flag            
200005a0  altitude_controler             
20000570  altitude_ewa                   
ffffffff  binit                          
0000406d  copy_in                        
000043ed  copysign                       
000043ed  copysignl                      
20000728  errno                          
00003fd9  exit                           
20000000  g_pfnRAMVectors                
00000000  g_pfnVectors                   
20000634  int_mavlink_height             
20000638  int_pitch                      
2000063c  int_roll                       
20000640  int_yaw                        
00003a49  ldexp                          
00003a49  ldexpl                         
00001453  main                           
2000072c  main_func_sp                   
20000644  mavlink_height                 
00003b45  memcpy                         
00003cf5  memset                         
20000710  newAttiFlag                    
20000711  newHeightFlag                  
20000656  payload_buf_index              
20000648  pitch                          
20000470  position_controler             
000014cd  pow                            
000014cd  powl                           
20000602  ppm_data                       
00002775  ppm_encoder_init               
0000287b  ppm_encoder_set_data           
2000064c  roll                           
20000657  rx_buffer                      
00003a49  scalbn                         
00003a49  scalbnl                        
00003465  sqrt                           
00003465  sqrtl                          
20000712  start_receive_attitude         
20000713  start_receive_height           
00003045  u3Data_handle                  
200006f0  ultrasonic_distance            
20000680  ultrasonic_distance_history    
200006ec  ultrasonic_update_flag         
200006bc  x_hat                          
200006c0  y_hat                          
20000650  yaw                            


GLOBAL SYMBOLS: SORTED BY Symbol Address 

address   name                           
-------   ----                           
00000000  __TI_static_base__             
00000000  g_pfnVectors                   
00000200  __STACK_SIZE                   
0000026d  AltitudeControlerInit          
000002c5  PositionControlerInit          
0000035d  Altitude_Control               
000005dd  Position_Control               
000007cb  AltitudeGet                    
00000855  AircraftDataReceive            
00000a59  ConfigureUART0                 
00000a9d  LED_Init                       
00000ac5  Key_PF4_Init                   
00000af5  KEY_PF4_Pros                   
00000b4d  PPM_Channal_Init               
00000bb1  Aircraft_Unlock                
00000c01  Aircraft_Base_Output           
00000c61  RolloverProtection             
00000ced  Timer1A_Init                   
00000d8d  Timer1AIntHandler              
00000e19  UART1_Data_Pros                
00000f19  CalibrationMain                
000011c5  AircraftMain                   
00001453  main                           
000014cd  pow                            
000014cd  powl                           
00001e79  UARTStdioConfig                
00001ed9  UARTwrite                      
00001f2b  UARTgets                       
00001ff1  UARTgetc                       
00002025  UARTvprintf                    
0000231f  UARTprintf                     
00002355  Mav_recive_UART2_Config        
000023b5  Attitude_Data_Store            
000023eb  UART2IntHandler                
00002527  Attitude_init                  
00002535  Distance_init                  
00002543  Mavlink_DateInit               
00002585  MavLink_Data_Get               
00002775  ppm_encoder_init               
00002851  Timer0AIntHandler              
0000287b  ppm_encoder_set_data           
00002b15  EWA_Filter_Init                
00002b77  EWA_Filter_Compute             
00002c5f  MA_Filter_Init                 
00002cb1  MA_Filter_Compute              
00002d9d  GPIOE3_Init                    
00002dc3  SonicTrig                      
00002df3  WTimer0BIntHandler             
00002eb7  WTimer0BConfigure              
00002f19  UltrasonicConfigure            
00002f79  Recive_UART3_Config            
00002fbd  UART3IntHandler                
00003045  u3Data_handle                  
0000313d  __aeabi_dsub                   
00003147  __aeabi_dadd                   
000032f3  __aeabi_idiv0                  
000032f5  Recive_UART1_Config            
0000333b  UART1IntHandler                
00003465  sqrt                           
00003465  sqrtl                          
000035d5  __aeabi_ddiv                   
0000370b  GPIOPadConfigSet               
0000383d  SysCtlClockGet                 
0000394d  __aeabi_dmul                   
00003a49  ldexp                          
00003a49  ldexpl                         
00003a49  scalbn                         
00003a49  scalbnl                        
00003b45  __aeabi_memcpy                 
00003b45  __aeabi_memcpy4                
00003b45  __aeabi_memcpy8                
00003b45  memcpy                         
00003be1  __aeabi_cdcmpeq                
00003be1  __aeabi_cdcmple                
00003c67  __aeabi_cdrcmple               
00003ced  __aeabi_memclr                 
00003ced  __aeabi_memclr4                
00003ced  __aeabi_memclr8                
00003cef  __aeabi_memset                 
00003cef  __aeabi_memset4                
00003cef  __aeabi_memset8                
00003cf5  memset                         
00003d67  __mpu_init                     
00003d69  __TI_auto_init                 
00003dd9  __aeabi_d2f                    
00003e47  _system_post_cinit             
00003e49  IntEnable                      
00003eb1  __TI_decompress_lzss           
00003f19  TimerConfigure                 
00003f79  _c_int00                       
00003fcd  C$$EXIT                        
00003fd1  abort                          
00003fd9  exit                           
0000406d  copy_in                        
000040b9  GPIOPinConfigure               
00004101  __aeabi_d2iz                   
00004149  UARTConfigSetExpClk            
0000418f  __aeabi_uidiv                  
0000418f  __aeabi_uidivmod               
000041d1  SysCtlPeripheralReady          
00004209  __aeabi_f2d                    
00004241  IntRegister                    
00004275  SysCtlPeripheralEnable         
000042a9  __aeabi_i2d                    
000042d7  GPIODirModeSet                 
00004301  IntPrioritySet                 
00004325  UARTDisable                    
00004345  __aeabi_ui2d                   
00004365  GPIOPinTypeGPIOOutput          
0000437d  TimerIntRegister               
00004395  _args_main                     
000043ad  TimerControlEvent              
000043c3  UARTEnable                     
000043d9  _register_unlock               
000043df  _register_lock                 
000043e7  _nop                           
000043ed  copysign                       
000043ed  copysignl                      
00004401  GPIOPinTypeGPIOInput           
00004413  GPIOPinTypeTimer               
00004425  GPIOPinTypeUART                
00004439  FPUEnable                      
00004449  FPULazyStackingEnable          
00004459  IntMasterEnable                
00004469  TimerEnable                    
00004477  UARTCharGetNonBlocking         
00004485  UARTCharsAvail                 
00004493  __TI_decompress_none           
000044a1  CPUcpsie                       
000044ad  __TI_zero_init                 
000044b9  ResetISR                       
000044c5  TimerIntStatus                 
000044cf  TimerValueGet                  
000044d9  UARTFIFOEnable                 
000044e3  UARTIntStatus                  
000044ed  TimerIntEnable                 
000044f5  UARTIntEnable                  
000044fd  GPIOPinRead                    
00004503  GPIOPinWrite                   
00004509  TimerClockSourceSet            
0000450f  UARTClockSourceSet             
00004515  UARTFIFOLevelSet               
0000451b  TimerIntClear                  
0000451f  UARTIntClear                   
00004523  _system_pre_init               
00004864  __TI_Handler_Table_Base        
00004870  __TI_Handler_Table_Limit       
00004880  __TI_CINIT_Base                
00004898  __TI_CINIT_Limit               
20000000  g_pfnRAMVectors                
2000026c  __stack                        
2000046c  __STACK_END                    
2000046c  __STACK_TOP                    
20000470  position_controler             
200004d8  UART1_Rx_Buffers               
2000050c  UART1_Rx_Data                  
20000540  Source_attitude_payload        
20000570  altitude_ewa                   
200005a0  altitude_controler             
20000602  ppm_data                       
20000620  UART3_Rx_Buffers               
2000062c  Source_Rangefinder_payload     
20000634  int_mavlink_height             
20000638  int_pitch                      
2000063c  int_roll                       
20000640  int_yaw                        
20000644  mavlink_height                 
20000648  pitch                          
2000064c  roll                           
20000650  yaw                            
20000654  UART1_Rx_Len                   
20000655  UART1_Sender_Address           
20000656  payload_buf_index              
20000657  rx_buffer                      
20000658  Rx_Buffer_attitude             
20000680  ultrasonic_distance_history    
200006a8  Rx_Buffer_height               
200006bc  x_hat                          
200006c0  y_hat                          
200006c4  UART3_Updated_Flag             
200006d0  aircraft_start_flag            
200006e0  __TI_cleanup_ptr               
200006e4  __TI_dtors_ptr                 
200006e8  __TI_enable_exit_profile_output
200006ec  ultrasonic_update_flag         
200006f0  ultrasonic_distance            
200006f8  _lock                          
200006fc  _unlock                        
20000700  UART1_Updated_Flag             
20000710  newAttiFlag                    
20000711  newHeightFlag                  
20000712  start_receive_attitude         
20000713  start_receive_height           
20000728  errno                          
2000072c  main_func_sp                   
ffffffff  __TI_pprof_out_hndl            
ffffffff  __TI_prof_data_size            
ffffffff  __TI_prof_data_start           
ffffffff  __binit__                      
ffffffff  __c_args__                     
ffffffff  binit                          
UNDEFED   SHT$$INIT_ARRAY$$Base          
UNDEFED   SHT$$INIT_ARRAY$$Limit         

[203 symbols]
