******************************************************************************
                  TI ARM Linker PC v16.9.0                     
******************************************************************************
>> Linked Sat Jan 26 17:31:32 2019

OUTPUT FILE NAME:   <Aircraft_v9.out>
ENTRY POINT SYMBOL: "_c_int00"  address: 00003c71


MEMORY CONFIGURATION

         name            origin    length      used     unused   attr    fill
----------------------  --------  ---------  --------  --------  ----  --------
  FLASH                 00000000   00040000  000045d2  0003ba2e  R  X
  SRAM                  20000000   00008000  00000a3c  000075c4  RW X


SEGMENT ALLOCATION MAP

run origin  load origin   length   init length attrs members
----------  ----------- ---------- ----------- ----- -------
00000000    00000000    000045d8   000045d8    r-x
  00000000    00000000    0000026c   0000026c    r-- .intvecs
  0000026c    0000026c    00003ff6   00003ff6    r-x .text
  00004268    00004268    00000308   00000308    r-- .const
  00004570    00004570    00000068   00000068    r-- .cinit
20000000    20000000    00000a40   00000000    rw-
  20000000    20000000    0000026c   00000000    rw- .vtable
  20000270    20000270    00000518   00000000    rw- .bss
  20000788    20000788    00000200   00000000    rw- .stack
  20000988    20000988    000000b8   00000000    rw- .data


SECTION ALLOCATION MAP

 output                                  attributes/
section   page    origin      length       input sections
--------  ----  ----------  ----------   ----------------
.intvecs   0    00000000    0000026c     
                  00000000    0000026c     tm4c123gh6pm_startup_ccs.obj (.intvecs)

.text      0    0000026c    00003ff6     
                  0000026c    00000f58     main.obj (.text)
                  000011c4    000009ac     rtsv7M4_T_le_v4SPD16_eabi.lib : e_pow.obj (.text)
                  00001b70    000004dc     uartstdio.obj (.text)
                  0000204c    00000420     mavlink.obj (.text)
                  0000246c    000003a0     ppm.obj (.text)
                  0000280c    00000288     filter.obj (.text)
                  00002a94    000001dc     ultrasonic.obj (.text)
                  00002c70    000001c4     camera.obj (.text)
                  00002e34    000001b6     rtsv7M4_T_le_v4SPD16_eabi.lib : fd_add_t2.obj (.text)
                  00002fea    00000002                                   : i_div0.obj (.text)
                  00002fec    00000170     receive.obj (.text)
                  0000315c    00000170     rtsv7M4_T_le_v4SPD16_eabi.lib : e_sqrt.obj (.text)
                  000032cc    00000136                                   : fd_div_t2.obj (.text)
                  00003402    00000132     driverlib.lib : gpio.obj (.text:GPIOPadConfigSet)
                  00003534    00000110                   : sysctl.obj (.text:SysCtlClockGet)
                  00003644    000000fc     rtsv7M4_T_le_v4SPD16_eabi.lib : fd_mul_t2.obj (.text)
                  00003740    000000fc                                   : s_scalbn.obj (.text)
                  0000383c    0000009c                                   : memcpy_t2.obj (.text)
                  000038d8    00000086                                   : fd_cmp_t2.obj (.text:__aeabi_cdcmple)
                  0000395e    00000086                                   : fd_cmp_t2.obj (.text:__aeabi_cdrcmple)
                  000039e4    0000007a                                   : memset_t2.obj (.text)
                  00003a5e    00000002                                   : mpu_init.obj (.text)
                  00003a60    00000070                                   : autoinit.obj (.text)
                  00003ad0    0000006e                                   : fd_tos_t2.obj (.text)
                  00003b3e    00000002                                   : startup.obj (.text)
                  00003b40    00000068     driverlib.lib : interrupt.obj (.text:IntEnable)
                  00003ba8    00000068     rtsv7M4_T_le_v4SPD16_eabi.lib : copy_decompress_lzss.obj (.text:decompress:lzss)
                  00003c10    00000060     driverlib.lib : timer.obj (.text:TimerConfigure)
                  00003c70    00000054     rtsv7M4_T_le_v4SPD16_eabi.lib : boot.obj (.text)
                  00003cc4    00000054                                   : exit.obj (.text)
                  00003d18    0000004c     driverlib.lib : timer.obj (.text:_TimerIntNumberGet)
                  00003d64    0000004c     rtsv7M4_T_le_v4SPD16_eabi.lib : cpy_tbl.obj (.text)
                  00003db0    00000048     driverlib.lib : gpio.obj (.text:GPIOPinConfigure)
                  00003df8    00000048     rtsv7M4_T_le_v4SPD16_eabi.lib : fd_toi_t2.obj (.text)
                  00003e40    00000046     driverlib.lib : uart.obj (.text:UARTConfigSetExpClk)
                  00003e86    00000044     rtsv7M4_T_le_v4SPD16_eabi.lib : fd_tou_t2.obj (.text)
                  00003eca    00000040                                   : u_divt2.obj (.text)
                  00003f0a    00000002     --HOLE-- [fill = 0]
                  00003f0c    00000038     driverlib.lib : sysctl.obj (.text:SysCtlPeripheralReady)
                  00003f44    00000038     rtsv7M4_T_le_v4SPD16_eabi.lib : fs_tod_t2.obj (.text)
                  00003f7c    00000034     driverlib.lib : interrupt.obj (.text:IntRegister)
                  00003fb0    00000034                   : sysctl.obj (.text:SysCtlPeripheralEnable)
                  00003fe4    0000002e     rtsv7M4_T_le_v4SPD16_eabi.lib : i_tofd_t2.obj (.text)
                  00004012    0000002a     driverlib.lib : gpio.obj (.text:GPIODirModeSet)
                  0000403c    00000024                   : interrupt.obj (.text:IntPrioritySet)
                  00004060    00000020                   : uart.obj (.text:UARTDisable)
                  00004080    00000020     rtsv7M4_T_le_v4SPD16_eabi.lib : u_tofd_t2.obj (.text)
                  000040a0    00000018     driverlib.lib : gpio.obj (.text:GPIOPinTypeGPIOOutput)
                  000040b8    00000018                   : timer.obj (.text:TimerIntRegister)
                  000040d0    00000018     rtsv7M4_T_le_v4SPD16_eabi.lib : args_main.obj (.text)
                  000040e8    00000016     driverlib.lib : timer.obj (.text:TimerControlEvent)
                  000040fe    00000014                   : uart.obj (.text:UARTEnable)
                  00004112    00000002     --HOLE-- [fill = 0]
                  00004114    00000014     rtsv7M4_T_le_v4SPD16_eabi.lib : _lock.obj (.text)
                  00004128    00000014                                   : s_copysign.obj (.text)
                  0000413c    00000012     driverlib.lib : gpio.obj (.text:GPIOPinTypeGPIOInput)
                  0000414e    00000012                   : gpio.obj (.text:GPIOPinTypeTimer)
                  00004160    00000012                   : gpio.obj (.text:GPIOPinTypeUART)
                  00004172    00000002     --HOLE-- [fill = 0]
                  00004174    00000010                   : fpu.obj (.text:FPUEnable)
                  00004184    00000010                   : fpu.obj (.text:FPULazyStackingEnable)
                  00004194    00000010                   : interrupt.obj (.text:IntMasterEnable)
                  000041a4    0000000e                   : timer.obj (.text:TimerEnable)
                  000041b2    0000000e                   : uart.obj (.text:UARTCharGetNonBlocking)
                  000041c0    0000000e                   : uart.obj (.text:UARTCharsAvail)
                  000041ce    0000000e     rtsv7M4_T_le_v4SPD16_eabi.lib : copy_decompress_none.obj (.text:decompress:none)
                  000041dc    0000000c     driverlib.lib : cpu.obj (.text:CPUcpsie)
                  000041e8    0000000c     rtsv7M4_T_le_v4SPD16_eabi.lib : copy_zero_init.obj (.text:decompress:ZI)
                  000041f4    0000000c     tm4c123gh6pm_startup_ccs.obj (.text)
                  00004200    0000000a     driverlib.lib : timer.obj (.text:TimerIntStatus)
                  0000420a    0000000a                   : timer.obj (.text:TimerValueGet)
                  00004214    0000000a                   : uart.obj (.text:UARTFIFOEnable)
                  0000421e    0000000a                   : uart.obj (.text:UARTIntStatus)
                  00004228    00000008                   : timer.obj (.text:TimerIntEnable)
                  00004230    00000008                   : uart.obj (.text:UARTIntEnable)
                  00004238    00000006                   : gpio.obj (.text:GPIOPinRead)
                  0000423e    00000006                   : gpio.obj (.text:GPIOPinWrite)
                  00004244    00000006                   : timer.obj (.text:TimerClockSourceSet)
                  0000424a    00000006                   : uart.obj (.text:UARTClockSourceSet)
                  00004250    00000006                   : uart.obj (.text:UARTFIFOLevelSet)
                  00004256    00000004                   : timer.obj (.text:TimerIntClear)
                  0000425a    00000004                   : uart.obj (.text:UARTIntClear)
                  0000425e    00000004     rtsv7M4_T_le_v4SPD16_eabi.lib : pre_init.obj (.text)

.const     0    00004268    00000308     
                  00004268    0000009c     driverlib.lib : interrupt.obj (.const:g_pui32Regs)
                  00004304    00000090                   : gpio.obj (.const:g_pui32GPIOBaseAddrs)
                  00004394    00000070                   : interrupt.obj (.const)
                  00004404    0000006c                   : sysctl.obj (.const:g_pui32Xtals)
                  00004470    00000060                   : timer.obj (.const:g_ppui32TimerIntMap)
                  000044d0    00000040                   : timer.obj (.const:g_ppui32TimerIntMapSnowflake)
                  00004510    00000030     rtsv7M4_T_le_v4SPD16_eabi.lib : e_pow.obj (.const:$O1$$)
                  00004540    00000012     uartstdio.obj (.const:.string)
                  00004552    00000002     --HOLE-- [fill = 0]
                  00004554    0000000c     uartstdio.obj (.const:g_ui32UARTBase)
                  00004560    0000000c     uartstdio.obj (.const:g_ui32UARTPeriph)
                  0000456c    00000004     uartstdio.obj (.const)

.cinit     0    00004570    00000068     
                  00004570    00000031     (.cinit..data.load) [load image, compression = lzss]
                  000045a1    00000003     --HOLE-- [fill = 0]
                  000045a4    0000000c     (__TI_handler_table)
                  000045b0    00000008     (.cinit..bss.load) [load image, compression = zero_init]
                  000045b8    00000008     (.cinit..vtable.load) [load image, compression = zero_init]
                  000045c0    00000018     (__TI_cinit_table)

.init_array 
*          0    00000000    00000000     UNINITIALIZED

.vtable    0    20000000    0000026c     UNINITIALIZED
                  20000000    0000026c     driverlib.lib : interrupt.obj (.vtable)

.bss       0    20000270    00000518     UNINITIALIZED
                  20000270    00000330     (.common:altitude_ma)
                  200005a0    00000068     (.common:position_controler)
                  20000608    00000034     (.common:UART1_Rx_Buffers)
                  2000063c    00000034     (.common:UART1_Rx_Data)
                  20000670    00000030     (.common:Source_attitude_payload)
                  200006a0    00000030     (.common:altitude_ewa)
                  200006d0    0000002c     (.common:altitude_controler)
                  200006fc    00000024     ppm.obj (.bss:ppm_data_buf)
                  20000720    00000012     ppm.obj (.bss:ppm_data_shadow)
                  20000732    00000012     (.common:ppm_data)
                  20000744    0000000c     ppm.obj (.bss)
                  20000750    0000000c     (.common:UART3_Rx_Buffers)
                  2000075c    00000008     (.common:Source_Rangefinder_payload)
                  20000764    00000004     (.common:int_mavlink_height)
                  20000768    00000004     (.common:int_pitch)
                  2000076c    00000004     (.common:int_roll)
                  20000770    00000004     (.common:int_yaw)
                  20000774    00000004     (.common:mavlink_height)
                  20000778    00000004     (.common:pitch)
                  2000077c    00000004     (.common:roll)
                  20000780    00000004     (.common:yaw)
                  20000784    00000001     (.common:UART1_Rx_Len)
                  20000785    00000001     (.common:UART1_Sender_Address)
                  20000786    00000001     (.common:payload_buf_index)
                  20000787    00000001     (.common:rx_buffer)

.stack     0    20000788    00000200     UNINITIALIZED
                  20000788    00000200     --HOLE--

.data      0    20000988    000000b8     UNINITIALIZED
                  20000988    00000028     mavlink.obj (.data:Rx_Buffer_attitude)
                  200009b0    00000014     mavlink.obj (.data:Rx_Buffer_height)
                  200009c4    00000014     ultrasonic.obj (.data)
                  200009d8    00000011     camera.obj (.data)
                  200009e9    00000003     --HOLE--
                  200009ec    00000010     main.obj (.data)
                  200009fc    0000000c     rtsv7M4_T_le_v4SPD16_eabi.lib : exit.obj (.data:$O1$$)
                  20000a08    00000008                                   : _lock.obj (.data:$O1$$)
                  20000a10    00000008     receive.obj (.data)
                  20000a18    00000008     ultrasonic.obj (.data:ui32Time$2)
                  20000a20    00000006     mavlink.obj (.data)
                  20000a26    00000002     --HOLE--
                  20000a28    00000005     ppm.obj (.data)
                  20000a2d    00000003     --HOLE--
                  20000a30    00000005     uartstdio.obj (.data)
                  20000a35    00000003     --HOLE--
                  20000a38    00000004     rtsv7M4_T_le_v4SPD16_eabi.lib : errno.obj (.data)
                  20000a3c    00000004                                   : stkdepth_vars.obj (.data)

MODULE SUMMARY

       Module                         code    ro data   rw data
       ------                         ----    -------   -------
    .\
       main.obj                       3928    0         1046   
       uartstdio.obj                  1244    46        5      
       mavlink.obj                    1056    0         156    
       ppm.obj                        928     0         71     
       filter.obj                     648     0         0      
       tm4c123gh6pm_startup_ccs.obj   12      620       0      
       ultrasonic.obj                 476     0         28     
       receive.obj                    368     0         114    
       camera.obj                     452     0         29     
    +--+------------------------------+-------+---------+---------+
       Total:                         9112    666       1449   
                                                               
    D:\ti\ccsv7\tools\compiler\ti-cgt-arm_16.9.0.LTS\lib\rtsv7M4_T_le_v4SPD16_eabi.lib
       e_pow.obj                      2476    48        0      
       fd_add_t2.obj                  438     0         0      
       e_sqrt.obj                     368     0         0      
       fd_div_t2.obj                  310     0         0      
       fd_cmp_t2.obj                  268     0         0      
       fd_mul_t2.obj                  252     0         0      
       s_scalbn.obj                   252     0         0      
       memcpy_t2.obj                  156     0         0      
       memset_t2.obj                  122     0         0      
       autoinit.obj                   112     0         0      
       fd_tos_t2.obj                  110     0         0      
       copy_decompress_lzss.obj       104     0         0      
       exit.obj                       84      0         12     
       boot.obj                       84      0         0      
       cpy_tbl.obj                    76      0         0      
       fd_toi_t2.obj                  72      0         0      
       fd_tou_t2.obj                  68      0         0      
       u_divt2.obj                    64      0         0      
       fs_tod_t2.obj                  56      0         0      
       i_tofd_t2.obj                  46      0         0      
       u_tofd_t2.obj                  32      0         0      
       _lock.obj                      20      0         8      
       args_main.obj                  24      0         0      
       s_copysign.obj                 20      0         0      
       copy_decompress_none.obj       14      0         0      
       copy_zero_init.obj             12      0         0      
       errno.obj                      0       0         4      
       pre_init.obj                   4       0         0      
       stkdepth_vars.obj              0       0         4      
       i_div0.obj                     2       0         0      
       mpu_init.obj                   2       0         0      
       startup.obj                    2       0         0      
    +--+------------------------------+-------+---------+---------+
       Total:                         5650    48        28     
                                                               
    F:/TIVAWARE002/driverlib/ccs/Debug/driverlib.lib
       interrupt.obj                  208     268       620    
       gpio.obj                       510     144       0      
       sysctl.obj                     380     108       0      
       timer.obj                      270     160       0      
       uart.obj                       194     0         0      
       fpu.obj                        32      0         0      
       cpu.obj                        12      0         0      
    +--+------------------------------+-------+---------+---------+
       Total:                         1606    680       620    
                                                               
       Stack:                         0       0         512    
       Linker Generated:              0       101       0      
    +--+------------------------------+-------+---------+---------+
       Grand Total:                   16368   1495      2609   


LINKER GENERATED COPY TABLES

__TI_cinit_table @ 000045c0 records: 3, size/record: 8, table size: 24
	.data: load addr=00004570, load size=00000031 bytes, run addr=20000988, run size=000000b8 bytes, compression=lzss
	.bss: load addr=000045b0, load size=00000008 bytes, run addr=20000270, run size=00000518 bytes, compression=zero_init
	.vtable: load addr=000045b8, load size=00000008 bytes, run addr=20000000, run size=0000026c bytes, compression=zero_init


LINKER GENERATED HANDLER TABLE

__TI_handler_table @ 000045a4 records: 3, size/record: 4, table size: 12
	index: 0, handler: __TI_zero_init
	index: 1, handler: __TI_decompress_lzss
	index: 2, handler: __TI_decompress_none


GLOBAL SYMBOLS: SORTED ALPHABETICALLY BY Name 

address   name                           
-------   ----                           
00000809  AircraftDataReceive            
00000b99  Aircraft_Base_Output           
00000b45  Aircraft_Unlock                
0000026d  AltitudeControlerInit          
000002cd  AltitudeGet                    
000002d9  Altitude_Control               
000020ad  Attitude_Data_Store            
0000221f  Attitude_init                  
00003cc5  C$$EXIT                        
000041dd  CPUcpsie                       
00000a01  ConfigureUART0                 
0000222d  Distance_init                  
0000286f  EWA_Filter_Compute             
0000280d  EWA_Filter_Init                
00004175  FPUEnable                      
00004185  FPULazyStackingEnable          
00004013  GPIODirModeSet                 
00002a95  GPIOE3_Init                    
00003403  GPIOPadConfigSet               
00003db1  GPIOPinConfigure               
00004239  GPIOPinRead                    
0000413d  GPIOPinTypeGPIOInput           
000040a1  GPIOPinTypeGPIOOutput          
0000414f  GPIOPinTypeTimer               
00004161  GPIOPinTypeUART                
0000423f  GPIOPinWrite                   
00003b41  IntEnable                      
00004195  IntMasterEnable                
0000403d  IntPrioritySet                 
00003f7d  IntRegister                    
00000a91  KEY_PF4_Pros                   
00000a59  Key_PF4_Init                   
00000a3d  LED_Init                       
000029a9  MA_Filter_Compute              
00002957  MA_Filter_Init                 
0000227d  MavLink_Data_Get               
0000204d  Mav_recive_UART2_Config        
0000223b  Mavlink_DateInit               
00000adb  PPM_Channal_Init               
000004ed  PositionControlerInit          
000005b9  Position_Control               
00002fed  Recive_UART1_Config            
00002c71  Recive_UART3_Config            
000041f5  ResetISR                       
00000bf5  RolloverProtection             
20000988  Rx_Buffer_attitude             
200009b0  Rx_Buffer_height               
UNDEFED   SHT$$INIT_ARRAY$$Base          
UNDEFED   SHT$$INIT_ARRAY$$Limit         
00002abb  SonicTrig                      
2000075c  Source_Rangefinder_payload     
20000670  Source_attitude_payload        
00003535  SysCtlClockGet                 
00003fb1  SysCtlPeripheralEnable         
00003f0d  SysCtlPeripheralReady          
00002549  Timer0AIntHandler              
00000d2d  Timer1AIntHandler              
00000c89  Timer1A_Init                   
00004245  TimerClockSourceSet            
00003c11  TimerConfigure                 
000040e9  TimerControlEvent              
000041a5  TimerEnable                    
00004257  TimerIntClear                  
00004229  TimerIntEnable                 
000040b9  TimerIntRegister               
00004201  TimerIntStatus                 
0000420b  TimerValueGet                  
00003033  UART1IntHandler                
00000dbd  UART1_Data_Pros                
20000608  UART1_Rx_Buffers               
2000063c  UART1_Rx_Data                  
20000784  UART1_Rx_Len                   
20000785  UART1_Sender_Address           
20000a10  UART1_Updated_Flag             
000020e3  UART2IntHandler                
00002cb5  UART3IntHandler                
20000750  UART3_Rx_Buffers               
200009e0  UART3_Updated_Flag             
000041b3  UARTCharGetNonBlocking         
000041c1  UARTCharsAvail                 
0000424b  UARTClockSourceSet             
00003e41  UARTConfigSetExpClk            
00004061  UARTDisable                    
000040ff  UARTEnable                     
00004215  UARTFIFOEnable                 
00004251  UARTFIFOLevelSet               
0000425b  UARTIntClear                   
00004231  UARTIntEnable                  
0000421f  UARTIntStatus                  
00001b71  UARTStdioConfig                
00001ce9  UARTgetc                       
00001c23  UARTgets                       
00002017  UARTprintf                     
00001d1d  UARTvprintf                    
00001bd1  UARTwrite                      
00002c09  UltrasonicConfigure            
00002ba7  WTimer0BConfigure              
00002aeb  WTimer0BIntHandler             
20000988  __STACK_END                    
00000200  __STACK_SIZE                   
20000988  __STACK_TOP                    
000045c0  __TI_CINIT_Base                
000045d8  __TI_CINIT_Limit               
000045a4  __TI_Handler_Table_Base        
000045b0  __TI_Handler_Table_Limit       
00003a61  __TI_auto_init                 
200009fc  __TI_cleanup_ptr               
00003ba9  __TI_decompress_lzss           
000041cf  __TI_decompress_none           
20000a00  __TI_dtors_ptr                 
20000a04  __TI_enable_exit_profile_output
ffffffff  __TI_pprof_out_hndl            
ffffffff  __TI_prof_data_size            
ffffffff  __TI_prof_data_start           
00000000  __TI_static_base__             
000041e9  __TI_zero_init                 
000038d9  __aeabi_cdcmpeq                
000038d9  __aeabi_cdcmple                
0000395f  __aeabi_cdrcmple               
00003ad1  __aeabi_d2f                    
00003df9  __aeabi_d2iz                   
00003e87  __aeabi_d2uiz                  
00002e3f  __aeabi_dadd                   
000032cd  __aeabi_ddiv                   
00003645  __aeabi_dmul                   
00002e35  __aeabi_dsub                   
00003f45  __aeabi_f2d                    
00003fe5  __aeabi_i2d                    
00002feb  __aeabi_idiv0                  
000039e5  __aeabi_memclr                 
000039e5  __aeabi_memclr4                
000039e5  __aeabi_memclr8                
0000383d  __aeabi_memcpy                 
0000383d  __aeabi_memcpy4                
0000383d  __aeabi_memcpy8                
000039e7  __aeabi_memset                 
000039e7  __aeabi_memset4                
000039e7  __aeabi_memset8                
00004081  __aeabi_ui2d                   
00003ecb  __aeabi_uidiv                  
00003ecb  __aeabi_uidivmod               
ffffffff  __binit__                      
ffffffff  __c_args__                     
00003a5f  __mpu_init                     
20000788  __stack                        
000040d1  _args_main                     
00003c71  _c_int00                       
20000a08  _lock                          
00004123  _nop                           
0000411b  _register_lock                 
00004115  _register_unlock               
00003b3f  _system_post_cinit             
0000425f  _system_pre_init               
20000a0c  _unlock                        
00003cc9  abort                          
200009ec  aircraft_start_flag            
200006d0  altitude_controler             
200006a0  altitude_ewa                   
20000270  altitude_ma                    
200009c4  bDataReady                     
ffffffff  binit                          
00003d65  copy_in                        
00004129  copysign                       
00004129  copysignl                      
20000a38  errno                          
00003cd1  exit                           
20000000  g_pfnRAMVectors                
00000000  g_pfnVectors                   
20000764  int_mavlink_height             
20000768  int_pitch                      
2000076c  int_roll                       
200009d0  int_ultrasonic_height          
20000770  int_yaw                        
00003741  ldexp                          
00003741  ldexpl                         
00000ecd  main                           
20000a3c  main_func_sp                   
20000774  mavlink_height                 
0000383d  memcpy                         
000039ed  memset                         
20000a20  newAttiFlag                    
20000a21  newHeightFlag                  
20000786  payload_buf_index              
20000778  pitch                          
200005a0  position_controler             
000011c5  pow                            
000011c5  powl                           
20000732  ppm_data                       
0000246d  ppm_encoder_init               
00002573  ppm_encoder_set_data           
2000077c  roll                           
20000787  rx_buffer                      
00003741  scalbn                         
00003741  scalbnl                        
0000315d  sqrt                           
0000315d  sqrtl                          
20000a22  start_receive_attitude         
20000a23  start_receive_height           
00002d3d  u3Data_handle                  
200009c8  ui32Distance                   
200009cc  ultrasonic_height              
200009d4  ultrasonic_update_flag         
200009d8  x_hat                          
200009dc  y_hat                          
20000780  yaw                            


GLOBAL SYMBOLS: SORTED BY Symbol Address 

address   name                           
-------   ----                           
00000000  __TI_static_base__             
00000000  g_pfnVectors                   
00000200  __STACK_SIZE                   
0000026d  AltitudeControlerInit          
000002cd  AltitudeGet                    
000002d9  Altitude_Control               
000004ed  PositionControlerInit          
000005b9  Position_Control               
00000809  AircraftDataReceive            
00000a01  ConfigureUART0                 
00000a3d  LED_Init                       
00000a59  Key_PF4_Init                   
00000a91  KEY_PF4_Pros                   
00000adb  PPM_Channal_Init               
00000b45  Aircraft_Unlock                
00000b99  Aircraft_Base_Output           
00000bf5  RolloverProtection             
00000c89  Timer1A_Init                   
00000d2d  Timer1AIntHandler              
00000dbd  UART1_Data_Pros                
00000ecd  main                           
000011c5  pow                            
000011c5  powl                           
00001b71  UARTStdioConfig                
00001bd1  UARTwrite                      
00001c23  UARTgets                       
00001ce9  UARTgetc                       
00001d1d  UARTvprintf                    
00002017  UARTprintf                     
0000204d  Mav_recive_UART2_Config        
000020ad  Attitude_Data_Store            
000020e3  UART2IntHandler                
0000221f  Attitude_init                  
0000222d  Distance_init                  
0000223b  Mavlink_DateInit               
0000227d  MavLink_Data_Get               
0000246d  ppm_encoder_init               
00002549  Timer0AIntHandler              
00002573  ppm_encoder_set_data           
0000280d  EWA_Filter_Init                
0000286f  EWA_Filter_Compute             
00002957  MA_Filter_Init                 
000029a9  MA_Filter_Compute              
00002a95  GPIOE3_Init                    
00002abb  SonicTrig                      
00002aeb  WTimer0BIntHandler             
00002ba7  WTimer0BConfigure              
00002c09  UltrasonicConfigure            
00002c71  Recive_UART3_Config            
00002cb5  UART3IntHandler                
00002d3d  u3Data_handle                  
00002e35  __aeabi_dsub                   
00002e3f  __aeabi_dadd                   
00002feb  __aeabi_idiv0                  
00002fed  Recive_UART1_Config            
00003033  UART1IntHandler                
0000315d  sqrt                           
0000315d  sqrtl                          
000032cd  __aeabi_ddiv                   
00003403  GPIOPadConfigSet               
00003535  SysCtlClockGet                 
00003645  __aeabi_dmul                   
00003741  ldexp                          
00003741  ldexpl                         
00003741  scalbn                         
00003741  scalbnl                        
0000383d  __aeabi_memcpy                 
0000383d  __aeabi_memcpy4                
0000383d  __aeabi_memcpy8                
0000383d  memcpy                         
000038d9  __aeabi_cdcmpeq                
000038d9  __aeabi_cdcmple                
0000395f  __aeabi_cdrcmple               
000039e5  __aeabi_memclr                 
000039e5  __aeabi_memclr4                
000039e5  __aeabi_memclr8                
000039e7  __aeabi_memset                 
000039e7  __aeabi_memset4                
000039e7  __aeabi_memset8                
000039ed  memset                         
00003a5f  __mpu_init                     
00003a61  __TI_auto_init                 
00003ad1  __aeabi_d2f                    
00003b3f  _system_post_cinit             
00003b41  IntEnable                      
00003ba9  __TI_decompress_lzss           
00003c11  TimerConfigure                 
00003c71  _c_int00                       
00003cc5  C$$EXIT                        
00003cc9  abort                          
00003cd1  exit                           
00003d65  copy_in                        
00003db1  GPIOPinConfigure               
00003df9  __aeabi_d2iz                   
00003e41  UARTConfigSetExpClk            
00003e87  __aeabi_d2uiz                  
00003ecb  __aeabi_uidiv                  
00003ecb  __aeabi_uidivmod               
00003f0d  SysCtlPeripheralReady          
00003f45  __aeabi_f2d                    
00003f7d  IntRegister                    
00003fb1  SysCtlPeripheralEnable         
00003fe5  __aeabi_i2d                    
00004013  GPIODirModeSet                 
0000403d  IntPrioritySet                 
00004061  UARTDisable                    
00004081  __aeabi_ui2d                   
000040a1  GPIOPinTypeGPIOOutput          
000040b9  TimerIntRegister               
000040d1  _args_main                     
000040e9  TimerControlEvent              
000040ff  UARTEnable                     
00004115  _register_unlock               
0000411b  _register_lock                 
00004123  _nop                           
00004129  copysign                       
00004129  copysignl                      
0000413d  GPIOPinTypeGPIOInput           
0000414f  GPIOPinTypeTimer               
00004161  GPIOPinTypeUART                
00004175  FPUEnable                      
00004185  FPULazyStackingEnable          
00004195  IntMasterEnable                
000041a5  TimerEnable                    
000041b3  UARTCharGetNonBlocking         
000041c1  UARTCharsAvail                 
000041cf  __TI_decompress_none           
000041dd  CPUcpsie                       
000041e9  __TI_zero_init                 
000041f5  ResetISR                       
00004201  TimerIntStatus                 
0000420b  TimerValueGet                  
00004215  UARTFIFOEnable                 
0000421f  UARTIntStatus                  
00004229  TimerIntEnable                 
00004231  UARTIntEnable                  
00004239  GPIOPinRead                    
0000423f  GPIOPinWrite                   
00004245  TimerClockSourceSet            
0000424b  UARTClockSourceSet             
00004251  UARTFIFOLevelSet               
00004257  TimerIntClear                  
0000425b  UARTIntClear                   
0000425f  _system_pre_init               
000045a4  __TI_Handler_Table_Base        
000045b0  __TI_Handler_Table_Limit       
000045c0  __TI_CINIT_Base                
000045d8  __TI_CINIT_Limit               
20000000  g_pfnRAMVectors                
20000270  altitude_ma                    
200005a0  position_controler             
20000608  UART1_Rx_Buffers               
2000063c  UART1_Rx_Data                  
20000670  Source_attitude_payload        
200006a0  altitude_ewa                   
200006d0  altitude_controler             
20000732  ppm_data                       
20000750  UART3_Rx_Buffers               
2000075c  Source_Rangefinder_payload     
20000764  int_mavlink_height             
20000768  int_pitch                      
2000076c  int_roll                       
20000770  int_yaw                        
20000774  mavlink_height                 
20000778  pitch                          
2000077c  roll                           
20000780  yaw                            
20000784  UART1_Rx_Len                   
20000785  UART1_Sender_Address           
20000786  payload_buf_index              
20000787  rx_buffer                      
20000788  __stack                        
20000988  Rx_Buffer_attitude             
20000988  __STACK_END                    
20000988  __STACK_TOP                    
200009b0  Rx_Buffer_height               
200009c4  bDataReady                     
200009c8  ui32Distance                   
200009cc  ultrasonic_height              
200009d0  int_ultrasonic_height          
200009d4  ultrasonic_update_flag         
200009d8  x_hat                          
200009dc  y_hat                          
200009e0  UART3_Updated_Flag             
200009ec  aircraft_start_flag            
200009fc  __TI_cleanup_ptr               
20000a00  __TI_dtors_ptr                 
20000a04  __TI_enable_exit_profile_output
20000a08  _lock                          
20000a0c  _unlock                        
20000a10  UART1_Updated_Flag             
20000a20  newAttiFlag                    
20000a21  newHeightFlag                  
20000a22  start_receive_attitude         
20000a23  start_receive_height           
20000a38  errno                          
20000a3c  main_func_sp                   
ffffffff  __TI_pprof_out_hndl            
ffffffff  __TI_prof_data_size            
ffffffff  __TI_prof_data_start           
ffffffff  __binit__                      
ffffffff  __c_args__                     
ffffffff  binit                          
UNDEFED   SHT$$INIT_ARRAY$$Base          
UNDEFED   SHT$$INIT_ARRAY$$Limit         

[205 symbols]
