******************************************************************************
                  TI ARM Linker PC v16.9.0                     
******************************************************************************
>> Linked Thu Jan 24 15:48:04 2019

OUTPUT FILE NAME:   <Aircraft_v5.out>
ENTRY POINT SYMBOL: "_c_int00"  address: 000025ad


MEMORY CONFIGURATION

         name            origin    length      used     unused   attr    fill
----------------------  --------  ---------  --------  --------  ----  --------
  FLASH                 00000000   00040000  00002e96  0003d16a  R  X
  SRAM                  20000000   00008000  000006bc  00007944  RW X


SEGMENT ALLOCATION MAP

run origin  load origin   length   init length attrs members
----------  ----------- ---------- ----------- ----- -------
00000000    00000000    00002e98   00002e98    r-x
  00000000    00000000    0000026c   0000026c    r-- .intvecs
  0000026c    0000026c    000028f2   000028f2    r-x .text
  00002b60    00002b60    000002d8   000002d8    r-- .const
  00002e38    00002e38    00000060   00000060    r-- .cinit
20000000    20000000    000006c0   00000000    rw-
  20000000    20000000    0000026c   00000000    rw- .vtable
  2000026c    2000026c    00000200   00000000    rw- .stack
  20000470    20000470    000001b4   00000000    rw- .bss
  20000624    20000624    0000009c   00000000    rw- .data


SECTION ALLOCATION MAP

 output                                  attributes/
section   page    origin      length       input sections
--------  ----  ----------  ----------   ----------------
.intvecs   0    00000000    0000026c     
                  00000000    0000026c     tm4c123gh6pm_startup_ccs.obj (.intvecs)

.text      0    0000026c    000028f2     
                  0000026c    00000bb0     main.obj (.text)
                  00000e1c    000004dc     uartstdio.obj (.text)
                  000012f8    000003a0     ppm.obj (.text)
                  00001698    00000274     mavlink.obj (.text)
                  0000190c    000001dc     ultrasonic.obj (.text)
                  00001ae8    000001b6     rtsv7M4_T_le_v4SPD16_eabi.lib : fd_add_t2.obj (.text)
                  00001c9e    00000002                                   : i_div0.obj (.text)
                  00001ca0    00000170     receive.obj (.text)
                  00001e10    00000136     rtsv7M4_T_le_v4SPD16_eabi.lib : fd_div_t2.obj (.text)
                  00001f46    00000132     driverlib.lib : gpio.obj (.text:GPIOPadConfigSet)
                  00002078    00000110                   : sysctl.obj (.text:SysCtlClockGet)
                  00002188    000000fc     rtsv7M4_T_le_v4SPD16_eabi.lib : fd_mul_t2.obj (.text)
                  00002284    0000009c                                   : memcpy_t2.obj (.text)
                  00002320    0000007a                                   : memset_t2.obj (.text)
                  0000239a    00000002                                   : mpu_init.obj (.text)
                  0000239c    00000070                                   : autoinit.obj (.text)
                  0000240c    0000006e                                   : fd_tos_t2.obj (.text)
                  0000247a    00000002                                   : startup.obj (.text)
                  0000247c    00000068     driverlib.lib : interrupt.obj (.text:IntEnable)
                  000024e4    00000068     rtsv7M4_T_le_v4SPD16_eabi.lib : copy_decompress_lzss.obj (.text:decompress:lzss)
                  0000254c    00000060     driverlib.lib : timer.obj (.text:TimerConfigure)
                  000025ac    00000054     rtsv7M4_T_le_v4SPD16_eabi.lib : boot.obj (.text)
                  00002600    00000054                                   : exit.obj (.text)
                  00002654    0000004c     driverlib.lib : timer.obj (.text:_TimerIntNumberGet)
                  000026a0    0000004c     rtsv7M4_T_le_v4SPD16_eabi.lib : cpy_tbl.obj (.text)
                  000026ec    00000048     driverlib.lib : gpio.obj (.text:GPIOPinConfigure)
                  00002734    00000048     rtsv7M4_T_le_v4SPD16_eabi.lib : fd_toi_t2.obj (.text)
                  0000277c    00000046     driverlib.lib : uart.obj (.text:UARTConfigSetExpClk)
                  000027c2    00000044     rtsv7M4_T_le_v4SPD16_eabi.lib : fd_tou_t2.obj (.text)
                  00002806    00000040                                   : u_divt2.obj (.text)
                  00002846    00000002     --HOLE-- [fill = 0]
                  00002848    00000038     driverlib.lib : sysctl.obj (.text:SysCtlPeripheralReady)
                  00002880    00000038     rtsv7M4_T_le_v4SPD16_eabi.lib : fs_tod_t2.obj (.text)
                  000028b8    00000034     driverlib.lib : interrupt.obj (.text:IntRegister)
                  000028ec    00000034                   : sysctl.obj (.text:SysCtlPeripheralEnable)
                  00002920    0000002a                   : gpio.obj (.text:GPIODirModeSet)
                  0000294a    00000002     --HOLE-- [fill = 0]
                  0000294c    00000024                   : interrupt.obj (.text:IntPrioritySet)
                  00002970    00000020                   : uart.obj (.text:UARTDisable)
                  00002990    00000020     rtsv7M4_T_le_v4SPD16_eabi.lib : u_tofd_t2.obj (.text)
                  000029b0    00000018     driverlib.lib : gpio.obj (.text:GPIOPinTypeGPIOOutput)
                  000029c8    00000018                   : timer.obj (.text:TimerIntRegister)
                  000029e0    00000018     rtsv7M4_T_le_v4SPD16_eabi.lib : args_main.obj (.text)
                  000029f8    00000016     driverlib.lib : timer.obj (.text:TimerControlEvent)
                  00002a0e    00000014                   : uart.obj (.text:UARTEnable)
                  00002a22    00000002     --HOLE-- [fill = 0]
                  00002a24    00000014     rtsv7M4_T_le_v4SPD16_eabi.lib : _lock.obj (.text)
                  00002a38    00000012     driverlib.lib : gpio.obj (.text:GPIOPinTypeGPIOInput)
                  00002a4a    00000012                   : gpio.obj (.text:GPIOPinTypeTimer)
                  00002a5c    00000012                   : gpio.obj (.text:GPIOPinTypeUART)
                  00002a6e    00000002     --HOLE-- [fill = 0]
                  00002a70    00000010                   : fpu.obj (.text:FPUEnable)
                  00002a80    00000010                   : fpu.obj (.text:FPULazyStackingEnable)
                  00002a90    00000010                   : interrupt.obj (.text:IntMasterEnable)
                  00002aa0    0000000e                   : timer.obj (.text:TimerEnable)
                  00002aae    0000000e                   : uart.obj (.text:UARTCharGetNonBlocking)
                  00002abc    0000000e                   : uart.obj (.text:UARTCharsAvail)
                  00002aca    0000000e     rtsv7M4_T_le_v4SPD16_eabi.lib : copy_decompress_none.obj (.text:decompress:none)
                  00002ad8    0000000c     driverlib.lib : cpu.obj (.text:CPUcpsie)
                  00002ae4    0000000c     rtsv7M4_T_le_v4SPD16_eabi.lib : copy_zero_init.obj (.text:decompress:ZI)
                  00002af0    0000000c     tm4c123gh6pm_startup_ccs.obj (.text)
                  00002afc    0000000a     driverlib.lib : timer.obj (.text:TimerIntStatus)
                  00002b06    0000000a                   : timer.obj (.text:TimerValueGet)
                  00002b10    0000000a                   : uart.obj (.text:UARTFIFOEnable)
                  00002b1a    0000000a                   : uart.obj (.text:UARTIntStatus)
                  00002b24    00000008                   : timer.obj (.text:TimerIntEnable)
                  00002b2c    00000008                   : uart.obj (.text:UARTIntEnable)
                  00002b34    00000006                   : gpio.obj (.text:GPIOPinRead)
                  00002b3a    00000006                   : gpio.obj (.text:GPIOPinWrite)
                  00002b40    00000006                   : timer.obj (.text:TimerClockSourceSet)
                  00002b46    00000006                   : uart.obj (.text:UARTClockSourceSet)
                  00002b4c    00000006                   : uart.obj (.text:UARTFIFOLevelSet)
                  00002b52    00000004                   : timer.obj (.text:TimerIntClear)
                  00002b56    00000004                   : uart.obj (.text:UARTIntClear)
                  00002b5a    00000004     rtsv7M4_T_le_v4SPD16_eabi.lib : pre_init.obj (.text)

.const     0    00002b60    000002d8     
                  00002b60    0000009c     driverlib.lib : interrupt.obj (.const:g_pui32Regs)
                  00002bfc    00000090                   : gpio.obj (.const:g_pui32GPIOBaseAddrs)
                  00002c8c    00000070                   : interrupt.obj (.const)
                  00002cfc    0000006c                   : sysctl.obj (.const:g_pui32Xtals)
                  00002d68    00000060                   : timer.obj (.const:g_ppui32TimerIntMap)
                  00002dc8    00000040                   : timer.obj (.const:g_ppui32TimerIntMapSnowflake)
                  00002e08    00000012     uartstdio.obj (.const:.string)
                  00002e1a    00000002     --HOLE-- [fill = 0]
                  00002e1c    0000000c     uartstdio.obj (.const:g_ui32UARTBase)
                  00002e28    0000000c     uartstdio.obj (.const:g_ui32UARTPeriph)
                  00002e34    00000004     uartstdio.obj (.const)

.cinit     0    00002e38    00000060     
                  00002e38    00000025     (.cinit..data.load) [load image, compression = lzss]
                  00002e5d    00000003     --HOLE-- [fill = 0]
                  00002e60    0000000c     (__TI_handler_table)
                  00002e6c    00000004     --HOLE-- [fill = 0]
                  00002e70    00000008     (.cinit..bss.load) [load image, compression = zero_init]
                  00002e78    00000008     (.cinit..vtable.load) [load image, compression = zero_init]
                  00002e80    00000018     (__TI_cinit_table)

.init_array 
*          0    00000000    00000000     UNINITIALIZED

.vtable    0    20000000    0000026c     UNINITIALIZED
                  20000000    0000026c     driverlib.lib : interrupt.obj (.vtable)

.stack     0    2000026c    00000200     UNINITIALIZED
                  2000026c    00000200     --HOLE--

.bss       0    20000470    000001b4     UNINITIALIZED
                  20000470    00000070     (.common:position_controler)
                  200004e0    00000034     (.common:UART1_Rx_Buffers)
                  20000514    00000034     (.common:UART1_Rx_Data)
                  20000548    00000030     (.common:Source_attitude_payload)
                  20000578    0000002c     (.common:altitude_controler)
                  200005a4    00000024     ppm.obj (.bss:ppm_data_buf)
                  200005c8    00000012     ppm.obj (.bss:ppm_data_shadow)
                  200005da    00000012     (.common:ppm_data)
                  200005ec    0000000c     ppm.obj (.bss)
                  200005f8    00000008     (.common:Source_Rangefinder_payload)
                  20000600    00000004     (.common:int_mavlink_height)
                  20000604    00000004     (.common:int_pitch)
                  20000608    00000004     (.common:int_roll)
                  2000060c    00000004     (.common:int_yaw)
                  20000610    00000004     (.common:mavlink_height)
                  20000614    00000004     (.common:pitch)
                  20000618    00000004     (.common:roll)
                  2000061c    00000004     (.common:yaw)
                  20000620    00000001     (.common:UART1_Rx_Len)
                  20000621    00000001     (.common:UART1_Sender_Address)
                  20000622    00000001     (.common:payload_buf_index)
                  20000623    00000001     (.common:rx_buffer)

.data      0    20000624    0000009c     UNINITIALIZED
                  20000624    00000028     mavlink.obj (.data:Rx_Buffer_attitude)
                  2000064c    00000014     mavlink.obj (.data:Rx_Buffer_height)
                  20000660    00000014     ultrasonic.obj (.data)
                  20000674    0000000c     rtsv7M4_T_le_v4SPD16_eabi.lib : exit.obj (.data:$O1$$)
                  20000680    0000000c     main.obj (.data)
                  2000068c    00000008     rtsv7M4_T_le_v4SPD16_eabi.lib : _lock.obj (.data:$O1$$)
                  20000694    00000008     receive.obj (.data)
                  2000069c    00000008     ultrasonic.obj (.data:ui32Time$2)
                  200006a4    00000006     mavlink.obj (.data)
                  200006aa    00000002     --HOLE--
                  200006ac    00000005     ppm.obj (.data)
                  200006b1    00000003     --HOLE--
                  200006b4    00000005     uartstdio.obj (.data)
                  200006b9    00000003     --HOLE--
                  200006bc    00000004     rtsv7M4_T_le_v4SPD16_eabi.lib : stkdepth_vars.obj (.data)

MODULE SUMMARY

       Module                         code    ro data   rw data
       ------                         ----    -------   -------
    .\
       main.obj                       2992    0         186    
       uartstdio.obj                  1244    46        5      
       ppm.obj                        928     0         71     
       mavlink.obj                    628     0         156    
       tm4c123gh6pm_startup_ccs.obj   12      620       0      
       ultrasonic.obj                 476     0         28     
       receive.obj                    368     0         114    
    +--+------------------------------+-------+---------+---------+
       Total:                         6648    666       560    
                                                               
    D:\ti\ccsv7\tools\compiler\ti-cgt-arm_16.9.0.LTS\lib\rtsv7M4_T_le_v4SPD16_eabi.lib
       fd_add_t2.obj                  438     0         0      
       fd_div_t2.obj                  310     0         0      
       fd_mul_t2.obj                  252     0         0      
       memcpy_t2.obj                  156     0         0      
       memset_t2.obj                  122     0         0      
       autoinit.obj                   112     0         0      
       fd_tos_t2.obj                  110     0         0      
       copy_decompress_lzss.obj       104     0         0      
       exit.obj                       84      0         12     
       boot.obj                       84      0         0      
       cpy_tbl.obj                    76      0         0      
       fd_toi_t2.obj                  72      0         0      
       fd_tou_t2.obj                  68      0         0      
       u_divt2.obj                    64      0         0      
       fs_tod_t2.obj                  56      0         0      
       u_tofd_t2.obj                  32      0         0      
       _lock.obj                      20      0         8      
       args_main.obj                  24      0         0      
       copy_decompress_none.obj       14      0         0      
       copy_zero_init.obj             12      0         0      
       pre_init.obj                   4       0         0      
       stkdepth_vars.obj              0       0         4      
       i_div0.obj                     2       0         0      
       mpu_init.obj                   2       0         0      
       startup.obj                    2       0         0      
    +--+------------------------------+-------+---------+---------+
       Total:                         2220    0         24     
                                                               
    F:/TIVAWARE002/driverlib/ccs/Debug/driverlib.lib
       interrupt.obj                  208     268       620    
       gpio.obj                       510     144       0      
       sysctl.obj                     380     108       0      
       timer.obj                      270     160       0      
       uart.obj                       194     0         0      
       fpu.obj                        32      0         0      
       cpu.obj                        12      0         0      
    +--+------------------------------+-------+---------+---------+
       Total:                         1606    680       620    
                                                               
       Stack:                         0       0         512    
       Linker Generated:              0       89        0      
    +--+------------------------------+-------+---------+---------+
       Grand Total:                   10474   1435      1716   


LINKER GENERATED COPY TABLES

__TI_cinit_table @ 00002e80 records: 3, size/record: 8, table size: 24
	.data: load addr=00002e38, load size=00000025 bytes, run addr=20000624, run size=0000009c bytes, compression=lzss
	.bss: load addr=00002e70, load size=00000008 bytes, run addr=20000470, run size=000001b4 bytes, compression=zero_init
	.vtable: load addr=00002e78, load size=00000008 bytes, run addr=20000000, run size=0000026c bytes, compression=zero_init


LINKER GENERATED HANDLER TABLE

__TI_handler_table @ 00002e60 records: 3, size/record: 4, table size: 12
	index: 0, handler: __TI_zero_init
	index: 1, handler: __TI_decompress_lzss
	index: 2, handler: __TI_decompress_none


GLOBAL SYMBOLS: SORTED ALPHABETICALLY BY Name 

address   name                           
-------   ----                           
00000909  Aircraft_Base_Output           
000008a9  Aircraft_Unlock                
0000026d  AltitudeControlerInit          
000002b5  AltitudeGet                    
000002d3  Altitude_Control               
000016f9  Attitude_Data_Store            
0000186b  Attitude_init                  
00002601  C$$EXIT                        
00002ad9  CPUcpsie                       
000005b1  ConfigureUART0                 
00001879  Distance_init                  
00002a71  FPUEnable                      
00002a81  FPULazyStackingEnable          
00002921  GPIODirModeSet                 
0000190d  GPIOE3_Init                    
00001f47  GPIOPadConfigSet               
000026ed  GPIOPinConfigure               
00002b35  GPIOPinRead                    
00002a39  GPIOPinTypeGPIOInput           
000029b1  GPIOPinTypeGPIOOutput          
00002a4b  GPIOPinTypeTimer               
00002a5d  GPIOPinTypeUART                
00002b3b  GPIOPinWrite                   
0000247d  IntEnable                      
00002a91  IntMasterEnable                
0000294d  IntPrioritySet                 
000028b9  IntRegister                    
000007f1  KEY_PF4_Pros                   
00000789  Key_PF4_Init                   
000005f1  LED_Init                       
0000061d  MavLink_Data_Get               
00001699  Mav_recive_UART2_Config        
00001887  Mavlink_DateInit               
00000855  PPM_Channal_Init               
000004ad  PositionControlerInit          
00000579  Position_Control               
00001ca1  Recive_UART1_Config            
00002af1  ResetISR                       
00000979  RolloverProtection             
20000624  Rx_Buffer_attitude             
2000064c  Rx_Buffer_height               
UNDEFED   SHT$$INIT_ARRAY$$Base          
UNDEFED   SHT$$INIT_ARRAY$$Limit         
00001933  SonicTrig                      
200005f8  Source_Rangefinder_payload     
20000548  Source_attitude_payload        
00002079  SysCtlClockGet                 
000028ed  SysCtlPeripheralEnable         
00002849  SysCtlPeripheralReady          
000013d5  Timer0AIntHandler              
00000a91  Timer1AIntHandler              
000009ed  Timer1A_Init                   
00002b41  TimerClockSourceSet            
0000254d  TimerConfigure                 
000029f9  TimerControlEvent              
00002aa1  TimerEnable                    
00002b53  TimerIntClear                  
00002b25  TimerIntEnable                 
000029c9  TimerIntRegister               
00002afd  TimerIntStatus                 
00002b07  TimerValueGet                  
00001ce7  UART1IntHandler                
00000b01  UART1_Data_Pros                
200004e0  UART1_Rx_Buffers               
20000514  UART1_Rx_Data                  
20000620  UART1_Rx_Len                   
20000621  UART1_Sender_Address           
20000694  UART1_Updated_Flag             
0000172f  UART2IntHandler                
00002aaf  UARTCharGetNonBlocking         
00002abd  UARTCharsAvail                 
00002b47  UARTClockSourceSet             
0000277d  UARTConfigSetExpClk            
00002971  UARTDisable                    
00002a0f  UARTEnable                     
00002b11  UARTFIFOEnable                 
00002b4d  UARTFIFOLevelSet               
00002b57  UARTIntClear                   
00002b2d  UARTIntEnable                  
00002b1b  UARTIntStatus                  
00000e1d  UARTStdioConfig                
00000f95  UARTgetc                       
00000ecf  UARTgets                       
000012c3  UARTprintf                     
00000fc9  UARTvprintf                    
00000e7d  UARTwrite                      
00001a81  UltrasonicConfigure            
00001a1f  WTimer0BConfigure              
00001963  WTimer0BIntHandler             
2000046c  __STACK_END                    
00000200  __STACK_SIZE                   
2000046c  __STACK_TOP                    
00002e80  __TI_CINIT_Base                
00002e98  __TI_CINIT_Limit               
00002e60  __TI_Handler_Table_Base        
00002e6c  __TI_Handler_Table_Limit       
0000239d  __TI_auto_init                 
20000674  __TI_cleanup_ptr               
000024e5  __TI_decompress_lzss           
00002acb  __TI_decompress_none           
20000678  __TI_dtors_ptr                 
2000067c  __TI_enable_exit_profile_output
ffffffff  __TI_pprof_out_hndl            
ffffffff  __TI_prof_data_size            
ffffffff  __TI_prof_data_start           
00000000  __TI_static_base__             
00002ae5  __TI_zero_init                 
0000240d  __aeabi_d2f                    
00002735  __aeabi_d2iz                   
000027c3  __aeabi_d2uiz                  
00001af3  __aeabi_dadd                   
00001e11  __aeabi_ddiv                   
00002189  __aeabi_dmul                   
00001ae9  __aeabi_dsub                   
00002881  __aeabi_f2d                    
00001c9f  __aeabi_idiv0                  
00002321  __aeabi_memclr                 
00002321  __aeabi_memclr4                
00002321  __aeabi_memclr8                
00002285  __aeabi_memcpy                 
00002285  __aeabi_memcpy4                
00002285  __aeabi_memcpy8                
00002323  __aeabi_memset                 
00002323  __aeabi_memset4                
00002323  __aeabi_memset8                
00002991  __aeabi_ui2d                   
00002807  __aeabi_uidiv                  
00002807  __aeabi_uidivmod               
ffffffff  __binit__                      
ffffffff  __c_args__                     
0000239b  __mpu_init                     
2000026c  __stack                        
000029e1  _args_main                     
000025ad  _c_int00                       
2000068c  _lock                          
00002a33  _nop                           
00002a2b  _register_lock                 
00002a25  _register_unlock               
0000247b  _system_post_cinit             
00002b5b  _system_pre_init               
20000690  _unlock                        
00002605  abort                          
20000680  aircraft_start_flag            
20000578  altitude_controler             
20000660  bDataReady                     
ffffffff  binit                          
000026a1  copy_in                        
0000260d  exit                           
20000000  g_pfnRAMVectors                
00000000  g_pfnVectors                   
20000600  int_mavlink_height             
20000604  int_pitch                      
20000608  int_roll                       
2000066c  int_ultrasonic_height          
2000060c  int_yaw                        
00000bf1  main                           
200006bc  main_func_sp                   
20000610  mavlink_height                 
00002285  memcpy                         
00002329  memset                         
200006a4  newAttiFlag                    
200006a5  newHeightFlag                  
20000622  payload_buf_index              
20000614  pitch                          
20000470  position_controler             
200005da  ppm_data                       
000012f9  ppm_encoder_init               
000013ff  ppm_encoder_set_data           
20000618  roll                           
20000623  rx_buffer                      
200006a6  start_receive_attitude         
200006a7  start_receive_height           
20000664  ui32Distance                   
20000668  ultrasonic_height              
20000670  ultrasonic_update_flag         
2000061c  yaw                            


GLOBAL SYMBOLS: SORTED BY Symbol Address 

address   name                           
-------   ----                           
00000000  __TI_static_base__             
00000000  g_pfnVectors                   
00000200  __STACK_SIZE                   
0000026d  AltitudeControlerInit          
000002b5  AltitudeGet                    
000002d3  Altitude_Control               
000004ad  PositionControlerInit          
00000579  Position_Control               
000005b1  ConfigureUART0                 
000005f1  LED_Init                       
0000061d  MavLink_Data_Get               
00000789  Key_PF4_Init                   
000007f1  KEY_PF4_Pros                   
00000855  PPM_Channal_Init               
000008a9  Aircraft_Unlock                
00000909  Aircraft_Base_Output           
00000979  RolloverProtection             
000009ed  Timer1A_Init                   
00000a91  Timer1AIntHandler              
00000b01  UART1_Data_Pros                
00000bf1  main                           
00000e1d  UARTStdioConfig                
00000e7d  UARTwrite                      
00000ecf  UARTgets                       
00000f95  UARTgetc                       
00000fc9  UARTvprintf                    
000012c3  UARTprintf                     
000012f9  ppm_encoder_init               
000013d5  Timer0AIntHandler              
000013ff  ppm_encoder_set_data           
00001699  Mav_recive_UART2_Config        
000016f9  Attitude_Data_Store            
0000172f  UART2IntHandler                
0000186b  Attitude_init                  
00001879  Distance_init                  
00001887  Mavlink_DateInit               
0000190d  GPIOE3_Init                    
00001933  SonicTrig                      
00001963  WTimer0BIntHandler             
00001a1f  WTimer0BConfigure              
00001a81  UltrasonicConfigure            
00001ae9  __aeabi_dsub                   
00001af3  __aeabi_dadd                   
00001c9f  __aeabi_idiv0                  
00001ca1  Recive_UART1_Config            
00001ce7  UART1IntHandler                
00001e11  __aeabi_ddiv                   
00001f47  GPIOPadConfigSet               
00002079  SysCtlClockGet                 
00002189  __aeabi_dmul                   
00002285  __aeabi_memcpy                 
00002285  __aeabi_memcpy4                
00002285  __aeabi_memcpy8                
00002285  memcpy                         
00002321  __aeabi_memclr                 
00002321  __aeabi_memclr4                
00002321  __aeabi_memclr8                
00002323  __aeabi_memset                 
00002323  __aeabi_memset4                
00002323  __aeabi_memset8                
00002329  memset                         
0000239b  __mpu_init                     
0000239d  __TI_auto_init                 
0000240d  __aeabi_d2f                    
0000247b  _system_post_cinit             
0000247d  IntEnable                      
000024e5  __TI_decompress_lzss           
0000254d  TimerConfigure                 
000025ad  _c_int00                       
00002601  C$$EXIT                        
00002605  abort                          
0000260d  exit                           
000026a1  copy_in                        
000026ed  GPIOPinConfigure               
00002735  __aeabi_d2iz                   
0000277d  UARTConfigSetExpClk            
000027c3  __aeabi_d2uiz                  
00002807  __aeabi_uidiv                  
00002807  __aeabi_uidivmod               
00002849  SysCtlPeripheralReady          
00002881  __aeabi_f2d                    
000028b9  IntRegister                    
000028ed  SysCtlPeripheralEnable         
00002921  GPIODirModeSet                 
0000294d  IntPrioritySet                 
00002971  UARTDisable                    
00002991  __aeabi_ui2d                   
000029b1  GPIOPinTypeGPIOOutput          
000029c9  TimerIntRegister               
000029e1  _args_main                     
000029f9  TimerControlEvent              
00002a0f  UARTEnable                     
00002a25  _register_unlock               
00002a2b  _register_lock                 
00002a33  _nop                           
00002a39  GPIOPinTypeGPIOInput           
00002a4b  GPIOPinTypeTimer               
00002a5d  GPIOPinTypeUART                
00002a71  FPUEnable                      
00002a81  FPULazyStackingEnable          
00002a91  IntMasterEnable                
00002aa1  TimerEnable                    
00002aaf  UARTCharGetNonBlocking         
00002abd  UARTCharsAvail                 
00002acb  __TI_decompress_none           
00002ad9  CPUcpsie                       
00002ae5  __TI_zero_init                 
00002af1  ResetISR                       
00002afd  TimerIntStatus                 
00002b07  TimerValueGet                  
00002b11  UARTFIFOEnable                 
00002b1b  UARTIntStatus                  
00002b25  TimerIntEnable                 
00002b2d  UARTIntEnable                  
00002b35  GPIOPinRead                    
00002b3b  GPIOPinWrite                   
00002b41  TimerClockSourceSet            
00002b47  UARTClockSourceSet             
00002b4d  UARTFIFOLevelSet               
00002b53  TimerIntClear                  
00002b57  UARTIntClear                   
00002b5b  _system_pre_init               
00002e60  __TI_Handler_Table_Base        
00002e6c  __TI_Handler_Table_Limit       
00002e80  __TI_CINIT_Base                
00002e98  __TI_CINIT_Limit               
20000000  g_pfnRAMVectors                
2000026c  __stack                        
2000046c  __STACK_END                    
2000046c  __STACK_TOP                    
20000470  position_controler             
200004e0  UART1_Rx_Buffers               
20000514  UART1_Rx_Data                  
20000548  Source_attitude_payload        
20000578  altitude_controler             
200005da  ppm_data                       
200005f8  Source_Rangefinder_payload     
20000600  int_mavlink_height             
20000604  int_pitch                      
20000608  int_roll                       
2000060c  int_yaw                        
20000610  mavlink_height                 
20000614  pitch                          
20000618  roll                           
2000061c  yaw                            
20000620  UART1_Rx_Len                   
20000621  UART1_Sender_Address           
20000622  payload_buf_index              
20000623  rx_buffer                      
20000624  Rx_Buffer_attitude             
2000064c  Rx_Buffer_height               
20000660  bDataReady                     
20000664  ui32Distance                   
20000668  ultrasonic_height              
2000066c  int_ultrasonic_height          
20000670  ultrasonic_update_flag         
20000674  __TI_cleanup_ptr               
20000678  __TI_dtors_ptr                 
2000067c  __TI_enable_exit_profile_output
20000680  aircraft_start_flag            
2000068c  _lock                          
20000690  _unlock                        
20000694  UART1_Updated_Flag             
200006a4  newAttiFlag                    
200006a5  newHeightFlag                  
200006a6  start_receive_attitude         
200006a7  start_receive_height           
200006bc  main_func_sp                   
ffffffff  __TI_pprof_out_hndl            
ffffffff  __TI_prof_data_size            
ffffffff  __TI_prof_data_start           
ffffffff  __binit__                      
ffffffff  __c_args__                     
ffffffff  binit                          
UNDEFED   SHT$$INIT_ARRAY$$Base          
UNDEFED   SHT$$INIT_ARRAY$$Limit         

[176 symbols]
