******************************************************************************
                  TI ARM Linker PC v16.9.0                     
******************************************************************************
>> Linked Mon Jan 28 17:26:43 2019

OUTPUT FILE NAME:   <Aircraft_v23.out>
ENTRY POINT SYMBOL: "_c_int00"  address: 00003f85


MEMORY CONFIGURATION

         name            origin    length      used     unused   attr    fill
----------------------  --------  ---------  --------  --------  ----  --------
  FLASH                 00000000   00040000  000048a2  0003b75e  R  X
  SRAM                  20000000   00008000  0000072c  000078d4  RW X


SEGMENT ALLOCATION MAP

run origin  load origin   length   init length attrs members
----------  ----------- ---------- ----------- ----- -------
00000000    00000000    000048a8   000048a8    r-x
  00000000    00000000    0000026c   0000026c    r-- .intvecs
  0000026c    0000026c    000042c6   000042c6    r-x .text
  00004538    00004538    00000308   00000308    r-- .const
  00004840    00004840    00000068   00000068    r-- .cinit
20000000    20000000    00000730   00000000    rw-
  20000000    20000000    0000026c   00000000    rw- .vtable
  2000026c    2000026c    00000200   00000000    rw- .stack
  20000470    20000470    000001e8   00000000    rw- .bss
  20000658    20000658    000000d8   00000000    rw- .data


SECTION ALLOCATION MAP

 output                                  attributes/
section   page    origin      length       input sections
--------  ----  ----------  ----------   ----------------
.intvecs   0    00000000    0000026c     
                  00000000    0000026c     tm4c123gh6pm_startup_ccs.obj (.intvecs)

.text      0    0000026c    000042c6     
                  0000026c    0000126c     main.obj (.text)
                  000014d8    000009ac     rtsv7M4_T_le_v4SPD16_eabi.lib : e_pow.obj (.text)
                  00001e84    000004dc     uartstdio.obj (.text)
                  00002360    00000420     mavlink.obj (.text)
                  00002780    000003a0     ppm.obj (.text)
                  00002b20    00000288     filter.obj (.text)
                  00002da8    000001dc     ultrasonic.obj (.text)
                  00002f84    000001c4     camera.obj (.text)
                  00003148    000001b6     rtsv7M4_T_le_v4SPD16_eabi.lib : fd_add_t2.obj (.text)
                  000032fe    00000002                                   : i_div0.obj (.text)
                  00003300    00000170     receive.obj (.text)
                  00003470    00000170     rtsv7M4_T_le_v4SPD16_eabi.lib : e_sqrt.obj (.text)
                  000035e0    00000136                                   : fd_div_t2.obj (.text)
                  00003716    00000132     driverlib.lib : gpio.obj (.text:GPIOPadConfigSet)
                  00003848    00000110                   : sysctl.obj (.text:SysCtlClockGet)
                  00003958    000000fc     rtsv7M4_T_le_v4SPD16_eabi.lib : fd_mul_t2.obj (.text)
                  00003a54    000000fc                                   : s_scalbn.obj (.text)
                  00003b50    0000009c                                   : memcpy_t2.obj (.text)
                  00003bec    00000086                                   : fd_cmp_t2.obj (.text:__aeabi_cdcmple)
                  00003c72    00000086                                   : fd_cmp_t2.obj (.text:__aeabi_cdrcmple)
                  00003cf8    0000007a                                   : memset_t2.obj (.text)
                  00003d72    00000002                                   : mpu_init.obj (.text)
                  00003d74    00000070                                   : autoinit.obj (.text)
                  00003de4    0000006e                                   : fd_tos_t2.obj (.text)
                  00003e52    00000002                                   : startup.obj (.text)
                  00003e54    00000068     driverlib.lib : interrupt.obj (.text:IntEnable)
                  00003ebc    00000068     rtsv7M4_T_le_v4SPD16_eabi.lib : copy_decompress_lzss.obj (.text:decompress:lzss)
                  00003f24    00000060     driverlib.lib : timer.obj (.text:TimerConfigure)
                  00003f84    00000054     rtsv7M4_T_le_v4SPD16_eabi.lib : boot.obj (.text)
                  00003fd8    00000054                                   : exit.obj (.text)
                  0000402c    0000004c     driverlib.lib : timer.obj (.text:_TimerIntNumberGet)
                  00004078    0000004c     rtsv7M4_T_le_v4SPD16_eabi.lib : cpy_tbl.obj (.text)
                  000040c4    00000048     driverlib.lib : gpio.obj (.text:GPIOPinConfigure)
                  0000410c    00000048     rtsv7M4_T_le_v4SPD16_eabi.lib : fd_toi_t2.obj (.text)
                  00004154    00000046     driverlib.lib : uart.obj (.text:UARTConfigSetExpClk)
                  0000419a    00000040     rtsv7M4_T_le_v4SPD16_eabi.lib : u_divt2.obj (.text)
                  000041da    00000002     --HOLE-- [fill = 0]
                  000041dc    00000038     driverlib.lib : sysctl.obj (.text:SysCtlPeripheralReady)
                  00004214    00000038     rtsv7M4_T_le_v4SPD16_eabi.lib : fs_tod_t2.obj (.text)
                  0000424c    00000034     driverlib.lib : interrupt.obj (.text:IntRegister)
                  00004280    00000034                   : sysctl.obj (.text:SysCtlPeripheralEnable)
                  000042b4    0000002e     rtsv7M4_T_le_v4SPD16_eabi.lib : i_tofd_t2.obj (.text)
                  000042e2    0000002a     driverlib.lib : gpio.obj (.text:GPIODirModeSet)
                  0000430c    00000024                   : interrupt.obj (.text:IntPrioritySet)
                  00004330    00000020                   : uart.obj (.text:UARTDisable)
                  00004350    00000020     rtsv7M4_T_le_v4SPD16_eabi.lib : u_tofd_t2.obj (.text)
                  00004370    00000018     driverlib.lib : gpio.obj (.text:GPIOPinTypeGPIOOutput)
                  00004388    00000018                   : timer.obj (.text:TimerIntRegister)
                  000043a0    00000018     rtsv7M4_T_le_v4SPD16_eabi.lib : args_main.obj (.text)
                  000043b8    00000016     driverlib.lib : timer.obj (.text:TimerControlEvent)
                  000043ce    00000014                   : uart.obj (.text:UARTEnable)
                  000043e2    00000002     --HOLE-- [fill = 0]
                  000043e4    00000014     rtsv7M4_T_le_v4SPD16_eabi.lib : _lock.obj (.text)
                  000043f8    00000014                                   : s_copysign.obj (.text)
                  0000440c    00000012     driverlib.lib : gpio.obj (.text:GPIOPinTypeGPIOInput)
                  0000441e    00000012                   : gpio.obj (.text:GPIOPinTypeTimer)
                  00004430    00000012                   : gpio.obj (.text:GPIOPinTypeUART)
                  00004442    00000002     --HOLE-- [fill = 0]
                  00004444    00000010                   : fpu.obj (.text:FPUEnable)
                  00004454    00000010                   : fpu.obj (.text:FPULazyStackingEnable)
                  00004464    00000010                   : interrupt.obj (.text:IntMasterEnable)
                  00004474    0000000e                   : timer.obj (.text:TimerEnable)
                  00004482    0000000e                   : uart.obj (.text:UARTCharGetNonBlocking)
                  00004490    0000000e                   : uart.obj (.text:UARTCharsAvail)
                  0000449e    0000000e     rtsv7M4_T_le_v4SPD16_eabi.lib : copy_decompress_none.obj (.text:decompress:none)
                  000044ac    0000000c     driverlib.lib : cpu.obj (.text:CPUcpsie)
                  000044b8    0000000c     rtsv7M4_T_le_v4SPD16_eabi.lib : copy_zero_init.obj (.text:decompress:ZI)
                  000044c4    0000000c     tm4c123gh6pm_startup_ccs.obj (.text)
                  000044d0    0000000a     driverlib.lib : timer.obj (.text:TimerIntStatus)
                  000044da    0000000a                   : timer.obj (.text:TimerValueGet)
                  000044e4    0000000a                   : uart.obj (.text:UARTFIFOEnable)
                  000044ee    0000000a                   : uart.obj (.text:UARTIntStatus)
                  000044f8    00000008                   : timer.obj (.text:TimerIntEnable)
                  00004500    00000008                   : uart.obj (.text:UARTIntEnable)
                  00004508    00000006                   : gpio.obj (.text:GPIOPinRead)
                  0000450e    00000006                   : gpio.obj (.text:GPIOPinWrite)
                  00004514    00000006                   : timer.obj (.text:TimerClockSourceSet)
                  0000451a    00000006                   : uart.obj (.text:UARTClockSourceSet)
                  00004520    00000006                   : uart.obj (.text:UARTFIFOLevelSet)
                  00004526    00000004                   : timer.obj (.text:TimerIntClear)
                  0000452a    00000004                   : uart.obj (.text:UARTIntClear)
                  0000452e    00000004     rtsv7M4_T_le_v4SPD16_eabi.lib : pre_init.obj (.text)

.const     0    00004538    00000308     
                  00004538    0000009c     driverlib.lib : interrupt.obj (.const:g_pui32Regs)
                  000045d4    00000090                   : gpio.obj (.const:g_pui32GPIOBaseAddrs)
                  00004664    00000070                   : interrupt.obj (.const)
                  000046d4    0000006c                   : sysctl.obj (.const:g_pui32Xtals)
                  00004740    00000060                   : timer.obj (.const:g_ppui32TimerIntMap)
                  000047a0    00000040                   : timer.obj (.const:g_ppui32TimerIntMapSnowflake)
                  000047e0    00000030     rtsv7M4_T_le_v4SPD16_eabi.lib : e_pow.obj (.const:$O1$$)
                  00004810    00000012     uartstdio.obj (.const:.string)
                  00004822    00000002     --HOLE-- [fill = 0]
                  00004824    0000000c     uartstdio.obj (.const:g_ui32UARTBase)
                  00004830    0000000c     uartstdio.obj (.const:g_ui32UARTPeriph)
                  0000483c    00000004     uartstdio.obj (.const)

.cinit     0    00004840    00000068     
                  00004840    00000031     (.cinit..data.load) [load image, compression = lzss]
                  00004871    00000003     --HOLE-- [fill = 0]
                  00004874    0000000c     (__TI_handler_table)
                  00004880    00000008     (.cinit..bss.load) [load image, compression = zero_init]
                  00004888    00000008     (.cinit..vtable.load) [load image, compression = zero_init]
                  00004890    00000018     (__TI_cinit_table)

.init_array 
*          0    00000000    00000000     UNINITIALIZED

.vtable    0    20000000    0000026c     UNINITIALIZED
                  20000000    0000026c     driverlib.lib : interrupt.obj (.vtable)

.stack     0    2000026c    00000200     UNINITIALIZED
                  2000026c    00000200     --HOLE--

.bss       0    20000470    000001e8     UNINITIALIZED
                  20000470    00000068     (.common:position_controler)
                  200004d8    00000034     (.common:UART1_Rx_Buffers)
                  2000050c    00000034     (.common:UART1_Rx_Data)
                  20000540    00000030     (.common:Source_attitude_payload)
                  20000570    00000030     (.common:altitude_ewa)
                  200005a0    0000002c     (.common:altitude_controler)
                  200005cc    00000024     ppm.obj (.bss:ppm_data_buf)
                  200005f0    00000012     ppm.obj (.bss:ppm_data_shadow)
                  20000602    00000012     (.common:ppm_data)
                  20000614    0000000c     ppm.obj (.bss)
                  20000620    0000000c     (.common:UART3_Rx_Buffers)
                  2000062c    00000008     (.common:Source_Rangefinder_payload)
                  20000634    00000004     (.common:int_mavlink_height)
                  20000638    00000004     (.common:int_pitch)
                  2000063c    00000004     (.common:int_roll)
                  20000640    00000004     (.common:int_yaw)
                  20000644    00000004     (.common:mavlink_height)
                  20000648    00000004     (.common:pitch)
                  2000064c    00000004     (.common:roll)
                  20000650    00000004     (.common:yaw)
                  20000654    00000001     (.common:UART1_Rx_Len)
                  20000655    00000001     (.common:UART1_Sender_Address)
                  20000656    00000001     (.common:payload_buf_index)
                  20000657    00000001     (.common:rx_buffer)

.data      0    20000658    000000d8     UNINITIALIZED
                  20000658    00000028     mavlink.obj (.data:Rx_Buffer_attitude)
                  20000680    00000028     ultrasonic.obj (.data:ultrasonic_distance_history)
                  200006a8    00000014     mavlink.obj (.data:Rx_Buffer_height)
                  200006bc    00000011     camera.obj (.data)
                  200006cd    00000003     --HOLE--
                  200006d0    00000010     main.obj (.data)
                  200006e0    0000000c     rtsv7M4_T_le_v4SPD16_eabi.lib : exit.obj (.data:$O1$$)
                  200006ec    0000000a     ultrasonic.obj (.data)
                  200006f6    00000002     --HOLE--
                  200006f8    00000008     rtsv7M4_T_le_v4SPD16_eabi.lib : _lock.obj (.data:$O1$$)
                  20000700    00000008     receive.obj (.data)
                  20000708    00000008     ultrasonic.obj (.data:ui32Time$2)
                  20000710    00000006     mavlink.obj (.data)
                  20000716    00000002     --HOLE--
                  20000718    00000005     ppm.obj (.data)
                  2000071d    00000003     --HOLE--
                  20000720    00000005     uartstdio.obj (.data)
                  20000725    00000003     --HOLE--
                  20000728    00000004     rtsv7M4_T_le_v4SPD16_eabi.lib : errno.obj (.data)
                  2000072c    00000004                                   : stkdepth_vars.obj (.data)

MODULE SUMMARY

       Module                         code    ro data   rw data
       ------                         ----    -------   -------
    .\
       main.obj                       4716    0         230    
       uartstdio.obj                  1244    46        5      
       mavlink.obj                    1056    0         156    
       ppm.obj                        928     0         71     
       filter.obj                     648     0         0      
       tm4c123gh6pm_startup_ccs.obj   12      620       0      
       ultrasonic.obj                 476     0         58     
       receive.obj                    368     0         114    
       camera.obj                     452     0         29     
    +--+------------------------------+-------+---------+---------+
       Total:                         9900    666       663    
                                                               
    D:\ti\ccsv7\tools\compiler\ti-cgt-arm_16.9.0.LTS\lib\rtsv7M4_T_le_v4SPD16_eabi.lib
       e_pow.obj                      2476    48        0      
       fd_add_t2.obj                  438     0         0      
       e_sqrt.obj                     368     0         0      
       fd_div_t2.obj                  310     0         0      
       fd_cmp_t2.obj                  268     0         0      
       fd_mul_t2.obj                  252     0         0      
       s_scalbn.obj                   252     0         0      
       memcpy_t2.obj                  156     0         0      
       memset_t2.obj                  122     0         0      
       autoinit.obj                   112     0         0      
       fd_tos_t2.obj                  110     0         0      
       copy_decompress_lzss.obj       104     0         0      
       exit.obj                       84      0         12     
       boot.obj                       84      0         0      
       cpy_tbl.obj                    76      0         0      
       fd_toi_t2.obj                  72      0         0      
       u_divt2.obj                    64      0         0      
       fs_tod_t2.obj                  56      0         0      
       i_tofd_t2.obj                  46      0         0      
       u_tofd_t2.obj                  32      0         0      
       _lock.obj                      20      0         8      
       args_main.obj                  24      0         0      
       s_copysign.obj                 20      0         0      
       copy_decompress_none.obj       14      0         0      
       copy_zero_init.obj             12      0         0      
       errno.obj                      0       0         4      
       pre_init.obj                   4       0         0      
       stkdepth_vars.obj              0       0         4      
       i_div0.obj                     2       0         0      
       mpu_init.obj                   2       0         0      
       startup.obj                    2       0         0      
    +--+------------------------------+-------+---------+---------+
       Total:                         5582    48        28     
                                                               
    F:/TIVAWARE002/driverlib/ccs/Debug/driverlib.lib
       interrupt.obj                  208     268       620    
       gpio.obj                       510     144       0      
       sysctl.obj                     380     108       0      
       timer.obj                      270     160       0      
       uart.obj                       194     0         0      
       fpu.obj                        32      0         0      
       cpu.obj                        12      0         0      
    +--+------------------------------+-------+---------+---------+
       Total:                         1606    680       620    
                                                               
       Stack:                         0       0         512    
       Linker Generated:              0       101       0      
    +--+------------------------------+-------+---------+---------+
       Grand Total:                   17088   1495      1823   


LINKER GENERATED COPY TABLES

__TI_cinit_table @ 00004890 records: 3, size/record: 8, table size: 24
	.data: load addr=00004840, load size=00000031 bytes, run addr=20000658, run size=000000d8 bytes, compression=lzss
	.bss: load addr=00004880, load size=00000008 bytes, run addr=20000470, run size=000001e8 bytes, compression=zero_init
	.vtable: load addr=00004888, load size=00000008 bytes, run addr=20000000, run size=0000026c bytes, compression=zero_init


LINKER GENERATED HANDLER TABLE

__TI_handler_table @ 00004874 records: 3, size/record: 4, table size: 12
	index: 0, handler: __TI_zero_init
	index: 1, handler: __TI_decompress_lzss
	index: 2, handler: __TI_decompress_none


GLOBAL SYMBOLS: SORTED ALPHABETICALLY BY Name 

address   name                           
-------   ----                           
00000861  AircraftDataReceive            
000011d1  AircraftMain                   
00000c0d  Aircraft_Base_Output           
00000bbd  Aircraft_Unlock                
0000026d  AltitudeControlerInit          
000007d7  AltitudeGet                    
0000035d  Altitude_Control               
000023c1  Attitude_Data_Store            
00002533  Attitude_init                  
00003fd9  C$$EXIT                        
000044ad  CPUcpsie                       
00000f25  CalibrationMain                
00000a65  ConfigureUART0                 
00002541  Distance_init                  
00002b83  EWA_Filter_Compute             
00002b21  EWA_Filter_Init                
00004445  FPUEnable                      
00004455  FPULazyStackingEnable          
000042e3  GPIODirModeSet                 
00002da9  GPIOE3_Init                    
00003717  GPIOPadConfigSet               
000040c5  GPIOPinConfigure               
00004509  GPIOPinRead                    
0000440d  GPIOPinTypeGPIOInput           
00004371  GPIOPinTypeGPIOOutput          
0000441f  GPIOPinTypeTimer               
00004431  GPIOPinTypeUART                
0000450f  GPIOPinWrite                   
00003e55  IntEnable                      
00004465  IntMasterEnable                
0000430d  IntPrioritySet                 
0000424d  IntRegister                    
00000b01  KEY_PF4_Pros                   
00000ad1  Key_PF4_Init                   
00000aa9  LED_Init                       
00002cbd  MA_Filter_Compute              
00002c6b  MA_Filter_Init                 
00002591  MavLink_Data_Get               
00002361  Mav_recive_UART2_Config        
0000254f  Mavlink_DateInit               
00000b59  PPM_Channal_Init               
000002c5  PositionControlerInit          
000005e5  Position_Control               
00003301  Recive_UART1_Config            
00002f85  Recive_UART3_Config            
000044c5  ResetISR                       
00000c6d  RolloverProtection             
20000658  Rx_Buffer_attitude             
200006a8  Rx_Buffer_height               
UNDEFED   SHT$$INIT_ARRAY$$Base          
UNDEFED   SHT$$INIT_ARRAY$$Limit         
00002dcf  SonicTrig                      
2000062c  Source_Rangefinder_payload     
20000540  Source_attitude_payload        
00003849  SysCtlClockGet                 
00004281  SysCtlPeripheralEnable         
000041dd  SysCtlPeripheralReady          
0000285d  Timer0AIntHandler              
00000d99  Timer1AIntHandler              
00000cf9  Timer1A_Init                   
00004515  TimerClockSourceSet            
00003f25  TimerConfigure                 
000043b9  TimerControlEvent              
00004475  TimerEnable                    
00004527  TimerIntClear                  
000044f9  TimerIntEnable                 
00004389  TimerIntRegister               
000044d1  TimerIntStatus                 
000044db  TimerValueGet                  
00003347  UART1IntHandler                
00000e25  UART1_Data_Pros                
200004d8  UART1_Rx_Buffers               
2000050c  UART1_Rx_Data                  
20000654  UART1_Rx_Len                   
20000655  UART1_Sender_Address           
20000700  UART1_Updated_Flag             
000023f7  UART2IntHandler                
00002fc9  UART3IntHandler                
20000620  UART3_Rx_Buffers               
200006c4  UART3_Updated_Flag             
00004483  UARTCharGetNonBlocking         
00004491  UARTCharsAvail                 
0000451b  UARTClockSourceSet             
00004155  UARTConfigSetExpClk            
00004331  UARTDisable                    
000043cf  UARTEnable                     
000044e5  UARTFIFOEnable                 
00004521  UARTFIFOLevelSet               
0000452b  UARTIntClear                   
00004501  UARTIntEnable                  
000044ef  UARTIntStatus                  
00001e85  UARTStdioConfig                
00001ffd  UARTgetc                       
00001f37  UARTgets                       
0000232b  UARTprintf                     
00002031  UARTvprintf                    
00001ee5  UARTwrite                      
00002f25  UltrasonicConfigure            
00002ec3  WTimer0BConfigure              
00002dff  WTimer0BIntHandler             
2000046c  __STACK_END                    
00000200  __STACK_SIZE                   
2000046c  __STACK_TOP                    
00004890  __TI_CINIT_Base                
000048a8  __TI_CINIT_Limit               
00004874  __TI_Handler_Table_Base        
00004880  __TI_Handler_Table_Limit       
00003d75  __TI_auto_init                 
200006e0  __TI_cleanup_ptr               
00003ebd  __TI_decompress_lzss           
0000449f  __TI_decompress_none           
200006e4  __TI_dtors_ptr                 
200006e8  __TI_enable_exit_profile_output
ffffffff  __TI_pprof_out_hndl            
ffffffff  __TI_prof_data_size            
ffffffff  __TI_prof_data_start           
00000000  __TI_static_base__             
000044b9  __TI_zero_init                 
00003bed  __aeabi_cdcmpeq                
00003bed  __aeabi_cdcmple                
00003c73  __aeabi_cdrcmple               
00003de5  __aeabi_d2f                    
0000410d  __aeabi_d2iz                   
00003153  __aeabi_dadd                   
000035e1  __aeabi_ddiv                   
00003959  __aeabi_dmul                   
00003149  __aeabi_dsub                   
00004215  __aeabi_f2d                    
000042b5  __aeabi_i2d                    
000032ff  __aeabi_idiv0                  
00003cf9  __aeabi_memclr                 
00003cf9  __aeabi_memclr4                
00003cf9  __aeabi_memclr8                
00003b51  __aeabi_memcpy                 
00003b51  __aeabi_memcpy4                
00003b51  __aeabi_memcpy8                
00003cfb  __aeabi_memset                 
00003cfb  __aeabi_memset4                
00003cfb  __aeabi_memset8                
00004351  __aeabi_ui2d                   
0000419b  __aeabi_uidiv                  
0000419b  __aeabi_uidivmod               
ffffffff  __binit__                      
ffffffff  __c_args__                     
00003d73  __mpu_init                     
2000026c  __stack                        
000043a1  _args_main                     
00003f85  _c_int00                       
200006f8  _lock                          
000043f3  _nop                           
000043eb  _register_lock                 
000043e5  _register_unlock               
00003e53  _system_post_cinit             
0000452f  _system_pre_init               
200006fc  _unlock                        
00003fdd  abort                          
200006d0  aircraft_start_flag            
200005a0  altitude_controler             
20000570  altitude_ewa                   
ffffffff  binit                          
00004079  copy_in                        
000043f9  copysign                       
000043f9  copysignl                      
20000728  errno                          
00003fe5  exit                           
20000000  g_pfnRAMVectors                
00000000  g_pfnVectors                   
20000634  int_mavlink_height             
20000638  int_pitch                      
2000063c  int_roll                       
20000640  int_yaw                        
00003a55  ldexp                          
00003a55  ldexpl                         
0000145f  main                           
2000072c  main_func_sp                   
20000644  mavlink_height                 
00003b51  memcpy                         
00003d01  memset                         
20000710  newAttiFlag                    
20000711  newHeightFlag                  
20000656  payload_buf_index              
20000648  pitch                          
20000470  position_controler             
000014d9  pow                            
000014d9  powl                           
20000602  ppm_data                       
00002781  ppm_encoder_init               
00002887  ppm_encoder_set_data           
2000064c  roll                           
20000657  rx_buffer                      
00003a55  scalbn                         
00003a55  scalbnl                        
00003471  sqrt                           
00003471  sqrtl                          
20000712  start_receive_attitude         
20000713  start_receive_height           
00003051  u3Data_handle                  
200006f0  ultrasonic_distance            
20000680  ultrasonic_distance_history    
200006ec  ultrasonic_update_flag         
200006bc  x_hat                          
200006c0  y_hat                          
20000650  yaw                            


GLOBAL SYMBOLS: SORTED BY Symbol Address 

address   name                           
-------   ----                           
00000000  __TI_static_base__             
00000000  g_pfnVectors                   
00000200  __STACK_SIZE                   
0000026d  AltitudeControlerInit          
000002c5  PositionControlerInit          
0000035d  Altitude_Control               
000005e5  Position_Control               
000007d7  AltitudeGet                    
00000861  AircraftDataReceive            
00000a65  ConfigureUART0                 
00000aa9  LED_Init                       
00000ad1  Key_PF4_Init                   
00000b01  KEY_PF4_Pros                   
00000b59  PPM_Channal_Init               
00000bbd  Aircraft_Unlock                
00000c0d  Aircraft_Base_Output           
00000c6d  RolloverProtection             
00000cf9  Timer1A_Init                   
00000d99  Timer1AIntHandler              
00000e25  UART1_Data_Pros                
00000f25  CalibrationMain                
000011d1  AircraftMain                   
0000145f  main                           
000014d9  pow                            
000014d9  powl                           
00001e85  UARTStdioConfig                
00001ee5  UARTwrite                      
00001f37  UARTgets                       
00001ffd  UARTgetc                       
00002031  UARTvprintf                    
0000232b  UARTprintf                     
00002361  Mav_recive_UART2_Config        
000023c1  Attitude_Data_Store            
000023f7  UART2IntHandler                
00002533  Attitude_init                  
00002541  Distance_init                  
0000254f  Mavlink_DateInit               
00002591  MavLink_Data_Get               
00002781  ppm_encoder_init               
0000285d  Timer0AIntHandler              
00002887  ppm_encoder_set_data           
00002b21  EWA_Filter_Init                
00002b83  EWA_Filter_Compute             
00002c6b  MA_Filter_Init                 
00002cbd  MA_Filter_Compute              
00002da9  GPIOE3_Init                    
00002dcf  SonicTrig                      
00002dff  WTimer0BIntHandler             
00002ec3  WTimer0BConfigure              
00002f25  UltrasonicConfigure            
00002f85  Recive_UART3_Config            
00002fc9  UART3IntHandler                
00003051  u3Data_handle                  
00003149  __aeabi_dsub                   
00003153  __aeabi_dadd                   
000032ff  __aeabi_idiv0                  
00003301  Recive_UART1_Config            
00003347  UART1IntHandler                
00003471  sqrt                           
00003471  sqrtl                          
000035e1  __aeabi_ddiv                   
00003717  GPIOPadConfigSet               
00003849  SysCtlClockGet                 
00003959  __aeabi_dmul                   
00003a55  ldexp                          
00003a55  ldexpl                         
00003a55  scalbn                         
00003a55  scalbnl                        
00003b51  __aeabi_memcpy                 
00003b51  __aeabi_memcpy4                
00003b51  __aeabi_memcpy8                
00003b51  memcpy                         
00003bed  __aeabi_cdcmpeq                
00003bed  __aeabi_cdcmple                
00003c73  __aeabi_cdrcmple               
00003cf9  __aeabi_memclr                 
00003cf9  __aeabi_memclr4                
00003cf9  __aeabi_memclr8                
00003cfb  __aeabi_memset                 
00003cfb  __aeabi_memset4                
00003cfb  __aeabi_memset8                
00003d01  memset                         
00003d73  __mpu_init                     
00003d75  __TI_auto_init                 
00003de5  __aeabi_d2f                    
00003e53  _system_post_cinit             
00003e55  IntEnable                      
00003ebd  __TI_decompress_lzss           
00003f25  TimerConfigure                 
00003f85  _c_int00                       
00003fd9  C$$EXIT                        
00003fdd  abort                          
00003fe5  exit                           
00004079  copy_in                        
000040c5  GPIOPinConfigure               
0000410d  __aeabi_d2iz                   
00004155  UARTConfigSetExpClk            
0000419b  __aeabi_uidiv                  
0000419b  __aeabi_uidivmod               
000041dd  SysCtlPeripheralReady          
00004215  __aeabi_f2d                    
0000424d  IntRegister                    
00004281  SysCtlPeripheralEnable         
000042b5  __aeabi_i2d                    
000042e3  GPIODirModeSet                 
0000430d  IntPrioritySet                 
00004331  UARTDisable                    
00004351  __aeabi_ui2d                   
00004371  GPIOPinTypeGPIOOutput          
00004389  TimerIntRegister               
000043a1  _args_main                     
000043b9  TimerControlEvent              
000043cf  UARTEnable                     
000043e5  _register_unlock               
000043eb  _register_lock                 
000043f3  _nop                           
000043f9  copysign                       
000043f9  copysignl                      
0000440d  GPIOPinTypeGPIOInput           
0000441f  GPIOPinTypeTimer               
00004431  GPIOPinTypeUART                
00004445  FPUEnable                      
00004455  FPULazyStackingEnable          
00004465  IntMasterEnable                
00004475  TimerEnable                    
00004483  UARTCharGetNonBlocking         
00004491  UARTCharsAvail                 
0000449f  __TI_decompress_none           
000044ad  CPUcpsie                       
000044b9  __TI_zero_init                 
000044c5  ResetISR                       
000044d1  TimerIntStatus                 
000044db  TimerValueGet                  
000044e5  UARTFIFOEnable                 
000044ef  UARTIntStatus                  
000044f9  TimerIntEnable                 
00004501  UARTIntEnable                  
00004509  GPIOPinRead                    
0000450f  GPIOPinWrite                   
00004515  TimerClockSourceSet            
0000451b  UARTClockSourceSet             
00004521  UARTFIFOLevelSet               
00004527  TimerIntClear                  
0000452b  UARTIntClear                   
0000452f  _system_pre_init               
00004874  __TI_Handler_Table_Base        
00004880  __TI_Handler_Table_Limit       
00004890  __TI_CINIT_Base                
000048a8  __TI_CINIT_Limit               
20000000  g_pfnRAMVectors                
2000026c  __stack                        
2000046c  __STACK_END                    
2000046c  __STACK_TOP                    
20000470  position_controler             
200004d8  UART1_Rx_Buffers               
2000050c  UART1_Rx_Data                  
20000540  Source_attitude_payload        
20000570  altitude_ewa                   
200005a0  altitude_controler             
20000602  ppm_data                       
20000620  UART3_Rx_Buffers               
2000062c  Source_Rangefinder_payload     
20000634  int_mavlink_height             
20000638  int_pitch                      
2000063c  int_roll                       
20000640  int_yaw                        
20000644  mavlink_height                 
20000648  pitch                          
2000064c  roll                           
20000650  yaw                            
20000654  UART1_Rx_Len                   
20000655  UART1_Sender_Address           
20000656  payload_buf_index              
20000657  rx_buffer                      
20000658  Rx_Buffer_attitude             
20000680  ultrasonic_distance_history    
200006a8  Rx_Buffer_height               
200006bc  x_hat                          
200006c0  y_hat                          
200006c4  UART3_Updated_Flag             
200006d0  aircraft_start_flag            
200006e0  __TI_cleanup_ptr               
200006e4  __TI_dtors_ptr                 
200006e8  __TI_enable_exit_profile_output
200006ec  ultrasonic_update_flag         
200006f0  ultrasonic_distance            
200006f8  _lock                          
200006fc  _unlock                        
20000700  UART1_Updated_Flag             
20000710  newAttiFlag                    
20000711  newHeightFlag                  
20000712  start_receive_attitude         
20000713  start_receive_height           
20000728  errno                          
2000072c  main_func_sp                   
ffffffff  __TI_pprof_out_hndl            
ffffffff  __TI_prof_data_size            
ffffffff  __TI_prof_data_start           
ffffffff  __binit__                      
ffffffff  __c_args__                     
ffffffff  binit                          
UNDEFED   SHT$$INIT_ARRAY$$Base          
UNDEFED   SHT$$INIT_ARRAY$$Limit         

[203 symbols]
