******************************************************************************
                  TI ARM Linker PC v16.9.0                     
******************************************************************************
>> Linked Sun Jan 27 15:14:03 2019

OUTPUT FILE NAME:   <Aircraft_v14.out>
ENTRY POINT SYMBOL: "_c_int00"  address: 00003c95


MEMORY CONFIGURATION

         name            origin    length      used     unused   attr    fill
----------------------  --------  ---------  --------  --------  ----  --------
  FLASH                 00000000   00040000  000045b2  0003ba4e  R  X
  SRAM                  20000000   00008000  0000072c  000078d4  RW X


SEGMENT ALLOCATION MAP

run origin  load origin   length   init length attrs members
----------  ----------- ---------- ----------- ----- -------
00000000    00000000    000045b8   000045b8    r-x
  00000000    00000000    0000026c   0000026c    r-- .intvecs
  0000026c    0000026c    00003fd6   00003fd6    r-x .text
  00004248    00004248    00000308   00000308    r-- .const
  00004550    00004550    00000068   00000068    r-- .cinit
20000000    20000000    00000730   00000000    rw-
  20000000    20000000    0000026c   00000000    rw- .vtable
  2000026c    2000026c    00000200   00000000    rw- .stack
  20000470    20000470    000001e8   00000000    rw- .bss
  20000658    20000658    000000d8   00000000    rw- .data


SECTION ALLOCATION MAP

 output                                  attributes/
section   page    origin      length       input sections
--------  ----  ----------  ----------   ----------------
.intvecs   0    00000000    0000026c     
                  00000000    0000026c     tm4c123gh6pm_startup_ccs.obj (.intvecs)

.text      0    0000026c    00003fd6     
                  0000026c    00000f7c     main.obj (.text)
                  000011e8    000009ac     rtsv7M4_T_le_v4SPD16_eabi.lib : e_pow.obj (.text)
                  00001b94    000004dc     uartstdio.obj (.text)
                  00002070    00000420     mavlink.obj (.text)
                  00002490    000003a0     ppm.obj (.text)
                  00002830    00000288     filter.obj (.text)
                  00002ab8    000001dc     ultrasonic.obj (.text)
                  00002c94    000001c4     camera.obj (.text)
                  00002e58    000001b6     rtsv7M4_T_le_v4SPD16_eabi.lib : fd_add_t2.obj (.text)
                  0000300e    00000002                                   : i_div0.obj (.text)
                  00003010    00000170     receive.obj (.text)
                  00003180    00000170     rtsv7M4_T_le_v4SPD16_eabi.lib : e_sqrt.obj (.text)
                  000032f0    00000136                                   : fd_div_t2.obj (.text)
                  00003426    00000132     driverlib.lib : gpio.obj (.text:GPIOPadConfigSet)
                  00003558    00000110                   : sysctl.obj (.text:SysCtlClockGet)
                  00003668    000000fc     rtsv7M4_T_le_v4SPD16_eabi.lib : fd_mul_t2.obj (.text)
                  00003764    000000fc                                   : s_scalbn.obj (.text)
                  00003860    0000009c                                   : memcpy_t2.obj (.text)
                  000038fc    00000086                                   : fd_cmp_t2.obj (.text:__aeabi_cdcmple)
                  00003982    00000086                                   : fd_cmp_t2.obj (.text:__aeabi_cdrcmple)
                  00003a08    0000007a                                   : memset_t2.obj (.text)
                  00003a82    00000002                                   : mpu_init.obj (.text)
                  00003a84    00000070                                   : autoinit.obj (.text)
                  00003af4    0000006e                                   : fd_tos_t2.obj (.text)
                  00003b62    00000002                                   : startup.obj (.text)
                  00003b64    00000068     driverlib.lib : interrupt.obj (.text:IntEnable)
                  00003bcc    00000068     rtsv7M4_T_le_v4SPD16_eabi.lib : copy_decompress_lzss.obj (.text:decompress:lzss)
                  00003c34    00000060     driverlib.lib : timer.obj (.text:TimerConfigure)
                  00003c94    00000054     rtsv7M4_T_le_v4SPD16_eabi.lib : boot.obj (.text)
                  00003ce8    00000054                                   : exit.obj (.text)
                  00003d3c    0000004c     driverlib.lib : timer.obj (.text:_TimerIntNumberGet)
                  00003d88    0000004c     rtsv7M4_T_le_v4SPD16_eabi.lib : cpy_tbl.obj (.text)
                  00003dd4    00000048     driverlib.lib : gpio.obj (.text:GPIOPinConfigure)
                  00003e1c    00000048     rtsv7M4_T_le_v4SPD16_eabi.lib : fd_toi_t2.obj (.text)
                  00003e64    00000046     driverlib.lib : uart.obj (.text:UARTConfigSetExpClk)
                  00003eaa    00000040     rtsv7M4_T_le_v4SPD16_eabi.lib : u_divt2.obj (.text)
                  00003eea    00000002     --HOLE-- [fill = 0]
                  00003eec    00000038     driverlib.lib : sysctl.obj (.text:SysCtlPeripheralReady)
                  00003f24    00000038     rtsv7M4_T_le_v4SPD16_eabi.lib : fs_tod_t2.obj (.text)
                  00003f5c    00000034     driverlib.lib : interrupt.obj (.text:IntRegister)
                  00003f90    00000034                   : sysctl.obj (.text:SysCtlPeripheralEnable)
                  00003fc4    0000002e     rtsv7M4_T_le_v4SPD16_eabi.lib : i_tofd_t2.obj (.text)
                  00003ff2    0000002a     driverlib.lib : gpio.obj (.text:GPIODirModeSet)
                  0000401c    00000024                   : interrupt.obj (.text:IntPrioritySet)
                  00004040    00000020                   : uart.obj (.text:UARTDisable)
                  00004060    00000020     rtsv7M4_T_le_v4SPD16_eabi.lib : u_tofd_t2.obj (.text)
                  00004080    00000018     driverlib.lib : gpio.obj (.text:GPIOPinTypeGPIOOutput)
                  00004098    00000018                   : timer.obj (.text:TimerIntRegister)
                  000040b0    00000018     rtsv7M4_T_le_v4SPD16_eabi.lib : args_main.obj (.text)
                  000040c8    00000016     driverlib.lib : timer.obj (.text:TimerControlEvent)
                  000040de    00000014                   : uart.obj (.text:UARTEnable)
                  000040f2    00000002     --HOLE-- [fill = 0]
                  000040f4    00000014     rtsv7M4_T_le_v4SPD16_eabi.lib : _lock.obj (.text)
                  00004108    00000014                                   : s_copysign.obj (.text)
                  0000411c    00000012     driverlib.lib : gpio.obj (.text:GPIOPinTypeGPIOInput)
                  0000412e    00000012                   : gpio.obj (.text:GPIOPinTypeTimer)
                  00004140    00000012                   : gpio.obj (.text:GPIOPinTypeUART)
                  00004152    00000002     --HOLE-- [fill = 0]
                  00004154    00000010                   : fpu.obj (.text:FPUEnable)
                  00004164    00000010                   : fpu.obj (.text:FPULazyStackingEnable)
                  00004174    00000010                   : interrupt.obj (.text:IntMasterEnable)
                  00004184    0000000e                   : timer.obj (.text:TimerEnable)
                  00004192    0000000e                   : uart.obj (.text:UARTCharGetNonBlocking)
                  000041a0    0000000e                   : uart.obj (.text:UARTCharsAvail)
                  000041ae    0000000e     rtsv7M4_T_le_v4SPD16_eabi.lib : copy_decompress_none.obj (.text:decompress:none)
                  000041bc    0000000c     driverlib.lib : cpu.obj (.text:CPUcpsie)
                  000041c8    0000000c     rtsv7M4_T_le_v4SPD16_eabi.lib : copy_zero_init.obj (.text:decompress:ZI)
                  000041d4    0000000c     tm4c123gh6pm_startup_ccs.obj (.text)
                  000041e0    0000000a     driverlib.lib : timer.obj (.text:TimerIntStatus)
                  000041ea    0000000a                   : timer.obj (.text:TimerValueGet)
                  000041f4    0000000a                   : uart.obj (.text:UARTFIFOEnable)
                  000041fe    0000000a                   : uart.obj (.text:UARTIntStatus)
                  00004208    00000008                   : timer.obj (.text:TimerIntEnable)
                  00004210    00000008                   : uart.obj (.text:UARTIntEnable)
                  00004218    00000006                   : gpio.obj (.text:GPIOPinRead)
                  0000421e    00000006                   : gpio.obj (.text:GPIOPinWrite)
                  00004224    00000006                   : timer.obj (.text:TimerClockSourceSet)
                  0000422a    00000006                   : uart.obj (.text:UARTClockSourceSet)
                  00004230    00000006                   : uart.obj (.text:UARTFIFOLevelSet)
                  00004236    00000004                   : timer.obj (.text:TimerIntClear)
                  0000423a    00000004                   : uart.obj (.text:UARTIntClear)
                  0000423e    00000004     rtsv7M4_T_le_v4SPD16_eabi.lib : pre_init.obj (.text)

.const     0    00004248    00000308     
                  00004248    0000009c     driverlib.lib : interrupt.obj (.const:g_pui32Regs)
                  000042e4    00000090                   : gpio.obj (.const:g_pui32GPIOBaseAddrs)
                  00004374    00000070                   : interrupt.obj (.const)
                  000043e4    0000006c                   : sysctl.obj (.const:g_pui32Xtals)
                  00004450    00000060                   : timer.obj (.const:g_ppui32TimerIntMap)
                  000044b0    00000040                   : timer.obj (.const:g_ppui32TimerIntMapSnowflake)
                  000044f0    00000030     rtsv7M4_T_le_v4SPD16_eabi.lib : e_pow.obj (.const:$O1$$)
                  00004520    00000012     uartstdio.obj (.const:.string)
                  00004532    00000002     --HOLE-- [fill = 0]
                  00004534    0000000c     uartstdio.obj (.const:g_ui32UARTBase)
                  00004540    0000000c     uartstdio.obj (.const:g_ui32UARTPeriph)
                  0000454c    00000004     uartstdio.obj (.const)

.cinit     0    00004550    00000068     
                  00004550    00000031     (.cinit..data.load) [load image, compression = lzss]
                  00004581    00000003     --HOLE-- [fill = 0]
                  00004584    0000000c     (__TI_handler_table)
                  00004590    00000008     (.cinit..bss.load) [load image, compression = zero_init]
                  00004598    00000008     (.cinit..vtable.load) [load image, compression = zero_init]
                  000045a0    00000018     (__TI_cinit_table)

.init_array 
*          0    00000000    00000000     UNINITIALIZED

.vtable    0    20000000    0000026c     UNINITIALIZED
                  20000000    0000026c     driverlib.lib : interrupt.obj (.vtable)

.stack     0    2000026c    00000200     UNINITIALIZED
                  2000026c    00000200     --HOLE--

.bss       0    20000470    000001e8     UNINITIALIZED
                  20000470    00000068     (.common:position_controler)
                  200004d8    00000034     (.common:UART1_Rx_Buffers)
                  2000050c    00000034     (.common:UART1_Rx_Data)
                  20000540    00000030     (.common:Source_attitude_payload)
                  20000570    00000030     (.common:altitude_ewa)
                  200005a0    0000002c     (.common:altitude_controler)
                  200005cc    00000024     ppm.obj (.bss:ppm_data_buf)
                  200005f0    00000012     ppm.obj (.bss:ppm_data_shadow)
                  20000602    00000012     (.common:ppm_data)
                  20000614    0000000c     ppm.obj (.bss)
                  20000620    0000000c     (.common:UART3_Rx_Buffers)
                  2000062c    00000008     (.common:Source_Rangefinder_payload)
                  20000634    00000004     (.common:int_mavlink_height)
                  20000638    00000004     (.common:int_pitch)
                  2000063c    00000004     (.common:int_roll)
                  20000640    00000004     (.common:int_yaw)
                  20000644    00000004     (.common:mavlink_height)
                  20000648    00000004     (.common:pitch)
                  2000064c    00000004     (.common:roll)
                  20000650    00000004     (.common:yaw)
                  20000654    00000001     (.common:UART1_Rx_Len)
                  20000655    00000001     (.common:UART1_Sender_Address)
                  20000656    00000001     (.common:payload_buf_index)
                  20000657    00000001     (.common:rx_buffer)

.data      0    20000658    000000d8     UNINITIALIZED
                  20000658    00000028     mavlink.obj (.data:Rx_Buffer_attitude)
                  20000680    00000028     ultrasonic.obj (.data:ultrasonic_distance_history)
                  200006a8    00000014     mavlink.obj (.data:Rx_Buffer_height)
                  200006bc    00000011     camera.obj (.data)
                  200006cd    00000003     --HOLE--
                  200006d0    00000010     main.obj (.data)
                  200006e0    0000000c     rtsv7M4_T_le_v4SPD16_eabi.lib : exit.obj (.data:$O1$$)
                  200006ec    0000000a     ultrasonic.obj (.data)
                  200006f6    00000002     --HOLE--
                  200006f8    00000008     rtsv7M4_T_le_v4SPD16_eabi.lib : _lock.obj (.data:$O1$$)
                  20000700    00000008     receive.obj (.data)
                  20000708    00000008     ultrasonic.obj (.data:ui32Time$2)
                  20000710    00000006     mavlink.obj (.data)
                  20000716    00000002     --HOLE--
                  20000718    00000005     ppm.obj (.data)
                  2000071d    00000003     --HOLE--
                  20000720    00000005     uartstdio.obj (.data)
                  20000725    00000003     --HOLE--
                  20000728    00000004     rtsv7M4_T_le_v4SPD16_eabi.lib : errno.obj (.data)
                  2000072c    00000004                                   : stkdepth_vars.obj (.data)

MODULE SUMMARY

       Module                         code    ro data   rw data
       ------                         ----    -------   -------
    .\
       main.obj                       3964    0         230    
       uartstdio.obj                  1244    46        5      
       mavlink.obj                    1056    0         156    
       ppm.obj                        928     0         71     
       filter.obj                     648     0         0      
       tm4c123gh6pm_startup_ccs.obj   12      620       0      
       ultrasonic.obj                 476     0         58     
       receive.obj                    368     0         114    
       camera.obj                     452     0         29     
    +--+------------------------------+-------+---------+---------+
       Total:                         9148    666       663    
                                                               
    D:\ti\ccsv7\tools\compiler\ti-cgt-arm_16.9.0.LTS\lib\rtsv7M4_T_le_v4SPD16_eabi.lib
       e_pow.obj                      2476    48        0      
       fd_add_t2.obj                  438     0         0      
       e_sqrt.obj                     368     0         0      
       fd_div_t2.obj                  310     0         0      
       fd_cmp_t2.obj                  268     0         0      
       fd_mul_t2.obj                  252     0         0      
       s_scalbn.obj                   252     0         0      
       memcpy_t2.obj                  156     0         0      
       memset_t2.obj                  122     0         0      
       autoinit.obj                   112     0         0      
       fd_tos_t2.obj                  110     0         0      
       copy_decompress_lzss.obj       104     0         0      
       exit.obj                       84      0         12     
       boot.obj                       84      0         0      
       cpy_tbl.obj                    76      0         0      
       fd_toi_t2.obj                  72      0         0      
       u_divt2.obj                    64      0         0      
       fs_tod_t2.obj                  56      0         0      
       i_tofd_t2.obj                  46      0         0      
       u_tofd_t2.obj                  32      0         0      
       _lock.obj                      20      0         8      
       args_main.obj                  24      0         0      
       s_copysign.obj                 20      0         0      
       copy_decompress_none.obj       14      0         0      
       copy_zero_init.obj             12      0         0      
       errno.obj                      0       0         4      
       pre_init.obj                   4       0         0      
       stkdepth_vars.obj              0       0         4      
       i_div0.obj                     2       0         0      
       mpu_init.obj                   2       0         0      
       startup.obj                    2       0         0      
    +--+------------------------------+-------+---------+---------+
       Total:                         5582    48        28     
                                                               
    F:/TIVAWARE002/driverlib/ccs/Debug/driverlib.lib
       interrupt.obj                  208     268       620    
       gpio.obj                       510     144       0      
       sysctl.obj                     380     108       0      
       timer.obj                      270     160       0      
       uart.obj                       194     0         0      
       fpu.obj                        32      0         0      
       cpu.obj                        12      0         0      
    +--+------------------------------+-------+---------+---------+
       Total:                         1606    680       620    
                                                               
       Stack:                         0       0         512    
       Linker Generated:              0       101       0      
    +--+------------------------------+-------+---------+---------+
       Grand Total:                   16336   1495      1823   


LINKER GENERATED COPY TABLES

__TI_cinit_table @ 000045a0 records: 3, size/record: 8, table size: 24
	.data: load addr=00004550, load size=00000031 bytes, run addr=20000658, run size=000000d8 bytes, compression=lzss
	.bss: load addr=00004590, load size=00000008 bytes, run addr=20000470, run size=000001e8 bytes, compression=zero_init
	.vtable: load addr=00004598, load size=00000008 bytes, run addr=20000000, run size=0000026c bytes, compression=zero_init


LINKER GENERATED HANDLER TABLE

__TI_handler_table @ 00004584 records: 3, size/record: 4, table size: 12
	index: 0, handler: __TI_zero_init
	index: 1, handler: __TI_decompress_lzss
	index: 2, handler: __TI_decompress_none


GLOBAL SYMBOLS: SORTED ALPHABETICALLY BY Name 

address   name                           
-------   ----                           
00000851  AircraftDataReceive            
00000bc9  Aircraft_Base_Output           
00000b6d  Aircraft_Unlock                
0000026d  AltitudeControlerInit          
000007d3  AltitudeGet                    
0000035d  Altitude_Control               
000020d1  Attitude_Data_Store            
00002243  Attitude_init                  
00003ce9  C$$EXIT                        
000041bd  CPUcpsie                       
00000a19  ConfigureUART0                 
00002251  Distance_init                  
00002893  EWA_Filter_Compute             
00002831  EWA_Filter_Init                
00004155  FPUEnable                      
00004165  FPULazyStackingEnable          
00003ff3  GPIODirModeSet                 
00002ab9  GPIOE3_Init                    
00003427  GPIOPadConfigSet               
00003dd5  GPIOPinConfigure               
00004219  GPIOPinRead                    
0000411d  GPIOPinTypeGPIOInput           
00004081  GPIOPinTypeGPIOOutput          
0000412f  GPIOPinTypeTimer               
00004141  GPIOPinTypeUART                
0000421f  GPIOPinWrite                   
00003b65  IntEnable                      
00004175  IntMasterEnable                
0000401d  IntPrioritySet                 
00003f5d  IntRegister                    
00000ab5  KEY_PF4_Pros                   
00000a79  Key_PF4_Init                   
00000a59  LED_Init                       
000029cd  MA_Filter_Compute              
0000297b  MA_Filter_Init                 
000022a1  MavLink_Data_Get               
00002071  Mav_recive_UART2_Config        
0000225f  Mavlink_DateInit               
00000b09  PPM_Channal_Init               
000002c5  PositionControlerInit          
000005e5  Position_Control               
00003011  Recive_UART1_Config            
00002c95  Recive_UART3_Config            
000041d5  ResetISR                       
00000c1d  RolloverProtection             
20000658  Rx_Buffer_attitude             
200006a8  Rx_Buffer_height               
UNDEFED   SHT$$INIT_ARRAY$$Base          
UNDEFED   SHT$$INIT_ARRAY$$Limit         
00002adf  SonicTrig                      
2000062c  Source_Rangefinder_payload     
20000540  Source_attitude_payload        
00003559  SysCtlClockGet                 
00003f91  SysCtlPeripheralEnable         
00003eed  SysCtlPeripheralReady          
0000256d  Timer0AIntHandler              
00000d51  Timer1AIntHandler              
00000cb1  Timer1A_Init                   
00004225  TimerClockSourceSet            
00003c35  TimerConfigure                 
000040c9  TimerControlEvent              
00004185  TimerEnable                    
00004237  TimerIntClear                  
00004209  TimerIntEnable                 
00004099  TimerIntRegister               
000041e1  TimerIntStatus                 
000041eb  TimerValueGet                  
00003057  UART1IntHandler                
00000dd9  UART1_Data_Pros                
200004d8  UART1_Rx_Buffers               
2000050c  UART1_Rx_Data                  
20000654  UART1_Rx_Len                   
20000655  UART1_Sender_Address           
20000700  UART1_Updated_Flag             
00002107  UART2IntHandler                
00002cd9  UART3IntHandler                
20000620  UART3_Rx_Buffers               
200006c4  UART3_Updated_Flag             
00004193  UARTCharGetNonBlocking         
000041a1  UARTCharsAvail                 
0000422b  UARTClockSourceSet             
00003e65  UARTConfigSetExpClk            
00004041  UARTDisable                    
000040df  UARTEnable                     
000041f5  UARTFIFOEnable                 
00004231  UARTFIFOLevelSet               
0000423b  UARTIntClear                   
00004211  UARTIntEnable                  
000041ff  UARTIntStatus                  
00001b95  UARTStdioConfig                
00001d0d  UARTgetc                       
00001c47  UARTgets                       
0000203b  UARTprintf                     
00001d41  UARTvprintf                    
00001bf5  UARTwrite                      
00002c35  UltrasonicConfigure            
00002bd3  WTimer0BConfigure              
00002b0f  WTimer0BIntHandler             
2000046c  __STACK_END                    
00000200  __STACK_SIZE                   
2000046c  __STACK_TOP                    
000045a0  __TI_CINIT_Base                
000045b8  __TI_CINIT_Limit               
00004584  __TI_Handler_Table_Base        
00004590  __TI_Handler_Table_Limit       
00003a85  __TI_auto_init                 
200006e0  __TI_cleanup_ptr               
00003bcd  __TI_decompress_lzss           
000041af  __TI_decompress_none           
200006e4  __TI_dtors_ptr                 
200006e8  __TI_enable_exit_profile_output
ffffffff  __TI_pprof_out_hndl            
ffffffff  __TI_prof_data_size            
ffffffff  __TI_prof_data_start           
00000000  __TI_static_base__             
000041c9  __TI_zero_init                 
000038fd  __aeabi_cdcmpeq                
000038fd  __aeabi_cdcmple                
00003983  __aeabi_cdrcmple               
00003af5  __aeabi_d2f                    
00003e1d  __aeabi_d2iz                   
00002e63  __aeabi_dadd                   
000032f1  __aeabi_ddiv                   
00003669  __aeabi_dmul                   
00002e59  __aeabi_dsub                   
00003f25  __aeabi_f2d                    
00003fc5  __aeabi_i2d                    
0000300f  __aeabi_idiv0                  
00003a09  __aeabi_memclr                 
00003a09  __aeabi_memclr4                
00003a09  __aeabi_memclr8                
00003861  __aeabi_memcpy                 
00003861  __aeabi_memcpy4                
00003861  __aeabi_memcpy8                
00003a0b  __aeabi_memset                 
00003a0b  __aeabi_memset4                
00003a0b  __aeabi_memset8                
00004061  __aeabi_ui2d                   
00003eab  __aeabi_uidiv                  
00003eab  __aeabi_uidivmod               
ffffffff  __binit__                      
ffffffff  __c_args__                     
00003a83  __mpu_init                     
2000026c  __stack                        
000040b1  _args_main                     
00003c95  _c_int00                       
200006f8  _lock                          
00004103  _nop                           
000040fb  _register_lock                 
000040f5  _register_unlock               
00003b63  _system_post_cinit             
0000423f  _system_pre_init               
200006fc  _unlock                        
00003ced  abort                          
200006d0  aircraft_start_flag            
200005a0  altitude_controler             
20000570  altitude_ewa                   
ffffffff  binit                          
00003d89  copy_in                        
00004109  copysign                       
00004109  copysignl                      
20000728  errno                          
00003cf5  exit                           
20000000  g_pfnRAMVectors                
00000000  g_pfnVectors                   
20000634  int_mavlink_height             
20000638  int_pitch                      
2000063c  int_roll                       
20000640  int_yaw                        
00003765  ldexp                          
00003765  ldexpl                         
00000ee9  main                           
2000072c  main_func_sp                   
20000644  mavlink_height                 
00003861  memcpy                         
00003a11  memset                         
20000710  newAttiFlag                    
20000711  newHeightFlag                  
20000656  payload_buf_index              
20000648  pitch                          
20000470  position_controler             
000011e9  pow                            
000011e9  powl                           
20000602  ppm_data                       
00002491  ppm_encoder_init               
00002597  ppm_encoder_set_data           
2000064c  roll                           
20000657  rx_buffer                      
00003765  scalbn                         
00003765  scalbnl                        
00003181  sqrt                           
00003181  sqrtl                          
20000712  start_receive_attitude         
20000713  start_receive_height           
00002d61  u3Data_handle                  
200006f0  ultrasonic_distance            
20000680  ultrasonic_distance_history    
200006ec  ultrasonic_update_flag         
200006bc  x_hat                          
200006c0  y_hat                          
20000650  yaw                            


GLOBAL SYMBOLS: SORTED BY Symbol Address 

address   name                           
-------   ----                           
00000000  __TI_static_base__             
00000000  g_pfnVectors                   
00000200  __STACK_SIZE                   
0000026d  AltitudeControlerInit          
000002c5  PositionControlerInit          
0000035d  Altitude_Control               
000005e5  Position_Control               
000007d3  AltitudeGet                    
00000851  AircraftDataReceive            
00000a19  ConfigureUART0                 
00000a59  LED_Init                       
00000a79  Key_PF4_Init                   
00000ab5  KEY_PF4_Pros                   
00000b09  PPM_Channal_Init               
00000b6d  Aircraft_Unlock                
00000bc9  Aircraft_Base_Output           
00000c1d  RolloverProtection             
00000cb1  Timer1A_Init                   
00000d51  Timer1AIntHandler              
00000dd9  UART1_Data_Pros                
00000ee9  main                           
000011e9  pow                            
000011e9  powl                           
00001b95  UARTStdioConfig                
00001bf5  UARTwrite                      
00001c47  UARTgets                       
00001d0d  UARTgetc                       
00001d41  UARTvprintf                    
0000203b  UARTprintf                     
00002071  Mav_recive_UART2_Config        
000020d1  Attitude_Data_Store            
00002107  UART2IntHandler                
00002243  Attitude_init                  
00002251  Distance_init                  
0000225f  Mavlink_DateInit               
000022a1  MavLink_Data_Get               
00002491  ppm_encoder_init               
0000256d  Timer0AIntHandler              
00002597  ppm_encoder_set_data           
00002831  EWA_Filter_Init                
00002893  EWA_Filter_Compute             
0000297b  MA_Filter_Init                 
000029cd  MA_Filter_Compute              
00002ab9  GPIOE3_Init                    
00002adf  SonicTrig                      
00002b0f  WTimer0BIntHandler             
00002bd3  WTimer0BConfigure              
00002c35  UltrasonicConfigure            
00002c95  Recive_UART3_Config            
00002cd9  UART3IntHandler                
00002d61  u3Data_handle                  
00002e59  __aeabi_dsub                   
00002e63  __aeabi_dadd                   
0000300f  __aeabi_idiv0                  
00003011  Recive_UART1_Config            
00003057  UART1IntHandler                
00003181  sqrt                           
00003181  sqrtl                          
000032f1  __aeabi_ddiv                   
00003427  GPIOPadConfigSet               
00003559  SysCtlClockGet                 
00003669  __aeabi_dmul                   
00003765  ldexp                          
00003765  ldexpl                         
00003765  scalbn                         
00003765  scalbnl                        
00003861  __aeabi_memcpy                 
00003861  __aeabi_memcpy4                
00003861  __aeabi_memcpy8                
00003861  memcpy                         
000038fd  __aeabi_cdcmpeq                
000038fd  __aeabi_cdcmple                
00003983  __aeabi_cdrcmple               
00003a09  __aeabi_memclr                 
00003a09  __aeabi_memclr4                
00003a09  __aeabi_memclr8                
00003a0b  __aeabi_memset                 
00003a0b  __aeabi_memset4                
00003a0b  __aeabi_memset8                
00003a11  memset                         
00003a83  __mpu_init                     
00003a85  __TI_auto_init                 
00003af5  __aeabi_d2f                    
00003b63  _system_post_cinit             
00003b65  IntEnable                      
00003bcd  __TI_decompress_lzss           
00003c35  TimerConfigure                 
00003c95  _c_int00                       
00003ce9  C$$EXIT                        
00003ced  abort                          
00003cf5  exit                           
00003d89  copy_in                        
00003dd5  GPIOPinConfigure               
00003e1d  __aeabi_d2iz                   
00003e65  UARTConfigSetExpClk            
00003eab  __aeabi_uidiv                  
00003eab  __aeabi_uidivmod               
00003eed  SysCtlPeripheralReady          
00003f25  __aeabi_f2d                    
00003f5d  IntRegister                    
00003f91  SysCtlPeripheralEnable         
00003fc5  __aeabi_i2d                    
00003ff3  GPIODirModeSet                 
0000401d  IntPrioritySet                 
00004041  UARTDisable                    
00004061  __aeabi_ui2d                   
00004081  GPIOPinTypeGPIOOutput          
00004099  TimerIntRegister               
000040b1  _args_main                     
000040c9  TimerControlEvent              
000040df  UARTEnable                     
000040f5  _register_unlock               
000040fb  _register_lock                 
00004103  _nop                           
00004109  copysign                       
00004109  copysignl                      
0000411d  GPIOPinTypeGPIOInput           
0000412f  GPIOPinTypeTimer               
00004141  GPIOPinTypeUART                
00004155  FPUEnable                      
00004165  FPULazyStackingEnable          
00004175  IntMasterEnable                
00004185  TimerEnable                    
00004193  UARTCharGetNonBlocking         
000041a1  UARTCharsAvail                 
000041af  __TI_decompress_none           
000041bd  CPUcpsie                       
000041c9  __TI_zero_init                 
000041d5  ResetISR                       
000041e1  TimerIntStatus                 
000041eb  TimerValueGet                  
000041f5  UARTFIFOEnable                 
000041ff  UARTIntStatus                  
00004209  TimerIntEnable                 
00004211  UARTIntEnable                  
00004219  GPIOPinRead                    
0000421f  GPIOPinWrite                   
00004225  TimerClockSourceSet            
0000422b  UARTClockSourceSet             
00004231  UARTFIFOLevelSet               
00004237  TimerIntClear                  
0000423b  UARTIntClear                   
0000423f  _system_pre_init               
00004584  __TI_Handler_Table_Base        
00004590  __TI_Handler_Table_Limit       
000045a0  __TI_CINIT_Base                
000045b8  __TI_CINIT_Limit               
20000000  g_pfnRAMVectors                
2000026c  __stack                        
2000046c  __STACK_END                    
2000046c  __STACK_TOP                    
20000470  position_controler             
200004d8  UART1_Rx_Buffers               
2000050c  UART1_Rx_Data                  
20000540  Source_attitude_payload        
20000570  altitude_ewa                   
200005a0  altitude_controler             
20000602  ppm_data                       
20000620  UART3_Rx_Buffers               
2000062c  Source_Rangefinder_payload     
20000634  int_mavlink_height             
20000638  int_pitch                      
2000063c  int_roll                       
20000640  int_yaw                        
20000644  mavlink_height                 
20000648  pitch                          
2000064c  roll                           
20000650  yaw                            
20000654  UART1_Rx_Len                   
20000655  UART1_Sender_Address           
20000656  payload_buf_index              
20000657  rx_buffer                      
20000658  Rx_Buffer_attitude             
20000680  ultrasonic_distance_history    
200006a8  Rx_Buffer_height               
200006bc  x_hat                          
200006c0  y_hat                          
200006c4  UART3_Updated_Flag             
200006d0  aircraft_start_flag            
200006e0  __TI_cleanup_ptr               
200006e4  __TI_dtors_ptr                 
200006e8  __TI_enable_exit_profile_output
200006ec  ultrasonic_update_flag         
200006f0  ultrasonic_distance            
200006f8  _lock                          
200006fc  _unlock                        
20000700  UART1_Updated_Flag             
20000710  newAttiFlag                    
20000711  newHeightFlag                  
20000712  start_receive_attitude         
20000713  start_receive_height           
20000728  errno                          
2000072c  main_func_sp                   
ffffffff  __TI_pprof_out_hndl            
ffffffff  __TI_prof_data_size            
ffffffff  __TI_prof_data_start           
ffffffff  __binit__                      
ffffffff  __c_args__                     
ffffffff  binit                          
UNDEFED   SHT$$INIT_ARRAY$$Base          
UNDEFED   SHT$$INIT_ARRAY$$Limit         

[201 symbols]
