******************************************************************************
                  TI ARM Linker PC v16.9.0                     
******************************************************************************
>> Linked Sat Jan 26 19:22:52 2019

OUTPUT FILE NAME:   <Aircraft_v10.out>
ENTRY POINT SYMBOL: "_c_int00"  address: 00003c31


MEMORY CONFIGURATION

         name            origin    length      used     unused   attr    fill
----------------------  --------  ---------  --------  --------  ----  --------
  FLASH                 00000000   00040000  0000454e  0003bab2  R  X
  SRAM                  20000000   00008000  0000072c  000078d4  RW X


SEGMENT ALLOCATION MAP

run origin  load origin   length   init length attrs members
----------  ----------- ---------- ----------- ----- -------
00000000    00000000    00004550   00004550    r-x
  00000000    00000000    0000026c   0000026c    r-- .intvecs
  0000026c    0000026c    00003f72   00003f72    r-x .text
  000041e0    000041e0    00000308   00000308    r-- .const
  000044e8    000044e8    00000068   00000068    r-- .cinit
20000000    20000000    00000730   00000000    rw-
  20000000    20000000    0000026c   00000000    rw- .vtable
  2000026c    2000026c    00000200   00000000    rw- .stack
  20000470    20000470    000001e8   00000000    rw- .bss
  20000658    20000658    000000d8   00000000    rw- .data


SECTION ALLOCATION MAP

 output                                  attributes/
section   page    origin      length       input sections
--------  ----  ----------  ----------   ----------------
.intvecs   0    00000000    0000026c     
                  00000000    0000026c     tm4c123gh6pm_startup_ccs.obj (.intvecs)

.text      0    0000026c    00003f72     
                  0000026c    00000f18     main.obj (.text)
                  00001184    000009ac     rtsv7M4_T_le_v4SPD16_eabi.lib : e_pow.obj (.text)
                  00001b30    000004dc     uartstdio.obj (.text)
                  0000200c    00000420     mavlink.obj (.text)
                  0000242c    000003a0     ppm.obj (.text)
                  000027cc    00000288     filter.obj (.text)
                  00002a54    000001dc     ultrasonic.obj (.text)
                  00002c30    000001c4     camera.obj (.text)
                  00002df4    000001b6     rtsv7M4_T_le_v4SPD16_eabi.lib : fd_add_t2.obj (.text)
                  00002faa    00000002                                   : i_div0.obj (.text)
                  00002fac    00000170     receive.obj (.text)
                  0000311c    00000170     rtsv7M4_T_le_v4SPD16_eabi.lib : e_sqrt.obj (.text)
                  0000328c    00000136                                   : fd_div_t2.obj (.text)
                  000033c2    00000132     driverlib.lib : gpio.obj (.text:GPIOPadConfigSet)
                  000034f4    00000110                   : sysctl.obj (.text:SysCtlClockGet)
                  00003604    000000fc     rtsv7M4_T_le_v4SPD16_eabi.lib : fd_mul_t2.obj (.text)
                  00003700    000000fc                                   : s_scalbn.obj (.text)
                  000037fc    0000009c                                   : memcpy_t2.obj (.text)
                  00003898    00000086                                   : fd_cmp_t2.obj (.text:__aeabi_cdcmple)
                  0000391e    00000086                                   : fd_cmp_t2.obj (.text:__aeabi_cdrcmple)
                  000039a4    0000007a                                   : memset_t2.obj (.text)
                  00003a1e    00000002                                   : mpu_init.obj (.text)
                  00003a20    00000070                                   : autoinit.obj (.text)
                  00003a90    0000006e                                   : fd_tos_t2.obj (.text)
                  00003afe    00000002                                   : startup.obj (.text)
                  00003b00    00000068     driverlib.lib : interrupt.obj (.text:IntEnable)
                  00003b68    00000068     rtsv7M4_T_le_v4SPD16_eabi.lib : copy_decompress_lzss.obj (.text:decompress:lzss)
                  00003bd0    00000060     driverlib.lib : timer.obj (.text:TimerConfigure)
                  00003c30    00000054     rtsv7M4_T_le_v4SPD16_eabi.lib : boot.obj (.text)
                  00003c84    00000054                                   : exit.obj (.text)
                  00003cd8    0000004c     driverlib.lib : timer.obj (.text:_TimerIntNumberGet)
                  00003d24    0000004c     rtsv7M4_T_le_v4SPD16_eabi.lib : cpy_tbl.obj (.text)
                  00003d70    00000048     driverlib.lib : gpio.obj (.text:GPIOPinConfigure)
                  00003db8    00000048     rtsv7M4_T_le_v4SPD16_eabi.lib : fd_toi_t2.obj (.text)
                  00003e00    00000046     driverlib.lib : uart.obj (.text:UARTConfigSetExpClk)
                  00003e46    00000040     rtsv7M4_T_le_v4SPD16_eabi.lib : u_divt2.obj (.text)
                  00003e86    00000002     --HOLE-- [fill = 0]
                  00003e88    00000038     driverlib.lib : sysctl.obj (.text:SysCtlPeripheralReady)
                  00003ec0    00000038     rtsv7M4_T_le_v4SPD16_eabi.lib : fs_tod_t2.obj (.text)
                  00003ef8    00000034     driverlib.lib : interrupt.obj (.text:IntRegister)
                  00003f2c    00000034                   : sysctl.obj (.text:SysCtlPeripheralEnable)
                  00003f60    0000002e     rtsv7M4_T_le_v4SPD16_eabi.lib : i_tofd_t2.obj (.text)
                  00003f8e    0000002a     driverlib.lib : gpio.obj (.text:GPIODirModeSet)
                  00003fb8    00000024                   : interrupt.obj (.text:IntPrioritySet)
                  00003fdc    00000020                   : uart.obj (.text:UARTDisable)
                  00003ffc    00000020     rtsv7M4_T_le_v4SPD16_eabi.lib : u_tofd_t2.obj (.text)
                  0000401c    00000018     driverlib.lib : gpio.obj (.text:GPIOPinTypeGPIOOutput)
                  00004034    00000018                   : timer.obj (.text:TimerIntRegister)
                  0000404c    00000018     rtsv7M4_T_le_v4SPD16_eabi.lib : args_main.obj (.text)
                  00004064    00000016     driverlib.lib : timer.obj (.text:TimerControlEvent)
                  0000407a    00000014                   : uart.obj (.text:UARTEnable)
                  0000408e    00000002     --HOLE-- [fill = 0]
                  00004090    00000014     rtsv7M4_T_le_v4SPD16_eabi.lib : _lock.obj (.text)
                  000040a4    00000014                                   : s_copysign.obj (.text)
                  000040b8    00000012     driverlib.lib : gpio.obj (.text:GPIOPinTypeGPIOInput)
                  000040ca    00000012                   : gpio.obj (.text:GPIOPinTypeTimer)
                  000040dc    00000012                   : gpio.obj (.text:GPIOPinTypeUART)
                  000040ee    00000002     --HOLE-- [fill = 0]
                  000040f0    00000010                   : fpu.obj (.text:FPUEnable)
                  00004100    00000010                   : fpu.obj (.text:FPULazyStackingEnable)
                  00004110    00000010                   : interrupt.obj (.text:IntMasterEnable)
                  00004120    0000000e                   : timer.obj (.text:TimerEnable)
                  0000412e    0000000e                   : uart.obj (.text:UARTCharGetNonBlocking)
                  0000413c    0000000e                   : uart.obj (.text:UARTCharsAvail)
                  0000414a    0000000e     rtsv7M4_T_le_v4SPD16_eabi.lib : copy_decompress_none.obj (.text:decompress:none)
                  00004158    0000000c     driverlib.lib : cpu.obj (.text:CPUcpsie)
                  00004164    0000000c     rtsv7M4_T_le_v4SPD16_eabi.lib : copy_zero_init.obj (.text:decompress:ZI)
                  00004170    0000000c     tm4c123gh6pm_startup_ccs.obj (.text)
                  0000417c    0000000a     driverlib.lib : timer.obj (.text:TimerIntStatus)
                  00004186    0000000a                   : timer.obj (.text:TimerValueGet)
                  00004190    0000000a                   : uart.obj (.text:UARTFIFOEnable)
                  0000419a    0000000a                   : uart.obj (.text:UARTIntStatus)
                  000041a4    00000008                   : timer.obj (.text:TimerIntEnable)
                  000041ac    00000008                   : uart.obj (.text:UARTIntEnable)
                  000041b4    00000006                   : gpio.obj (.text:GPIOPinRead)
                  000041ba    00000006                   : gpio.obj (.text:GPIOPinWrite)
                  000041c0    00000006                   : timer.obj (.text:TimerClockSourceSet)
                  000041c6    00000006                   : uart.obj (.text:UARTClockSourceSet)
                  000041cc    00000006                   : uart.obj (.text:UARTFIFOLevelSet)
                  000041d2    00000004                   : timer.obj (.text:TimerIntClear)
                  000041d6    00000004                   : uart.obj (.text:UARTIntClear)
                  000041da    00000004     rtsv7M4_T_le_v4SPD16_eabi.lib : pre_init.obj (.text)

.const     0    000041e0    00000308     
                  000041e0    0000009c     driverlib.lib : interrupt.obj (.const:g_pui32Regs)
                  0000427c    00000090                   : gpio.obj (.const:g_pui32GPIOBaseAddrs)
                  0000430c    00000070                   : interrupt.obj (.const)
                  0000437c    0000006c                   : sysctl.obj (.const:g_pui32Xtals)
                  000043e8    00000060                   : timer.obj (.const:g_ppui32TimerIntMap)
                  00004448    00000040                   : timer.obj (.const:g_ppui32TimerIntMapSnowflake)
                  00004488    00000030     rtsv7M4_T_le_v4SPD16_eabi.lib : e_pow.obj (.const:$O1$$)
                  000044b8    00000012     uartstdio.obj (.const:.string)
                  000044ca    00000002     --HOLE-- [fill = 0]
                  000044cc    0000000c     uartstdio.obj (.const:g_ui32UARTBase)
                  000044d8    0000000c     uartstdio.obj (.const:g_ui32UARTPeriph)
                  000044e4    00000004     uartstdio.obj (.const)

.cinit     0    000044e8    00000068     
                  000044e8    00000031     (.cinit..data.load) [load image, compression = lzss]
                  00004519    00000003     --HOLE-- [fill = 0]
                  0000451c    0000000c     (__TI_handler_table)
                  00004528    00000008     (.cinit..bss.load) [load image, compression = zero_init]
                  00004530    00000008     (.cinit..vtable.load) [load image, compression = zero_init]
                  00004538    00000018     (__TI_cinit_table)

.init_array 
*          0    00000000    00000000     UNINITIALIZED

.vtable    0    20000000    0000026c     UNINITIALIZED
                  20000000    0000026c     driverlib.lib : interrupt.obj (.vtable)

.stack     0    2000026c    00000200     UNINITIALIZED
                  2000026c    00000200     --HOLE--

.bss       0    20000470    000001e8     UNINITIALIZED
                  20000470    00000068     (.common:position_controler)
                  200004d8    00000034     (.common:UART1_Rx_Buffers)
                  2000050c    00000034     (.common:UART1_Rx_Data)
                  20000540    00000030     (.common:Source_attitude_payload)
                  20000570    00000030     (.common:altitude_ewa)
                  200005a0    0000002c     (.common:altitude_controler)
                  200005cc    00000024     ppm.obj (.bss:ppm_data_buf)
                  200005f0    00000012     ppm.obj (.bss:ppm_data_shadow)
                  20000602    00000012     (.common:ppm_data)
                  20000614    0000000c     ppm.obj (.bss)
                  20000620    0000000c     (.common:UART3_Rx_Buffers)
                  2000062c    00000008     (.common:Source_Rangefinder_payload)
                  20000634    00000004     (.common:int_mavlink_height)
                  20000638    00000004     (.common:int_pitch)
                  2000063c    00000004     (.common:int_roll)
                  20000640    00000004     (.common:int_yaw)
                  20000644    00000004     (.common:mavlink_height)
                  20000648    00000004     (.common:pitch)
                  2000064c    00000004     (.common:roll)
                  20000650    00000004     (.common:yaw)
                  20000654    00000001     (.common:UART1_Rx_Len)
                  20000655    00000001     (.common:UART1_Sender_Address)
                  20000656    00000001     (.common:payload_buf_index)
                  20000657    00000001     (.common:rx_buffer)

.data      0    20000658    000000d8     UNINITIALIZED
                  20000658    00000028     mavlink.obj (.data:Rx_Buffer_attitude)
                  20000680    00000028     ultrasonic.obj (.data:ultrasonic_distance_history)
                  200006a8    00000014     mavlink.obj (.data:Rx_Buffer_height)
                  200006bc    00000011     camera.obj (.data)
                  200006cd    00000003     --HOLE--
                  200006d0    00000010     main.obj (.data)
                  200006e0    0000000c     rtsv7M4_T_le_v4SPD16_eabi.lib : exit.obj (.data:$O1$$)
                  200006ec    0000000a     ultrasonic.obj (.data)
                  200006f6    00000002     --HOLE--
                  200006f8    00000008     rtsv7M4_T_le_v4SPD16_eabi.lib : _lock.obj (.data:$O1$$)
                  20000700    00000008     receive.obj (.data)
                  20000708    00000008     ultrasonic.obj (.data:ui32Time$2)
                  20000710    00000006     mavlink.obj (.data)
                  20000716    00000002     --HOLE--
                  20000718    00000005     ppm.obj (.data)
                  2000071d    00000003     --HOLE--
                  20000720    00000005     uartstdio.obj (.data)
                  20000725    00000003     --HOLE--
                  20000728    00000004     rtsv7M4_T_le_v4SPD16_eabi.lib : errno.obj (.data)
                  2000072c    00000004                                   : stkdepth_vars.obj (.data)

MODULE SUMMARY

       Module                         code    ro data   rw data
       ------                         ----    -------   -------
    .\
       main.obj                       3864    0         230    
       uartstdio.obj                  1244    46        5      
       mavlink.obj                    1056    0         156    
       ppm.obj                        928     0         71     
       filter.obj                     648     0         0      
       tm4c123gh6pm_startup_ccs.obj   12      620       0      
       ultrasonic.obj                 476     0         58     
       receive.obj                    368     0         114    
       camera.obj                     452     0         29     
    +--+------------------------------+-------+---------+---------+
       Total:                         9048    666       663    
                                                               
    D:\ti\ccsv7\tools\compiler\ti-cgt-arm_16.9.0.LTS\lib\rtsv7M4_T_le_v4SPD16_eabi.lib
       e_pow.obj                      2476    48        0      
       fd_add_t2.obj                  438     0         0      
       e_sqrt.obj                     368     0         0      
       fd_div_t2.obj                  310     0         0      
       fd_cmp_t2.obj                  268     0         0      
       fd_mul_t2.obj                  252     0         0      
       s_scalbn.obj                   252     0         0      
       memcpy_t2.obj                  156     0         0      
       memset_t2.obj                  122     0         0      
       autoinit.obj                   112     0         0      
       fd_tos_t2.obj                  110     0         0      
       copy_decompress_lzss.obj       104     0         0      
       exit.obj                       84      0         12     
       boot.obj                       84      0         0      
       cpy_tbl.obj                    76      0         0      
       fd_toi_t2.obj                  72      0         0      
       u_divt2.obj                    64      0         0      
       fs_tod_t2.obj                  56      0         0      
       i_tofd_t2.obj                  46      0         0      
       u_tofd_t2.obj                  32      0         0      
       _lock.obj                      20      0         8      
       args_main.obj                  24      0         0      
       s_copysign.obj                 20      0         0      
       copy_decompress_none.obj       14      0         0      
       copy_zero_init.obj             12      0         0      
       errno.obj                      0       0         4      
       pre_init.obj                   4       0         0      
       stkdepth_vars.obj              0       0         4      
       i_div0.obj                     2       0         0      
       mpu_init.obj                   2       0         0      
       startup.obj                    2       0         0      
    +--+------------------------------+-------+---------+---------+
       Total:                         5582    48        28     
                                                               
    F:/TIVAWARE002/driverlib/ccs/Debug/driverlib.lib
       interrupt.obj                  208     268       620    
       gpio.obj                       510     144       0      
       sysctl.obj                     380     108       0      
       timer.obj                      270     160       0      
       uart.obj                       194     0         0      
       fpu.obj                        32      0         0      
       cpu.obj                        12      0         0      
    +--+------------------------------+-------+---------+---------+
       Total:                         1606    680       620    
                                                               
       Stack:                         0       0         512    
       Linker Generated:              0       101       0      
    +--+------------------------------+-------+---------+---------+
       Grand Total:                   16236   1495      1823   


LINKER GENERATED COPY TABLES

__TI_cinit_table @ 00004538 records: 3, size/record: 8, table size: 24
	.data: load addr=000044e8, load size=00000031 bytes, run addr=20000658, run size=000000d8 bytes, compression=lzss
	.bss: load addr=00004528, load size=00000008 bytes, run addr=20000470, run size=000001e8 bytes, compression=zero_init
	.vtable: load addr=00004530, load size=00000008 bytes, run addr=20000000, run size=0000026c bytes, compression=zero_init


LINKER GENERATED HANDLER TABLE

__TI_handler_table @ 0000451c records: 3, size/record: 4, table size: 12
	index: 0, handler: __TI_zero_init
	index: 1, handler: __TI_decompress_lzss
	index: 2, handler: __TI_decompress_none


GLOBAL SYMBOLS: SORTED ALPHABETICALLY BY Name 

address   name                           
-------   ----                           
000007fd  AircraftDataReceive            
00000b65  Aircraft_Base_Output           
00000afd  Aircraft_Unlock                
0000026d  AltitudeControlerInit          
000002c5  AltitudeGet                    
000002d1  Altitude_Control               
0000206d  Attitude_Data_Store            
000021df  Attitude_init                  
00003c85  C$$EXIT                        
00004159  CPUcpsie                       
000009c9  ConfigureUART0                 
000021ed  Distance_init                  
0000282f  EWA_Filter_Compute             
000027cd  EWA_Filter_Init                
000040f1  FPUEnable                      
00004101  FPULazyStackingEnable          
00003f8f  GPIODirModeSet                 
00002a55  GPIOE3_Init                    
000033c3  GPIOPadConfigSet               
00003d71  GPIOPinConfigure               
000041b5  GPIOPinRead                    
000040b9  GPIOPinTypeGPIOInput           
0000401d  GPIOPinTypeGPIOOutput          
000040cb  GPIOPinTypeTimer               
000040dd  GPIOPinTypeUART                
000041bb  GPIOPinWrite                   
00003b01  IntEnable                      
00004111  IntMasterEnable                
00003fb9  IntPrioritySet                 
00003ef9  IntRegister                    
00000a51  KEY_PF4_Pros                   
00000a21  Key_PF4_Init                   
00000a05  LED_Init                       
00002969  MA_Filter_Compute              
00002917  MA_Filter_Init                 
0000223d  MavLink_Data_Get               
0000200d  Mav_recive_UART2_Config        
000021fb  Mavlink_DateInit               
00000aa5  PPM_Channal_Init               
000004e1  PositionControlerInit          
000005ad  Position_Control               
00002fad  Recive_UART1_Config            
00002c31  Recive_UART3_Config            
00004171  ResetISR                       
00000bb9  RolloverProtection             
20000658  Rx_Buffer_attitude             
200006a8  Rx_Buffer_height               
UNDEFED   SHT$$INIT_ARRAY$$Base          
UNDEFED   SHT$$INIT_ARRAY$$Limit         
00002a7b  SonicTrig                      
2000062c  Source_Rangefinder_payload     
20000540  Source_attitude_payload        
000034f5  SysCtlClockGet                 
00003f2d  SysCtlPeripheralEnable         
00003e89  SysCtlPeripheralReady          
00002509  Timer0AIntHandler              
00000ced  Timer1AIntHandler              
00000c49  Timer1A_Init                   
000041c1  TimerClockSourceSet            
00003bd1  TimerConfigure                 
00004065  TimerControlEvent              
00004121  TimerEnable                    
000041d3  TimerIntClear                  
000041a5  TimerIntEnable                 
00004035  TimerIntRegister               
0000417d  TimerIntStatus                 
00004187  TimerValueGet                  
00002ff3  UART1IntHandler                
00000d7d  UART1_Data_Pros                
200004d8  UART1_Rx_Buffers               
2000050c  UART1_Rx_Data                  
20000654  UART1_Rx_Len                   
20000655  UART1_Sender_Address           
20000700  UART1_Updated_Flag             
000020a3  UART2IntHandler                
00002c75  UART3IntHandler                
20000620  UART3_Rx_Buffers               
200006c4  UART3_Updated_Flag             
0000412f  UARTCharGetNonBlocking         
0000413d  UARTCharsAvail                 
000041c7  UARTClockSourceSet             
00003e01  UARTConfigSetExpClk            
00003fdd  UARTDisable                    
0000407b  UARTEnable                     
00004191  UARTFIFOEnable                 
000041cd  UARTFIFOLevelSet               
000041d7  UARTIntClear                   
000041ad  UARTIntEnable                  
0000419b  UARTIntStatus                  
00001b31  UARTStdioConfig                
00001ca9  UARTgetc                       
00001be3  UARTgets                       
00001fd7  UARTprintf                     
00001cdd  UARTvprintf                    
00001b91  UARTwrite                      
00002bd1  UltrasonicConfigure            
00002b6f  WTimer0BConfigure              
00002aab  WTimer0BIntHandler             
2000046c  __STACK_END                    
00000200  __STACK_SIZE                   
2000046c  __STACK_TOP                    
00004538  __TI_CINIT_Base                
00004550  __TI_CINIT_Limit               
0000451c  __TI_Handler_Table_Base        
00004528  __TI_Handler_Table_Limit       
00003a21  __TI_auto_init                 
200006e0  __TI_cleanup_ptr               
00003b69  __TI_decompress_lzss           
0000414b  __TI_decompress_none           
200006e4  __TI_dtors_ptr                 
200006e8  __TI_enable_exit_profile_output
ffffffff  __TI_pprof_out_hndl            
ffffffff  __TI_prof_data_size            
ffffffff  __TI_prof_data_start           
00000000  __TI_static_base__             
00004165  __TI_zero_init                 
00003899  __aeabi_cdcmpeq                
00003899  __aeabi_cdcmple                
0000391f  __aeabi_cdrcmple               
00003a91  __aeabi_d2f                    
00003db9  __aeabi_d2iz                   
00002dff  __aeabi_dadd                   
0000328d  __aeabi_ddiv                   
00003605  __aeabi_dmul                   
00002df5  __aeabi_dsub                   
00003ec1  __aeabi_f2d                    
00003f61  __aeabi_i2d                    
00002fab  __aeabi_idiv0                  
000039a5  __aeabi_memclr                 
000039a5  __aeabi_memclr4                
000039a5  __aeabi_memclr8                
000037fd  __aeabi_memcpy                 
000037fd  __aeabi_memcpy4                
000037fd  __aeabi_memcpy8                
000039a7  __aeabi_memset                 
000039a7  __aeabi_memset4                
000039a7  __aeabi_memset8                
00003ffd  __aeabi_ui2d                   
00003e47  __aeabi_uidiv                  
00003e47  __aeabi_uidivmod               
ffffffff  __binit__                      
ffffffff  __c_args__                     
00003a1f  __mpu_init                     
2000026c  __stack                        
0000404d  _args_main                     
00003c31  _c_int00                       
200006f8  _lock                          
0000409f  _nop                           
00004097  _register_lock                 
00004091  _register_unlock               
00003aff  _system_post_cinit             
000041db  _system_pre_init               
200006fc  _unlock                        
00003c89  abort                          
200006d0  aircraft_start_flag            
200005a0  altitude_controler             
20000570  altitude_ewa                   
ffffffff  binit                          
00003d25  copy_in                        
000040a5  copysign                       
000040a5  copysignl                      
20000728  errno                          
00003c91  exit                           
20000000  g_pfnRAMVectors                
00000000  g_pfnVectors                   
20000634  int_mavlink_height             
20000638  int_pitch                      
2000063c  int_roll                       
20000640  int_yaw                        
00003701  ldexp                          
00003701  ldexpl                         
00000e8d  main                           
2000072c  main_func_sp                   
20000644  mavlink_height                 
000037fd  memcpy                         
000039ad  memset                         
20000710  newAttiFlag                    
20000711  newHeightFlag                  
20000656  payload_buf_index              
20000648  pitch                          
20000470  position_controler             
00001185  pow                            
00001185  powl                           
20000602  ppm_data                       
0000242d  ppm_encoder_init               
00002533  ppm_encoder_set_data           
2000064c  roll                           
20000657  rx_buffer                      
00003701  scalbn                         
00003701  scalbnl                        
0000311d  sqrt                           
0000311d  sqrtl                          
20000712  start_receive_attitude         
20000713  start_receive_height           
00002cfd  u3Data_handle                  
200006f0  ultrasonic_distance            
20000680  ultrasonic_distance_history    
200006ec  ultrasonic_update_flag         
200006bc  x_hat                          
200006c0  y_hat                          
20000650  yaw                            


GLOBAL SYMBOLS: SORTED BY Symbol Address 

address   name                           
-------   ----                           
00000000  __TI_static_base__             
00000000  g_pfnVectors                   
00000200  __STACK_SIZE                   
0000026d  AltitudeControlerInit          
000002c5  AltitudeGet                    
000002d1  Altitude_Control               
000004e1  PositionControlerInit          
000005ad  Position_Control               
000007fd  AircraftDataReceive            
000009c9  ConfigureUART0                 
00000a05  LED_Init                       
00000a21  Key_PF4_Init                   
00000a51  KEY_PF4_Pros                   
00000aa5  PPM_Channal_Init               
00000afd  Aircraft_Unlock                
00000b65  Aircraft_Base_Output           
00000bb9  RolloverProtection             
00000c49  Timer1A_Init                   
00000ced  Timer1AIntHandler              
00000d7d  UART1_Data_Pros                
00000e8d  main                           
00001185  pow                            
00001185  powl                           
00001b31  UARTStdioConfig                
00001b91  UARTwrite                      
00001be3  UARTgets                       
00001ca9  UARTgetc                       
00001cdd  UARTvprintf                    
00001fd7  UARTprintf                     
0000200d  Mav_recive_UART2_Config        
0000206d  Attitude_Data_Store            
000020a3  UART2IntHandler                
000021df  Attitude_init                  
000021ed  Distance_init                  
000021fb  Mavlink_DateInit               
0000223d  MavLink_Data_Get               
0000242d  ppm_encoder_init               
00002509  Timer0AIntHandler              
00002533  ppm_encoder_set_data           
000027cd  EWA_Filter_Init                
0000282f  EWA_Filter_Compute             
00002917  MA_Filter_Init                 
00002969  MA_Filter_Compute              
00002a55  GPIOE3_Init                    
00002a7b  SonicTrig                      
00002aab  WTimer0BIntHandler             
00002b6f  WTimer0BConfigure              
00002bd1  UltrasonicConfigure            
00002c31  Recive_UART3_Config            
00002c75  UART3IntHandler                
00002cfd  u3Data_handle                  
00002df5  __aeabi_dsub                   
00002dff  __aeabi_dadd                   
00002fab  __aeabi_idiv0                  
00002fad  Recive_UART1_Config            
00002ff3  UART1IntHandler                
0000311d  sqrt                           
0000311d  sqrtl                          
0000328d  __aeabi_ddiv                   
000033c3  GPIOPadConfigSet               
000034f5  SysCtlClockGet                 
00003605  __aeabi_dmul                   
00003701  ldexp                          
00003701  ldexpl                         
00003701  scalbn                         
00003701  scalbnl                        
000037fd  __aeabi_memcpy                 
000037fd  __aeabi_memcpy4                
000037fd  __aeabi_memcpy8                
000037fd  memcpy                         
00003899  __aeabi_cdcmpeq                
00003899  __aeabi_cdcmple                
0000391f  __aeabi_cdrcmple               
000039a5  __aeabi_memclr                 
000039a5  __aeabi_memclr4                
000039a5  __aeabi_memclr8                
000039a7  __aeabi_memset                 
000039a7  __aeabi_memset4                
000039a7  __aeabi_memset8                
000039ad  memset                         
00003a1f  __mpu_init                     
00003a21  __TI_auto_init                 
00003a91  __aeabi_d2f                    
00003aff  _system_post_cinit             
00003b01  IntEnable                      
00003b69  __TI_decompress_lzss           
00003bd1  TimerConfigure                 
00003c31  _c_int00                       
00003c85  C$$EXIT                        
00003c89  abort                          
00003c91  exit                           
00003d25  copy_in                        
00003d71  GPIOPinConfigure               
00003db9  __aeabi_d2iz                   
00003e01  UARTConfigSetExpClk            
00003e47  __aeabi_uidiv                  
00003e47  __aeabi_uidivmod               
00003e89  SysCtlPeripheralReady          
00003ec1  __aeabi_f2d                    
00003ef9  IntRegister                    
00003f2d  SysCtlPeripheralEnable         
00003f61  __aeabi_i2d                    
00003f8f  GPIODirModeSet                 
00003fb9  IntPrioritySet                 
00003fdd  UARTDisable                    
00003ffd  __aeabi_ui2d                   
0000401d  GPIOPinTypeGPIOOutput          
00004035  TimerIntRegister               
0000404d  _args_main                     
00004065  TimerControlEvent              
0000407b  UARTEnable                     
00004091  _register_unlock               
00004097  _register_lock                 
0000409f  _nop                           
000040a5  copysign                       
000040a5  copysignl                      
000040b9  GPIOPinTypeGPIOInput           
000040cb  GPIOPinTypeTimer               
000040dd  GPIOPinTypeUART                
000040f1  FPUEnable                      
00004101  FPULazyStackingEnable          
00004111  IntMasterEnable                
00004121  TimerEnable                    
0000412f  UARTCharGetNonBlocking         
0000413d  UARTCharsAvail                 
0000414b  __TI_decompress_none           
00004159  CPUcpsie                       
00004165  __TI_zero_init                 
00004171  ResetISR                       
0000417d  TimerIntStatus                 
00004187  TimerValueGet                  
00004191  UARTFIFOEnable                 
0000419b  UARTIntStatus                  
000041a5  TimerIntEnable                 
000041ad  UARTIntEnable                  
000041b5  GPIOPinRead                    
000041bb  GPIOPinWrite                   
000041c1  TimerClockSourceSet            
000041c7  UARTClockSourceSet             
000041cd  UARTFIFOLevelSet               
000041d3  TimerIntClear                  
000041d7  UARTIntClear                   
000041db  _system_pre_init               
0000451c  __TI_Handler_Table_Base        
00004528  __TI_Handler_Table_Limit       
00004538  __TI_CINIT_Base                
00004550  __TI_CINIT_Limit               
20000000  g_pfnRAMVectors                
2000026c  __stack                        
2000046c  __STACK_END                    
2000046c  __STACK_TOP                    
20000470  position_controler             
200004d8  UART1_Rx_Buffers               
2000050c  UART1_Rx_Data                  
20000540  Source_attitude_payload        
20000570  altitude_ewa                   
200005a0  altitude_controler             
20000602  ppm_data                       
20000620  UART3_Rx_Buffers               
2000062c  Source_Rangefinder_payload     
20000634  int_mavlink_height             
20000638  int_pitch                      
2000063c  int_roll                       
20000640  int_yaw                        
20000644  mavlink_height                 
20000648  pitch                          
2000064c  roll                           
20000650  yaw                            
20000654  UART1_Rx_Len                   
20000655  UART1_Sender_Address           
20000656  payload_buf_index              
20000657  rx_buffer                      
20000658  Rx_Buffer_attitude             
20000680  ultrasonic_distance_history    
200006a8  Rx_Buffer_height               
200006bc  x_hat                          
200006c0  y_hat                          
200006c4  UART3_Updated_Flag             
200006d0  aircraft_start_flag            
200006e0  __TI_cleanup_ptr               
200006e4  __TI_dtors_ptr                 
200006e8  __TI_enable_exit_profile_output
200006ec  ultrasonic_update_flag         
200006f0  ultrasonic_distance            
200006f8  _lock                          
200006fc  _unlock                        
20000700  UART1_Updated_Flag             
20000710  newAttiFlag                    
20000711  newHeightFlag                  
20000712  start_receive_attitude         
20000713  start_receive_height           
20000728  errno                          
2000072c  main_func_sp                   
ffffffff  __TI_pprof_out_hndl            
ffffffff  __TI_prof_data_size            
ffffffff  __TI_prof_data_start           
ffffffff  __binit__                      
ffffffff  __c_args__                     
ffffffff  binit                          
UNDEFED   SHT$$INIT_ARRAY$$Base          
UNDEFED   SHT$$INIT_ARRAY$$Limit         

[201 symbols]
