******************************************************************************
                  TI ARM Linker PC v16.9.0                     
******************************************************************************
>> Linked Mon Jan 21 13:59:27 2019

OUTPUT FILE NAME:   <Aircraft_v1.out>
ENTRY POINT SYMBOL: "_c_int00"  address: 000022fd


MEMORY CONFIGURATION

         name            origin    length      used     unused   attr    fill
----------------------  --------  ---------  --------  --------  ----  --------
  FLASH                 00000000   00040000  00002be6  0003d41a  R  X
  SRAM                  20000000   00008000  00000640  000079c0  RW X


SEGMENT ALLOCATION MAP

run origin  load origin   length   init length attrs members
----------  ----------- ---------- ----------- ----- -------
00000000    00000000    00002be8   00002be8    r-x
  00000000    00000000    0000026c   0000026c    r-- .intvecs
  0000026c    0000026c    00002642   00002642    r-x .text
  000028b0    000028b0    000002d8   000002d8    r-- .const
  00002b88    00002b88    00000060   00000060    r-- .cinit
20000000    20000000    00000640   00000000    rw-
  20000000    20000000    0000026c   00000000    rw- .vtable
  2000026c    2000026c    00000200   00000000    rw- .stack
  2000046c    2000046c    00000138   00000000    rw- .bss
  200005a4    200005a4    0000009c   00000000    rw- .data


SECTION ALLOCATION MAP

 output                                  attributes/
section   page    origin      length       input sections
--------  ----  ----------  ----------   ----------------
.intvecs   0    00000000    0000026c     
                  00000000    0000026c     tm4c123gh6pm_startup_ccs.obj (.intvecs)

.text      0    0000026c    00002642     
                  0000026c    00000900     main.obj (.text)
                  00000b6c    000004dc     uartstdio.obj (.text)
                  00001048    000003a0     ppm.obj (.text)
                  000013e8    00000274     mavlink.obj (.text)
                  0000165c    000001dc     ultrasonic.obj (.text)
                  00001838    000001b6     rtsv7M4_T_le_v4SPD16_eabi.lib : fd_add_t2.obj (.text)
                  000019ee    00000002                                   : i_div0.obj (.text)
                  000019f0    00000170     receive.obj (.text)
                  00001b60    00000136     rtsv7M4_T_le_v4SPD16_eabi.lib : fd_div_t2.obj (.text)
                  00001c96    00000132     driverlib.lib : gpio.obj (.text:GPIOPadConfigSet)
                  00001dc8    00000110                   : sysctl.obj (.text:SysCtlClockGet)
                  00001ed8    000000fc     rtsv7M4_T_le_v4SPD16_eabi.lib : fd_mul_t2.obj (.text)
                  00001fd4    0000009c                                   : memcpy_t2.obj (.text)
                  00002070    0000007a                                   : memset_t2.obj (.text)
                  000020ea    00000002                                   : mpu_init.obj (.text)
                  000020ec    00000070                                   : autoinit.obj (.text)
                  0000215c    0000006e                                   : fd_tos_t2.obj (.text)
                  000021ca    00000002                                   : startup.obj (.text)
                  000021cc    00000068     driverlib.lib : interrupt.obj (.text:IntEnable)
                  00002234    00000068     rtsv7M4_T_le_v4SPD16_eabi.lib : copy_decompress_lzss.obj (.text:decompress:lzss)
                  0000229c    00000060     driverlib.lib : timer.obj (.text:TimerConfigure)
                  000022fc    00000054     rtsv7M4_T_le_v4SPD16_eabi.lib : boot.obj (.text)
                  00002350    00000054                                   : exit.obj (.text)
                  000023a4    0000004c     driverlib.lib : timer.obj (.text:_TimerIntNumberGet)
                  000023f0    0000004c     rtsv7M4_T_le_v4SPD16_eabi.lib : cpy_tbl.obj (.text)
                  0000243c    00000048     driverlib.lib : gpio.obj (.text:GPIOPinConfigure)
                  00002484    00000048     rtsv7M4_T_le_v4SPD16_eabi.lib : fd_toi_t2.obj (.text)
                  000024cc    00000046     driverlib.lib : uart.obj (.text:UARTConfigSetExpClk)
                  00002512    00000044     rtsv7M4_T_le_v4SPD16_eabi.lib : fd_tou_t2.obj (.text)
                  00002556    00000040                                   : u_divt2.obj (.text)
                  00002596    00000002     --HOLE-- [fill = 0]
                  00002598    00000038     driverlib.lib : sysctl.obj (.text:SysCtlPeripheralReady)
                  000025d0    00000038     rtsv7M4_T_le_v4SPD16_eabi.lib : fs_tod_t2.obj (.text)
                  00002608    00000034     driverlib.lib : interrupt.obj (.text:IntRegister)
                  0000263c    00000034                   : sysctl.obj (.text:SysCtlPeripheralEnable)
                  00002670    0000002a                   : gpio.obj (.text:GPIODirModeSet)
                  0000269a    00000002     --HOLE-- [fill = 0]
                  0000269c    00000024                   : interrupt.obj (.text:IntPrioritySet)
                  000026c0    00000020                   : uart.obj (.text:UARTDisable)
                  000026e0    00000020     rtsv7M4_T_le_v4SPD16_eabi.lib : u_tofd_t2.obj (.text)
                  00002700    00000018     driverlib.lib : gpio.obj (.text:GPIOPinTypeGPIOOutput)
                  00002718    00000018                   : timer.obj (.text:TimerIntRegister)
                  00002730    00000018     rtsv7M4_T_le_v4SPD16_eabi.lib : args_main.obj (.text)
                  00002748    00000016     driverlib.lib : timer.obj (.text:TimerControlEvent)
                  0000275e    00000014                   : uart.obj (.text:UARTEnable)
                  00002772    00000002     --HOLE-- [fill = 0]
                  00002774    00000014     rtsv7M4_T_le_v4SPD16_eabi.lib : _lock.obj (.text)
                  00002788    00000012     driverlib.lib : gpio.obj (.text:GPIOPinTypeGPIOInput)
                  0000279a    00000012                   : gpio.obj (.text:GPIOPinTypeTimer)
                  000027ac    00000012                   : gpio.obj (.text:GPIOPinTypeUART)
                  000027be    00000002     --HOLE-- [fill = 0]
                  000027c0    00000010                   : fpu.obj (.text:FPUEnable)
                  000027d0    00000010                   : fpu.obj (.text:FPULazyStackingEnable)
                  000027e0    00000010                   : interrupt.obj (.text:IntMasterEnable)
                  000027f0    0000000e                   : timer.obj (.text:TimerEnable)
                  000027fe    0000000e                   : uart.obj (.text:UARTCharGetNonBlocking)
                  0000280c    0000000e                   : uart.obj (.text:UARTCharsAvail)
                  0000281a    0000000e     rtsv7M4_T_le_v4SPD16_eabi.lib : copy_decompress_none.obj (.text:decompress:none)
                  00002828    0000000c     driverlib.lib : cpu.obj (.text:CPUcpsie)
                  00002834    0000000c     rtsv7M4_T_le_v4SPD16_eabi.lib : copy_zero_init.obj (.text:decompress:ZI)
                  00002840    0000000c     tm4c123gh6pm_startup_ccs.obj (.text)
                  0000284c    0000000a     driverlib.lib : timer.obj (.text:TimerIntStatus)
                  00002856    0000000a                   : timer.obj (.text:TimerValueGet)
                  00002860    0000000a                   : uart.obj (.text:UARTFIFOEnable)
                  0000286a    0000000a                   : uart.obj (.text:UARTIntStatus)
                  00002874    00000008                   : timer.obj (.text:TimerIntEnable)
                  0000287c    00000008                   : uart.obj (.text:UARTIntEnable)
                  00002884    00000006                   : gpio.obj (.text:GPIOPinRead)
                  0000288a    00000006                   : gpio.obj (.text:GPIOPinWrite)
                  00002890    00000006                   : timer.obj (.text:TimerClockSourceSet)
                  00002896    00000006                   : uart.obj (.text:UARTClockSourceSet)
                  0000289c    00000006                   : uart.obj (.text:UARTFIFOLevelSet)
                  000028a2    00000004                   : timer.obj (.text:TimerIntClear)
                  000028a6    00000004                   : uart.obj (.text:UARTIntClear)
                  000028aa    00000004     rtsv7M4_T_le_v4SPD16_eabi.lib : pre_init.obj (.text)

.const     0    000028b0    000002d8     
                  000028b0    0000009c     driverlib.lib : interrupt.obj (.const:g_pui32Regs)
                  0000294c    00000090                   : gpio.obj (.const:g_pui32GPIOBaseAddrs)
                  000029dc    00000070                   : interrupt.obj (.const)
                  00002a4c    0000006c                   : sysctl.obj (.const:g_pui32Xtals)
                  00002ab8    00000060                   : timer.obj (.const:g_ppui32TimerIntMap)
                  00002b18    00000040                   : timer.obj (.const:g_ppui32TimerIntMapSnowflake)
                  00002b58    00000012     uartstdio.obj (.const:.string)
                  00002b6a    00000002     --HOLE-- [fill = 0]
                  00002b6c    0000000c     uartstdio.obj (.const:g_ui32UARTBase)
                  00002b78    0000000c     uartstdio.obj (.const:g_ui32UARTPeriph)
                  00002b84    00000004     uartstdio.obj (.const)

.cinit     0    00002b88    00000060     
                  00002b88    00000025     (.cinit..data.load) [load image, compression = lzss]
                  00002bad    00000003     --HOLE-- [fill = 0]
                  00002bb0    0000000c     (__TI_handler_table)
                  00002bbc    00000004     --HOLE-- [fill = 0]
                  00002bc0    00000008     (.cinit..bss.load) [load image, compression = zero_init]
                  00002bc8    00000008     (.cinit..vtable.load) [load image, compression = zero_init]
                  00002bd0    00000018     (__TI_cinit_table)

.init_array 
*          0    00000000    00000000     UNINITIALIZED

.vtable    0    20000000    0000026c     UNINITIALIZED
                  20000000    0000026c     driverlib.lib : interrupt.obj (.vtable)

.stack     0    2000026c    00000200     UNINITIALIZED
                  2000026c    00000200     --HOLE--

.bss       0    2000046c    00000138     UNINITIALIZED
                  2000046c    00000034     (.common:UART1_Rx_Buffers)
                  200004a0    00000034     (.common:UART1_Rx_Data)
                  200004d4    00000030     (.common:Source_attitude_payload)
                  20000504    00000024     ppm.obj (.bss:ppm_data_buf)
                  20000528    00000020     (.common:altitude_controler)
                  20000548    00000012     ppm.obj (.bss:ppm_data_shadow)
                  2000055a    00000012     (.common:ppm_data)
                  2000056c    0000000c     ppm.obj (.bss)
                  20000578    00000008     (.common:Source_Rangefinder_payload)
                  20000580    00000004     (.common:distan)
                  20000584    00000004     (.common:int_distance)
                  20000588    00000004     (.common:int_pitch)
                  2000058c    00000004     (.common:int_roll)
                  20000590    00000004     (.common:int_yaw)
                  20000594    00000004     (.common:pitch)
                  20000598    00000004     (.common:roll)
                  2000059c    00000004     (.common:yaw)
                  200005a0    00000001     (.common:UART1_Rx_Len)
                  200005a1    00000001     (.common:UART1_Sender_Address)
                  200005a2    00000001     (.common:payload_buf_index)
                  200005a3    00000001     (.common:rx_buffer)

.data      0    200005a4    0000009c     UNINITIALIZED
                  200005a4    00000028     mavlink.obj (.data:Rx_Buffer_attitude)
                  200005cc    00000014     mavlink.obj (.data:Rx_Buffer_height)
                  200005e0    00000014     ultrasonic.obj (.data)
                  200005f4    0000000c     rtsv7M4_T_le_v4SPD16_eabi.lib : exit.obj (.data:$O1$$)
                  20000600    0000000c     main.obj (.data)
                  2000060c    00000008     rtsv7M4_T_le_v4SPD16_eabi.lib : _lock.obj (.data:$O1$$)
                  20000614    00000008     receive.obj (.data)
                  2000061c    00000008     ultrasonic.obj (.data:ui32Time$2)
                  20000624    00000006     mavlink.obj (.data)
                  2000062a    00000002     --HOLE--
                  2000062c    00000005     ppm.obj (.data)
                  20000631    00000003     --HOLE--
                  20000634    00000005     uartstdio.obj (.data)
                  20000639    00000003     --HOLE--
                  2000063c    00000004     rtsv7M4_T_le_v4SPD16_eabi.lib : stkdepth_vars.obj (.data)

MODULE SUMMARY

       Module                         code   ro data   rw data
       ------                         ----   -------   -------
    .\
       main.obj                       2304   0         62     
       uartstdio.obj                  1244   46        5      
       ppm.obj                        928    0         71     
       mavlink.obj                    628    0         156    
       tm4c123gh6pm_startup_ccs.obj   12     620       0      
       ultrasonic.obj                 476    0         28     
       receive.obj                    368    0         114    
    +--+------------------------------+------+---------+---------+
       Total:                         5960   666       436    
                                                              
    D:\ti\ccsv7\tools\compiler\ti-cgt-arm_16.9.0.LTS\lib\rtsv7M4_T_le_v4SPD16_eabi.lib
       fd_add_t2.obj                  438    0         0      
       fd_div_t2.obj                  310    0         0      
       fd_mul_t2.obj                  252    0         0      
       memcpy_t2.obj                  156    0         0      
       memset_t2.obj                  122    0         0      
       autoinit.obj                   112    0         0      
       fd_tos_t2.obj                  110    0         0      
       copy_decompress_lzss.obj       104    0         0      
       exit.obj                       84     0         12     
       boot.obj                       84     0         0      
       cpy_tbl.obj                    76     0         0      
       fd_toi_t2.obj                  72     0         0      
       fd_tou_t2.obj                  68     0         0      
       u_divt2.obj                    64     0         0      
       fs_tod_t2.obj                  56     0         0      
       u_tofd_t2.obj                  32     0         0      
       _lock.obj                      20     0         8      
       args_main.obj                  24     0         0      
       copy_decompress_none.obj       14     0         0      
       copy_zero_init.obj             12     0         0      
       pre_init.obj                   4      0         0      
       stkdepth_vars.obj              0      0         4      
       i_div0.obj                     2      0         0      
       mpu_init.obj                   2      0         0      
       startup.obj                    2      0         0      
    +--+------------------------------+------+---------+---------+
       Total:                         2220   0         24     
                                                              
    F:/TIVAWARE002/driverlib/ccs/Debug/driverlib.lib
       interrupt.obj                  208    268       620    
       gpio.obj                       510    144       0      
       sysctl.obj                     380    108       0      
       timer.obj                      270    160       0      
       uart.obj                       194    0         0      
       fpu.obj                        32     0         0      
       cpu.obj                        12     0         0      
    +--+------------------------------+------+---------+---------+
       Total:                         1606   680       620    
                                                              
       Stack:                         0      0         512    
       Linker Generated:              0      89        0      
    +--+------------------------------+------+---------+---------+
       Grand Total:                   9786   1435      1592   


LINKER GENERATED COPY TABLES

__TI_cinit_table @ 00002bd0 records: 3, size/record: 8, table size: 24
	.data: load addr=00002b88, load size=00000025 bytes, run addr=200005a4, run size=0000009c bytes, compression=lzss
	.bss: load addr=00002bc0, load size=00000008 bytes, run addr=2000046c, run size=00000138 bytes, compression=zero_init
	.vtable: load addr=00002bc8, load size=00000008 bytes, run addr=20000000, run size=0000026c bytes, compression=zero_init


LINKER GENERATED HANDLER TABLE

__TI_handler_table @ 00002bb0 records: 3, size/record: 4, table size: 12
	index: 0, handler: __TI_zero_init
	index: 1, handler: __TI_decompress_lzss
	index: 2, handler: __TI_decompress_none


GLOBAL SYMBOLS: SORTED ALPHABETICALLY BY Name 

address   name                           
-------   ----                           
00000761  Aircraft_Base_Output           
00000701  Aircraft_Unlock                
0000026d  AltitudeControlerInit          
000002a3  Altitude_Control               
00001449  Attitude_Data_Store            
000015bb  Attitude_init                  
00002351  C$$EXIT                        
00002829  CPUcpsie                       
00000443  ConfigureUART0                 
000015c9  Distance_init                  
000027c1  FPUEnable                      
000027d1  FPULazyStackingEnable          
00002671  GPIODirModeSet                 
0000165d  GPIOE3_Init                    
00001c97  GPIOPadConfigSet               
0000243d  GPIOPinConfigure               
00002885  GPIOPinRead                    
00002789  GPIOPinTypeGPIOInput           
00002701  GPIOPinTypeGPIOOutput          
0000279b  GPIOPinTypeTimer               
000027ad  GPIOPinTypeUART                
0000288b  GPIOPinWrite                   
000021cd  IntEnable                      
000027e1  IntMasterEnable                
0000269d  IntPrioritySet                 
00002609  IntRegister                    
0000066d  KEY_PF4_Pros                   
0000063d  Key_PF4_Init                   
0000047f  LED_Init                       
000004d1  MavLink_Data_Get               
000013e9  Mav_recive_UART2_Config        
000015d7  Mavlink_DateInit               
000006b7  PPM_Channal_Init               
000019f1  Recive_UART1_Config            
00002841  ResetISR                       
200005a4  Rx_Buffer_attitude             
200005cc  Rx_Buffer_height               
UNDEFED   SHT$$INIT_ARRAY$$Base          
UNDEFED   SHT$$INIT_ARRAY$$Limit         
00001683  SonicTrig                      
20000578  Source_Rangefinder_payload     
200004d4  Source_attitude_payload        
00001dc9  SysCtlClockGet                 
0000263d  SysCtlPeripheralEnable         
00002599  SysCtlPeripheralReady          
00001125  Timer0AIntHandler              
0000085d  Timer1AIntHandler              
000007c9  Timer1A_Init                   
00002891  TimerClockSourceSet            
0000229d  TimerConfigure                 
00002749  TimerControlEvent              
000027f1  TimerEnable                    
000028a3  TimerIntClear                  
00002875  TimerIntEnable                 
00002719  TimerIntRegister               
0000284d  TimerIntStatus                 
00002857  TimerValueGet                  
00001a37  UART1IntHandler                
000008cd  UART1_Data_Pros                
2000046c  UART1_Rx_Buffers               
200004a0  UART1_Rx_Data                  
200005a0  UART1_Rx_Len                   
200005a1  UART1_Sender_Address           
20000614  UART1_Updated_Flag             
0000147f  UART2IntHandler                
000027ff  UARTCharGetNonBlocking         
0000280d  UARTCharsAvail                 
00002897  UARTClockSourceSet             
000024cd  UARTConfigSetExpClk            
000026c1  UARTDisable                    
0000275f  UARTEnable                     
00002861  UARTFIFOEnable                 
0000289d  UARTFIFOLevelSet               
000028a7  UARTIntClear                   
0000287d  UARTIntEnable                  
0000286b  UARTIntStatus                  
00000b6d  UARTStdioConfig                
00000ce5  UARTgetc                       
00000c1f  UARTgets                       
00001013  UARTprintf                     
00000d19  UARTvprintf                    
00000bcd  UARTwrite                      
000017d1  UltrasonicConfigure            
0000176f  WTimer0BConfigure              
000016b3  WTimer0BIntHandler             
2000046c  __STACK_END                    
00000200  __STACK_SIZE                   
2000046c  __STACK_TOP                    
00002bd0  __TI_CINIT_Base                
00002be8  __TI_CINIT_Limit               
00002bb0  __TI_Handler_Table_Base        
00002bbc  __TI_Handler_Table_Limit       
000020ed  __TI_auto_init                 
200005f4  __TI_cleanup_ptr               
00002235  __TI_decompress_lzss           
0000281b  __TI_decompress_none           
200005f8  __TI_dtors_ptr                 
200005fc  __TI_enable_exit_profile_output
ffffffff  __TI_pprof_out_hndl            
ffffffff  __TI_prof_data_size            
ffffffff  __TI_prof_data_start           
00000000  __TI_static_base__             
00002835  __TI_zero_init                 
0000215d  __aeabi_d2f                    
00002485  __aeabi_d2iz                   
00002513  __aeabi_d2uiz                  
00001843  __aeabi_dadd                   
00001b61  __aeabi_ddiv                   
00001ed9  __aeabi_dmul                   
00001839  __aeabi_dsub                   
000025d1  __aeabi_f2d                    
000019ef  __aeabi_idiv0                  
00002071  __aeabi_memclr                 
00002071  __aeabi_memclr4                
00002071  __aeabi_memclr8                
00001fd5  __aeabi_memcpy                 
00001fd5  __aeabi_memcpy4                
00001fd5  __aeabi_memcpy8                
00002073  __aeabi_memset                 
00002073  __aeabi_memset4                
00002073  __aeabi_memset8                
000026e1  __aeabi_ui2d                   
00002557  __aeabi_uidiv                  
00002557  __aeabi_uidivmod               
ffffffff  __binit__                      
ffffffff  __c_args__                     
000020eb  __mpu_init                     
2000026c  __stack                        
00002731  _args_main                     
000022fd  _c_int00                       
2000060c  _lock                          
00002783  _nop                           
0000277b  _register_lock                 
00002775  _register_unlock               
000021cb  _system_post_cinit             
000028ab  _system_pre_init               
20000610  _unlock                        
00002355  abort                          
20000600  aircraft_start_flag            
20000528  altitude_controler             
200005e0  bDataReady                     
ffffffff  binit                          
000023f1  copy_in                        
20000580  distan                         
0000235d  exit                           
20000000  g_pfnRAMVectors                
00000000  g_pfnVectors                   
20000584  int_distance                   
20000588  int_pitch                      
2000058c  int_roll                       
200005ec  int_ultrasonic_height          
20000590  int_yaw                        
0000094d  main                           
2000063c  main_func_sp                   
00001fd5  memcpy                         
00002079  memset                         
20000624  newAttiFlag                    
20000625  newHeightFlag                  
200005a2  payload_buf_index              
20000594  pitch                          
2000055a  ppm_data                       
00001049  ppm_encoder_init               
0000114f  ppm_encoder_set_data           
20000598  roll                           
200005a3  rx_buffer                      
20000626  start_receive_attitude         
20000627  start_receive_height           
200005e4  ui32Distance                   
200005e8  ultrasonic_height              
200005f0  ultrasonic_update_flag         
2000059c  yaw                            


GLOBAL SYMBOLS: SORTED BY Symbol Address 

address   name                           
-------   ----                           
00000000  __TI_static_base__             
00000000  g_pfnVectors                   
00000200  __STACK_SIZE                   
0000026d  AltitudeControlerInit          
000002a3  Altitude_Control               
00000443  ConfigureUART0                 
0000047f  LED_Init                       
000004d1  MavLink_Data_Get               
0000063d  Key_PF4_Init                   
0000066d  KEY_PF4_Pros                   
000006b7  PPM_Channal_Init               
00000701  Aircraft_Unlock                
00000761  Aircraft_Base_Output           
000007c9  Timer1A_Init                   
0000085d  Timer1AIntHandler              
000008cd  UART1_Data_Pros                
0000094d  main                           
00000b6d  UARTStdioConfig                
00000bcd  UARTwrite                      
00000c1f  UARTgets                       
00000ce5  UARTgetc                       
00000d19  UARTvprintf                    
00001013  UARTprintf                     
00001049  ppm_encoder_init               
00001125  Timer0AIntHandler              
0000114f  ppm_encoder_set_data           
000013e9  Mav_recive_UART2_Config        
00001449  Attitude_Data_Store            
0000147f  UART2IntHandler                
000015bb  Attitude_init                  
000015c9  Distance_init                  
000015d7  Mavlink_DateInit               
0000165d  GPIOE3_Init                    
00001683  SonicTrig                      
000016b3  WTimer0BIntHandler             
0000176f  WTimer0BConfigure              
000017d1  UltrasonicConfigure            
00001839  __aeabi_dsub                   
00001843  __aeabi_dadd                   
000019ef  __aeabi_idiv0                  
000019f1  Recive_UART1_Config            
00001a37  UART1IntHandler                
00001b61  __aeabi_ddiv                   
00001c97  GPIOPadConfigSet               
00001dc9  SysCtlClockGet                 
00001ed9  __aeabi_dmul                   
00001fd5  __aeabi_memcpy                 
00001fd5  __aeabi_memcpy4                
00001fd5  __aeabi_memcpy8                
00001fd5  memcpy                         
00002071  __aeabi_memclr                 
00002071  __aeabi_memclr4                
00002071  __aeabi_memclr8                
00002073  __aeabi_memset                 
00002073  __aeabi_memset4                
00002073  __aeabi_memset8                
00002079  memset                         
000020eb  __mpu_init                     
000020ed  __TI_auto_init                 
0000215d  __aeabi_d2f                    
000021cb  _system_post_cinit             
000021cd  IntEnable                      
00002235  __TI_decompress_lzss           
0000229d  TimerConfigure                 
000022fd  _c_int00                       
00002351  C$$EXIT                        
00002355  abort                          
0000235d  exit                           
000023f1  copy_in                        
0000243d  GPIOPinConfigure               
00002485  __aeabi_d2iz                   
000024cd  UARTConfigSetExpClk            
00002513  __aeabi_d2uiz                  
00002557  __aeabi_uidiv                  
00002557  __aeabi_uidivmod               
00002599  SysCtlPeripheralReady          
000025d1  __aeabi_f2d                    
00002609  IntRegister                    
0000263d  SysCtlPeripheralEnable         
00002671  GPIODirModeSet                 
0000269d  IntPrioritySet                 
000026c1  UARTDisable                    
000026e1  __aeabi_ui2d                   
00002701  GPIOPinTypeGPIOOutput          
00002719  TimerIntRegister               
00002731  _args_main                     
00002749  TimerControlEvent              
0000275f  UARTEnable                     
00002775  _register_unlock               
0000277b  _register_lock                 
00002783  _nop                           
00002789  GPIOPinTypeGPIOInput           
0000279b  GPIOPinTypeTimer               
000027ad  GPIOPinTypeUART                
000027c1  FPUEnable                      
000027d1  FPULazyStackingEnable          
000027e1  IntMasterEnable                
000027f1  TimerEnable                    
000027ff  UARTCharGetNonBlocking         
0000280d  UARTCharsAvail                 
0000281b  __TI_decompress_none           
00002829  CPUcpsie                       
00002835  __TI_zero_init                 
00002841  ResetISR                       
0000284d  TimerIntStatus                 
00002857  TimerValueGet                  
00002861  UARTFIFOEnable                 
0000286b  UARTIntStatus                  
00002875  TimerIntEnable                 
0000287d  UARTIntEnable                  
00002885  GPIOPinRead                    
0000288b  GPIOPinWrite                   
00002891  TimerClockSourceSet            
00002897  UARTClockSourceSet             
0000289d  UARTFIFOLevelSet               
000028a3  TimerIntClear                  
000028a7  UARTIntClear                   
000028ab  _system_pre_init               
00002bb0  __TI_Handler_Table_Base        
00002bbc  __TI_Handler_Table_Limit       
00002bd0  __TI_CINIT_Base                
00002be8  __TI_CINIT_Limit               
20000000  g_pfnRAMVectors                
2000026c  __stack                        
2000046c  UART1_Rx_Buffers               
2000046c  __STACK_END                    
2000046c  __STACK_TOP                    
200004a0  UART1_Rx_Data                  
200004d4  Source_attitude_payload        
20000528  altitude_controler             
2000055a  ppm_data                       
20000578  Source_Rangefinder_payload     
20000580  distan                         
20000584  int_distance                   
20000588  int_pitch                      
2000058c  int_roll                       
20000590  int_yaw                        
20000594  pitch                          
20000598  roll                           
2000059c  yaw                            
200005a0  UART1_Rx_Len                   
200005a1  UART1_Sender_Address           
200005a2  payload_buf_index              
200005a3  rx_buffer                      
200005a4  Rx_Buffer_attitude             
200005cc  Rx_Buffer_height               
200005e0  bDataReady                     
200005e4  ui32Distance                   
200005e8  ultrasonic_height              
200005ec  int_ultrasonic_height          
200005f0  ultrasonic_update_flag         
200005f4  __TI_cleanup_ptr               
200005f8  __TI_dtors_ptr                 
200005fc  __TI_enable_exit_profile_output
20000600  aircraft_start_flag            
2000060c  _lock                          
20000610  _unlock                        
20000614  UART1_Updated_Flag             
20000624  newAttiFlag                    
20000625  newHeightFlag                  
20000626  start_receive_attitude         
20000627  start_receive_height           
2000063c  main_func_sp                   
ffffffff  __TI_pprof_out_hndl            
ffffffff  __TI_prof_data_size            
ffffffff  __TI_prof_data_start           
ffffffff  __binit__                      
ffffffff  __c_args__                     
ffffffff  binit                          
UNDEFED   SHT$$INIT_ARRAY$$Base          
UNDEFED   SHT$$INIT_ARRAY$$Limit         

[171 symbols]
