<?xml version="1.0"?>
<link_info>
   <banner>TI ARM Linker PC v16.9.0.LTS</banner>
   <copyright>Copyright (c) 1996-2015 Texas Instruments Incorporated</copyright>
   <link_time>0x5c4be6fb</link_time>
   <link_errors>0x0</link_errors>
   <output_file>Aircraft_v8.out</output_file>
   <entry_point>
      <name>_c_int00</name>
      <address>0x3a81</address>
   </entry_point>
   <input_file_list>
      <input_file id="fl-2">
         <path>.\</path>
         <kind>object</kind>
         <file>camera.obj</file>
         <name>camera.obj</name>
      </input_file>
      <input_file id="fl-3">
         <path>.\</path>
         <kind>object</kind>
         <file>filter.obj</file>
         <name>filter.obj</name>
      </input_file>
      <input_file id="fl-4">
         <path>.\</path>
         <kind>object</kind>
         <file>main.obj</file>
         <name>main.obj</name>
      </input_file>
      <input_file id="fl-5">
         <path>.\</path>
         <kind>object</kind>
         <file>mavlink.obj</file>
         <name>mavlink.obj</name>
      </input_file>
      <input_file id="fl-6">
         <path>.\</path>
         <kind>object</kind>
         <file>ppm.obj</file>
         <name>ppm.obj</name>
      </input_file>
      <input_file id="fl-7">
         <path>.\</path>
         <kind>object</kind>
         <file>receive.obj</file>
         <name>receive.obj</name>
      </input_file>
      <input_file id="fl-8">
         <path>.\</path>
         <kind>object</kind>
         <file>tm4c123gh6pm_startup_ccs.obj</file>
         <name>tm4c123gh6pm_startup_ccs.obj</name>
      </input_file>
      <input_file id="fl-9">
         <path>.\</path>
         <kind>object</kind>
         <file>uartstdio.obj</file>
         <name>uartstdio.obj</name>
      </input_file>
      <input_file id="fl-a">
         <path>.\</path>
         <kind>object</kind>
         <file>ultrasonic.obj</file>
         <name>ultrasonic.obj</name>
      </input_file>
      <input_file id="fl-c5">
         <path>D:\ti\ccsv7\tools\compiler\ti-cgt-arm_16.9.0.LTS\lib\</path>
         <kind>archive</kind>
         <file>rtsv7M4_T_le_v4SPD16_eabi.lib</file>
         <name>boot.obj</name>
      </input_file>
      <input_file id="fl-c6">
         <path>D:\ti\ccsv7\tools\compiler\ti-cgt-arm_16.9.0.LTS\lib\</path>
         <kind>archive</kind>
         <file>rtsv7M4_T_le_v4SPD16_eabi.lib</file>
         <name>copy_decompress_lzss.obj</name>
      </input_file>
      <input_file id="fl-c7">
         <path>D:\ti\ccsv7\tools\compiler\ti-cgt-arm_16.9.0.LTS\lib\</path>
         <kind>archive</kind>
         <file>rtsv7M4_T_le_v4SPD16_eabi.lib</file>
         <name>copy_decompress_none.obj</name>
      </input_file>
      <input_file id="fl-c8">
         <path>D:\ti\ccsv7\tools\compiler\ti-cgt-arm_16.9.0.LTS\lib\</path>
         <kind>archive</kind>
         <file>rtsv7M4_T_le_v4SPD16_eabi.lib</file>
         <name>copy_zero_init.obj</name>
      </input_file>
      <input_file id="fl-c9">
         <path>D:\ti\ccsv7\tools\compiler\ti-cgt-arm_16.9.0.LTS\lib\</path>
         <kind>archive</kind>
         <file>rtsv7M4_T_le_v4SPD16_eabi.lib</file>
         <name>e_pow.obj</name>
      </input_file>
      <input_file id="fl-ca">
         <path>D:\ti\ccsv7\tools\compiler\ti-cgt-arm_16.9.0.LTS\lib\</path>
         <kind>archive</kind>
         <file>rtsv7M4_T_le_v4SPD16_eabi.lib</file>
         <name>e_sqrt.obj</name>
      </input_file>
      <input_file id="fl-cb">
         <path>D:\ti\ccsv7\tools\compiler\ti-cgt-arm_16.9.0.LTS\lib\</path>
         <kind>archive</kind>
         <file>rtsv7M4_T_le_v4SPD16_eabi.lib</file>
         <name>errno.obj</name>
      </input_file>
      <input_file id="fl-cc">
         <path>D:\ti\ccsv7\tools\compiler\ti-cgt-arm_16.9.0.LTS\lib\</path>
         <kind>archive</kind>
         <file>rtsv7M4_T_le_v4SPD16_eabi.lib</file>
         <name>exit.obj</name>
      </input_file>
      <input_file id="fl-cd">
         <path>D:\ti\ccsv7\tools\compiler\ti-cgt-arm_16.9.0.LTS\lib\</path>
         <kind>archive</kind>
         <file>rtsv7M4_T_le_v4SPD16_eabi.lib</file>
         <name>fd_add_t2.obj</name>
      </input_file>
      <input_file id="fl-ce">
         <path>D:\ti\ccsv7\tools\compiler\ti-cgt-arm_16.9.0.LTS\lib\</path>
         <kind>archive</kind>
         <file>rtsv7M4_T_le_v4SPD16_eabi.lib</file>
         <name>fd_cmp_t2.obj</name>
      </input_file>
      <input_file id="fl-cf">
         <path>D:\ti\ccsv7\tools\compiler\ti-cgt-arm_16.9.0.LTS\lib\</path>
         <kind>archive</kind>
         <file>rtsv7M4_T_le_v4SPD16_eabi.lib</file>
         <name>fd_div_t2.obj</name>
      </input_file>
      <input_file id="fl-d0">
         <path>D:\ti\ccsv7\tools\compiler\ti-cgt-arm_16.9.0.LTS\lib\</path>
         <kind>archive</kind>
         <file>rtsv7M4_T_le_v4SPD16_eabi.lib</file>
         <name>fd_mul_t2.obj</name>
      </input_file>
      <input_file id="fl-d1">
         <path>D:\ti\ccsv7\tools\compiler\ti-cgt-arm_16.9.0.LTS\lib\</path>
         <kind>archive</kind>
         <file>rtsv7M4_T_le_v4SPD16_eabi.lib</file>
         <name>fd_toi_t2.obj</name>
      </input_file>
      <input_file id="fl-d2">
         <path>D:\ti\ccsv7\tools\compiler\ti-cgt-arm_16.9.0.LTS\lib\</path>
         <kind>archive</kind>
         <file>rtsv7M4_T_le_v4SPD16_eabi.lib</file>
         <name>fd_tos_t2.obj</name>
      </input_file>
      <input_file id="fl-d3">
         <path>D:\ti\ccsv7\tools\compiler\ti-cgt-arm_16.9.0.LTS\lib\</path>
         <kind>archive</kind>
         <file>rtsv7M4_T_le_v4SPD16_eabi.lib</file>
         <name>fd_tou_t2.obj</name>
      </input_file>
      <input_file id="fl-d4">
         <path>D:\ti\ccsv7\tools\compiler\ti-cgt-arm_16.9.0.LTS\lib\</path>
         <kind>archive</kind>
         <file>rtsv7M4_T_le_v4SPD16_eabi.lib</file>
         <name>fs_tod_t2.obj</name>
      </input_file>
      <input_file id="fl-d5">
         <path>D:\ti\ccsv7\tools\compiler\ti-cgt-arm_16.9.0.LTS\lib\</path>
         <kind>archive</kind>
         <file>rtsv7M4_T_le_v4SPD16_eabi.lib</file>
         <name>i_tofd_t2.obj</name>
      </input_file>
      <input_file id="fl-d6">
         <path>D:\ti\ccsv7\tools\compiler\ti-cgt-arm_16.9.0.LTS\lib\</path>
         <kind>archive</kind>
         <file>rtsv7M4_T_le_v4SPD16_eabi.lib</file>
         <name>memcpy_t2.obj</name>
      </input_file>
      <input_file id="fl-d7">
         <path>D:\ti\ccsv7\tools\compiler\ti-cgt-arm_16.9.0.LTS\lib\</path>
         <kind>archive</kind>
         <file>rtsv7M4_T_le_v4SPD16_eabi.lib</file>
         <name>memset_t2.obj</name>
      </input_file>
      <input_file id="fl-d8">
         <path>D:\ti\ccsv7\tools\compiler\ti-cgt-arm_16.9.0.LTS\lib\</path>
         <kind>archive</kind>
         <file>rtsv7M4_T_le_v4SPD16_eabi.lib</file>
         <name>mpu_init.obj</name>
      </input_file>
      <input_file id="fl-d9">
         <path>D:\ti\ccsv7\tools\compiler\ti-cgt-arm_16.9.0.LTS\lib\</path>
         <kind>archive</kind>
         <file>rtsv7M4_T_le_v4SPD16_eabi.lib</file>
         <name>pre_init.obj</name>
      </input_file>
      <input_file id="fl-da">
         <path>D:\ti\ccsv7\tools\compiler\ti-cgt-arm_16.9.0.LTS\lib\</path>
         <kind>archive</kind>
         <file>rtsv7M4_T_le_v4SPD16_eabi.lib</file>
         <name>s_scalbn.obj</name>
      </input_file>
      <input_file id="fl-db">
         <path>D:\ti\ccsv7\tools\compiler\ti-cgt-arm_16.9.0.LTS\lib\</path>
         <kind>archive</kind>
         <file>rtsv7M4_T_le_v4SPD16_eabi.lib</file>
         <name>stkdepth_vars.obj</name>
      </input_file>
      <input_file id="fl-dc">
         <path>D:\ti\ccsv7\tools\compiler\ti-cgt-arm_16.9.0.LTS\lib\</path>
         <kind>archive</kind>
         <file>rtsv7M4_T_le_v4SPD16_eabi.lib</file>
         <name>u_divt2.obj</name>
      </input_file>
      <input_file id="fl-dd">
         <path>D:\ti\ccsv7\tools\compiler\ti-cgt-arm_16.9.0.LTS\lib\</path>
         <kind>archive</kind>
         <file>rtsv7M4_T_le_v4SPD16_eabi.lib</file>
         <name>u_tofd_t2.obj</name>
      </input_file>
      <input_file id="fl-de">
         <path>D:\ti\ccsv7\tools\compiler\ti-cgt-arm_16.9.0.LTS\lib\</path>
         <kind>archive</kind>
         <file>rtsv7M4_T_le_v4SPD16_eabi.lib</file>
         <name>_lock.obj</name>
      </input_file>
      <input_file id="fl-df">
         <path>D:\ti\ccsv7\tools\compiler\ti-cgt-arm_16.9.0.LTS\lib\</path>
         <kind>archive</kind>
         <file>rtsv7M4_T_le_v4SPD16_eabi.lib</file>
         <name>args_main.obj</name>
      </input_file>
      <input_file id="fl-e0">
         <path>D:\ti\ccsv7\tools\compiler\ti-cgt-arm_16.9.0.LTS\lib\</path>
         <kind>archive</kind>
         <file>rtsv7M4_T_le_v4SPD16_eabi.lib</file>
         <name>autoinit.obj</name>
      </input_file>
      <input_file id="fl-e1">
         <path>D:\ti\ccsv7\tools\compiler\ti-cgt-arm_16.9.0.LTS\lib\</path>
         <kind>archive</kind>
         <file>rtsv7M4_T_le_v4SPD16_eabi.lib</file>
         <name>cpy_tbl.obj</name>
      </input_file>
      <input_file id="fl-e2">
         <path>D:\ti\ccsv7\tools\compiler\ti-cgt-arm_16.9.0.LTS\lib\</path>
         <kind>archive</kind>
         <file>rtsv7M4_T_le_v4SPD16_eabi.lib</file>
         <name>i_div0.obj</name>
      </input_file>
      <input_file id="fl-e3">
         <path>D:\ti\ccsv7\tools\compiler\ti-cgt-arm_16.9.0.LTS\lib\</path>
         <kind>archive</kind>
         <file>rtsv7M4_T_le_v4SPD16_eabi.lib</file>
         <name>s_copysign.obj</name>
      </input_file>
      <input_file id="fl-e4">
         <path>D:\ti\ccsv7\tools\compiler\ti-cgt-arm_16.9.0.LTS\lib\</path>
         <kind>archive</kind>
         <file>rtsv7M4_T_le_v4SPD16_eabi.lib</file>
         <name>startup.obj</name>
      </input_file>
      <input_file id="fl-e5">
         <path>F:\TIVAWARE002\driverlib\ccs\Debug\</path>
         <kind>archive</kind>
         <file>driverlib.lib</file>
         <name>fpu.obj</name>
      </input_file>
      <input_file id="fl-e6">
         <path>F:\TIVAWARE002\driverlib\ccs\Debug\</path>
         <kind>archive</kind>
         <file>driverlib.lib</file>
         <name>gpio.obj</name>
      </input_file>
      <input_file id="fl-e7">
         <path>F:\TIVAWARE002\driverlib\ccs\Debug\</path>
         <kind>archive</kind>
         <file>driverlib.lib</file>
         <name>interrupt.obj</name>
      </input_file>
      <input_file id="fl-e8">
         <path>F:\TIVAWARE002\driverlib\ccs\Debug\</path>
         <kind>archive</kind>
         <file>driverlib.lib</file>
         <name>sysctl.obj</name>
      </input_file>
      <input_file id="fl-e9">
         <path>F:\TIVAWARE002\driverlib\ccs\Debug\</path>
         <kind>archive</kind>
         <file>driverlib.lib</file>
         <name>timer.obj</name>
      </input_file>
      <input_file id="fl-ea">
         <path>F:\TIVAWARE002\driverlib\ccs\Debug\</path>
         <kind>archive</kind>
         <file>driverlib.lib</file>
         <name>uart.obj</name>
      </input_file>
      <input_file id="fl-eb">
         <path>F:\TIVAWARE002\driverlib\ccs\Debug\</path>
         <kind>archive</kind>
         <file>driverlib.lib</file>
         <name>cpu.obj</name>
      </input_file>
   </input_file_list>
   <object_component_list>
      <object_component id="oc-f">
         <name>.intvecs</name>
         <load_address>0x0</load_address>
         <run_address>0x0</run_address>
         <size>0x26c</size>
         <input_file_ref idref="fl-8"/>
      </object_component>
      <object_component id="oc-3d">
         <name>.text</name>
         <load_address>0x26c</load_address>
         <run_address>0x26c</run_address>
         <size>0xf2c</size>
         <input_file_ref idref="fl-4"/>
      </object_component>
      <object_component id="oc-243">
         <name>.text</name>
         <load_address>0x1198</load_address>
         <run_address>0x1198</run_address>
         <size>0x9ac</size>
         <input_file_ref idref="fl-c9"/>
      </object_component>
      <object_component id="oc-141">
         <name>.text</name>
         <load_address>0x1b44</load_address>
         <run_address>0x1b44</run_address>
         <size>0x4dc</size>
         <input_file_ref idref="fl-9"/>
      </object_component>
      <object_component id="oc-43">
         <name>.text</name>
         <load_address>0x2020</load_address>
         <run_address>0x2020</run_address>
         <size>0x420</size>
         <input_file_ref idref="fl-5"/>
      </object_component>
      <object_component id="oc-37">
         <name>.text</name>
         <load_address>0x2440</load_address>
         <run_address>0x2440</run_address>
         <size>0x3a0</size>
         <input_file_ref idref="fl-6"/>
      </object_component>
      <object_component id="oc-fc">
         <name>.text</name>
         <load_address>0x27e0</load_address>
         <run_address>0x27e0</run_address>
         <size>0x288</size>
         <input_file_ref idref="fl-3"/>
      </object_component>
      <object_component id="oc-19f">
         <name>.text</name>
         <load_address>0x2a68</load_address>
         <run_address>0x2a68</run_address>
         <size>0x1dc</size>
         <input_file_ref idref="fl-a"/>
      </object_component>
      <object_component id="oc-127">
         <name>.text</name>
         <load_address>0x2c44</load_address>
         <run_address>0x2c44</run_address>
         <size>0x1b6</size>
         <input_file_ref idref="fl-cd"/>
      </object_component>
      <object_component id="oc-330">
         <name>.text</name>
         <load_address>0x2dfa</load_address>
         <run_address>0x2dfa</run_address>
         <size>0x2</size>
         <input_file_ref idref="fl-e2"/>
      </object_component>
      <object_component id="oc-31">
         <name>.text</name>
         <load_address>0x2dfc</load_address>
         <run_address>0x2dfc</run_address>
         <size>0x170</size>
         <input_file_ref idref="fl-7"/>
      </object_component>
      <object_component id="oc-304">
         <name>.text</name>
         <load_address>0x2f6c</load_address>
         <run_address>0x2f6c</run_address>
         <size>0x170</size>
         <input_file_ref idref="fl-ca"/>
      </object_component>
      <object_component id="oc-117">
         <name>.text</name>
         <load_address>0x30dc</load_address>
         <run_address>0x30dc</run_address>
         <size>0x136</size>
         <input_file_ref idref="fl-cf"/>
      </object_component>
      <object_component id="oc-159">
         <name>.text:GPIOPadConfigSet</name>
         <load_address>0x3212</load_address>
         <run_address>0x3212</run_address>
         <size>0x132</size>
         <input_file_ref idref="fl-e6"/>
      </object_component>
      <object_component id="oc-a4">
         <name>.text:SysCtlClockGet</name>
         <load_address>0x3344</load_address>
         <run_address>0x3344</run_address>
         <size>0x110</size>
         <input_file_ref idref="fl-e8"/>
      </object_component>
      <object_component id="oc-112">
         <name>.text</name>
         <load_address>0x3454</load_address>
         <run_address>0x3454</run_address>
         <size>0xfc</size>
         <input_file_ref idref="fl-d0"/>
      </object_component>
      <object_component id="oc-31a">
         <name>.text</name>
         <load_address>0x3550</load_address>
         <run_address>0x3550</run_address>
         <size>0xfc</size>
         <input_file_ref idref="fl-da"/>
      </object_component>
      <object_component id="oc-57">
         <name>.text</name>
         <load_address>0x364c</load_address>
         <run_address>0x364c</run_address>
         <size>0x9c</size>
         <input_file_ref idref="fl-d6"/>
      </object_component>
      <object_component id="oc-310">
         <name>.text:__aeabi_cdcmple</name>
         <load_address>0x36e8</load_address>
         <run_address>0x36e8</run_address>
         <size>0x86</size>
         <input_file_ref idref="fl-ce"/>
      </object_component>
      <object_component id="oc-315">
         <name>.text:__aeabi_cdrcmple</name>
         <load_address>0x376e</load_address>
         <run_address>0x376e</run_address>
         <size>0x86</size>
         <input_file_ref idref="fl-ce"/>
      </object_component>
      <object_component id="oc-63">
         <name>.text</name>
         <load_address>0x37f4</load_address>
         <run_address>0x37f4</run_address>
         <size>0x7a</size>
         <input_file_ref idref="fl-d7"/>
      </object_component>
      <object_component id="oc-6f">
         <name>.text</name>
         <load_address>0x386e</load_address>
         <run_address>0x386e</run_address>
         <size>0x2</size>
         <input_file_ref idref="fl-d8"/>
      </object_component>
      <object_component id="oc-7b">
         <name>.text</name>
         <load_address>0x3870</load_address>
         <run_address>0x3870</run_address>
         <size>0x70</size>
         <input_file_ref idref="fl-e0"/>
      </object_component>
      <object_component id="oc-136">
         <name>.text</name>
         <load_address>0x38e0</load_address>
         <run_address>0x38e0</run_address>
         <size>0x6e</size>
         <input_file_ref idref="fl-d2"/>
      </object_component>
      <object_component id="oc-1e6">
         <name>.text</name>
         <load_address>0x394e</load_address>
         <run_address>0x394e</run_address>
         <size>0x2</size>
         <input_file_ref idref="fl-e4"/>
      </object_component>
      <object_component id="oc-b0">
         <name>.text:IntEnable</name>
         <load_address>0x3950</load_address>
         <run_address>0x3950</run_address>
         <size>0x68</size>
         <input_file_ref idref="fl-e7"/>
      </object_component>
      <object_component id="oc-12">
         <name>.text:decompress:lzss</name>
         <load_address>0x39b8</load_address>
         <run_address>0x39b8</run_address>
         <size>0x68</size>
         <input_file_ref idref="fl-c6"/>
      </object_component>
      <object_component id="oc-175">
         <name>.text:TimerConfigure</name>
         <load_address>0x3a20</load_address>
         <run_address>0x3a20</run_address>
         <size>0x60</size>
         <input_file_ref idref="fl-e9"/>
      </object_component>
      <object_component id="oc-24">
         <name>.text</name>
         <load_address>0x3a80</load_address>
         <run_address>0x3a80</run_address>
         <size>0x54</size>
         <input_file_ref idref="fl-c5"/>
      </object_component>
      <object_component id="oc-87">
         <name>.text</name>
         <load_address>0x3ad4</load_address>
         <run_address>0x3ad4</run_address>
         <size>0x54</size>
         <input_file_ref idref="fl-cc"/>
      </object_component>
      <object_component id="oc-345">
         <name>.text:_TimerIntNumberGet</name>
         <load_address>0x3b28</load_address>
         <run_address>0x3b28</run_address>
         <size>0x4c</size>
         <input_file_ref idref="fl-e9"/>
      </object_component>
      <object_component id="oc-1e0">
         <name>.text</name>
         <load_address>0x3b74</load_address>
         <run_address>0x3b74</run_address>
         <size>0x4c</size>
         <input_file_ref idref="fl-e1"/>
      </object_component>
      <object_component id="oc-98">
         <name>.text:GPIOPinConfigure</name>
         <load_address>0x3bc0</load_address>
         <run_address>0x3bc0</run_address>
         <size>0x48</size>
         <input_file_ref idref="fl-e6"/>
      </object_component>
      <object_component id="oc-102">
         <name>.text</name>
         <load_address>0x3c08</load_address>
         <run_address>0x3c08</run_address>
         <size>0x48</size>
         <input_file_ref idref="fl-d1"/>
      </object_component>
      <object_component id="oc-aa">
         <name>.text:UARTConfigSetExpClk</name>
         <load_address>0x3c50</load_address>
         <run_address>0x3c50</run_address>
         <size>0x46</size>
         <input_file_ref idref="fl-ea"/>
      </object_component>
      <object_component id="oc-2a0">
         <name>.text</name>
         <load_address>0x3c96</load_address>
         <run_address>0x3c96</run_address>
         <size>0x44</size>
         <input_file_ref idref="fl-d3"/>
      </object_component>
      <object_component id="oc-271">
         <name>.text</name>
         <load_address>0x3cda</load_address>
         <run_address>0x3cda</run_address>
         <size>0x40</size>
         <input_file_ref idref="fl-dc"/>
      </object_component>
      <object_component id="oc-147">
         <name>.text:SysCtlPeripheralReady</name>
         <load_address>0x3d1c</load_address>
         <run_address>0x3d1c</run_address>
         <size>0x38</size>
         <input_file_ref idref="fl-e8"/>
      </object_component>
      <object_component id="oc-131">
         <name>.text</name>
         <load_address>0x3d54</load_address>
         <run_address>0x3d54</run_address>
         <size>0x38</size>
         <input_file_ref idref="fl-d4"/>
      </object_component>
      <object_component id="oc-34b">
         <name>.text:IntRegister</name>
         <load_address>0x3d8c</load_address>
         <run_address>0x3d8c</run_address>
         <size>0x34</size>
         <input_file_ref idref="fl-e7"/>
      </object_component>
      <object_component id="oc-92">
         <name>.text:SysCtlPeripheralEnable</name>
         <load_address>0x3dc0</load_address>
         <run_address>0x3dc0</run_address>
         <size>0x34</size>
         <input_file_ref idref="fl-e8"/>
      </object_component>
      <object_component id="oc-122">
         <name>.text</name>
         <load_address>0x3df4</load_address>
         <run_address>0x3df4</run_address>
         <size>0x2e</size>
         <input_file_ref idref="fl-d5"/>
      </object_component>
      <object_component id="oc-202">
         <name>.text:GPIODirModeSet</name>
         <load_address>0x3e22</load_address>
         <run_address>0x3e22</run_address>
         <size>0x2a</size>
         <input_file_ref idref="fl-e6"/>
      </object_component>
      <object_component id="oc-2b7">
         <name>.text:IntPrioritySet</name>
         <load_address>0x3e4c</load_address>
         <run_address>0x3e4c</run_address>
         <size>0x24</size>
         <input_file_ref idref="fl-e7"/>
      </object_component>
      <object_component id="oc-20d">
         <name>.text:UARTDisable</name>
         <load_address>0x3e70</load_address>
         <run_address>0x3e70</run_address>
         <size>0x20</size>
         <input_file_ref idref="fl-ea"/>
      </object_component>
      <object_component id="oc-10d">
         <name>.text</name>
         <load_address>0x3e90</load_address>
         <run_address>0x3e90</run_address>
         <size>0x20</size>
         <input_file_ref idref="fl-dd"/>
      </object_component>
      <object_component id="oc-14d">
         <name>.text:GPIOPinTypeGPIOOutput</name>
         <load_address>0x3eb0</load_address>
         <run_address>0x3eb0</run_address>
         <size>0x18</size>
         <input_file_ref idref="fl-e6"/>
      </object_component>
      <object_component id="oc-2b1">
         <name>.text:TimerIntRegister</name>
         <load_address>0x3ec8</load_address>
         <run_address>0x3ec8</run_address>
         <size>0x18</size>
         <input_file_ref idref="fl-e9"/>
      </object_component>
      <object_component id="oc-81">
         <name>.text</name>
         <load_address>0x3ee0</load_address>
         <run_address>0x3ee0</run_address>
         <size>0x18</size>
         <input_file_ref idref="fl-df"/>
      </object_component>
      <object_component id="oc-2ab">
         <name>.text:TimerControlEvent</name>
         <load_address>0x3ef8</load_address>
         <run_address>0x3ef8</run_address>
         <size>0x16</size>
         <input_file_ref idref="fl-e9"/>
      </object_component>
      <object_component id="oc-213">
         <name>.text:UARTEnable</name>
         <load_address>0x3f0e</load_address>
         <run_address>0x3f0e</run_address>
         <size>0x14</size>
         <input_file_ref idref="fl-ea"/>
      </object_component>
      <object_component id="oc-2e2">
         <name>.text</name>
         <load_address>0x3f24</load_address>
         <run_address>0x3f24</run_address>
         <size>0x14</size>
         <input_file_ref idref="fl-de"/>
      </object_component>
      <object_component id="oc-36d">
         <name>.text</name>
         <load_address>0x3f38</load_address>
         <run_address>0x3f38</run_address>
         <size>0x14</size>
         <input_file_ref idref="fl-e3"/>
      </object_component>
      <object_component id="oc-153">
         <name>.text:GPIOPinTypeGPIOInput</name>
         <load_address>0x3f4c</load_address>
         <run_address>0x3f4c</run_address>
         <size>0x12</size>
         <input_file_ref idref="fl-e6"/>
      </object_component>
      <object_component id="oc-2a5">
         <name>.text:GPIOPinTypeTimer</name>
         <load_address>0x3f5e</load_address>
         <run_address>0x3f5e</run_address>
         <size>0x12</size>
         <input_file_ref idref="fl-e6"/>
      </object_component>
      <object_component id="oc-9e">
         <name>.text:GPIOPinTypeUART</name>
         <load_address>0x3f70</load_address>
         <run_address>0x3f70</run_address>
         <size>0x12</size>
         <input_file_ref idref="fl-e6"/>
      </object_component>
      <object_component id="oc-1a5">
         <name>.text:FPUEnable</name>
         <load_address>0x3f84</load_address>
         <run_address>0x3f84</run_address>
         <size>0x10</size>
         <input_file_ref idref="fl-e5"/>
      </object_component>
      <object_component id="oc-1ab">
         <name>.text:FPULazyStackingEnable</name>
         <load_address>0x3f94</load_address>
         <run_address>0x3f94</run_address>
         <size>0x10</size>
         <input_file_ref idref="fl-e5"/>
      </object_component>
      <object_component id="oc-17b">
         <name>.text:IntMasterEnable</name>
         <load_address>0x3fa4</load_address>
         <run_address>0x3fa4</run_address>
         <size>0x10</size>
         <input_file_ref idref="fl-e7"/>
      </object_component>
      <object_component id="oc-187">
         <name>.text:TimerEnable</name>
         <load_address>0x3fb4</load_address>
         <run_address>0x3fb4</run_address>
         <size>0xe</size>
         <input_file_ref idref="fl-e9"/>
      </object_component>
      <object_component id="oc-c8">
         <name>.text:UARTCharGetNonBlocking</name>
         <load_address>0x3fc2</load_address>
         <run_address>0x3fc2</run_address>
         <size>0xe</size>
         <input_file_ref idref="fl-ea"/>
      </object_component>
      <object_component id="oc-ce">
         <name>.text:UARTCharsAvail</name>
         <load_address>0x3fd0</load_address>
         <run_address>0x3fd0</run_address>
         <size>0xe</size>
         <input_file_ref idref="fl-ea"/>
      </object_component>
      <object_component id="oc-18">
         <name>.text:decompress:none</name>
         <load_address>0x3fde</load_address>
         <run_address>0x3fde</run_address>
         <size>0xe</size>
         <input_file_ref idref="fl-c7"/>
      </object_component>
      <object_component id="oc-28b">
         <name>.text:CPUcpsie</name>
         <load_address>0x3fec</load_address>
         <run_address>0x3fec</run_address>
         <size>0xc</size>
         <input_file_ref idref="fl-eb"/>
      </object_component>
      <object_component id="oc-1e">
         <name>.text:decompress:ZI</name>
         <load_address>0x3ff8</load_address>
         <run_address>0x3ff8</run_address>
         <size>0xc</size>
         <input_file_ref idref="fl-c8"/>
      </object_component>
      <object_component id="oc-2b">
         <name>.text</name>
         <load_address>0x4004</load_address>
         <run_address>0x4004</run_address>
         <size>0xc</size>
         <input_file_ref idref="fl-8"/>
      </object_component>
      <object_component id="oc-193">
         <name>.text:TimerIntStatus</name>
         <load_address>0x4010</load_address>
         <run_address>0x4010</run_address>
         <size>0xa</size>
         <input_file_ref idref="fl-e9"/>
      </object_component>
      <object_component id="oc-29a">
         <name>.text:TimerValueGet</name>
         <load_address>0x401a</load_address>
         <run_address>0x401a</run_address>
         <size>0xa</size>
         <input_file_ref idref="fl-e9"/>
      </object_component>
      <object_component id="oc-1b2">
         <name>.text:UARTFIFOEnable</name>
         <load_address>0x4024</load_address>
         <run_address>0x4024</run_address>
         <size>0xa</size>
         <input_file_ref idref="fl-ea"/>
      </object_component>
      <object_component id="oc-bc">
         <name>.text:UARTIntStatus</name>
         <load_address>0x402e</load_address>
         <run_address>0x402e</run_address>
         <size>0xa</size>
         <input_file_ref idref="fl-ea"/>
      </object_component>
      <object_component id="oc-181">
         <name>.text:TimerIntEnable</name>
         <load_address>0x4038</load_address>
         <run_address>0x4038</run_address>
         <size>0x8</size>
         <input_file_ref idref="fl-e9"/>
      </object_component>
      <object_component id="oc-b6">
         <name>.text:UARTIntEnable</name>
         <load_address>0x4040</load_address>
         <run_address>0x4040</run_address>
         <size>0x8</size>
         <input_file_ref idref="fl-ea"/>
      </object_component>
      <object_component id="oc-107">
         <name>.text:GPIOPinRead</name>
         <load_address>0x4048</load_address>
         <run_address>0x4048</run_address>
         <size>0x6</size>
         <input_file_ref idref="fl-e6"/>
      </object_component>
      <object_component id="oc-e8">
         <name>.text:GPIOPinWrite</name>
         <load_address>0x404e</load_address>
         <run_address>0x404e</run_address>
         <size>0x6</size>
         <input_file_ref idref="fl-e6"/>
      </object_component>
      <object_component id="oc-16f">
         <name>.text:TimerClockSourceSet</name>
         <load_address>0x4054</load_address>
         <run_address>0x4054</run_address>
         <size>0x6</size>
         <input_file_ref idref="fl-e9"/>
      </object_component>
      <object_component id="oc-13b">
         <name>.text:UARTClockSourceSet</name>
         <load_address>0x405a</load_address>
         <run_address>0x405a</run_address>
         <size>0x6</size>
         <input_file_ref idref="fl-ea"/>
      </object_component>
      <object_component id="oc-1b8">
         <name>.text:UARTFIFOLevelSet</name>
         <load_address>0x4060</load_address>
         <run_address>0x4060</run_address>
         <size>0x6</size>
         <input_file_ref idref="fl-ea"/>
      </object_component>
      <object_component id="oc-199">
         <name>.text:TimerIntClear</name>
         <load_address>0x4066</load_address>
         <run_address>0x4066</run_address>
         <size>0x4</size>
         <input_file_ref idref="fl-e9"/>
      </object_component>
      <object_component id="oc-c2">
         <name>.text:UARTIntClear</name>
         <load_address>0x406a</load_address>
         <run_address>0x406a</run_address>
         <size>0x4</size>
         <input_file_ref idref="fl-ea"/>
      </object_component>
      <object_component id="oc-75">
         <name>.text</name>
         <load_address>0x406e</load_address>
         <run_address>0x406e</run_address>
         <size>0x4</size>
         <input_file_ref idref="fl-d9"/>
      </object_component>
      <object_component id="oc-352">
         <name>.const:g_pui32Regs</name>
         <load_address>0x4078</load_address>
         <run_address>0x4078</run_address>
         <size>0x9c</size>
         <input_file_ref idref="fl-e7"/>
      </object_component>
      <object_component id="oc-1fd">
         <name>.const:g_pui32GPIOBaseAddrs</name>
         <load_address>0x4114</load_address>
         <run_address>0x4114</run_address>
         <size>0x90</size>
         <input_file_ref idref="fl-e6"/>
      </object_component>
      <object_component id="oc-21b">
         <name>.const</name>
         <load_address>0x41a4</load_address>
         <run_address>0x41a4</run_address>
         <size>0x70</size>
         <input_file_ref idref="fl-e7"/>
      </object_component>
      <object_component id="oc-209">
         <name>.const:g_pui32Xtals</name>
         <load_address>0x4214</load_address>
         <run_address>0x4214</run_address>
         <size>0x6c</size>
         <input_file_ref idref="fl-e8"/>
      </object_component>
      <object_component id="oc-37d">
         <name>.const:g_ppui32TimerIntMap</name>
         <load_address>0x4280</load_address>
         <run_address>0x4280</run_address>
         <size>0x60</size>
         <input_file_ref idref="fl-e9"/>
      </object_component>
      <object_component id="oc-380">
         <name>.const:g_ppui32TimerIntMapSnowflake</name>
         <load_address>0x42e0</load_address>
         <run_address>0x42e0</run_address>
         <size>0x40</size>
         <input_file_ref idref="fl-e9"/>
      </object_component>
      <object_component id="oc-30d">
         <name>.const:$O1$$</name>
         <load_address>0x4320</load_address>
         <run_address>0x4320</run_address>
         <size>0x30</size>
         <input_file_ref idref="fl-c9"/>
      </object_component>
      <object_component id="oc-337">
         <name>.const:.string</name>
         <load_address>0x4350</load_address>
         <run_address>0x4350</run_address>
         <size>0x12</size>
         <input_file_ref idref="fl-9"/>
      </object_component>
      <object_component id="oc-26e">
         <name>.const:g_ui32UARTBase</name>
         <load_address>0x4364</load_address>
         <run_address>0x4364</run_address>
         <size>0xc</size>
         <input_file_ref idref="fl-9"/>
      </object_component>
      <object_component id="oc-268">
         <name>.const:g_ui32UARTPeriph</name>
         <load_address>0x4370</load_address>
         <run_address>0x4370</run_address>
         <size>0xc</size>
         <input_file_ref idref="fl-9"/>
      </object_component>
      <object_component id="oc-276">
         <name>.const</name>
         <load_address>0x437c</load_address>
         <run_address>0x437c</run_address>
         <size>0x4</size>
         <input_file_ref idref="fl-9"/>
      </object_component>
      <object_component id="oc-3b7">
         <name>.cinit..data.load</name>
         <load_address>0x4380</load_address>
         <run_address>0x4380</run_address>
         <size>0x27</size>
      </object_component>
      <object_component id="oc-3b4">
         <name>__TI_handler_table</name>
         <load_address>0x43a8</load_address>
         <run_address>0x43a8</run_address>
         <size>0xc</size>
      </object_component>
      <object_component id="oc-3b8">
         <name>.cinit..bss.load</name>
         <load_address>0x43b8</load_address>
         <run_address>0x43b8</run_address>
         <size>0x8</size>
      </object_component>
      <object_component id="oc-3b6">
         <name>.cinit..vtable.load</name>
         <load_address>0x43c0</load_address>
         <run_address>0x43c0</run_address>
         <size>0x8</size>
      </object_component>
      <object_component id="oc-3b5">
         <name>__TI_cinit_table</name>
         <load_address>0x43c8</load_address>
         <run_address>0x43c8</run_address>
         <size>0x18</size>
      </object_component>
      <object_component id="oc-384">
         <name>.vtable</name>
         <uninitialized>true</uninitialized>
         <run_address>0x20000000</run_address>
         <size>0x26c</size>
         <input_file_ref idref="fl-e7"/>
      </object_component>
      <object_component id="oc-1a2">
         <name>.data</name>
         <load_address>0x200009d4</load_address>
         <run_address>0x200009d4</run_address>
         <size>0x10</size>
         <input_file_ref idref="fl-4"/>
      </object_component>
      <object_component id="oc-15f">
         <name>.data</name>
         <load_address>0x20000a08</load_address>
         <run_address>0x20000a08</run_address>
         <size>0x6</size>
         <input_file_ref idref="fl-5"/>
      </object_component>
      <object_component id="oc-1be">
         <name>.data:Rx_Buffer_attitude</name>
         <load_address>0x20000984</load_address>
         <run_address>0x20000984</run_address>
         <size>0x28</size>
         <input_file_ref idref="fl-5"/>
      </object_component>
      <object_component id="oc-1c2">
         <name>.data:Rx_Buffer_height</name>
         <load_address>0x200009ac</load_address>
         <run_address>0x200009ac</run_address>
         <size>0x14</size>
         <input_file_ref idref="fl-5"/>
      </object_component>
      <object_component id="oc-ee">
         <name>.data</name>
         <load_address>0x20000a10</load_address>
         <run_address>0x20000a10</run_address>
         <size>0x5</size>
         <input_file_ref idref="fl-6"/>
      </object_component>
      <object_component id="oc-d4">
         <name>.data</name>
         <load_address>0x200009f8</load_address>
         <run_address>0x200009f8</run_address>
         <size>0x8</size>
         <input_file_ref idref="fl-7"/>
      </object_component>
      <object_component id="oc-26b">
         <name>.data</name>
         <load_address>0x20000a18</load_address>
         <run_address>0x20000a18</run_address>
         <size>0x5</size>
         <input_file_ref idref="fl-9"/>
      </object_component>
      <object_component id="oc-18d">
         <name>.data</name>
         <load_address>0x200009c0</load_address>
         <run_address>0x200009c0</run_address>
         <size>0x14</size>
         <input_file_ref idref="fl-a"/>
      </object_component>
      <object_component id="oc-2bd">
         <name>.data:ui32Time$2</name>
         <load_address>0x20000a00</load_address>
         <run_address>0x20000a00</run_address>
         <size>0x8</size>
         <input_file_ref idref="fl-a"/>
      </object_component>
      <object_component id="oc-30a">
         <name>.data</name>
         <load_address>0x20000a20</load_address>
         <run_address>0x20000a20</run_address>
         <size>0x4</size>
         <input_file_ref idref="fl-cb"/>
      </object_component>
      <object_component id="oc-1f0">
         <name>.data:$O1$$</name>
         <load_address>0x200009e4</load_address>
         <run_address>0x200009e4</run_address>
         <size>0xc</size>
         <input_file_ref idref="fl-cc"/>
      </object_component>
      <object_component id="oc-8d">
         <name>.data</name>
         <load_address>0x20000a24</load_address>
         <run_address>0x20000a24</run_address>
         <size>0x4</size>
         <input_file_ref idref="fl-db"/>
      </object_component>
      <object_component id="oc-1f3">
         <name>.data:$O1$$</name>
         <load_address>0x200009f0</load_address>
         <run_address>0x200009f0</run_address>
         <size>0x8</size>
         <input_file_ref idref="fl-de"/>
      </object_component>
      <object_component id="oc-f1">
         <name>.bss:ppm_data_buf</name>
         <uninitialized>true</uninitialized>
         <run_address>0x200006fc</run_address>
         <size>0x24</size>
         <input_file_ref idref="fl-6"/>
      </object_component>
      <object_component id="oc-f4">
         <name>.bss</name>
         <uninitialized>true</uninitialized>
         <run_address>0x20000744</run_address>
         <size>0xc</size>
         <input_file_ref idref="fl-6"/>
      </object_component>
      <object_component id="oc-f7">
         <name>.bss:ppm_data_shadow</name>
         <uninitialized>true</uninitialized>
         <run_address>0x20000720</run_address>
         <size>0x12</size>
         <input_file_ref idref="fl-6"/>
      </object_component>
      <object_component id="oc-12d">
         <name>.common:x_hat</name>
         <uninitialized>true</uninitialized>
         <run_address>0x20000774</run_address>
         <size>0x4</size>
      </object_component>
      <object_component id="oc-130">
         <name>.common:y_hat</name>
         <uninitialized>true</uninitialized>
         <run_address>0x20000778</run_address>
         <size>0x4</size>
      </object_component>
      <object_component id="oc-121">
         <name>.common:ppm_data</name>
         <uninitialized>true</uninitialized>
         <run_address>0x20000732</run_address>
         <size>0x12</size>
      </object_component>
      <object_component id="oc-11c">
         <name>.common:altitude_controler</name>
         <uninitialized>true</uninitialized>
         <run_address>0x200006d0</run_address>
         <size>0x2c</size>
      </object_component>
      <object_component id="oc-12c">
         <name>.common:position_controler</name>
         <uninitialized>true</uninitialized>
         <run_address>0x200005a0</run_address>
         <size>0x68</size>
      </object_component>
      <object_component id="oc-11f">
         <name>.common:altitude_ewa</name>
         <uninitialized>true</uninitialized>
         <run_address>0x200006a0</run_address>
         <size>0x30</size>
      </object_component>
      <object_component id="oc-120">
         <name>.common:altitude_ma</name>
         <uninitialized>true</uninitialized>
         <run_address>0x20000270</run_address>
         <size>0x330</size>
      </object_component>
      <object_component id="oc-1c1">
         <name>.common:rx_buffer</name>
         <uninitialized>true</uninitialized>
         <run_address>0x20000783</run_address>
         <size>0x1</size>
      </object_component>
      <object_component id="oc-16a">
         <name>.common:int_pitch</name>
         <uninitialized>true</uninitialized>
         <run_address>0x2000075c</run_address>
         <size>0x4</size>
      </object_component>
      <object_component id="oc-16b">
         <name>.common:int_roll</name>
         <uninitialized>true</uninitialized>
         <run_address>0x20000760</run_address>
         <size>0x4</size>
      </object_component>
      <object_component id="oc-169">
         <name>.common:int_yaw</name>
         <uninitialized>true</uninitialized>
         <run_address>0x20000764</run_address>
         <size>0x4</size>
      </object_component>
      <object_component id="oc-16e">
         <name>.common:int_mavlink_height</name>
         <uninitialized>true</uninitialized>
         <run_address>0x20000758</run_address>
         <size>0x4</size>
      </object_component>
      <object_component id="oc-162">
         <name>.common:pitch</name>
         <uninitialized>true</uninitialized>
         <run_address>0x2000076c</run_address>
         <size>0x4</size>
      </object_component>
      <object_component id="oc-167">
         <name>.common:roll</name>
         <uninitialized>true</uninitialized>
         <run_address>0x20000770</run_address>
         <size>0x4</size>
      </object_component>
      <object_component id="oc-168">
         <name>.common:yaw</name>
         <uninitialized>true</uninitialized>
         <run_address>0x2000077c</run_address>
         <size>0x4</size>
      </object_component>
      <object_component id="oc-16c">
         <name>.common:mavlink_height</name>
         <uninitialized>true</uninitialized>
         <run_address>0x20000768</run_address>
         <size>0x4</size>
      </object_component>
      <object_component id="oc-166">
         <name>.common:payload_buf_index</name>
         <uninitialized>true</uninitialized>
         <run_address>0x20000782</run_address>
         <size>0x1</size>
      </object_component>
      <object_component id="oc-165">
         <name>.common:Source_attitude_payload</name>
         <uninitialized>true</uninitialized>
         <run_address>0x20000670</run_address>
         <size>0x30</size>
      </object_component>
      <object_component id="oc-16d">
         <name>.common:Source_Rangefinder_payload</name>
         <uninitialized>true</uninitialized>
         <run_address>0x20000750</run_address>
         <size>0x8</size>
      </object_component>
      <object_component id="oc-d7">
         <name>.common:UART1_Rx_Buffers</name>
         <uninitialized>true</uninitialized>
         <run_address>0x20000608</run_address>
         <size>0x34</size>
      </object_component>
      <object_component id="oc-db">
         <name>.common:UART1_Rx_Len</name>
         <uninitialized>true</uninitialized>
         <run_address>0x20000780</run_address>
         <size>0x1</size>
      </object_component>
      <object_component id="oc-da">
         <name>.common:UART1_Sender_Address</name>
         <uninitialized>true</uninitialized>
         <run_address>0x20000781</run_address>
         <size>0x1</size>
      </object_component>
      <object_component id="oc-dc">
         <name>.common:UART1_Rx_Data</name>
         <uninitialized>true</uninitialized>
         <run_address>0x2000063c</run_address>
         <size>0x34</size>
      </object_component>
      <object_component id="oc-2a">
         <name>.stack</name>
         <uninitialized>true</uninitialized>
         <run_address>0x20000784</run_address>
         <size>0x0</size>
         <input_file_ref idref="fl-c5"/>
      </object_component>
      <object_component id="oc-3b9">
         <name>.stack</name>
         <uninitialized>true</uninitialized>
         <run_address>0x20000784</run_address>
         <size>0x0</size>
      </object_component>
      <object_component id="oc-12e">
         <name>.debug_info</name>
         <load_address>0x0</load_address>
         <run_address>0x0</run_address>
         <size>0x3c7</size>
         <input_file_ref idref="fl-2"/>
      </object_component>
      <object_component id="oc-229">
         <name>.debug_info</name>
         <load_address>0x3c7</load_address>
         <run_address>0x3c7</run_address>
         <size>0x196</size>
         <input_file_ref idref="fl-2"/>
      </object_component>
      <object_component id="oc-de">
         <name>.debug_info</name>
         <load_address>0x55d</load_address>
         <run_address>0x55d</run_address>
         <size>0x8b</size>
         <input_file_ref idref="fl-2"/>
      </object_component>
      <object_component id="oc-e3">
         <name>.debug_info</name>
         <load_address>0x5e8</load_address>
         <run_address>0x5e8</run_address>
         <size>0x18b</size>
         <input_file_ref idref="fl-2"/>
      </object_component>
      <object_component id="oc-27b">
         <name>.debug_info</name>
         <load_address>0x773</load_address>
         <run_address>0x773</run_address>
         <size>0x4e</size>
         <input_file_ref idref="fl-2"/>
      </object_component>
      <object_component id="oc-24a">
         <name>.debug_info</name>
         <load_address>0x7c1</load_address>
         <run_address>0x7c1</run_address>
         <size>0x16b</size>
         <input_file_ref idref="fl-3"/>
      </object_component>
      <object_component id="oc-fd">
         <name>.debug_info</name>
         <load_address>0x92c</load_address>
         <run_address>0x92c</run_address>
         <size>0x44e</size>
         <input_file_ref idref="fl-3"/>
      </object_component>
      <object_component id="oc-252">
         <name>.debug_info</name>
         <load_address>0xd7a</load_address>
         <run_address>0xd7a</run_address>
         <size>0x117</size>
         <input_file_ref idref="fl-3"/>
      </object_component>
      <object_component id="oc-11d">
         <name>.debug_info</name>
         <load_address>0xe91</load_address>
         <run_address>0xe91</run_address>
         <size>0xb4a</size>
         <input_file_ref idref="fl-4"/>
      </object_component>
      <object_component id="oc-1a3">
         <name>.debug_info</name>
         <load_address>0x19db</load_address>
         <run_address>0x19db</run_address>
         <size>0xd2</size>
         <input_file_ref idref="fl-4"/>
      </object_component>
      <object_component id="oc-3e">
         <name>.debug_info</name>
         <load_address>0x1aad</load_address>
         <run_address>0x1aad</run_address>
         <size>0x1675</size>
         <input_file_ref idref="fl-4"/>
      </object_component>
      <object_component id="oc-23c">
         <name>.debug_info</name>
         <load_address>0x3122</load_address>
         <run_address>0x3122</run_address>
         <size>0x5e</size>
         <input_file_ref idref="fl-4"/>
      </object_component>
      <object_component id="oc-25c">
         <name>.debug_info</name>
         <load_address>0x3180</load_address>
         <run_address>0x3180</run_address>
         <size>0x2cd</size>
         <input_file_ref idref="fl-4"/>
      </object_component>
      <object_component id="oc-257">
         <name>.debug_info</name>
         <load_address>0x344d</load_address>
         <run_address>0x344d</run_address>
         <size>0xf5</size>
         <input_file_ref idref="fl-4"/>
      </object_component>
      <object_component id="oc-163">
         <name>.debug_info</name>
         <load_address>0x3542</load_address>
         <run_address>0x3542</run_address>
         <size>0x5c8</size>
         <input_file_ref idref="fl-5"/>
      </object_component>
      <object_component id="oc-160">
         <name>.debug_info</name>
         <load_address>0x3b0a</load_address>
         <run_address>0x3b0a</run_address>
         <size>0x166</size>
         <input_file_ref idref="fl-5"/>
      </object_component>
      <object_component id="oc-1bf">
         <name>.debug_info</name>
         <load_address>0x3c70</load_address>
         <run_address>0x3c70</run_address>
         <size>0xd3</size>
         <input_file_ref idref="fl-5"/>
      </object_component>
      <object_component id="oc-1c3">
         <name>.debug_info</name>
         <load_address>0x3d43</load_address>
         <run_address>0x3d43</run_address>
         <size>0xcf</size>
         <input_file_ref idref="fl-5"/>
      </object_component>
      <object_component id="oc-44">
         <name>.debug_info</name>
         <load_address>0x3e12</load_address>
         <run_address>0x3e12</run_address>
         <size>0x690</size>
         <input_file_ref idref="fl-5"/>
      </object_component>
      <object_component id="oc-1d7">
         <name>.debug_info</name>
         <load_address>0x44a2</load_address>
         <run_address>0x44a2</run_address>
         <size>0x2c</size>
         <input_file_ref idref="fl-5"/>
      </object_component>
      <object_component id="oc-fb">
         <name>.debug_info</name>
         <load_address>0x44ce</load_address>
         <run_address>0x44ce</run_address>
         <size>0x12d</size>
         <input_file_ref idref="fl-6"/>
      </object_component>
      <object_component id="oc-ef">
         <name>.debug_info</name>
         <load_address>0x45fb</load_address>
         <run_address>0x45fb</run_address>
         <size>0xe8</size>
         <input_file_ref idref="fl-6"/>
      </object_component>
      <object_component id="oc-f2">
         <name>.debug_info</name>
         <load_address>0x46e3</load_address>
         <run_address>0x46e3</run_address>
         <size>0xc2</size>
         <input_file_ref idref="fl-6"/>
      </object_component>
      <object_component id="oc-f5">
         <name>.debug_info</name>
         <load_address>0x47a5</load_address>
         <run_address>0x47a5</run_address>
         <size>0x130</size>
         <input_file_ref idref="fl-6"/>
      </object_component>
      <object_component id="oc-f8">
         <name>.debug_info</name>
         <load_address>0x48d5</load_address>
         <run_address>0x48d5</run_address>
         <size>0xc8</size>
         <input_file_ref idref="fl-6"/>
      </object_component>
      <object_component id="oc-38">
         <name>.debug_info</name>
         <load_address>0x499d</load_address>
         <run_address>0x499d</run_address>
         <size>0xa91</size>
         <input_file_ref idref="fl-6"/>
      </object_component>
      <object_component id="oc-235">
         <name>.debug_info</name>
         <load_address>0x542e</load_address>
         <run_address>0x542e</run_address>
         <size>0x63</size>
         <input_file_ref idref="fl-6"/>
      </object_component>
      <object_component id="oc-d8">
         <name>.debug_info</name>
         <load_address>0x5491</load_address>
         <run_address>0x5491</run_address>
         <size>0x424</size>
         <input_file_ref idref="fl-7"/>
      </object_component>
      <object_component id="oc-d5">
         <name>.debug_info</name>
         <load_address>0x58b5</load_address>
         <run_address>0x58b5</run_address>
         <size>0xd3</size>
         <input_file_ref idref="fl-7"/>
      </object_component>
      <object_component id="oc-32">
         <name>.debug_info</name>
         <load_address>0x5988</load_address>
         <run_address>0x5988</run_address>
         <size>0x341</size>
         <input_file_ref idref="fl-7"/>
      </object_component>
      <object_component id="oc-4b">
         <name>.debug_info</name>
         <load_address>0x5cc9</load_address>
         <run_address>0x5cc9</run_address>
         <size>0x18d</size>
         <input_file_ref idref="fl-8"/>
      </object_component>
      <object_component id="oc-10">
         <name>.debug_info</name>
         <load_address>0x5e56</load_address>
         <run_address>0x5e56</run_address>
         <size>0xd8</size>
         <input_file_ref idref="fl-8"/>
      </object_component>
      <object_component id="oc-2c">
         <name>.debug_info</name>
         <load_address>0x5f2e</load_address>
         <run_address>0x5f2e</run_address>
         <size>0x254</size>
         <input_file_ref idref="fl-8"/>
      </object_component>
      <object_component id="oc-52">
         <name>.debug_info</name>
         <load_address>0x6182</load_address>
         <run_address>0x6182</run_address>
         <size>0x84</size>
         <input_file_ref idref="fl-8"/>
      </object_component>
      <object_component id="oc-27a">
         <name>.debug_info</name>
         <load_address>0x6206</load_address>
         <run_address>0x6206</run_address>
         <size>0xec</size>
         <input_file_ref idref="fl-9"/>
      </object_component>
      <object_component id="oc-26c">
         <name>.debug_info</name>
         <load_address>0x62f2</load_address>
         <run_address>0x62f2</run_address>
         <size>0xd3</size>
         <input_file_ref idref="fl-9"/>
      </object_component>
      <object_component id="oc-277">
         <name>.debug_info</name>
         <load_address>0x63c5</load_address>
         <run_address>0x63c5</run_address>
         <size>0xcd</size>
         <input_file_ref idref="fl-9"/>
      </object_component>
      <object_component id="oc-26f">
         <name>.debug_info</name>
         <load_address>0x6492</load_address>
         <run_address>0x6492</run_address>
         <size>0xdb</size>
         <input_file_ref idref="fl-9"/>
      </object_component>
      <object_component id="oc-269">
         <name>.debug_info</name>
         <load_address>0x656d</load_address>
         <run_address>0x656d</run_address>
         <size>0xdf</size>
         <input_file_ref idref="fl-9"/>
      </object_component>
      <object_component id="oc-142">
         <name>.debug_info</name>
         <load_address>0x664c</load_address>
         <run_address>0x664c</run_address>
         <size>0x7af</size>
         <input_file_ref idref="fl-9"/>
      </object_component>
      <object_component id="oc-295">
         <name>.debug_info</name>
         <load_address>0x6dfb</load_address>
         <run_address>0x6dfb</run_address>
         <size>0x44f</size>
         <input_file_ref idref="fl-a"/>
      </object_component>
      <object_component id="oc-191">
         <name>.debug_info</name>
         <load_address>0x724a</load_address>
         <run_address>0x724a</run_address>
         <size>0x19a</size>
         <input_file_ref idref="fl-a"/>
      </object_component>
      <object_component id="oc-18e">
         <name>.debug_info</name>
         <load_address>0x73e4</load_address>
         <run_address>0x73e4</run_address>
         <size>0x540</size>
         <input_file_ref idref="fl-a"/>
      </object_component>
      <object_component id="oc-26">
         <name>.debug_info</name>
         <load_address>0x7924</load_address>
         <run_address>0x7924</run_address>
         <size>0x160</size>
         <input_file_ref idref="fl-c5"/>
      </object_component>
      <object_component id="oc-1cd">
         <name>.debug_info</name>
         <load_address>0x7a84</load_address>
         <run_address>0x7a84</run_address>
         <size>0xf9</size>
         <input_file_ref idref="fl-c6"/>
      </object_component>
      <object_component id="oc-13">
         <name>.debug_info</name>
         <load_address>0x7b7d</load_address>
         <run_address>0x7b7d</run_address>
         <size>0x245</size>
         <input_file_ref idref="fl-c6"/>
      </object_component>
      <object_component id="oc-4d">
         <name>.debug_info</name>
         <load_address>0x7dc2</load_address>
         <run_address>0x7dc2</run_address>
         <size>0x60</size>
         <input_file_ref idref="fl-c6"/>
      </object_component>
      <object_component id="oc-1c8">
         <name>.debug_info</name>
         <load_address>0x7e22</load_address>
         <run_address>0x7e22</run_address>
         <size>0x46</size>
         <input_file_ref idref="fl-c6"/>
      </object_component>
      <object_component id="oc-62">
         <name>.debug_info</name>
         <load_address>0x7e68</load_address>
         <run_address>0x7e68</run_address>
         <size>0x140</size>
         <input_file_ref idref="fl-c7"/>
      </object_component>
      <object_component id="oc-1b">
         <name>.debug_info</name>
         <load_address>0x7fa8</load_address>
         <run_address>0x7fa8</run_address>
         <size>0x1df</size>
         <input_file_ref idref="fl-c7"/>
      </object_component>
      <object_component id="oc-5d">
         <name>.debug_info</name>
         <load_address>0x8187</load_address>
         <run_address>0x8187</run_address>
         <size>0x46</size>
         <input_file_ref idref="fl-c7"/>
      </object_component>
      <object_component id="oc-1cf">
         <name>.debug_info</name>
         <load_address>0x81cd</load_address>
         <run_address>0x81cd</run_address>
         <size>0x2c</size>
         <input_file_ref idref="fl-c7"/>
      </object_component>
      <object_component id="oc-6e">
         <name>.debug_info</name>
         <load_address>0x81f9</load_address>
         <run_address>0x81f9</run_address>
         <size>0x12f</size>
         <input_file_ref idref="fl-c8"/>
      </object_component>
      <object_component id="oc-20">
         <name>.debug_info</name>
         <load_address>0x8328</load_address>
         <run_address>0x8328</run_address>
         <size>0x1aa</size>
         <input_file_ref idref="fl-c8"/>
      </object_component>
      <object_component id="oc-69">
         <name>.debug_info</name>
         <load_address>0x84d2</load_address>
         <run_address>0x84d2</run_address>
         <size>0x46</size>
         <input_file_ref idref="fl-c8"/>
      </object_component>
      <object_component id="oc-326">
         <name>.debug_info</name>
         <load_address>0x8518</load_address>
         <run_address>0x8518</run_address>
         <size>0x201</size>
         <input_file_ref idref="fl-c9"/>
      </object_component>
      <object_component id="oc-30e">
         <name>.debug_info</name>
         <load_address>0x8719</load_address>
         <run_address>0x8719</run_address>
         <size>0x11d</size>
         <input_file_ref idref="fl-c9"/>
      </object_component>
      <object_component id="oc-247">
         <name>.debug_info</name>
         <load_address>0x8836</load_address>
         <run_address>0x8836</run_address>
         <size>0xb75</size>
         <input_file_ref idref="fl-c9"/>
      </object_component>
      <object_component id="oc-321">
         <name>.debug_info</name>
         <load_address>0x93ab</load_address>
         <run_address>0x93ab</run_address>
         <size>0x39</size>
         <input_file_ref idref="fl-c9"/>
      </object_component>
      <object_component id="oc-366">
         <name>.debug_info</name>
         <load_address>0x93e4</load_address>
         <run_address>0x93e4</run_address>
         <size>0x149</size>
         <input_file_ref idref="fl-ca"/>
      </object_component>
      <object_component id="oc-305">
         <name>.debug_info</name>
         <load_address>0x952d</load_address>
         <run_address>0x952d</run_address>
         <size>0x240</size>
         <input_file_ref idref="fl-ca"/>
      </object_component>
      <object_component id="oc-30b">
         <name>.debug_info</name>
         <load_address>0x976d</load_address>
         <run_address>0x976d</run_address>
         <size>0xf3</size>
         <input_file_ref idref="fl-cb"/>
      </object_component>
      <object_component id="oc-1f7">
         <name>.debug_info</name>
         <load_address>0x9860</load_address>
         <run_address>0x9860</run_address>
         <size>0x234</size>
         <input_file_ref idref="fl-cc"/>
      </object_component>
      <object_component id="oc-1f1">
         <name>.debug_info</name>
         <load_address>0x9a94</load_address>
         <run_address>0x9a94</run_address>
         <size>0x185</size>
         <input_file_ref idref="fl-cc"/>
      </object_component>
      <object_component id="oc-8b">
         <name>.debug_info</name>
         <load_address>0x9c19</load_address>
         <run_address>0x9c19</run_address>
         <size>0x214</size>
         <input_file_ref idref="fl-cc"/>
      </object_component>
      <object_component id="oc-129">
         <name>.debug_info</name>
         <load_address>0x9e2d</load_address>
         <run_address>0x9e2d</run_address>
         <size>0x144</size>
         <input_file_ref idref="fl-cd"/>
      </object_component>
      <object_component id="oc-311">
         <name>.debug_info</name>
         <load_address>0x9f71</load_address>
         <run_address>0x9f71</run_address>
         <size>0x120</size>
         <input_file_ref idref="fl-ce"/>
      </object_component>
      <object_component id="oc-317">
         <name>.debug_info</name>
         <load_address>0xa091</load_address>
         <run_address>0xa091</run_address>
         <size>0x122</size>
         <input_file_ref idref="fl-ce"/>
      </object_component>
      <object_component id="oc-118">
         <name>.debug_info</name>
         <load_address>0xa1b3</load_address>
         <run_address>0xa1b3</run_address>
         <size>0x132</size>
         <input_file_ref idref="fl-cf"/>
      </object_component>
      <object_component id="oc-115">
         <name>.debug_info</name>
         <load_address>0xa2e5</load_address>
         <run_address>0xa2e5</run_address>
         <size>0x132</size>
         <input_file_ref idref="fl-d0"/>
      </object_component>
      <object_component id="oc-105">
         <name>.debug_info</name>
         <load_address>0xa417</load_address>
         <run_address>0xa417</run_address>
         <size>0x126</size>
         <input_file_ref idref="fl-d1"/>
      </object_component>
      <object_component id="oc-137">
         <name>.debug_info</name>
         <load_address>0xa53d</load_address>
         <run_address>0xa53d</run_address>
         <size>0x136</size>
         <input_file_ref idref="fl-d2"/>
      </object_component>
      <object_component id="oc-2a2">
         <name>.debug_info</name>
         <load_address>0xa673</load_address>
         <run_address>0xa673</run_address>
         <size>0x131</size>
         <input_file_ref idref="fl-d3"/>
      </object_component>
      <object_component id="oc-132">
         <name>.debug_info</name>
         <load_address>0xa7a4</load_address>
         <run_address>0xa7a4</run_address>
         <size>0x124</size>
         <input_file_ref idref="fl-d4"/>
      </object_component>
      <object_component id="oc-124">
         <name>.debug_info</name>
         <load_address>0xa8c8</load_address>
         <run_address>0xa8c8</run_address>
         <size>0x124</size>
         <input_file_ref idref="fl-d5"/>
      </object_component>
      <object_component id="oc-5a">
         <name>.debug_info</name>
         <load_address>0xa9ec</load_address>
         <run_address>0xa9ec</run_address>
         <size>0x111</size>
         <input_file_ref idref="fl-d6"/>
      </object_component>
      <object_component id="oc-65">
         <name>.debug_info</name>
         <load_address>0xaafd</load_address>
         <run_address>0xaafd</run_address>
         <size>0x13f</size>
         <input_file_ref idref="fl-d7"/>
      </object_component>
      <object_component id="oc-70">
         <name>.debug_info</name>
         <load_address>0xac3c</load_address>
         <run_address>0xac3c</run_address>
         <size>0x138</size>
         <input_file_ref idref="fl-d8"/>
      </object_component>
      <object_component id="oc-76">
         <name>.debug_info</name>
         <load_address>0xad74</load_address>
         <run_address>0xad74</run_address>
         <size>0x148</size>
         <input_file_ref idref="fl-d9"/>
      </object_component>
      <object_component id="oc-374">
         <name>.debug_info</name>
         <load_address>0xaebc</load_address>
         <run_address>0xaebc</run_address>
         <size>0x17c</size>
         <input_file_ref idref="fl-da"/>
      </object_component>
      <object_component id="oc-31d">
         <name>.debug_info</name>
         <load_address>0xb038</load_address>
         <run_address>0xb038</run_address>
         <size>0x1d5</size>
         <input_file_ref idref="fl-da"/>
      </object_component>
      <object_component id="oc-375">
         <name>.debug_info</name>
         <load_address>0xb20d</load_address>
         <run_address>0xb20d</run_address>
         <size>0x2c</size>
         <input_file_ref idref="fl-da"/>
      </object_component>
      <object_component id="oc-8e">
         <name>.debug_info</name>
         <load_address>0xb239</load_address>
         <run_address>0xb239</run_address>
         <size>0x109</size>
         <input_file_ref idref="fl-db"/>
      </object_component>
      <object_component id="oc-273">
         <name>.debug_info</name>
         <load_address>0xb342</load_address>
         <run_address>0xb342</run_address>
         <size>0x13a</size>
         <input_file_ref idref="fl-dc"/>
      </object_component>
      <object_component id="oc-10e">
         <name>.debug_info</name>
         <load_address>0xb47c</load_address>
         <run_address>0xb47c</run_address>
         <size>0x126</size>
         <input_file_ref idref="fl-dd"/>
      </object_component>
      <object_component id="oc-2ea">
         <name>.debug_info</name>
         <load_address>0xb5a2</load_address>
         <run_address>0xb5a2</run_address>
         <size>0x124</size>
         <input_file_ref idref="fl-de"/>
      </object_component>
      <object_component id="oc-1f4">
         <name>.debug_info</name>
         <load_address>0xb6c6</load_address>
         <run_address>0xb6c6</run_address>
         <size>0x113</size>
         <input_file_ref idref="fl-de"/>
      </object_component>
      <object_component id="oc-2e4">
         <name>.debug_info</name>
         <load_address>0xb7d9</load_address>
         <run_address>0xb7d9</run_address>
         <size>0x21f</size>
         <input_file_ref idref="fl-de"/>
      </object_component>
      <object_component id="oc-1ef">
         <name>.debug_info</name>
         <load_address>0xb9f8</load_address>
         <run_address>0xb9f8</run_address>
         <size>0x166</size>
         <input_file_ref idref="fl-df"/>
      </object_component>
      <object_component id="oc-85">
         <name>.debug_info</name>
         <load_address>0xbb5e</load_address>
         <run_address>0xbb5e</run_address>
         <size>0x167</size>
         <input_file_ref idref="fl-df"/>
      </object_component>
      <object_component id="oc-2db">
         <name>.debug_info</name>
         <load_address>0xbcc5</load_address>
         <run_address>0xbcc5</run_address>
         <size>0x5e</size>
         <input_file_ref idref="fl-df"/>
      </object_component>
      <object_component id="oc-1ed">
         <name>.debug_info</name>
         <load_address>0xbd23</load_address>
         <run_address>0xbd23</run_address>
         <size>0x2e9</size>
         <input_file_ref idref="fl-e0"/>
      </object_component>
      <object_component id="oc-7f">
         <name>.debug_info</name>
         <load_address>0xc00c</load_address>
         <run_address>0xc00c</run_address>
         <size>0x190</size>
         <input_file_ref idref="fl-e0"/>
      </object_component>
      <object_component id="oc-2cf">
         <name>.debug_info</name>
         <load_address>0xc19c</load_address>
         <run_address>0xc19c</run_address>
         <size>0x39</size>
         <input_file_ref idref="fl-e0"/>
      </object_component>
      <object_component id="oc-35d">
         <name>.debug_info</name>
         <load_address>0xc1d5</load_address>
         <run_address>0xc1d5</run_address>
         <size>0x39</size>
         <input_file_ref idref="fl-e0"/>
      </object_component>
      <object_component id="oc-2d4">
         <name>.debug_info</name>
         <load_address>0xc20e</load_address>
         <run_address>0xc20e</run_address>
         <size>0xcd</size>
         <input_file_ref idref="fl-e0"/>
      </object_component>
      <object_component id="oc-2cb">
         <name>.debug_info</name>
         <load_address>0xc2db</load_address>
         <run_address>0xc2db</run_address>
         <size>0x1e0</size>
         <input_file_ref idref="fl-e1"/>
      </object_component>
      <object_component id="oc-1e2">
         <name>.debug_info</name>
         <load_address>0xc4bb</load_address>
         <run_address>0xc4bb</run_address>
         <size>0x183</size>
         <input_file_ref idref="fl-e1"/>
      </object_component>
      <object_component id="oc-358">
         <name>.debug_info</name>
         <load_address>0xc63e</load_address>
         <run_address>0xc63e</run_address>
         <size>0x2c</size>
         <input_file_ref idref="fl-e1"/>
      </object_component>
      <object_component id="oc-332">
         <name>.debug_info</name>
         <load_address>0xc66a</load_address>
         <run_address>0xc66a</run_address>
         <size>0x147</size>
         <input_file_ref idref="fl-e2"/>
      </object_component>
      <object_component id="oc-36e">
         <name>.debug_info</name>
         <load_address>0xc7b1</load_address>
         <run_address>0xc7b1</run_address>
         <size>0x156</size>
         <input_file_ref idref="fl-e3"/>
      </object_component>
      <object_component id="oc-1e7">
         <name>.debug_info</name>
         <load_address>0xc907</load_address>
         <run_address>0xc907</run_address>
         <size>0x145</size>
         <input_file_ref idref="fl-e4"/>
      </object_component>
      <object_component id="oc-1ac">
         <name>.debug_info</name>
         <load_address>0xca4c</load_address>
         <run_address>0xca4c</run_address>
         <size>0x225</size>
         <input_file_ref idref="fl-e5"/>
      </object_component>
      <object_component id="oc-1a6">
         <name>.debug_info</name>
         <load_address>0xcc71</load_address>
         <run_address>0xcc71</run_address>
         <size>0x20d</size>
         <input_file_ref idref="fl-e5"/>
      </object_component>
      <object_component id="oc-201">
         <name>.debug_info</name>
         <load_address>0xce7e</load_address>
         <run_address>0xce7e</run_address>
         <size>0x240</size>
         <input_file_ref idref="fl-e6"/>
      </object_component>
      <object_component id="oc-1fe">
         <name>.debug_info</name>
         <load_address>0xd0be</load_address>
         <run_address>0xd0be</run_address>
         <size>0x15b</size>
         <input_file_ref idref="fl-e6"/>
      </object_component>
      <object_component id="oc-eb">
         <name>.debug_info</name>
         <load_address>0xd219</load_address>
         <run_address>0xd219</run_address>
         <size>0x2a3</size>
         <input_file_ref idref="fl-e6"/>
      </object_component>
      <object_component id="oc-205">
         <name>.debug_info</name>
         <load_address>0xd4bc</load_address>
         <run_address>0xd4bc</run_address>
         <size>0x2b3</size>
         <input_file_ref idref="fl-e6"/>
      </object_component>
      <object_component id="oc-15c">
         <name>.debug_info</name>
         <load_address>0xd76f</load_address>
         <run_address>0xd76f</run_address>
         <size>0x316</size>
         <input_file_ref idref="fl-e6"/>
      </object_component>
      <object_component id="oc-a1">
         <name>.debug_info</name>
         <load_address>0xda85</load_address>
         <run_address>0xda85</run_address>
         <size>0x27b</size>
         <input_file_ref idref="fl-e6"/>
      </object_component>
      <object_component id="oc-2a8">
         <name>.debug_info</name>
         <load_address>0xdd00</load_address>
         <run_address>0xdd00</run_address>
         <size>0x27d</size>
         <input_file_ref idref="fl-e6"/>
      </object_component>
      <object_component id="oc-14f">
         <name>.debug_info</name>
         <load_address>0xdf7d</load_address>
         <run_address>0xdf7d</run_address>
         <size>0x2b7</size>
         <input_file_ref idref="fl-e6"/>
      </object_component>
      <object_component id="oc-155">
         <name>.debug_info</name>
         <load_address>0xe234</load_address>
         <run_address>0xe234</run_address>
         <size>0x285</size>
         <input_file_ref idref="fl-e6"/>
      </object_component>
      <object_component id="oc-109">
         <name>.debug_info</name>
         <load_address>0xe4b9</load_address>
         <run_address>0xe4b9</run_address>
         <size>0x27b</size>
         <input_file_ref idref="fl-e6"/>
      </object_component>
      <object_component id="oc-9a">
         <name>.debug_info</name>
         <load_address>0xe734</load_address>
         <run_address>0xe734</run_address>
         <size>0x280</size>
         <input_file_ref idref="fl-e6"/>
      </object_component>
      <object_component id="oc-21f">
         <name>.debug_info</name>
         <load_address>0xe9b4</load_address>
         <run_address>0xe9b4</run_address>
         <size>0x20e</size>
         <input_file_ref idref="fl-e7"/>
      </object_component>
      <object_component id="oc-21c">
         <name>.debug_info</name>
         <load_address>0xebc2</load_address>
         <run_address>0xebc2</run_address>
         <size>0x210</size>
         <input_file_ref idref="fl-e7"/>
      </object_component>
      <object_component id="oc-353">
         <name>.debug_info</name>
         <load_address>0xedd2</load_address>
         <run_address>0xedd2</run_address>
         <size>0x14e</size>
         <input_file_ref idref="fl-e7"/>
      </object_component>
      <object_component id="oc-385">
         <name>.debug_info</name>
         <load_address>0xef20</load_address>
         <run_address>0xef20</run_address>
         <size>0x157</size>
         <input_file_ref idref="fl-e7"/>
      </object_component>
      <object_component id="oc-34c">
         <name>.debug_info</name>
         <load_address>0xf077</load_address>
         <run_address>0xf077</run_address>
         <size>0x2c1</size>
         <input_file_ref idref="fl-e7"/>
      </object_component>
      <object_component id="oc-2b8">
         <name>.debug_info</name>
         <load_address>0xf338</load_address>
         <run_address>0xf338</run_address>
         <size>0x2c9</size>
         <input_file_ref idref="fl-e7"/>
      </object_component>
      <object_component id="oc-17c">
         <name>.debug_info</name>
         <load_address>0xf601</load_address>
         <run_address>0xf601</run_address>
         <size>0x23e</size>
         <input_file_ref idref="fl-e7"/>
      </object_component>
      <object_component id="oc-b1">
         <name>.debug_info</name>
         <load_address>0xf83f</load_address>
         <run_address>0xf83f</run_address>
         <size>0x268</size>
         <input_file_ref idref="fl-e7"/>
      </object_component>
      <object_component id="oc-1fc">
         <name>.debug_info</name>
         <load_address>0xfaa7</load_address>
         <run_address>0xfaa7</run_address>
         <size>0x298</size>
         <input_file_ref idref="fl-e8"/>
      </object_component>
      <object_component id="oc-20a">
         <name>.debug_info</name>
         <load_address>0xfd3f</load_address>
         <run_address>0xfd3f</run_address>
         <size>0x14d</size>
         <input_file_ref idref="fl-e8"/>
      </object_component>
      <object_component id="oc-149">
         <name>.debug_info</name>
         <load_address>0xfe8c</load_address>
         <run_address>0xfe8c</run_address>
         <size>0x27f</size>
         <input_file_ref idref="fl-e8"/>
      </object_component>
      <object_component id="oc-94">
         <name>.debug_info</name>
         <load_address>0x1010b</load_address>
         <run_address>0x1010b</run_address>
         <size>0x27d</size>
         <input_file_ref idref="fl-e8"/>
      </object_component>
      <object_component id="oc-a6">
         <name>.debug_info</name>
         <load_address>0x10388</load_address>
[...]
      </symbol>
      <symbol id="sm-2a1">
         <name>UART1_Updated_Flag</name>
         <value>0x200009f8</value>
         <object_component_ref idref="oc-d4"/>
      </symbol>
      <symbol id="sm-2c2">
         <name>ResetISR</name>
         <value>0x4005</value>
         <object_component_ref idref="oc-2b"/>
      </symbol>
      <symbol id="sm-2c3">
         <name>g_pfnVectors</name>
         <value>0x0</value>
         <object_component_ref idref="oc-f"/>
      </symbol>
      <symbol id="sm-334">
         <name>UARTgetc</name>
         <value>0x1cbd</value>
         <object_component_ref idref="oc-141"/>
      </symbol>
      <symbol id="sm-335">
         <name>UARTgets</name>
         <value>0x1bf7</value>
         <object_component_ref idref="oc-141"/>
      </symbol>
      <symbol id="sm-336">
         <name>UARTStdioConfig</name>
         <value>0x1b45</value>
         <object_component_ref idref="oc-141"/>
      </symbol>
      <symbol id="sm-337">
         <name>UARTwrite</name>
         <value>0x1ba5</value>
         <object_component_ref idref="oc-141"/>
      </symbol>
      <symbol id="sm-338">
         <name>UARTprintf</name>
         <value>0x1feb</value>
         <object_component_ref idref="oc-141"/>
      </symbol>
      <symbol id="sm-339">
         <name>UARTvprintf</name>
         <value>0x1cf1</value>
         <object_component_ref idref="oc-141"/>
      </symbol>
      <symbol id="sm-374">
         <name>bDataReady</name>
         <value>0x200009c0</value>
         <object_component_ref idref="oc-18d"/>
      </symbol>
      <symbol id="sm-375">
         <name>GPIOE3_Init</name>
         <value>0x2a69</value>
         <object_component_ref idref="oc-19f"/>
      </symbol>
      <symbol id="sm-376">
         <name>WTimer0BIntHandler</name>
         <value>0x2abf</value>
         <object_component_ref idref="oc-19f"/>
      </symbol>
      <symbol id="sm-377">
         <name>ui32Distance</name>
         <value>0x200009c4</value>
         <object_component_ref idref="oc-18d"/>
      </symbol>
      <symbol id="sm-378">
         <name>int_ultrasonic_height</name>
         <value>0x200009cc</value>
         <object_component_ref idref="oc-18d"/>
      </symbol>
      <symbol id="sm-379">
         <name>UltrasonicConfigure</name>
         <value>0x2bdd</value>
         <object_component_ref idref="oc-19f"/>
      </symbol>
      <symbol id="sm-37a">
         <name>ultrasonic_update_flag</name>
         <value>0x200009d0</value>
         <object_component_ref idref="oc-18d"/>
      </symbol>
      <symbol id="sm-37b">
         <name>ultrasonic_height</name>
         <value>0x200009c8</value>
         <object_component_ref idref="oc-18d"/>
      </symbol>
      <symbol id="sm-37c">
         <name>SonicTrig</name>
         <value>0x2a8f</value>
         <object_component_ref idref="oc-19f"/>
      </symbol>
      <symbol id="sm-37d">
         <name>WTimer0BConfigure</name>
         <value>0x2b7b</value>
         <object_component_ref idref="oc-19f"/>
      </symbol>
      <symbol id="sm-38e">
         <name>_c_int00</name>
         <value>0x3a81</value>
         <object_component_ref idref="oc-24"/>
      </symbol>
      <symbol id="sm-38f">
         <name>__stack</name>
         <value>0x20000784</value>
         <object_component_ref idref="oc-2a"/>
      </symbol>
      <symbol id="sm-3ad">
         <name>__TI_decompress_lzss</name>
         <value>0x39b9</value>
         <object_component_ref idref="oc-12"/>
      </symbol>
      <symbol id="sm-3c4">
         <name>__TI_decompress_none</name>
         <value>0x3fdf</value>
         <object_component_ref idref="oc-18"/>
      </symbol>
      <symbol id="sm-3d6">
         <name>__TI_zero_init</name>
         <value>0x3ff9</value>
         <object_component_ref idref="oc-1e"/>
      </symbol>
      <symbol id="sm-466">
         <name>pow</name>
         <value>0x1199</value>
         <object_component_ref idref="oc-243"/>
      </symbol>
      <symbol id="sm-467">
         <name>powl</name>
         <value>0x1199</value>
         <object_component_ref idref="oc-243"/>
      </symbol>
      <symbol id="sm-48b">
         <name>sqrtl</name>
         <value>0x2f6d</value>
         <object_component_ref idref="oc-304"/>
      </symbol>
      <symbol id="sm-48c">
         <name>sqrt</name>
         <value>0x2f6d</value>
         <object_component_ref idref="oc-304"/>
      </symbol>
      <symbol id="sm-494">
         <name>errno</name>
         <value>0x20000a20</value>
         <object_component_ref idref="oc-30a"/>
      </symbol>
      <symbol id="sm-4b5">
         <name>C$$EXIT</name>
         <value>0x3ad5</value>
         <object_component_ref idref="oc-87"/>
      </symbol>
      <symbol id="sm-4b6">
         <name>abort</name>
         <value>0x3ad9</value>
         <object_component_ref idref="oc-87"/>
      </symbol>
      <symbol id="sm-4b7">
         <name>exit</name>
         <value>0x3ae1</value>
         <object_component_ref idref="oc-87"/>
      </symbol>
      <symbol id="sm-4b8">
         <name>__TI_dtors_ptr</name>
         <value>0x200009e8</value>
         <object_component_ref idref="oc-1f0"/>
      </symbol>
      <symbol id="sm-4b9">
         <name>__TI_cleanup_ptr</name>
         <value>0x200009e4</value>
         <object_component_ref idref="oc-1f0"/>
      </symbol>
      <symbol id="sm-4ba">
         <name>__TI_enable_exit_profile_output</name>
         <value>0x200009ec</value>
         <object_component_ref idref="oc-1f0"/>
      </symbol>
      <symbol id="sm-4d1">
         <name>__aeabi_dsub</name>
         <value>0x2c45</value>
         <object_component_ref idref="oc-127"/>
      </symbol>
      <symbol id="sm-4d2">
         <name>__aeabi_dadd</name>
         <value>0x2c4f</value>
         <object_component_ref idref="oc-127"/>
      </symbol>
      <symbol id="sm-4f4">
         <name>__aeabi_cdcmpeq</name>
         <value>0x36e9</value>
         <object_component_ref idref="oc-310"/>
      </symbol>
      <symbol id="sm-4f5">
         <name>__aeabi_cdcmple</name>
         <value>0x36e9</value>
         <object_component_ref idref="oc-310"/>
      </symbol>
      <symbol id="sm-4f6">
         <name>__aeabi_cdrcmple</name>
         <value>0x376f</value>
         <object_component_ref idref="oc-315"/>
      </symbol>
      <symbol id="sm-50a">
         <name>__aeabi_ddiv</name>
         <value>0x30dd</value>
         <object_component_ref idref="oc-117"/>
      </symbol>
      <symbol id="sm-515">
         <name>__aeabi_dmul</name>
         <value>0x3455</value>
         <object_component_ref idref="oc-112"/>
      </symbol>
      <symbol id="sm-51f">
         <name>__aeabi_d2iz</name>
         <value>0x3c09</value>
         <object_component_ref idref="oc-102"/>
      </symbol>
      <symbol id="sm-52b">
         <name>__aeabi_d2f</name>
         <value>0x38e1</value>
         <object_component_ref idref="oc-136"/>
      </symbol>
      <symbol id="sm-535">
         <name>__aeabi_d2uiz</name>
         <value>0x3c97</value>
         <object_component_ref idref="oc-2a0"/>
      </symbol>
      <symbol id="sm-540">
         <name>__aeabi_f2d</name>
         <value>0x3d55</value>
         <object_component_ref idref="oc-131"/>
      </symbol>
      <symbol id="sm-54a">
         <name>__aeabi_i2d</name>
         <value>0x3df5</value>
         <object_component_ref idref="oc-122"/>
      </symbol>
      <symbol id="sm-565">
         <name>memcpy</name>
         <value>0x364d</value>
         <object_component_ref idref="oc-57"/>
      </symbol>
      <symbol id="sm-566">
         <name>__aeabi_memcpy</name>
         <value>0x364d</value>
         <object_component_ref idref="oc-57"/>
      </symbol>
      <symbol id="sm-567">
         <name>__aeabi_memcpy8</name>
         <value>0x364d</value>
         <object_component_ref idref="oc-57"/>
      </symbol>
      <symbol id="sm-568">
         <name>__aeabi_memcpy4</name>
         <value>0x364d</value>
         <object_component_ref idref="oc-57"/>
      </symbol>
      <symbol id="sm-577">
         <name>__aeabi_memset</name>
         <value>0x37f7</value>
         <object_component_ref idref="oc-63"/>
      </symbol>
      <symbol id="sm-578">
         <name>memset</name>
         <value>0x37fd</value>
         <object_component_ref idref="oc-63"/>
      </symbol>
      <symbol id="sm-579">
         <name>__aeabi_memset8</name>
         <value>0x37f7</value>
         <object_component_ref idref="oc-63"/>
      </symbol>
      <symbol id="sm-57a">
         <name>__aeabi_memset4</name>
         <value>0x37f7</value>
         <object_component_ref idref="oc-63"/>
      </symbol>
      <symbol id="sm-57b">
         <name>__aeabi_memclr8</name>
         <value>0x37f5</value>
         <object_component_ref idref="oc-63"/>
      </symbol>
      <symbol id="sm-57c">
         <name>__aeabi_memclr4</name>
         <value>0x37f5</value>
         <object_component_ref idref="oc-63"/>
      </symbol>
      <symbol id="sm-57d">
         <name>__aeabi_memclr</name>
         <value>0x37f5</value>
         <object_component_ref idref="oc-63"/>
      </symbol>
      <symbol id="sm-587">
         <name>__mpu_init</name>
         <value>0x386f</value>
         <object_component_ref idref="oc-6f"/>
      </symbol>
      <symbol id="sm-591">
         <name>_system_pre_init</name>
         <value>0x406f</value>
         <object_component_ref idref="oc-75"/>
      </symbol>
      <symbol id="sm-5b3">
         <name>scalbn</name>
         <value>0x3551</value>
         <object_component_ref idref="oc-31a"/>
      </symbol>
      <symbol id="sm-5b4">
         <name>scalbnl</name>
         <value>0x3551</value>
         <object_component_ref idref="oc-31a"/>
      </symbol>
      <symbol id="sm-5b5">
         <name>ldexpl</name>
         <value>0x3551</value>
         <object_component_ref idref="oc-31a"/>
      </symbol>
      <symbol id="sm-5b6">
         <name>ldexp</name>
         <value>0x3551</value>
         <object_component_ref idref="oc-31a"/>
      </symbol>
      <symbol id="sm-5be">
         <name>main_func_sp</name>
         <value>0x20000a24</value>
         <object_component_ref idref="oc-8d"/>
      </symbol>
      <symbol id="sm-5cd">
         <name>__aeabi_uidivmod</name>
         <value>0x3cdb</value>
         <object_component_ref idref="oc-271"/>
      </symbol>
      <symbol id="sm-5ce">
         <name>__aeabi_uidiv</name>
         <value>0x3cdb</value>
         <object_component_ref idref="oc-271"/>
      </symbol>
      <symbol id="sm-5d8">
         <name>__aeabi_ui2d</name>
         <value>0x3e91</value>
         <object_component_ref idref="oc-10d"/>
      </symbol>
      <symbol id="sm-5f1">
         <name>_nop</name>
         <value>0x3f33</value>
         <object_component_ref idref="oc-2e2"/>
      </symbol>
      <symbol id="sm-5f2">
         <name>_lock</name>
         <value>0x200009f0</value>
         <object_component_ref idref="oc-1f3"/>
      </symbol>
      <symbol id="sm-5f3">
         <name>_unlock</name>
         <value>0x200009f4</value>
         <object_component_ref idref="oc-1f3"/>
      </symbol>
      <symbol id="sm-5f4">
         <name>_register_lock</name>
         <value>0x3f2b</value>
         <object_component_ref idref="oc-2e2"/>
      </symbol>
      <symbol id="sm-5f5">
         <name>_register_unlock</name>
         <value>0x3f25</value>
         <object_component_ref idref="oc-2e2"/>
      </symbol>
      <symbol id="sm-609">
         <name>_args_main</name>
         <value>0x3ee1</value>
         <object_component_ref idref="oc-81"/>
      </symbol>
      <symbol id="sm-633">
         <name>__TI_auto_init</name>
         <value>0x3871</value>
         <object_component_ref idref="oc-7b"/>
      </symbol>
      <symbol id="sm-64d">
         <name>copy_in</name>
         <value>0x3b75</value>
         <object_component_ref idref="oc-1e0"/>
      </symbol>
      <symbol id="sm-657">
         <name>__aeabi_idiv0</name>
         <value>0x2dfb</value>
         <object_component_ref idref="oc-330"/>
      </symbol>
      <symbol id="sm-661">
         <name>copysign</name>
         <value>0x3f39</value>
         <object_component_ref idref="oc-36d"/>
      </symbol>
      <symbol id="sm-662">
         <name>copysignl</name>
         <value>0x3f39</value>
         <object_component_ref idref="oc-36d"/>
      </symbol>
      <symbol id="sm-66c">
         <name>_system_post_cinit</name>
         <value>0x394f</value>
         <object_component_ref idref="oc-1e6"/>
      </symbol>
      <symbol id="sm-682">
         <name>FPULazyStackingEnable</name>
         <value>0x3f95</value>
         <object_component_ref idref="oc-1ab"/>
      </symbol>
      <symbol id="sm-683">
         <name>FPUEnable</name>
         <value>0x3f85</value>
         <object_component_ref idref="oc-1a5"/>
      </symbol>
      <symbol id="sm-6dd">
         <name>GPIOPinConfigure</name>
         <value>0x3bc1</value>
         <object_component_ref idref="oc-98"/>
      </symbol>
      <symbol id="sm-6de">
         <name>GPIOPinTypeGPIOInput</name>
         <value>0x3f4d</value>
         <object_component_ref idref="oc-153"/>
      </symbol>
      <symbol id="sm-6df">
         <name>GPIOPinTypeUART</name>
         <value>0x3f71</value>
         <object_component_ref idref="oc-9e"/>
      </symbol>
      <symbol id="sm-6e0">
         <name>GPIOPinTypeGPIOOutput</name>
         <value>0x3eb1</value>
         <object_component_ref idref="oc-14d"/>
      </symbol>
      <symbol id="sm-6e1">
         <name>GPIOPinRead</name>
         <value>0x4049</value>
         <object_component_ref idref="oc-107"/>
      </symbol>
      <symbol id="sm-6e2">
         <name>GPIODirModeSet</name>
         <value>0x3e23</value>
         <object_component_ref idref="oc-202"/>
      </symbol>
      <symbol id="sm-6e3">
         <name>GPIOPinWrite</name>
         <value>0x404f</value>
         <object_component_ref idref="oc-e8"/>
      </symbol>
      <symbol id="sm-6e4">
         <name>GPIOPadConfigSet</name>
         <value>0x3213</value>
         <object_component_ref idref="oc-159"/>
      </symbol>
      <symbol id="sm-6e5">
         <name>GPIOPinTypeTimer</name>
         <value>0x3f5f</value>
         <object_component_ref idref="oc-2a5"/>
      </symbol>
      <symbol id="sm-738">
         <name>IntPrioritySet</name>
         <value>0x3e4d</value>
         <object_component_ref idref="oc-2b7"/>
      </symbol>
      <symbol id="sm-739">
         <name>IntEnable</name>
         <value>0x3951</value>
         <object_component_ref idref="oc-b0"/>
      </symbol>
      <symbol id="sm-73a">
         <name>IntRegister</name>
         <value>0x3d8d</value>
         <object_component_ref idref="oc-34b"/>
      </symbol>
      <symbol id="sm-73b">
         <name>g_pfnRAMVectors</name>
         <value>0x20000000</value>
         <object_component_ref idref="oc-384"/>
      </symbol>
      <symbol id="sm-73c">
         <name>IntMasterEnable</name>
         <value>0x3fa5</value>
         <object_component_ref idref="oc-17b"/>
      </symbol>
      <symbol id="sm-781">
         <name>SysCtlPeripheralEnable</name>
         <value>0x3dc1</value>
         <object_component_ref idref="oc-92"/>
      </symbol>
      <symbol id="sm-782">
         <name>SysCtlClockGet</name>
         <value>0x3345</value>
         <object_component_ref idref="oc-a4"/>
      </symbol>
      <symbol id="sm-783">
         <name>SysCtlPeripheralReady</name>
         <value>0x3d1d</value>
         <object_component_ref idref="oc-147"/>
      </symbol>
      <symbol id="sm-7f6">
         <name>TimerIntRegister</name>
         <value>0x3ec9</value>
         <object_component_ref idref="oc-2b1"/>
      </symbol>
      <symbol id="sm-7f7">
         <name>TimerEnable</name>
         <value>0x3fb5</value>
         <object_component_ref idref="oc-187"/>
      </symbol>
      <symbol id="sm-7f8">
         <name>TimerIntStatus</name>
         <value>0x4011</value>
         <object_component_ref idref="oc-193"/>
      </symbol>
      <symbol id="sm-7f9">
         <name>TimerValueGet</name>
         <value>0x401b</value>
         <object_component_ref idref="oc-29a"/>
      </symbol>
      <symbol id="sm-7fa">
         <name>TimerIntEnable</name>
         <value>0x4039</value>
         <object_component_ref idref="oc-181"/>
      </symbol>
      <symbol id="sm-7fb">
         <name>TimerClockSourceSet</name>
         <value>0x4055</value>
         <object_component_ref idref="oc-16f"/>
      </symbol>
      <symbol id="sm-7fc">
         <name>TimerConfigure</name>
         <value>0x3a21</value>
         <object_component_ref idref="oc-175"/>
      </symbol>
      <symbol id="sm-7fd">
         <name>TimerControlEvent</name>
         <value>0x3ef9</value>
         <object_component_ref idref="oc-2ab"/>
      </symbol>
      <symbol id="sm-7fe">
         <name>TimerIntClear</name>
         <value>0x4067</value>
         <object_component_ref idref="oc-199"/>
      </symbol>
      <symbol id="sm-85f">
         <name>UARTConfigSetExpClk</name>
         <value>0x3c51</value>
         <object_component_ref idref="oc-aa"/>
      </symbol>
      <symbol id="sm-860">
         <name>UARTDisable</name>
         <value>0x3e71</value>
         <object_component_ref idref="oc-20d"/>
      </symbol>
      <symbol id="sm-861">
         <name>UARTIntEnable</name>
         <value>0x4041</value>
         <object_component_ref idref="oc-b6"/>
      </symbol>
      <symbol id="sm-862">
         <name>UARTCharsAvail</name>
         <value>0x3fd1</value>
         <object_component_ref idref="oc-ce"/>
      </symbol>
      <symbol id="sm-863">
         <name>UARTCharGetNonBlocking</name>
         <value>0x3fc3</value>
         <object_component_ref idref="oc-c8"/>
      </symbol>
      <symbol id="sm-864">
         <name>UARTClockSourceSet</name>
         <value>0x405b</value>
         <object_component_ref idref="oc-13b"/>
      </symbol>
      <symbol id="sm-865">
         <name>UARTEnable</name>
         <value>0x3f0f</value>
         <object_component_ref idref="oc-213"/>
      </symbol>
      <symbol id="sm-866">
         <name>UARTFIFOEnable</name>
         <value>0x4025</value>
         <object_component_ref idref="oc-1b2"/>
      </symbol>
      <symbol id="sm-867">
         <name>UARTIntClear</name>
         <value>0x406b</value>
         <object_component_ref idref="oc-c2"/>
      </symbol>
      <symbol id="sm-868">
         <name>UARTIntStatus</name>
         <value>0x402f</value>
         <object_component_ref idref="oc-bc"/>
      </symbol>
      <symbol id="sm-869">
         <name>UARTFIFOLevelSet</name>
         <value>0x4061</value>
         <object_component_ref idref="oc-1b8"/>
      </symbol>
      <symbol id="sm-873">
         <name>CPUcpsie</name>
         <value>0x3fed</value>
         <object_component_ref idref="oc-28b"/>
      </symbol>
      <symbol id="sm-874">
         <name>__TI_static_base__</name>
         <value>0x0</value>
      </symbol>
      <symbol id="sm-877">
         <name>SHT$$INIT_ARRAY$$Limit</name>
         <value>0x0</value>
      </symbol>
      <symbol id="sm-878">
         <name>SHT$$INIT_ARRAY$$Base</name>
         <value>0x0</value>
      </symbol>
   </symbol_table>
   <title>Link successful</title>
</link_info>
