<?xml version="1.0"?>
<link_info>
   <banner>TI ARM Linker PC v16.9.0.LTS</banner>
   <copyright>Copyright (c) 1996-2015 Texas Instruments Incorporated</copyright>
   <link_time>0x5c4c475d</link_time>
   <link_errors>0x0</link_errors>
   <output_file>Aircraft_v11.out</output_file>
   <entry_point>
      <name>_c_int00</name>
      <address>0x3c41</address>
   </entry_point>
   <input_file_list>
      <input_file id="fl-2">
         <path>.\</path>
         <kind>object</kind>
         <file>camera.obj</file>
         <name>camera.obj</name>
      </input_file>
      <input_file id="fl-3">
         <path>.\</path>
         <kind>object</kind>
         <file>filter.obj</file>
         <name>filter.obj</name>
      </input_file>
      <input_file id="fl-4">
         <path>.\</path>
         <kind>object</kind>
         <file>main.obj</file>
         <name>main.obj</name>
      </input_file>
      <input_file id="fl-5">
         <path>.\</path>
         <kind>object</kind>
         <file>mavlink.obj</file>
         <name>mavlink.obj</name>
      </input_file>
      <input_file id="fl-6">
         <path>.\</path>
         <kind>object</kind>
         <file>ppm.obj</file>
         <name>ppm.obj</name>
      </input_file>
      <input_file id="fl-7">
         <path>.\</path>
         <kind>object</kind>
         <file>receive.obj</file>
         <name>receive.obj</name>
      </input_file>
      <input_file id="fl-8">
         <path>.\</path>
         <kind>object</kind>
         <file>tm4c123gh6pm_startup_ccs.obj</file>
         <name>tm4c123gh6pm_startup_ccs.obj</name>
      </input_file>
      <input_file id="fl-9">
         <path>.\</path>
         <kind>object</kind>
         <file>uartstdio.obj</file>
         <name>uartstdio.obj</name>
      </input_file>
      <input_file id="fl-a">
         <path>.\</path>
         <kind>object</kind>
         <file>ultrasonic.obj</file>
         <name>ultrasonic.obj</name>
      </input_file>
      <input_file id="fl-c5">
         <path>D:\ti\ccsv7\tools\compiler\ti-cgt-arm_16.9.0.LTS\lib\</path>
         <kind>archive</kind>
         <file>rtsv7M4_T_le_v4SPD16_eabi.lib</file>
         <name>boot.obj</name>
      </input_file>
      <input_file id="fl-c6">
         <path>D:\ti\ccsv7\tools\compiler\ti-cgt-arm_16.9.0.LTS\lib\</path>
         <kind>archive</kind>
         <file>rtsv7M4_T_le_v4SPD16_eabi.lib</file>
         <name>copy_decompress_lzss.obj</name>
      </input_file>
      <input_file id="fl-c7">
         <path>D:\ti\ccsv7\tools\compiler\ti-cgt-arm_16.9.0.LTS\lib\</path>
         <kind>archive</kind>
         <file>rtsv7M4_T_le_v4SPD16_eabi.lib</file>
         <name>copy_decompress_none.obj</name>
      </input_file>
      <input_file id="fl-c8">
         <path>D:\ti\ccsv7\tools\compiler\ti-cgt-arm_16.9.0.LTS\lib\</path>
         <kind>archive</kind>
         <file>rtsv7M4_T_le_v4SPD16_eabi.lib</file>
         <name>copy_zero_init.obj</name>
      </input_file>
      <input_file id="fl-c9">
         <path>D:\ti\ccsv7\tools\compiler\ti-cgt-arm_16.9.0.LTS\lib\</path>
         <kind>archive</kind>
         <file>rtsv7M4_T_le_v4SPD16_eabi.lib</file>
         <name>e_pow.obj</name>
      </input_file>
      <input_file id="fl-ca">
         <path>D:\ti\ccsv7\tools\compiler\ti-cgt-arm_16.9.0.LTS\lib\</path>
         <kind>archive</kind>
         <file>rtsv7M4_T_le_v4SPD16_eabi.lib</file>
         <name>e_sqrt.obj</name>
      </input_file>
      <input_file id="fl-cb">
         <path>D:\ti\ccsv7\tools\compiler\ti-cgt-arm_16.9.0.LTS\lib\</path>
         <kind>archive</kind>
         <file>rtsv7M4_T_le_v4SPD16_eabi.lib</file>
         <name>errno.obj</name>
      </input_file>
      <input_file id="fl-cc">
         <path>D:\ti\ccsv7\tools\compiler\ti-cgt-arm_16.9.0.LTS\lib\</path>
         <kind>archive</kind>
         <file>rtsv7M4_T_le_v4SPD16_eabi.lib</file>
         <name>exit.obj</name>
      </input_file>
      <input_file id="fl-cd">
         <path>D:\ti\ccsv7\tools\compiler\ti-cgt-arm_16.9.0.LTS\lib\</path>
         <kind>archive</kind>
         <file>rtsv7M4_T_le_v4SPD16_eabi.lib</file>
         <name>fd_add_t2.obj</name>
      </input_file>
      <input_file id="fl-ce">
         <path>D:\ti\ccsv7\tools\compiler\ti-cgt-arm_16.9.0.LTS\lib\</path>
         <kind>archive</kind>
         <file>rtsv7M4_T_le_v4SPD16_eabi.lib</file>
         <name>fd_cmp_t2.obj</name>
      </input_file>
      <input_file id="fl-cf">
         <path>D:\ti\ccsv7\tools\compiler\ti-cgt-arm_16.9.0.LTS\lib\</path>
         <kind>archive</kind>
         <file>rtsv7M4_T_le_v4SPD16_eabi.lib</file>
         <name>fd_div_t2.obj</name>
      </input_file>
      <input_file id="fl-d0">
         <path>D:\ti\ccsv7\tools\compiler\ti-cgt-arm_16.9.0.LTS\lib\</path>
         <kind>archive</kind>
         <file>rtsv7M4_T_le_v4SPD16_eabi.lib</file>
         <name>fd_mul_t2.obj</name>
      </input_file>
      <input_file id="fl-d1">
         <path>D:\ti\ccsv7\tools\compiler\ti-cgt-arm_16.9.0.LTS\lib\</path>
         <kind>archive</kind>
         <file>rtsv7M4_T_le_v4SPD16_eabi.lib</file>
         <name>fd_toi_t2.obj</name>
      </input_file>
      <input_file id="fl-d2">
         <path>D:\ti\ccsv7\tools\compiler\ti-cgt-arm_16.9.0.LTS\lib\</path>
         <kind>archive</kind>
         <file>rtsv7M4_T_le_v4SPD16_eabi.lib</file>
         <name>fd_tos_t2.obj</name>
      </input_file>
      <input_file id="fl-d3">
         <path>D:\ti\ccsv7\tools\compiler\ti-cgt-arm_16.9.0.LTS\lib\</path>
         <kind>archive</kind>
         <file>rtsv7M4_T_le_v4SPD16_eabi.lib</file>
         <name>fs_tod_t2.obj</name>
      </input_file>
      <input_file id="fl-d4">
         <path>D:\ti\ccsv7\tools\compiler\ti-cgt-arm_16.9.0.LTS\lib\</path>
         <kind>archive</kind>
         <file>rtsv7M4_T_le_v4SPD16_eabi.lib</file>
         <name>i_tofd_t2.obj</name>
      </input_file>
      <input_file id="fl-d5">
         <path>D:\ti\ccsv7\tools\compiler\ti-cgt-arm_16.9.0.LTS\lib\</path>
         <kind>archive</kind>
         <file>rtsv7M4_T_le_v4SPD16_eabi.lib</file>
         <name>memcpy_t2.obj</name>
      </input_file>
      <input_file id="fl-d6">
         <path>D:\ti\ccsv7\tools\compiler\ti-cgt-arm_16.9.0.LTS\lib\</path>
         <kind>archive</kind>
         <file>rtsv7M4_T_le_v4SPD16_eabi.lib</file>
         <name>memset_t2.obj</name>
      </input_file>
      <input_file id="fl-d7">
         <path>D:\ti\ccsv7\tools\compiler\ti-cgt-arm_16.9.0.LTS\lib\</path>
         <kind>archive</kind>
         <file>rtsv7M4_T_le_v4SPD16_eabi.lib</file>
         <name>mpu_init.obj</name>
      </input_file>
      <input_file id="fl-d8">
         <path>D:\ti\ccsv7\tools\compiler\ti-cgt-arm_16.9.0.LTS\lib\</path>
         <kind>archive</kind>
         <file>rtsv7M4_T_le_v4SPD16_eabi.lib</file>
         <name>pre_init.obj</name>
      </input_file>
      <input_file id="fl-d9">
         <path>D:\ti\ccsv7\tools\compiler\ti-cgt-arm_16.9.0.LTS\lib\</path>
         <kind>archive</kind>
         <file>rtsv7M4_T_le_v4SPD16_eabi.lib</file>
         <name>s_scalbn.obj</name>
      </input_file>
      <input_file id="fl-da">
         <path>D:\ti\ccsv7\tools\compiler\ti-cgt-arm_16.9.0.LTS\lib\</path>
         <kind>archive</kind>
         <file>rtsv7M4_T_le_v4SPD16_eabi.lib</file>
         <name>stkdepth_vars.obj</name>
      </input_file>
      <input_file id="fl-db">
         <path>D:\ti\ccsv7\tools\compiler\ti-cgt-arm_16.9.0.LTS\lib\</path>
         <kind>archive</kind>
         <file>rtsv7M4_T_le_v4SPD16_eabi.lib</file>
         <name>u_divt2.obj</name>
      </input_file>
      <input_file id="fl-dc">
         <path>D:\ti\ccsv7\tools\compiler\ti-cgt-arm_16.9.0.LTS\lib\</path>
         <kind>archive</kind>
         <file>rtsv7M4_T_le_v4SPD16_eabi.lib</file>
         <name>u_tofd_t2.obj</name>
      </input_file>
      <input_file id="fl-dd">
         <path>D:\ti\ccsv7\tools\compiler\ti-cgt-arm_16.9.0.LTS\lib\</path>
         <kind>archive</kind>
         <file>rtsv7M4_T_le_v4SPD16_eabi.lib</file>
         <name>_lock.obj</name>
      </input_file>
      <input_file id="fl-de">
         <path>D:\ti\ccsv7\tools\compiler\ti-cgt-arm_16.9.0.LTS\lib\</path>
         <kind>archive</kind>
         <file>rtsv7M4_T_le_v4SPD16_eabi.lib</file>
         <name>args_main.obj</name>
      </input_file>
      <input_file id="fl-df">
         <path>D:\ti\ccsv7\tools\compiler\ti-cgt-arm_16.9.0.LTS\lib\</path>
         <kind>archive</kind>
         <file>rtsv7M4_T_le_v4SPD16_eabi.lib</file>
         <name>autoinit.obj</name>
      </input_file>
      <input_file id="fl-e0">
         <path>D:\ti\ccsv7\tools\compiler\ti-cgt-arm_16.9.0.LTS\lib\</path>
         <kind>archive</kind>
         <file>rtsv7M4_T_le_v4SPD16_eabi.lib</file>
         <name>cpy_tbl.obj</name>
      </input_file>
      <input_file id="fl-e1">
         <path>D:\ti\ccsv7\tools\compiler\ti-cgt-arm_16.9.0.LTS\lib\</path>
         <kind>archive</kind>
         <file>rtsv7M4_T_le_v4SPD16_eabi.lib</file>
         <name>i_div0.obj</name>
      </input_file>
      <input_file id="fl-e2">
         <path>D:\ti\ccsv7\tools\compiler\ti-cgt-arm_16.9.0.LTS\lib\</path>
         <kind>archive</kind>
         <file>rtsv7M4_T_le_v4SPD16_eabi.lib</file>
         <name>s_copysign.obj</name>
      </input_file>
      <input_file id="fl-e3">
         <path>D:\ti\ccsv7\tools\compiler\ti-cgt-arm_16.9.0.LTS\lib\</path>
         <kind>archive</kind>
         <file>rtsv7M4_T_le_v4SPD16_eabi.lib</file>
         <name>startup.obj</name>
      </input_file>
      <input_file id="fl-e4">
         <path>F:\TIVAWARE002\driverlib\ccs\Debug\</path>
         <kind>archive</kind>
         <file>driverlib.lib</file>
         <name>fpu.obj</name>
      </input_file>
      <input_file id="fl-e5">
         <path>F:\TIVAWARE002\driverlib\ccs\Debug\</path>
         <kind>archive</kind>
         <file>driverlib.lib</file>
         <name>gpio.obj</name>
      </input_file>
      <input_file id="fl-e6">
         <path>F:\TIVAWARE002\driverlib\ccs\Debug\</path>
         <kind>archive</kind>
         <file>driverlib.lib</file>
         <name>interrupt.obj</name>
      </input_file>
      <input_file id="fl-e7">
         <path>F:\TIVAWARE002\driverlib\ccs\Debug\</path>
         <kind>archive</kind>
         <file>driverlib.lib</file>
         <name>sysctl.obj</name>
      </input_file>
      <input_file id="fl-e8">
         <path>F:\TIVAWARE002\driverlib\ccs\Debug\</path>
         <kind>archive</kind>
         <file>driverlib.lib</file>
         <name>timer.obj</name>
      </input_file>
      <input_file id="fl-e9">
         <path>F:\TIVAWARE002\driverlib\ccs\Debug\</path>
         <kind>archive</kind>
         <file>driverlib.lib</file>
         <name>uart.obj</name>
      </input_file>
      <input_file id="fl-ea">
         <path>F:\TIVAWARE002\driverlib\ccs\Debug\</path>
         <kind>archive</kind>
         <file>driverlib.lib</file>
         <name>cpu.obj</name>
      </input_file>
   </input_file_list>
   <object_component_list>
      <object_component id="oc-f">
         <name>.intvecs</name>
         <load_address>0x0</load_address>
         <run_address>0x0</run_address>
         <size>0x26c</size>
         <input_file_ref idref="fl-8"/>
      </object_component>
      <object_component id="oc-3d">
         <name>.text</name>
         <load_address>0x26c</load_address>
         <run_address>0x26c</run_address>
         <size>0xf28</size>
         <input_file_ref idref="fl-4"/>
      </object_component>
      <object_component id="oc-24b">
         <name>.text</name>
         <load_address>0x1194</load_address>
         <run_address>0x1194</run_address>
         <size>0x9ac</size>
         <input_file_ref idref="fl-c9"/>
      </object_component>
      <object_component id="oc-14b">
         <name>.text</name>
         <load_address>0x1b40</load_address>
         <run_address>0x1b40</run_address>
         <size>0x4dc</size>
         <input_file_ref idref="fl-9"/>
      </object_component>
      <object_component id="oc-43">
         <name>.text</name>
         <load_address>0x201c</load_address>
         <run_address>0x201c</run_address>
         <size>0x420</size>
         <input_file_ref idref="fl-5"/>
      </object_component>
      <object_component id="oc-37">
         <name>.text</name>
         <load_address>0x243c</load_address>
         <run_address>0x243c</run_address>
         <size>0x3a0</size>
         <input_file_ref idref="fl-6"/>
      </object_component>
      <object_component id="oc-102">
         <name>.text</name>
         <load_address>0x27dc</load_address>
         <run_address>0x27dc</run_address>
         <size>0x288</size>
         <input_file_ref idref="fl-3"/>
      </object_component>
      <object_component id="oc-1a3">
         <name>.text</name>
         <load_address>0x2a64</load_address>
         <run_address>0x2a64</run_address>
         <size>0x1dc</size>
         <input_file_ref idref="fl-a"/>
      </object_component>
      <object_component id="oc-49">
         <name>.text</name>
         <load_address>0x2c40</load_address>
         <run_address>0x2c40</run_address>
         <size>0x1c4</size>
         <input_file_ref idref="fl-2"/>
      </object_component>
      <object_component id="oc-132">
         <name>.text</name>
         <load_address>0x2e04</load_address>
         <run_address>0x2e04</run_address>
         <size>0x1b6</size>
         <input_file_ref idref="fl-cd"/>
      </object_component>
      <object_component id="oc-33a">
         <name>.text</name>
         <load_address>0x2fba</load_address>
         <run_address>0x2fba</run_address>
         <size>0x2</size>
         <input_file_ref idref="fl-e1"/>
      </object_component>
      <object_component id="oc-31">
         <name>.text</name>
         <load_address>0x2fbc</load_address>
         <run_address>0x2fbc</run_address>
         <size>0x170</size>
         <input_file_ref idref="fl-7"/>
      </object_component>
      <object_component id="oc-30c">
         <name>.text</name>
         <load_address>0x312c</load_address>
         <run_address>0x312c</run_address>
         <size>0x170</size>
         <input_file_ref idref="fl-ca"/>
      </object_component>
      <object_component id="oc-11d">
         <name>.text</name>
         <load_address>0x329c</load_address>
         <run_address>0x329c</run_address>
         <size>0x136</size>
         <input_file_ref idref="fl-cf"/>
      </object_component>
      <object_component id="oc-163">
         <name>.text:GPIOPadConfigSet</name>
         <load_address>0x33d2</load_address>
         <run_address>0x33d2</run_address>
         <size>0x132</size>
         <input_file_ref idref="fl-e5"/>
      </object_component>
      <object_component id="oc-aa">
         <name>.text:SysCtlClockGet</name>
         <load_address>0x3504</load_address>
         <run_address>0x3504</run_address>
         <size>0x110</size>
         <input_file_ref idref="fl-e7"/>
      </object_component>
      <object_component id="oc-118">
         <name>.text</name>
         <load_address>0x3614</load_address>
         <run_address>0x3614</run_address>
         <size>0xfc</size>
         <input_file_ref idref="fl-d0"/>
      </object_component>
      <object_component id="oc-322">
         <name>.text</name>
         <load_address>0x3710</load_address>
         <run_address>0x3710</run_address>
         <size>0xfc</size>
         <input_file_ref idref="fl-d9"/>
      </object_component>
      <object_component id="oc-5d">
         <name>.text</name>
         <load_address>0x380c</load_address>
         <run_address>0x380c</run_address>
         <size>0x9c</size>
         <input_file_ref idref="fl-d5"/>
      </object_component>
      <object_component id="oc-318">
         <name>.text:__aeabi_cdcmple</name>
         <load_address>0x38a8</load_address>
         <run_address>0x38a8</run_address>
         <size>0x86</size>
         <input_file_ref idref="fl-ce"/>
      </object_component>
      <object_component id="oc-31d">
         <name>.text:__aeabi_cdrcmple</name>
         <load_address>0x392e</load_address>
         <run_address>0x392e</run_address>
         <size>0x86</size>
         <input_file_ref idref="fl-ce"/>
      </object_component>
      <object_component id="oc-69">
         <name>.text</name>
         <load_address>0x39b4</load_address>
         <run_address>0x39b4</run_address>
         <size>0x7a</size>
         <input_file_ref idref="fl-d6"/>
      </object_component>
      <object_component id="oc-75">
         <name>.text</name>
         <load_address>0x3a2e</load_address>
         <run_address>0x3a2e</run_address>
         <size>0x2</size>
         <input_file_ref idref="fl-d7"/>
      </object_component>
      <object_component id="oc-81">
         <name>.text</name>
         <load_address>0x3a30</load_address>
         <run_address>0x3a30</run_address>
         <size>0x70</size>
         <input_file_ref idref="fl-df"/>
      </object_component>
      <object_component id="oc-140">
         <name>.text</name>
         <load_address>0x3aa0</load_address>
         <run_address>0x3aa0</run_address>
         <size>0x6e</size>
         <input_file_ref idref="fl-d2"/>
      </object_component>
      <object_component id="oc-1ee">
         <name>.text</name>
         <load_address>0x3b0e</load_address>
         <run_address>0x3b0e</run_address>
         <size>0x2</size>
         <input_file_ref idref="fl-e3"/>
      </object_component>
      <object_component id="oc-b6">
         <name>.text:IntEnable</name>
         <load_address>0x3b10</load_address>
         <run_address>0x3b10</run_address>
         <size>0x68</size>
         <input_file_ref idref="fl-e6"/>
      </object_component>
      <object_component id="oc-12">
         <name>.text:decompress:lzss</name>
         <load_address>0x3b78</load_address>
         <run_address>0x3b78</run_address>
         <size>0x68</size>
         <input_file_ref idref="fl-c6"/>
      </object_component>
      <object_component id="oc-17f">
         <name>.text:TimerConfigure</name>
         <load_address>0x3be0</load_address>
         <run_address>0x3be0</run_address>
         <size>0x60</size>
         <input_file_ref idref="fl-e8"/>
      </object_component>
      <object_component id="oc-24">
         <name>.text</name>
         <load_address>0x3c40</load_address>
         <run_address>0x3c40</run_address>
         <size>0x54</size>
         <input_file_ref idref="fl-c5"/>
      </object_component>
      <object_component id="oc-8d">
         <name>.text</name>
         <load_address>0x3c94</load_address>
         <run_address>0x3c94</run_address>
         <size>0x54</size>
         <input_file_ref idref="fl-cc"/>
      </object_component>
      <object_component id="oc-34c">
         <name>.text:_TimerIntNumberGet</name>
         <load_address>0x3ce8</load_address>
         <run_address>0x3ce8</run_address>
         <size>0x4c</size>
         <input_file_ref idref="fl-e8"/>
      </object_component>
      <object_component id="oc-1e8">
         <name>.text</name>
         <load_address>0x3d34</load_address>
         <run_address>0x3d34</run_address>
         <size>0x4c</size>
         <input_file_ref idref="fl-e0"/>
      </object_component>
      <object_component id="oc-9e">
         <name>.text:GPIOPinConfigure</name>
         <load_address>0x3d80</load_address>
         <run_address>0x3d80</run_address>
         <size>0x48</size>
         <input_file_ref idref="fl-e5"/>
      </object_component>
      <object_component id="oc-108">
         <name>.text</name>
         <load_address>0x3dc8</load_address>
         <run_address>0x3dc8</run_address>
         <size>0x48</size>
         <input_file_ref idref="fl-d1"/>
      </object_component>
      <object_component id="oc-b0">
         <name>.text:UARTConfigSetExpClk</name>
         <load_address>0x3e10</load_address>
         <run_address>0x3e10</run_address>
         <size>0x46</size>
         <input_file_ref idref="fl-e9"/>
      </object_component>
      <object_component id="oc-27d">
         <name>.text</name>
         <load_address>0x3e56</load_address>
         <run_address>0x3e56</run_address>
         <size>0x40</size>
         <input_file_ref idref="fl-db"/>
      </object_component>
      <object_component id="oc-151">
         <name>.text:SysCtlPeripheralReady</name>
         <load_address>0x3e98</load_address>
         <run_address>0x3e98</run_address>
         <size>0x38</size>
         <input_file_ref idref="fl-e7"/>
      </object_component>
      <object_component id="oc-13b">
         <name>.text</name>
         <load_address>0x3ed0</load_address>
         <run_address>0x3ed0</run_address>
         <size>0x38</size>
         <input_file_ref idref="fl-d3"/>
      </object_component>
      <object_component id="oc-352">
         <name>.text:IntRegister</name>
         <load_address>0x3f08</load_address>
         <run_address>0x3f08</run_address>
         <size>0x34</size>
         <input_file_ref idref="fl-e6"/>
      </object_component>
      <object_component id="oc-98">
         <name>.text:SysCtlPeripheralEnable</name>
         <load_address>0x3f3c</load_address>
         <run_address>0x3f3c</run_address>
         <size>0x34</size>
         <input_file_ref idref="fl-e7"/>
      </object_component>
      <object_component id="oc-12d">
         <name>.text</name>
         <load_address>0x3f70</load_address>
         <run_address>0x3f70</run_address>
         <size>0x2e</size>
         <input_file_ref idref="fl-d4"/>
      </object_component>
      <object_component id="oc-20a">
         <name>.text:GPIODirModeSet</name>
         <load_address>0x3f9e</load_address>
         <run_address>0x3f9e</run_address>
         <size>0x2a</size>
         <input_file_ref idref="fl-e5"/>
      </object_component>
      <object_component id="oc-2ba">
         <name>.text:IntPrioritySet</name>
         <load_address>0x3fc8</load_address>
         <run_address>0x3fc8</run_address>
         <size>0x24</size>
         <input_file_ref idref="fl-e6"/>
      </object_component>
      <object_component id="oc-215">
         <name>.text:UARTDisable</name>
         <load_address>0x3fec</load_address>
         <run_address>0x3fec</run_address>
         <size>0x20</size>
         <input_file_ref idref="fl-e9"/>
      </object_component>
      <object_component id="oc-113">
         <name>.text</name>
         <load_address>0x400c</load_address>
         <run_address>0x400c</run_address>
         <size>0x20</size>
         <input_file_ref idref="fl-dc"/>
      </object_component>
      <object_component id="oc-157">
         <name>.text:GPIOPinTypeGPIOOutput</name>
         <load_address>0x402c</load_address>
         <run_address>0x402c</run_address>
         <size>0x18</size>
         <input_file_ref idref="fl-e5"/>
      </object_component>
      <object_component id="oc-2b4">
         <name>.text:TimerIntRegister</name>
         <load_address>0x4044</load_address>
         <run_address>0x4044</run_address>
         <size>0x18</size>
         <input_file_ref idref="fl-e8"/>
      </object_component>
      <object_component id="oc-87">
         <name>.text</name>
         <load_address>0x405c</load_address>
         <run_address>0x405c</run_address>
         <size>0x18</size>
         <input_file_ref idref="fl-de"/>
      </object_component>
      <object_component id="oc-2ae">
         <name>.text:TimerControlEvent</name>
         <load_address>0x4074</load_address>
         <run_address>0x4074</run_address>
         <size>0x16</size>
         <input_file_ref idref="fl-e8"/>
      </object_component>
      <object_component id="oc-21b">
         <name>.text:UARTEnable</name>
         <load_address>0x408a</load_address>
         <run_address>0x408a</run_address>
         <size>0x14</size>
         <input_file_ref idref="fl-e9"/>
      </object_component>
      <object_component id="oc-2ea">
         <name>.text</name>
         <load_address>0x40a0</load_address>
         <run_address>0x40a0</run_address>
         <size>0x14</size>
         <input_file_ref idref="fl-dd"/>
      </object_component>
      <object_component id="oc-376">
         <name>.text</name>
         <load_address>0x40b4</load_address>
         <run_address>0x40b4</run_address>
         <size>0x14</size>
         <input_file_ref idref="fl-e2"/>
      </object_component>
      <object_component id="oc-15d">
         <name>.text:GPIOPinTypeGPIOInput</name>
         <load_address>0x40c8</load_address>
         <run_address>0x40c8</run_address>
         <size>0x12</size>
         <input_file_ref idref="fl-e5"/>
      </object_component>
      <object_component id="oc-2a8">
         <name>.text:GPIOPinTypeTimer</name>
         <load_address>0x40da</load_address>
         <run_address>0x40da</run_address>
         <size>0x12</size>
         <input_file_ref idref="fl-e5"/>
      </object_component>
      <object_component id="oc-a4">
         <name>.text:GPIOPinTypeUART</name>
         <load_address>0x40ec</load_address>
         <run_address>0x40ec</run_address>
         <size>0x12</size>
         <input_file_ref idref="fl-e5"/>
      </object_component>
      <object_component id="oc-1a9">
         <name>.text:FPUEnable</name>
         <load_address>0x4100</load_address>
         <run_address>0x4100</run_address>
         <size>0x10</size>
         <input_file_ref idref="fl-e4"/>
      </object_component>
      <object_component id="oc-1af">
         <name>.text:FPULazyStackingEnable</name>
         <load_address>0x4110</load_address>
         <run_address>0x4110</run_address>
         <size>0x10</size>
         <input_file_ref idref="fl-e4"/>
      </object_component>
      <object_component id="oc-185">
         <name>.text:IntMasterEnable</name>
         <load_address>0x4120</load_address>
         <run_address>0x4120</run_address>
         <size>0x10</size>
         <input_file_ref idref="fl-e6"/>
      </object_component>
      <object_component id="oc-191">
         <name>.text:TimerEnable</name>
         <load_address>0x4130</load_address>
         <run_address>0x4130</run_address>
         <size>0xe</size>
         <input_file_ref idref="fl-e8"/>
      </object_component>
      <object_component id="oc-ce">
         <name>.text:UARTCharGetNonBlocking</name>
         <load_address>0x413e</load_address>
         <run_address>0x413e</run_address>
         <size>0xe</size>
         <input_file_ref idref="fl-e9"/>
      </object_component>
      <object_component id="oc-d4">
         <name>.text:UARTCharsAvail</name>
         <load_address>0x414c</load_address>
         <run_address>0x414c</run_address>
         <size>0xe</size>
         <input_file_ref idref="fl-e9"/>
      </object_component>
      <object_component id="oc-18">
         <name>.text:decompress:none</name>
         <load_address>0x415a</load_address>
         <run_address>0x415a</run_address>
         <size>0xe</size>
         <input_file_ref idref="fl-c7"/>
      </object_component>
      <object_component id="oc-297">
         <name>.text:CPUcpsie</name>
         <load_address>0x4168</load_address>
         <run_address>0x4168</run_address>
         <size>0xc</size>
         <input_file_ref idref="fl-ea"/>
      </object_component>
      <object_component id="oc-1e">
         <name>.text:decompress:ZI</name>
         <load_address>0x4174</load_address>
         <run_address>0x4174</run_address>
         <size>0xc</size>
         <input_file_ref idref="fl-c8"/>
      </object_component>
      <object_component id="oc-2b">
         <name>.text</name>
         <load_address>0x4180</load_address>
         <run_address>0x4180</run_address>
         <size>0xc</size>
         <input_file_ref idref="fl-8"/>
      </object_component>
      <object_component id="oc-197">
         <name>.text:TimerIntStatus</name>
         <load_address>0x418c</load_address>
         <run_address>0x418c</run_address>
         <size>0xa</size>
         <input_file_ref idref="fl-e8"/>
      </object_component>
      <object_component id="oc-2a2">
         <name>.text:TimerValueGet</name>
         <load_address>0x4196</load_address>
         <run_address>0x4196</run_address>
         <size>0xa</size>
         <input_file_ref idref="fl-e8"/>
      </object_component>
      <object_component id="oc-1b6">
         <name>.text:UARTFIFOEnable</name>
         <load_address>0x41a0</load_address>
         <run_address>0x41a0</run_address>
         <size>0xa</size>
         <input_file_ref idref="fl-e9"/>
      </object_component>
      <object_component id="oc-c2">
         <name>.text:UARTIntStatus</name>
         <load_address>0x41aa</load_address>
         <run_address>0x41aa</run_address>
         <size>0xa</size>
         <input_file_ref idref="fl-e9"/>
      </object_component>
      <object_component id="oc-18b">
         <name>.text:TimerIntEnable</name>
         <load_address>0x41b4</load_address>
         <run_address>0x41b4</run_address>
         <size>0x8</size>
         <input_file_ref idref="fl-e8"/>
      </object_component>
      <object_component id="oc-bc">
         <name>.text:UARTIntEnable</name>
         <load_address>0x41bc</load_address>
         <run_address>0x41bc</run_address>
         <size>0x8</size>
         <input_file_ref idref="fl-e9"/>
      </object_component>
      <object_component id="oc-10d">
         <name>.text:GPIOPinRead</name>
         <load_address>0x41c4</load_address>
         <run_address>0x41c4</run_address>
         <size>0x6</size>
         <input_file_ref idref="fl-e5"/>
      </object_component>
      <object_component id="oc-ee">
         <name>.text:GPIOPinWrite</name>
         <load_address>0x41ca</load_address>
         <run_address>0x41ca</run_address>
         <size>0x6</size>
         <input_file_ref idref="fl-e5"/>
      </object_component>
      <object_component id="oc-179">
         <name>.text:TimerClockSourceSet</name>
         <load_address>0x41d0</load_address>
         <run_address>0x41d0</run_address>
         <size>0x6</size>
         <input_file_ref idref="fl-e8"/>
      </object_component>
      <object_component id="oc-145">
         <name>.text:UARTClockSourceSet</name>
         <load_address>0x41d6</load_address>
         <run_address>0x41d6</run_address>
         <size>0x6</size>
         <input_file_ref idref="fl-e9"/>
      </object_component>
      <object_component id="oc-1bc">
         <name>.text:UARTFIFOLevelSet</name>
         <load_address>0x41dc</load_address>
         <run_address>0x41dc</run_address>
         <size>0x6</size>
         <input_file_ref idref="fl-e9"/>
      </object_component>
      <object_component id="oc-19d">
         <name>.text:TimerIntClear</name>
         <load_address>0x41e2</load_address>
         <run_address>0x41e2</run_address>
         <size>0x4</size>
         <input_file_ref idref="fl-e8"/>
      </object_component>
      <object_component id="oc-c8">
         <name>.text:UARTIntClear</name>
         <load_address>0x41e6</load_address>
         <run_address>0x41e6</run_address>
         <size>0x4</size>
         <input_file_ref idref="fl-e9"/>
      </object_component>
      <object_component id="oc-7b">
         <name>.text</name>
         <load_address>0x41ea</load_address>
         <run_address>0x41ea</run_address>
         <size>0x4</size>
         <input_file_ref idref="fl-d8"/>
      </object_component>
      <object_component id="oc-359">
         <name>.const:g_pui32Regs</name>
         <load_address>0x41f0</load_address>
         <run_address>0x41f0</run_address>
         <size>0x9c</size>
         <input_file_ref idref="fl-e6"/>
      </object_component>
      <object_component id="oc-205">
         <name>.const:g_pui32GPIOBaseAddrs</name>
         <load_address>0x428c</load_address>
         <run_address>0x428c</run_address>
         <size>0x90</size>
         <input_file_ref idref="fl-e5"/>
      </object_component>
      <object_component id="oc-223">
         <name>.const</name>
         <load_address>0x431c</load_address>
         <run_address>0x431c</run_address>
         <size>0x70</size>
         <input_file_ref idref="fl-e6"/>
      </object_component>
      <object_component id="oc-211">
         <name>.const:g_pui32Xtals</name>
         <load_address>0x438c</load_address>
         <run_address>0x438c</run_address>
         <size>0x6c</size>
         <input_file_ref idref="fl-e7"/>
      </object_component>
      <object_component id="oc-386">
         <name>.const:g_ppui32TimerIntMap</name>
         <load_address>0x43f8</load_address>
         <run_address>0x43f8</run_address>
         <size>0x60</size>
         <input_file_ref idref="fl-e8"/>
      </object_component>
      <object_component id="oc-389">
         <name>.const:g_ppui32TimerIntMapSnowflake</name>
         <load_address>0x4458</load_address>
         <run_address>0x4458</run_address>
         <size>0x40</size>
         <input_file_ref idref="fl-e8"/>
      </object_component>
      <object_component id="oc-315">
         <name>.const:$O1$$</name>
         <load_address>0x4498</load_address>
         <run_address>0x4498</run_address>
         <size>0x30</size>
         <input_file_ref idref="fl-c9"/>
      </object_component>
      <object_component id="oc-341">
         <name>.const:.string</name>
         <load_address>0x44c8</load_address>
         <run_address>0x44c8</run_address>
         <size>0x12</size>
         <input_file_ref idref="fl-9"/>
      </object_component>
      <object_component id="oc-27a">
         <name>.const:g_ui32UARTBase</name>
         <load_address>0x44dc</load_address>
         <run_address>0x44dc</run_address>
         <size>0xc</size>
         <input_file_ref idref="fl-9"/>
      </object_component>
      <object_component id="oc-274">
         <name>.const:g_ui32UARTPeriph</name>
         <load_address>0x44e8</load_address>
         <run_address>0x44e8</run_address>
         <size>0xc</size>
         <input_file_ref idref="fl-9"/>
      </object_component>
      <object_component id="oc-282">
         <name>.const</name>
         <load_address>0x44f4</load_address>
         <run_address>0x44f4</run_address>
         <size>0x4</size>
         <input_file_ref idref="fl-9"/>
      </object_component>
      <object_component id="oc-3c0">
         <name>.cinit..data.load</name>
         <load_address>0x44f8</load_address>
         <run_address>0x44f8</run_address>
         <size>0x31</size>
      </object_component>
      <object_component id="oc-3bd">
         <name>__TI_handler_table</name>
         <load_address>0x452c</load_address>
         <run_address>0x452c</run_address>
         <size>0xc</size>
      </object_component>
      <object_component id="oc-3c1">
         <name>.cinit..bss.load</name>
         <load_address>0x4538</load_address>
         <run_address>0x4538</run_address>
         <size>0x8</size>
      </object_component>
      <object_component id="oc-3bf">
         <name>.cinit..vtable.load</name>
         <load_address>0x4540</load_address>
         <run_address>0x4540</run_address>
         <size>0x8</size>
      </object_component>
      <object_component id="oc-3be">
         <name>__TI_cinit_table</name>
         <load_address>0x4548</load_address>
         <run_address>0x4548</run_address>
         <size>0x18</size>
      </object_component>
      <object_component id="oc-38d">
         <name>.vtable</name>
         <uninitialized>true</uninitialized>
         <run_address>0x20000000</run_address>
         <size>0x26c</size>
         <input_file_ref idref="fl-e6"/>
      </object_component>
      <object_component id="oc-138">
         <name>.data</name>
         <load_address>0x200006bc</load_address>
         <run_address>0x200006bc</run_address>
         <size>0x11</size>
         <input_file_ref idref="fl-2"/>
      </object_component>
      <object_component id="oc-1a6">
         <name>.data</name>
         <load_address>0x200006d0</load_address>
         <run_address>0x200006d0</run_address>
         <size>0x10</size>
         <input_file_ref idref="fl-4"/>
      </object_component>
      <object_component id="oc-169">
         <name>.data</name>
         <load_address>0x20000710</load_address>
         <run_address>0x20000710</run_address>
         <size>0x6</size>
         <input_file_ref idref="fl-5"/>
      </object_component>
      <object_component id="oc-1c2">
         <name>.data:Rx_Buffer_attitude</name>
         <load_address>0x20000658</load_address>
         <run_address>0x20000658</run_address>
         <size>0x28</size>
         <input_file_ref idref="fl-5"/>
      </object_component>
      <object_component id="oc-1c6">
         <name>.data:Rx_Buffer_height</name>
         <load_address>0x200006a8</load_address>
         <run_address>0x200006a8</run_address>
         <size>0x14</size>
         <input_file_ref idref="fl-5"/>
      </object_component>
      <object_component id="oc-f4">
         <name>.data</name>
         <load_address>0x20000718</load_address>
         <run_address>0x20000718</run_address>
         <size>0x5</size>
         <input_file_ref idref="fl-6"/>
      </object_component>
      <object_component id="oc-da">
         <name>.data</name>
         <load_address>0x20000700</load_address>
         <run_address>0x20000700</run_address>
         <size>0x8</size>
         <input_file_ref idref="fl-7"/>
      </object_component>
      <object_component id="oc-277">
         <name>.data</name>
         <load_address>0x20000720</load_address>
         <run_address>0x20000720</run_address>
         <size>0x5</size>
         <input_file_ref idref="fl-9"/>
      </object_component>
      <object_component id="oc-126">
         <name>.data</name>
         <load_address>0x200006ec</load_address>
         <run_address>0x200006ec</run_address>
         <size>0xa</size>
         <input_file_ref idref="fl-a"/>
      </object_component>
      <object_component id="oc-2c1">
         <name>.data:ultrasonic_distance_history</name>
         <load_address>0x20000680</load_address>
         <run_address>0x20000680</run_address>
         <size>0x28</size>
         <input_file_ref idref="fl-a"/>
      </object_component>
      <object_component id="oc-2c0">
         <name>.data:ui32Time$2</name>
         <load_address>0x20000708</load_address>
         <run_address>0x20000708</run_address>
         <size>0x8</size>
         <input_file_ref idref="fl-a"/>
      </object_component>
      <object_component id="oc-312">
         <name>.data</name>
         <load_address>0x20000728</load_address>
         <run_address>0x20000728</run_address>
         <size>0x4</size>
         <input_file_ref idref="fl-cb"/>
      </object_component>
      <object_component id="oc-1f8">
         <name>.data:$O1$$</name>
         <load_address>0x200006e0</load_address>
         <run_address>0x200006e0</run_address>
         <size>0xc</size>
         <input_file_ref idref="fl-cc"/>
      </object_component>
      <object_component id="oc-93">
         <name>.data</name>
         <load_address>0x2000072c</load_address>
         <run_address>0x2000072c</run_address>
         <size>0x4</size>
         <input_file_ref idref="fl-da"/>
      </object_component>
      <object_component id="oc-1fb">
         <name>.data:$O1$$</name>
         <load_address>0x200006f8</load_address>
         <run_address>0x200006f8</run_address>
         <size>0x8</size>
         <input_file_ref idref="fl-dd"/>
      </object_component>
      <object_component id="oc-f7">
         <name>.bss:ppm_data_buf</name>
         <uninitialized>true</uninitialized>
         <run_address>0x200005cc</run_address>
         <size>0x24</size>
         <input_file_ref idref="fl-6"/>
      </object_component>
      <object_component id="oc-fa">
         <name>.bss</name>
         <uninitialized>true</uninitialized>
         <run_address>0x20000614</run_address>
         <size>0xc</size>
         <input_file_ref idref="fl-6"/>
      </object_component>
      <object_component id="oc-fd">
         <name>.bss:ppm_data_shadow</name>
         <uninitialized>true</uninitialized>
         <run_address>0x200005f0</run_address>
         <size>0x12</size>
         <input_file_ref idref="fl-6"/>
      </object_component>
      <object_component id="oc-1ca">
         <name>.common:UART3_Rx_Buffers</name>
         <uninitialized>true</uninitialized>
         <run_address>0x20000620</run_address>
         <size>0xc</size>
      </object_component>
      <object_component id="oc-12c">
         <name>.common:ppm_data</name>
         <uninitialized>true</uninitialized>
         <run_address>0x20000602</run_address>
         <size>0x12</size>
      </object_component>
      <object_component id="oc-122">
         <name>.common:altitude_controler</name>
         <uninitialized>true</uninitialized>
         <run_address>0x200005a0</run_address>
         <size>0x2c</size>
      </object_component>
      <object_component id="oc-137">
         <name>.common:position_controler</name>
         <uninitialized>true</uninitialized>
         <run_address>0x20000470</run_address>
         <size>0x68</size>
      </object_component>
      <object_component id="oc-125">
         <name>.common:altitude_ewa</name>
         <uninitialized>true</uninitialized>
         <run_address>0x20000570</run_address>
         <size>0x30</size>
      </object_component>
      <object_component id="oc-1c5">
         <name>.common:rx_buffer</name>
         <uninitialized>true</uninitialized>
         <run_address>0x20000657</run_address>
         <size>0x1</size>
      </object_component>
      <object_component id="oc-173">
         <name>.common:int_pitch</name>
         <uninitialized>true</uninitialized>
         <run_address>0x20000638</run_address>
         <size>0x4</size>
      </object_component>
      <object_component id="oc-174">
         <name>.common:int_roll</name>
         <uninitialized>true</uninitialized>
         <run_address>0x2000063c</run_address>
         <size>0x4</size>
      </object_component>
      <object_component id="oc-175">
         <name>.common:int_yaw</name>
         <uninitialized>true</uninitialized>
         <run_address>0x20000640</run_address>
         <size>0x4</size>
      </object_component>
      <object_component id="oc-178">
         <name>.common:int_mavlink_height</name>
         <uninitialized>true</uninitialized>
         <run_address>0x20000634</run_address>
         <size>0x4</size>
      </object_component>
      <object_component id="oc-170">
         <name>.common:pitch</name>
         <uninitialized>true</uninitialized>
         <run_address>0x20000648</run_address>
         <size>0x4</size>
      </object_component>
      <object_component id="oc-171">
         <name>.common:roll</name>
         <uninitialized>true</uninitialized>
         <run_address>0x2000064c</run_address>
         <size>0x4</size>
      </object_component>
      <object_component id="oc-172">
         <name>.common:yaw</name>
         <uninitialized>true</uninitialized>
         <run_address>0x20000650</run_address>
         <size>0x4</size>
      </object_component>
      <object_component id="oc-176">
         <name>.common:mavlink_height</name>
         <uninitialized>true</uninitialized>
         <run_address>0x20000644</run_address>
         <size>0x4</size>
      </object_component>
      <object_component id="oc-16f">
         <name>.common:payload_buf_index</name>
         <uninitialized>true</uninitialized>
         <run_address>0x20000656</run_address>
         <size>0x1</size>
      </object_component>
      <object_component id="oc-16c">
         <name>.common:Source_attitude_payload</name>
         <uninitialized>true</uninitialized>
         <run_address>0x20000540</run_address>
         <size>0x30</size>
      </object_component>
      <object_component id="oc-177">
         <name>.common:Source_Rangefinder_payload</name>
         <uninitialized>true</uninitialized>
         <run_address>0x2000062c</run_address>
         <size>0x8</size>
      </object_component>
      <object_component id="oc-dd">
         <name>.common:UART1_Rx_Buffers</name>
         <uninitialized>true</uninitialized>
         <run_address>0x200004d8</run_address>
         <size>0x34</size>
      </object_component>
      <object_component id="oc-e1">
         <name>.common:UART1_Rx_Len</name>
         <uninitialized>true</uninitialized>
         <run_address>0x20000654</run_address>
         <size>0x1</size>
      </object_component>
      <object_component id="oc-e0">
         <name>.common:UART1_Sender_Address</name>
         <uninitialized>true</uninitialized>
         <run_address>0x20000655</run_address>
         <size>0x1</size>
      </object_component>
      <object_component id="oc-e2">
         <name>.common:UART1_Rx_Data</name>
         <uninitialized>true</uninitialized>
         <run_address>0x2000050c</run_address>
         <size>0x34</size>
      </object_component>
      <object_component id="oc-2a">
         <name>.stack</name>
         <uninitialized>true</uninitialized>
         <run_address>0x2000026c</run_address>
         <size>0x0</size>
         <input_file_ref idref="fl-c5"/>
      </object_component>
      <object_component id="oc-3c2">
         <name>.stack</name>
         <uninitialized>true</uninitialized>
         <run_address>0x2000026c</run_address>
         <size>0x0</size>
      </object_component>
      <object_component id="oc-1cb">
         <name>.debug_info</name>
         <load_address>0x0</load_address>
         <run_address>0x0</run_address>
         <size>0x360</size>
         <input_file_ref idref="fl-2"/>
      </object_component>
      <object_component id="oc-139">
         <name>.debug_info</name>
         <load_address>0x360</load_address>
         <run_address>0x360</run_address>
         <size>0x109</size>
         <input_file_ref idref="fl-2"/>
      </object_component>
      <object_component id="oc-4a">
         <name>.debug_info</name>
         <load_address>0x469</load_address>
         <run_address>0x469</run_address>
         <size>0x382</size>
         <input_file_ref idref="fl-2"/>
      </object_component>
      <object_component id="oc-231">
         <name>.debug_info</name>
         <load_address>0x7eb</load_address>
         <run_address>0x7eb</run_address>
         <size>0x196</size>
         <input_file_ref idref="fl-2"/>
      </object_component>
      <object_component id="oc-e4">
         <name>.debug_info</name>
         <load_address>0x981</load_address>
         <run_address>0x981</run_address>
         <size>0x8b</size>
         <input_file_ref idref="fl-2"/>
      </object_component>
      <object_component id="oc-e9">
         <name>.debug_info</name>
         <load_address>0xa0c</load_address>
         <run_address>0xa0c</run_address>
         <size>0x18b</size>
         <input_file_ref idref="fl-2"/>
      </object_component>
      <object_component id="oc-287">
         <name>.debug_info</name>
         <load_address>0xb97</load_address>
         <run_address>0xb97</run_address>
         <size>0x4e</size>
         <input_file_ref idref="fl-2"/>
      </object_component>
      <object_component id="oc-252">
         <name>.debug_info</name>
         <load_address>0xbe5</load_address>
         <run_address>0xbe5</run_address>
         <size>0x16c</size>
         <input_file_ref idref="fl-3"/>
      </object_component>
      <object_component id="oc-103">
         <name>.debug_info</name>
         <load_address>0xd51</load_address>
         <run_address>0xd51</run_address>
         <size>0x44f</size>
         <input_file_ref idref="fl-3"/>
      </object_component>
      <object_component id="oc-25a">
         <name>.debug_info</name>
         <load_address>0x11a0</load_address>
         <run_address>0x11a0</run_address>
         <size>0x117</size>
         <input_file_ref idref="fl-3"/>
      </object_component>
      <object_component id="oc-123">
         <name>.debug_info</name>
         <load_address>0x12b7</load_address>
         <run_address>0x12b7</run_address>
         <size>0xafa</size>
         <input_file_ref idref="fl-4"/>
      </object_component>
      <object_component id="oc-1a7">
         <name>.debug_info</name>
         <load_address>0x1db1</load_address>
         <run_address>0x1db1</run_address>
         <size>0xd3</size>
         <input_file_ref idref="fl-4"/>
      </object_component>
      <object_component id="oc-3f">
         <name>.debug_info</name>
         <load_address>0x1e84</load_address>
         <run_address>0x1e84</run_address>
         <size>0x163e</size>
         <input_file_ref idref="fl-4"/>
      </object_component>
      <object_component id="oc-244">
         <name>.debug_info</name>
         <load_address>0x34c2</load_address>
         <run_address>0x34c2</run_address>
         <size>0x5e</size>
         <input_file_ref idref="fl-4"/>
      </object_component>
      <object_component id="oc-264">
         <name>.debug_info</name>
         <load_address>0x3520</load_address>
         <run_address>0x3520</run_address>
         <size>0x2cd</size>
         <input_file_ref idref="fl-4"/>
      </object_component>
      <object_component id="oc-25f">
         <name>.debug_info</name>
         <load_address>0x37ed</load_address>
         <run_address>0x37ed</run_address>
         <size>0xf5</size>
         <input_file_ref idref="fl-4"/>
      </object_component>
      <object_component id="oc-16d">
         <name>.debug_info</name>
         <load_address>0x38e2</load_address>
         <run_address>0x38e2</run_address>
         <size>0x5c9</size>
         <input_file_ref idref="fl-5"/>
      </object_component>
      <object_component id="oc-16a">
         <name>.debug_info</name>
         <load_address>0x3eab</load_address>
         <run_address>0x3eab</run_address>
         <size>0x167</size>
         <input_file_ref idref="fl-5"/>
      </object_component>
      <object_component id="oc-1c3">
         <name>.debug_info</name>
         <load_address>0x4012</load_address>
         <run_address>0x4012</run_address>
         <size>0xd4</size>
         <input_file_ref idref="fl-5"/>
      </object_component>
      <object_component id="oc-1c7">
         <name>.debug_info</name>
         <load_address>0x40e6</load_address>
         <run_address>0x40e6</run_address>
         <size>0xd0</size>
         <input_file_ref idref="fl-5"/>
      </object_component>
      <object_component id="oc-46">
         <name>.debug_info</name>
         <load_address>0x41b6</load_address>
         <run_address>0x41b6</run_address>
         <size>0x691</size>
         <input_file_ref idref="fl-5"/>
      </object_component>
      <object_component id="oc-1df">
         <name>.debug_info</name>
         <load_address>0x4847</load_address>
         <run_address>0x4847</run_address>
         <size>0x2c</size>
         <input_file_ref idref="fl-5"/>
      </object_component>
      <object_component id="oc-101">
         <name>.debug_info</name>
         <load_address>0x4873</load_address>
         <run_address>0x4873</run_address>
         <size>0x12e</size>
         <input_file_ref idref="fl-6"/>
      </object_component>
      <object_component id="oc-f5">
         <name>.debug_info</name>
         <load_address>0x49a1</load_address>
         <run_address>0x49a1</run_address>
         <size>0xe9</size>
         <input_file_ref idref="fl-6"/>
      </object_component>
      <object_component id="oc-f8">
         <name>.debug_info</name>
         <load_address>0x4a8a</load_address>
         <run_address>0x4a8a</run_address>
         <size>0xc3</size>
         <input_file_ref idref="fl-6"/>
      </object_component>
      <object_component id="oc-fb">
         <name>.debug_info</name>
         <load_address>0x4b4d</load_address>
         <run_address>0x4b4d</run_address>
         <size>0x131</size>
         <input_file_ref idref="fl-6"/>
      </object_component>
      <object_component id="oc-fe">
         <name>.debug_info</name>
         <load_address>0x4c7e</load_address>
         <run_address>0x4c7e</run_address>
         <size>0xc9</size>
         <input_file_ref idref="fl-6"/>
      </object_component>
      <object_component id="oc-3a">
         <name>.debug_info</name>
         <load_address>0x4d47</load_address>
         <run_address>0x4d47</run_address>
         <size>0xa92</size>
         <input_file_ref idref="fl-6"/>
      </object_component>
      <object_component id="oc-23d">
         <name>.debug_info</name>
         <load_address>0x57d9</load_address>
         <run_address>0x57d9</run_address>
         <size>0x63</size>
         <input_file_ref idref="fl-6"/>
      </object_component>
      <object_component id="oc-de">
         <name>.debug_info</name>
         <load_address>0x583c</load_address>
         <run_address>0x583c</run_address>
         <size>0x425</size>
         <input_file_ref idref="fl-7"/>
      </object_component>
      <object_component id="oc-db">
         <name>.debug_info</name>
         <load_address>0x5c61</load_address>
         <run_address>0x5c61</run_address>
         <size>0xd4</size>
         <input_file_ref idref="fl-7"/>
      </object_component>
      <object_component id="oc-33">
         <name>.debug_info</name>
         <load_address>0x5d35</load_address>
         <run_address>0x5d35</run_address>
         <size>0x342</size>
         <input_file_ref idref="fl-7"/>
      </object_component>
      <object_component id="oc-51">
         <name>.debug_info</name>
         <load_address>0x6077</load_address>
         <run_address>0x6077</run_address>
         <size>0x1b4</size>
         <input_file_ref idref="fl-8"/>
      </object_component>
      <object_component id="oc-10">
         <name>.debug_info</name>
         <load_address>0x622b</load_address>
         <run_address>0x622b</run_address>
         <size>0xd9</size>
         <input_file_ref idref="fl-8"/>
      </object_component>
      <object_component id="oc-2f">
         <name>.debug_info</name>
         <load_address>0x6304</load_address>
         <run_address>0x6304</run_address>
         <size>0x255</size>
         <input_file_ref idref="fl-8"/>
      </object_component>
      <object_component id="oc-58">
         <name>.debug_info</name>
         <load_address>0x6559</load_address>
         <run_address>0x6559</run_address>
         <size>0x84</size>
         <input_file_ref idref="fl-8"/>
      </object_component>
      <object_component id="oc-286">
         <name>.debug_info</name>
         <load_address>0x65dd</load_address>
         <run_address>0x65dd</run_address>
         <size>0xed</size>
         <input_file_ref idref="fl-9"/>
      </object_component>
      <object_component id="oc-278">
         <name>.debug_info</name>
         <load_address>0x66ca</load_address>
         <run_address>0x66ca</run_address>
         <size>0xd4</size>
         <input_file_ref idref="fl-9"/>
      </object_component>
      <object_component id="oc-283">
         <name>.debug_info</name>
         <load_address>0x679e</load_address>
         <run_address>0x679e</run_address>
         <size>0xce</size>
         <input_file_ref idref="fl-9"/>
      </object_component>
      <object_component id="oc-27b">
         <name>.debug_info</name>
         <load_address>0x686c</load_address>
         <run_address>0x686c</run_address>
         <size>0xdc</size>
         <input_file_ref idref="fl-9"/>
      </object_component>
      <object_component id="oc-275">
         <name>.debug_info</name>
         <load_address>0x6948</load_address>
         <run_address>0x6948</run_address>
         <size>0xe0</size>
         <input_file_ref idref="fl-9"/>
      </object_component>
      <object_component id="oc-14d">
         <name>.debug_info</name>
         <load_address>0x6a28</load_address>
         <run_address>0x6a28</run_address>
         <size>0x7b0</size>
         <input_file_ref idref="fl-9"/>
      </object_component>
      <object_component id="oc-26a">
         <name>.debug_info</name>
         <load_address>0x71d8</load_address>
         <run_address>0x71d8</run_address>
         <size>0x459</size>
         <input_file_ref idref="fl-a"/>
      </object_component>
      <object_component id="oc-12a">
         <name>.debug_info</name>
         <load_address>0x7631</load_address>
         <run_address>0x7631</run_address>
         <size>0x116</size>
         <input_file_ref idref="fl-a"/>
      </object_component>
      <object_component id="oc-2c2">
         <name>.debug_info</name>
         <load_address>0x7747</load_address>
         <run_address>0x7747</run_address>
         <size>0xe9</size>
         <input_file_ref idref="fl-a"/>
      </object_component>
      <object_component id="oc-127">
         <name>.debug_info</name>
         <load_address>0x7830</load_address>
         <run_address>0x7830</run_address>
         <size>0x526</size>
         <input_file_ref idref="fl-a"/>
      </object_component>
      <object_component id="oc-27">
         <name>.debug_info</name>
         <load_address>0x7d56</load_address>
         <run_address>0x7d56</run_address>
         <size>0x160</size>
         <input_file_ref idref="fl-c5"/>
      </object_component>
      <object_component id="oc-1d5">
         <name>.debug_info</name>
         <load_address>0x7eb6</load_address>
         <run_address>0x7eb6</run_address>
         <size>0xf9</size>
         <input_file_ref idref="fl-c6"/>
      </object_component>
      <object_component id="oc-14">
         <name>.debug_info</name>
         <load_address>0x7faf</load_address>
         <run_address>0x7faf</run_address>
         <size>0x245</size>
         <input_file_ref idref="fl-c6"/>
      </object_component>
      <object_component id="oc-53">
         <name>.debug_info</name>
         <load_address>0x81f4</load_address>
         <run_address>0x81f4</run_address>
         <size>0x60</size>
         <input_file_ref idref="fl-c6"/>
      </object_component>
      <object_component id="oc-1d0">
         <name>.debug_info</name>
         <load_address>0x8254</load_address>
         <run_address>0x8254</run_address>
         <size>0x46</size>
         <input_file_ref idref="fl-c6"/>
      </object_component>
      <object_component id="oc-68">
         <name>.debug_info</name>
         <load_address>0x829a</load_address>
         <run_address>0x829a</run_address>
         <size>0x140</size>
         <input_file_ref idref="fl-c7"/>
      </object_component>
      <object_component id="oc-19">
         <name>.debug_info</name>
         <load_address>0x83da</load_address>
         <run_address>0x83da</run_address>
         <size>0x1df</size>
         <input_file_ref idref="fl-c7"/>
      </object_component>
      <object_component id="oc-63">
         <name>.debug_info</name>
         <load_address>0x85b9</load_address>
         <run_address>0x85b9</run_address>
         <size>0x46</size>
         <input_file_ref idref="fl-c7"/>
      </object_component>
      <object_component id="oc-1d7">
         <name>.debug_info</name>
         <load_address>0x85ff</load_address>
         <run_address>0x85ff</run_address>
         <size>0x2c</size>
         <input_file_ref idref="fl-c7"/>
      </object_component>
      <object_component id="oc-74">
         <name>.debug_info</name>
         <load_address>0x862b</load_address>
         <run_address>0x862b</run_address>
         <size>0x12f</size>
         <input_file_ref idref="fl-c8"/>
      </object_component>
      <object_component id="oc-22">
         <name>.debug_info</name>
         <load_address>0x875a</load_address>
         <run_address>0x875a</run_address>
         <size>0x1aa</size>
         <input_file_ref idref="fl-c8"/>
      </object_component>
      <object_component id="oc-6f">
         <name>.debug_info</name>
         <load_address>0x8904</load_address>
         <run_address>0x8904</run_address>
         <size>0x46</size>
         <input_file_ref idref="fl-c8"/>
      </object_component>
      <object_component id="oc-32e">
         <name>.debug_info</name>
         <load_address>0x894a</load_address>
         <run_address>0x894a</run_address>
         <size>0x201</size>
         <input_file_ref idref="fl-c9"/>
      </object_component>
      <object_component id="oc-316">
         <name>.debug_info</name>
         <load_address>0x8b4b</load_address>
         <run_address>0x8b4b</run_address>
         <size>0x11d</size>
         <input_file_ref idref="fl-c9"/>
      </object_component>
      <object_component id="oc-24e">
         <name>.debug_info</name>
         <load_address>0x8c68</load_address>
         <run_address>0x8c68</run_address>
         <size>0xb75</size>
         <input_file_ref idref="fl-c9"/>
      </object_component>
      <object_component id="oc-329">
         <name>.debug_info</name>
         <load_address>0x97dd</load_address>
         <run_address>0x97dd</run_address>
         <size>0x39</size>
         <input_file_ref idref="fl-c9"/>
      </object_component>
      <object_component id="oc-36f">
         <name>.debug_info</name>
         <load_address>0x9816</load_address>
         <run_address>0x9816</run_address>
         <size>0x149</size>
         <input_file_ref idref="fl-ca"/>
      </object_component>
      <object_component id="oc-30e">
         <name>.debug_info</name>
         <load_address>0x995f</load_address>
         <run_address>0x995f</run_address>
         <size>0x240</size>
         <input_file_ref idref="fl-ca"/>
      </object_component>
      <object_component id="oc-313">
         <name>.debug_info</name>
         <load_address>0x9b9f</load_address>
         <run_address>0x9b9f</run_address>
         <size>0xf3</size>
         <input_file_ref idref="fl-cb"/>
      </object_component>
      <object_component id="oc-1ff">
         <name>.debug_info</name>
         <load_address>0x9c92</load_address>
         <run_address>0x9c92</run_address>
         <size>0x234</size>
         <input_file_ref idref="fl-cc"/>
      </object_component>
      <object_component id="oc-1f9">
         <name>.debug_info</name>
         <load_address>0x9ec6</load_address>
         <run_address>0x9ec6</run_address>
         <size>0x185</size>
         <input_file_ref idref="fl-cc"/>
      </object_component>
      <object_component id="oc-90">
         <name>.debug_info</name>
         <load_address>0xa04b</load_address>
         <run_address>0xa04b</run_address>
         <size>0x214</size>
         <input_file_ref idref="fl-cc"/>
      </object_component>
      <object_component id="oc-133">
         <name>.debug_info</name>
         <load_address>0xa25f</load_address>
         <run_address>0xa25f</run_address>
         <size>0x144</size>
         <input_file_ref idref="fl-cd"/>
      </object_component>
      <object_component id="oc-31b">
         <name>.debug_info</name>
         <load_address>0xa3a3</load_address>
         <run_address>0xa3a3</run_address>
         <size>0x120</size>
         <input_file_ref idref="fl-ce"/>
      </object_component>
      <object_component id="oc-320">
         <name>.debug_info</name>
         <load_address>0xa4c3</load_address>
         <run_address>0xa4c3</run_address>
         <size>0x122</size>
         <input_file_ref idref="fl-ce"/>
      </object_component>
      <object_component id="oc-11f">
         <name>.debug_info</name>
         <load_address>0xa5e5</load_address>
         <run_address>0xa5e5</run_address>
         <size>0x132</size>
         <input_file_ref idref="fl-cf"/>
      </object_component>
      <object_component id="oc-11a">
         <name>.debug_info</name>
         <load_address>0xa717</load_address>
         <run_address>0xa717</run_address>
         <size>0x132</size>
         <input_file_ref idref="fl-d0"/>
      </object_component>
      <object_component id="oc-10a">
         <name>.debug_info</name>
         <load_address>0xa849</load_address>
         <run_address>0xa849</run_address>
         <size>0x126</size>
         <input_file_ref idref="fl-d1"/>
      </object_component>
      <object_component id="oc-143">
         <name>.debug_info</name>
         <load_address>0xa96f</load_address>
         <run_address>0xa96f</run_address>
         <size>0x136</size>
         <input_file_ref idref="fl-d2"/>
      </object_component>
      <object_component id="oc-13c">
         <name>.debug_info</name>
         <load_address>0xaaa5</load_address>
         <run_address>0xaaa5</run_address>
         <size>0x124</size>
         <input_file_ref idref="fl-d3"/>
      </object_component>
      <object_component id="oc-130">
         <name>.debug_info</name>
         <load_address>0xabc9</load_address>
         <run_address>0xabc9</run_address>
         <size>0x124</size>
         <input_file_ref idref="fl-d4"/>
      </object_component>
      <object_component id="oc-5e">
         <name>.debug_info</name>
         <load_address>0xaced</load_address>
         <run_address>0xaced</run_address>
         <size>0x111</size>
         <input_file_ref idref="fl-d5"/>
      </object_component>
      <object_component id="oc-6a">
         <name>.debug_info</name>
         <load_address>0xadfe</load_address>
         <run_address>0xadfe</run_address>
         <size>0x13f</size>
         <input_file_ref idref="fl-d6"/>
      </object_component>
      <object_component id="oc-79">
         <name>.debug_info</name>
         <load_address>0xaf3d</load_address>
         <run_address>0xaf3d</run_address>
         <size>0x138</size>
         <input_file_ref idref="fl-d7"/>
      </object_component>
      <object_component id="oc-7c">
         <name>.debug_info</name>
         <load_address>0xb075</load_address>
         <run_address>0xb075</run_address>
         <size>0x148</size>
         <input_file_ref idref="fl-d8"/>
      </object_component>
      <object_component id="oc-37d">
         <name>.debug_info</name>
         <load_address>0xb1bd</load_address>
         <run_address>0xb1bd</run_address>
         <size>0x17c</size>
         <input_file_ref idref="fl-d9"/>
      </object_component>
      <object_component id="oc-324">
         <name>.debug_info</name>
         <load_address>0xb339</load_address>
         <run_address>0xb339</run_address>
         <size>0x1d5</size>
         <input_file_ref idref="fl-d9"/>
      </object_component>
      <object_component id="oc-37e">
         <name>.debug_info</name>
         <load_address>0xb50e</load_address>
         <run_address>0xb50e</run_address>
         <size>0x2c</size>
         <input_file_ref idref="fl-d9"/>
      </object_component>
      <object_component id="oc-94">
         <name>.debug_info</name>
         <load_address>0xb53a</load_address>
         <run_address>0xb53a</run_address>
         <size>0x109</size>
         <input_file_ref idref="fl-da"/>
      </object_component>
      <object_component id="oc-280">
         <name>.debug_info</name>
         <load_address>0xb643</load_address>
         <run_address>0xb643</run_address>
         <size>0x13a</size>
         <input_file_ref idref="fl-db"/>
      </object_component>
      <object_component id="oc-114">
         <name>.debug_info</name>
         <load_address>0xb77d</load_address>
         <run_address>0xb77d</run_address>
         <size>0x126</size>
         <input_file_ref idref="fl-dc"/>
      </object_component>
      <object_component id="oc-2f2">
         <name>.debug_info</name>
         <load_address>0xb8a3</load_address>
         <run_address>0xb8a3</run_address>
         <size>0x124</size>
         <input_file_ref idref="fl-dd"/>
      </object_component>
      <object_component id="oc-1fc">
         <name>.debug_info</name>
         <load_address>0xb9c7</load_address>
         <run_address>0xb9c7</run_address>
         <size>0x113</size>
         <input_file_ref idref="fl-dd"/>
      </object_component>
      <object_component id="oc-2eb">
         <name>.debug_info</name>
         <load_address>0xbada</load_address>
         <run_address>0xbada</run_address>
         <size>0x21f</size>
         <input_file_ref idref="fl-dd"/>
      </object_component>
      <object_component id="oc-1f7">
         <name>.debug_info</name>
         <load_address>0xbcf9</load_address>
         <run_address>0xbcf9</run_address>
         <size>0x166</size>
         <input_file_ref idref="fl-de"/>
      </object_component>
      <object_component id="oc-89">
         <name>.debug_info</name>
         <load_address>0xbe5f</load_address>
         <run_address>0xbe5f</run_address>
         <size>0x167</size>
         <input_file_ref idref="fl-de"/>
      </object_component>
      <object_component id="oc-2e3">
         <name>.debug_info</name>
         <load_address>0xbfc6</load_address>
         <run_address>0xbfc6</run_address>
         <size>0x5e</size>
         <input_file_ref idref="fl-de"/>
      </object_component>
      <object_component id="oc-1f5">
         <name>.debug_info</name>
         <load_address>0xc024</load_address>
         <run_address>0xc024</run_address>
         <size>0x2e9</size>
         <input_file_ref idref="fl-df"/>
      </object_component>
      <object_component id="oc-82">
         <name>.debug_info</name>
         <load_address>0xc30d</load_address>
         <run_address>0xc30d</run_address>
         <size>0x190</size>
         <input_file_ref idref="fl-df"/>
      </object_component>
      <object_component id="oc-2d7">
         <name>.debug_info</name>
         <load_address>0xc49d</load_address>
         <run_address>0xc49d</run_address>
         <size>0x39</size>
         <input_file_ref idref="fl-df"/>
      </object_component>
      <object_component id="oc-366">
         <name>.debug_info</name>
         <load_address>0xc4d6</load_address>
         <run_address>0xc4d6</run_address>
         <size>0x39</size>
         <input_file_ref idref="fl-df"/>
      </object_component>
      <object_component id="oc-2dc">
         <name>.debug_info</name>
         <load_address>0xc50f</load_address>
         <run_address>0xc50f</run_address>
         <size>0xcd</size>
         <input_file_ref idref="fl-df"/>
      </object_component>
      <object_component id="oc-2d3">
         <name>.debug_info</name>
         <load_address>0xc5dc</load_address>
         <run_address>0xc5dc</run_address>
         <size>0x1e0</size>
         <input_file_ref idref="fl-e0"/>
      </object_component>
      <object_component id="oc-1ea">
         <name>.debug_info</name>
         <load_address>0xc7bc</load_address>
         <run_address>0xc7bc</run_address>
         <size>0x183</size>
         <input_file_ref idref="fl-e0"/>
      </object_component>
      <object_component id="oc-361">
         <name>.debug_info</name>
         <load_address>0xc93f</load_address>
         <run_address>0xc93f</run_address>
         <size>0x2c</size>
         <input_file_ref idref="fl-e0"/>
      </object_component>
      <object_component id="oc-33e">
         <name>.debug_info</name>
         <load_address>0xc96b</load_address>
         <run_address>0xc96b</run_address>
         <size>0x147</size>
         <input_file_ref idref="fl-e1"/>
      </object_component>
      <object_component id="oc-37a">
         <name>.debug_info</name>
         <load_address>0xcab2</load_address>
         <run_address>0xcab2</run_address>
         <size>0x156</size>
         <input_file_ref idref="fl-e2"/>
      </object_component>
      <object_component id="oc-1ef">
         <name>.debug_info</name>
         <load_address>0xcc08</load_address>
         <run_address>0xcc08</run_address>
         <size>0x145</size>
         <input_file_ref idref="fl-e3"/>
      </object_component>
      <object_component id="oc-1b1">
         <name>.debug_info</name>
         <load_address>0xcd4d</load_address>
         <run_address>0xcd4d</run_address>
         <size>0x225</size>
         <input_file_ref idref="fl-e4"/>
      </object_component>
      <object_component id="oc-1aa">
         <name>.debug_info</name>
         <load_address>0xcf72</load_address>
         <run_address>0xcf72</run_address>
         <size>0x20d</size>
         <input_file_ref idref="fl-e4"/>
      </object_component>
      <object_component id="oc-209">
         <name>.debug_info</name>
         <load_address>0xd17f</load_address>
         <run_address>0xd17f</run_address>
         <size>0x240</size>
         <input_file_ref idref="fl-e5"/>
      </object_component>
      <object_component id="oc-206">
         <name>.debug_info</name>
         <load_address>0xd3bf</load_address>
         <run_address>0xd3bf</run_address>
         <size>0x15b</size>
         <input_file_ref idref="fl-e5"/>
      </object_component>
      <object_component id="oc-ef">
         <name>.debug_info</name>
         <load_address>0xd51a</load_address>
         <run_address>0xd51a</run_address>
         <size>0x2a3</size>
         <input_file_ref idref="fl-e5"/>
      </object_component>
      <object_component id="oc-20b">
         <name>.debug_info</name>
         <load_address>0xd7bd</load_address>
         <run_address>0xd7bd</run_address>
         <size>0x2b3</size>
         <input_file_ref idref="fl-e5"/>
      </object_component>
      <object_component id="oc-164">
         <name>.debug_info</name>
         <load_address>0xda70</load_address>
         <run_address>0xda70</run_address>
         <size>0x316</size>
         <input_file_ref idref="fl-e5"/>
      </object_component>
      <object_component id="oc-a5">
         <name>.debug_info</name>
         <load_address>0xdd86</load_address>
         <run_address>0xdd86</run_address>
         <size>0x27b</size>
         <input_file_ref idref="fl-e5"/>
      </object_component>
      <object_component id="oc-2aa">
         <name>.debug_info</name>
         <load_address>0xe001</load_address>
         <run_address>0xe001</run_address>
         <size>0x27d</size>
         <input_file_ref idref="fl-e5"/>
      </object_component>
      <object_component id="oc-158">
         <name>.debug_info</name>
         <load_address>0xe27e</load_address>
         <run_address>0xe27e</run_address>
         <size>0x2b7</size>
         <input_file_ref idref="fl-e5"/>
      </object_component>
      <object_component id="oc-15e">
         <name>.debug_info</name>
         <load_address>0xe535</load_address>
         <run_address>0xe535</run_address>
         <size>0x285</size>
         <input_file_ref idref="fl-e5"/>
      </object_component>
      <object_component id="oc-10e">
         <name>.debug_info</name>
         <load_address>0xe7ba</load_address>
         <run_address>0xe7ba</run_address>
         <size>0x27b</size>
         <input_file_ref idref="fl-e5"/>
      </object_component>
      <object_component id="oc-9f">
         <name>.debug_info</name>
         <load_address>0xea35</load_address>
         <run_address>0xea35</run_address>
         <size>0x280</size>
         <input_file_ref idref="fl-e5"/>
      </object_component>
      <object_component id="oc-227">
         <name>.debug_info</name>
         <load_address>0xecb5</load_address>
         <run_address>0xecb5</run_address>
         <size>0x20e</size>
         <input_file_ref idref="fl-e6"/>
      </object_component>
      <object_component id="oc-224">
         <name>.debug_info</name>
         <load_address>0xeec3</load_address>
         <run_address>0xeec3</run_address>
         <size>0x210</size>
         <input_file_ref idref="fl-e6"/>
      </object_component>
      <object_component id="oc-35a">
         <name>.debug_info</name>
         <load_address>0xf0d3</load_address>
         <run_address>0xf0d3</run_address>
         <size>0x14e</size>
         <input_file_ref idref="fl-e6"/>
      </object_component>
      <object_component id="oc-38e">
         <name>.debug_info</name>
         <load_address>0xf221</load_address>
         <run_address>0xf221</run_address>
         <size>0x157</size>
         <input_file_ref idref="fl-e6"/>
      </object_component>
      <object_component id="oc-354">
         <name>.debug_info</name>
         <load_address>0xf378</load_address>
         <run_address>0xf378</run_address>
         <size>0x2c1</size>
         <input_file_ref idref="fl-e6"/>
      </object_component>
      <object_component id="oc-2bc">
         <name>.debug_info</name>
         <load_address>0xf639</load_address>
         <run_address>0xf639</run_address>
         <size>0x2c9</size>
         <input_file_ref idref="fl-e6"/>
      </object_component>
      <object_component id="oc-187">
         <name>.debug_info</name>
         <load_address>0xf902</load_address>
         <run_address>0xf902</run_address>
         <size>0x23e</size>
         <input_file_ref idref="fl-e6"/>
      </object_component>
      <object_component id="oc-b8">
         <name>.debug_info</name>
         <load_address>0xfb40</load_address>
         <run_address>0xfb40</run_address>
         <size>0x268</size>
         <input_file_ref idref="fl-e6"/>
      </object_component>
      <object_component id="oc-204">
         <name>.debug_info</name>
         <load_address>0xfda8</load_address>
         <run_address>0xfda8</run_address>
         <size>0x298</size>
         <input_file_ref idref="fl-e7"/>
      </object_component>
      <object_component id="oc-212">
         <name>.debug_info</name>
         <load_address>0x10040</load_address>
         <run_address>0x10040</run_address>
         <size>0x14d</size>
         <input_file_ref idref="fl-e7"/>
      </object_component>
      <object_component id="oc-152">
         <name>.debug_info</name>
         <load_address>0x1018d</load_address>
         <run_address>0x1018d</run_address>
         <size>0x27f</size>
         <input_file_ref idref="fl-e7"/>
      </object_component>
[...]
         <value>0x20000655</value>
      </symbol>
      <symbol id="sm-2d5">
         <name>UART1_Rx_Data</name>
         <value>0x2000050c</value>
      </symbol>
      <symbol id="sm-2d6">
         <name>UART1IntHandler</name>
         <value>0x3003</value>
         <object_component_ref idref="oc-31"/>
      </symbol>
      <symbol id="sm-2d7">
         <name>Recive_UART1_Config</name>
         <value>0x2fbd</value>
         <object_component_ref idref="oc-31"/>
      </symbol>
      <symbol id="sm-2d8">
         <name>UART1_Updated_Flag</name>
         <value>0x20000700</value>
         <object_component_ref idref="oc-da"/>
      </symbol>
      <symbol id="sm-2f9">
         <name>ResetISR</name>
         <value>0x4181</value>
         <object_component_ref idref="oc-2b"/>
      </symbol>
      <symbol id="sm-2fa">
         <name>g_pfnVectors</name>
         <value>0x0</value>
         <object_component_ref idref="oc-f"/>
      </symbol>
      <symbol id="sm-36b">
         <name>UARTgetc</name>
         <value>0x1cb9</value>
         <object_component_ref idref="oc-14b"/>
      </symbol>
      <symbol id="sm-36c">
         <name>UARTgets</name>
         <value>0x1bf3</value>
         <object_component_ref idref="oc-14b"/>
      </symbol>
      <symbol id="sm-36d">
         <name>UARTStdioConfig</name>
         <value>0x1b41</value>
         <object_component_ref idref="oc-14b"/>
      </symbol>
      <symbol id="sm-36e">
         <name>UARTwrite</name>
         <value>0x1ba1</value>
         <object_component_ref idref="oc-14b"/>
      </symbol>
      <symbol id="sm-36f">
         <name>UARTprintf</name>
         <value>0x1fe7</value>
         <object_component_ref idref="oc-14b"/>
      </symbol>
      <symbol id="sm-370">
         <name>UARTvprintf</name>
         <value>0x1ced</value>
         <object_component_ref idref="oc-14b"/>
      </symbol>
      <symbol id="sm-3ae">
         <name>GPIOE3_Init</name>
         <value>0x2a65</value>
         <object_component_ref idref="oc-1a3"/>
      </symbol>
      <symbol id="sm-3af">
         <name>WTimer0BIntHandler</name>
         <value>0x2abb</value>
         <object_component_ref idref="oc-1a3"/>
      </symbol>
      <symbol id="sm-3b0">
         <name>UltrasonicConfigure</name>
         <value>0x2be1</value>
         <object_component_ref idref="oc-1a3"/>
      </symbol>
      <symbol id="sm-3b1">
         <name>ultrasonic_update_flag</name>
         <value>0x200006ec</value>
         <object_component_ref idref="oc-126"/>
      </symbol>
      <symbol id="sm-3b2">
         <name>SonicTrig</name>
         <value>0x2a8b</value>
         <object_component_ref idref="oc-1a3"/>
      </symbol>
      <symbol id="sm-3b3">
         <name>WTimer0BConfigure</name>
         <value>0x2b7f</value>
         <object_component_ref idref="oc-1a3"/>
      </symbol>
      <symbol id="sm-3b4">
         <name>ultrasonic_distance_history</name>
         <value>0x20000680</value>
         <object_component_ref idref="oc-2c1"/>
      </symbol>
      <symbol id="sm-3b5">
         <name>ultrasonic_distance</name>
         <value>0x200006f0</value>
         <object_component_ref idref="oc-126"/>
      </symbol>
      <symbol id="sm-3c6">
         <name>_c_int00</name>
         <value>0x3c41</value>
         <object_component_ref idref="oc-24"/>
      </symbol>
      <symbol id="sm-3c7">
         <name>__stack</name>
         <value>0x2000026c</value>
         <object_component_ref idref="oc-2a"/>
      </symbol>
      <symbol id="sm-3e5">
         <name>__TI_decompress_lzss</name>
         <value>0x3b79</value>
         <object_component_ref idref="oc-12"/>
      </symbol>
      <symbol id="sm-3fc">
         <name>__TI_decompress_none</name>
         <value>0x415b</value>
         <object_component_ref idref="oc-18"/>
      </symbol>
      <symbol id="sm-40e">
         <name>__TI_zero_init</name>
         <value>0x4175</value>
         <object_component_ref idref="oc-1e"/>
      </symbol>
      <symbol id="sm-49e">
         <name>pow</name>
         <value>0x1195</value>
         <object_component_ref idref="oc-24b"/>
      </symbol>
      <symbol id="sm-49f">
         <name>powl</name>
         <value>0x1195</value>
         <object_component_ref idref="oc-24b"/>
      </symbol>
      <symbol id="sm-4c3">
         <name>sqrtl</name>
         <value>0x312d</value>
         <object_component_ref idref="oc-30c"/>
      </symbol>
      <symbol id="sm-4c4">
         <name>sqrt</name>
         <value>0x312d</value>
         <object_component_ref idref="oc-30c"/>
      </symbol>
      <symbol id="sm-4cc">
         <name>errno</name>
         <value>0x20000728</value>
         <object_component_ref idref="oc-312"/>
      </symbol>
      <symbol id="sm-4ed">
         <name>C$$EXIT</name>
         <value>0x3c95</value>
         <object_component_ref idref="oc-8d"/>
      </symbol>
      <symbol id="sm-4ee">
         <name>abort</name>
         <value>0x3c99</value>
         <object_component_ref idref="oc-8d"/>
      </symbol>
      <symbol id="sm-4ef">
         <name>exit</name>
         <value>0x3ca1</value>
         <object_component_ref idref="oc-8d"/>
      </symbol>
      <symbol id="sm-4f0">
         <name>__TI_dtors_ptr</name>
         <value>0x200006e4</value>
         <object_component_ref idref="oc-1f8"/>
      </symbol>
      <symbol id="sm-4f1">
         <name>__TI_cleanup_ptr</name>
         <value>0x200006e0</value>
         <object_component_ref idref="oc-1f8"/>
      </symbol>
      <symbol id="sm-4f2">
         <name>__TI_enable_exit_profile_output</name>
         <value>0x200006e8</value>
         <object_component_ref idref="oc-1f8"/>
      </symbol>
      <symbol id="sm-509">
         <name>__aeabi_dsub</name>
         <value>0x2e05</value>
         <object_component_ref idref="oc-132"/>
      </symbol>
      <symbol id="sm-50a">
         <name>__aeabi_dadd</name>
         <value>0x2e0f</value>
         <object_component_ref idref="oc-132"/>
      </symbol>
      <symbol id="sm-52c">
         <name>__aeabi_cdcmpeq</name>
         <value>0x38a9</value>
         <object_component_ref idref="oc-318"/>
      </symbol>
      <symbol id="sm-52d">
         <name>__aeabi_cdcmple</name>
         <value>0x38a9</value>
         <object_component_ref idref="oc-318"/>
      </symbol>
      <symbol id="sm-52e">
         <name>__aeabi_cdrcmple</name>
         <value>0x392f</value>
         <object_component_ref idref="oc-31d"/>
      </symbol>
      <symbol id="sm-542">
         <name>__aeabi_ddiv</name>
         <value>0x329d</value>
         <object_component_ref idref="oc-11d"/>
      </symbol>
      <symbol id="sm-54d">
         <name>__aeabi_dmul</name>
         <value>0x3615</value>
         <object_component_ref idref="oc-118"/>
      </symbol>
      <symbol id="sm-557">
         <name>__aeabi_d2iz</name>
         <value>0x3dc9</value>
         <object_component_ref idref="oc-108"/>
      </symbol>
      <symbol id="sm-563">
         <name>__aeabi_d2f</name>
         <value>0x3aa1</value>
         <object_component_ref idref="oc-140"/>
      </symbol>
      <symbol id="sm-56e">
         <name>__aeabi_f2d</name>
         <value>0x3ed1</value>
         <object_component_ref idref="oc-13b"/>
      </symbol>
      <symbol id="sm-578">
         <name>__aeabi_i2d</name>
         <value>0x3f71</value>
         <object_component_ref idref="oc-12d"/>
      </symbol>
      <symbol id="sm-593">
         <name>memcpy</name>
         <value>0x380d</value>
         <object_component_ref idref="oc-5d"/>
      </symbol>
      <symbol id="sm-594">
         <name>__aeabi_memcpy</name>
         <value>0x380d</value>
         <object_component_ref idref="oc-5d"/>
      </symbol>
      <symbol id="sm-595">
         <name>__aeabi_memcpy8</name>
         <value>0x380d</value>
         <object_component_ref idref="oc-5d"/>
      </symbol>
      <symbol id="sm-596">
         <name>__aeabi_memcpy4</name>
         <value>0x380d</value>
         <object_component_ref idref="oc-5d"/>
      </symbol>
      <symbol id="sm-5a5">
         <name>__aeabi_memset</name>
         <value>0x39b7</value>
         <object_component_ref idref="oc-69"/>
      </symbol>
      <symbol id="sm-5a6">
         <name>memset</name>
         <value>0x39bd</value>
         <object_component_ref idref="oc-69"/>
      </symbol>
      <symbol id="sm-5a7">
         <name>__aeabi_memset8</name>
         <value>0x39b7</value>
         <object_component_ref idref="oc-69"/>
      </symbol>
      <symbol id="sm-5a8">
         <name>__aeabi_memset4</name>
         <value>0x39b7</value>
         <object_component_ref idref="oc-69"/>
      </symbol>
      <symbol id="sm-5a9">
         <name>__aeabi_memclr8</name>
         <value>0x39b5</value>
         <object_component_ref idref="oc-69"/>
      </symbol>
      <symbol id="sm-5aa">
         <name>__aeabi_memclr4</name>
         <value>0x39b5</value>
         <object_component_ref idref="oc-69"/>
      </symbol>
      <symbol id="sm-5ab">
         <name>__aeabi_memclr</name>
         <value>0x39b5</value>
         <object_component_ref idref="oc-69"/>
      </symbol>
      <symbol id="sm-5b5">
         <name>__mpu_init</name>
         <value>0x3a2f</value>
         <object_component_ref idref="oc-75"/>
      </symbol>
      <symbol id="sm-5bf">
         <name>_system_pre_init</name>
         <value>0x41eb</value>
         <object_component_ref idref="oc-7b"/>
      </symbol>
      <symbol id="sm-5e1">
         <name>scalbn</name>
         <value>0x3711</value>
         <object_component_ref idref="oc-322"/>
      </symbol>
      <symbol id="sm-5e2">
         <name>scalbnl</name>
         <value>0x3711</value>
         <object_component_ref idref="oc-322"/>
      </symbol>
      <symbol id="sm-5e3">
         <name>ldexpl</name>
         <value>0x3711</value>
         <object_component_ref idref="oc-322"/>
      </symbol>
      <symbol id="sm-5e4">
         <name>ldexp</name>
         <value>0x3711</value>
         <object_component_ref idref="oc-322"/>
      </symbol>
      <symbol id="sm-5ec">
         <name>main_func_sp</name>
         <value>0x2000072c</value>
         <object_component_ref idref="oc-93"/>
      </symbol>
      <symbol id="sm-5fb">
         <name>__aeabi_uidivmod</name>
         <value>0x3e57</value>
         <object_component_ref idref="oc-27d"/>
      </symbol>
      <symbol id="sm-5fc">
         <name>__aeabi_uidiv</name>
         <value>0x3e57</value>
         <object_component_ref idref="oc-27d"/>
      </symbol>
      <symbol id="sm-606">
         <name>__aeabi_ui2d</name>
         <value>0x400d</value>
         <object_component_ref idref="oc-113"/>
      </symbol>
      <symbol id="sm-61f">
         <name>_nop</name>
         <value>0x40af</value>
         <object_component_ref idref="oc-2ea"/>
      </symbol>
      <symbol id="sm-620">
         <name>_lock</name>
         <value>0x200006f8</value>
         <object_component_ref idref="oc-1fb"/>
      </symbol>
      <symbol id="sm-621">
         <name>_unlock</name>
         <value>0x200006fc</value>
         <object_component_ref idref="oc-1fb"/>
      </symbol>
      <symbol id="sm-622">
         <name>_register_lock</name>
         <value>0x40a7</value>
         <object_component_ref idref="oc-2ea"/>
      </symbol>
      <symbol id="sm-623">
         <name>_register_unlock</name>
         <value>0x40a1</value>
         <object_component_ref idref="oc-2ea"/>
      </symbol>
      <symbol id="sm-637">
         <name>_args_main</name>
         <value>0x405d</value>
         <object_component_ref idref="oc-87"/>
      </symbol>
      <symbol id="sm-661">
         <name>__TI_auto_init</name>
         <value>0x3a31</value>
         <object_component_ref idref="oc-81"/>
      </symbol>
      <symbol id="sm-67b">
         <name>copy_in</name>
         <value>0x3d35</value>
         <object_component_ref idref="oc-1e8"/>
      </symbol>
      <symbol id="sm-685">
         <name>__aeabi_idiv0</name>
         <value>0x2fbb</value>
         <object_component_ref idref="oc-33a"/>
      </symbol>
      <symbol id="sm-68f">
         <name>copysign</name>
         <value>0x40b5</value>
         <object_component_ref idref="oc-376"/>
      </symbol>
      <symbol id="sm-690">
         <name>copysignl</name>
         <value>0x40b5</value>
         <object_component_ref idref="oc-376"/>
      </symbol>
      <symbol id="sm-69a">
         <name>_system_post_cinit</name>
         <value>0x3b0f</value>
         <object_component_ref idref="oc-1ee"/>
      </symbol>
      <symbol id="sm-6b0">
         <name>FPULazyStackingEnable</name>
         <value>0x4111</value>
         <object_component_ref idref="oc-1af"/>
      </symbol>
      <symbol id="sm-6b1">
         <name>FPUEnable</name>
         <value>0x4101</value>
         <object_component_ref idref="oc-1a9"/>
      </symbol>
      <symbol id="sm-70b">
         <name>GPIOPinConfigure</name>
         <value>0x3d81</value>
         <object_component_ref idref="oc-9e"/>
      </symbol>
      <symbol id="sm-70c">
         <name>GPIOPinTypeGPIOInput</name>
         <value>0x40c9</value>
         <object_component_ref idref="oc-15d"/>
      </symbol>
      <symbol id="sm-70d">
         <name>GPIOPinTypeUART</name>
         <value>0x40ed</value>
         <object_component_ref idref="oc-a4"/>
      </symbol>
      <symbol id="sm-70e">
         <name>GPIOPinTypeGPIOOutput</name>
         <value>0x402d</value>
         <object_component_ref idref="oc-157"/>
      </symbol>
      <symbol id="sm-70f">
         <name>GPIOPinRead</name>
         <value>0x41c5</value>
         <object_component_ref idref="oc-10d"/>
      </symbol>
      <symbol id="sm-710">
         <name>GPIODirModeSet</name>
         <value>0x3f9f</value>
         <object_component_ref idref="oc-20a"/>
      </symbol>
      <symbol id="sm-711">
         <name>GPIOPinWrite</name>
         <value>0x41cb</value>
         <object_component_ref idref="oc-ee"/>
      </symbol>
      <symbol id="sm-712">
         <name>GPIOPadConfigSet</name>
         <value>0x33d3</value>
         <object_component_ref idref="oc-163"/>
      </symbol>
      <symbol id="sm-713">
         <name>GPIOPinTypeTimer</name>
         <value>0x40db</value>
         <object_component_ref idref="oc-2a8"/>
      </symbol>
      <symbol id="sm-766">
         <name>IntPrioritySet</name>
         <value>0x3fc9</value>
         <object_component_ref idref="oc-2ba"/>
      </symbol>
      <symbol id="sm-767">
         <name>IntEnable</name>
         <value>0x3b11</value>
         <object_component_ref idref="oc-b6"/>
      </symbol>
      <symbol id="sm-768">
         <name>IntRegister</name>
         <value>0x3f09</value>
         <object_component_ref idref="oc-352"/>
      </symbol>
      <symbol id="sm-769">
         <name>g_pfnRAMVectors</name>
         <value>0x20000000</value>
         <object_component_ref idref="oc-38d"/>
      </symbol>
      <symbol id="sm-76a">
         <name>IntMasterEnable</name>
         <value>0x4121</value>
         <object_component_ref idref="oc-185"/>
      </symbol>
      <symbol id="sm-7af">
         <name>SysCtlPeripheralEnable</name>
         <value>0x3f3d</value>
         <object_component_ref idref="oc-98"/>
      </symbol>
      <symbol id="sm-7b0">
         <name>SysCtlClockGet</name>
         <value>0x3505</value>
         <object_component_ref idref="oc-aa"/>
      </symbol>
      <symbol id="sm-7b1">
         <name>SysCtlPeripheralReady</name>
         <value>0x3e99</value>
         <object_component_ref idref="oc-151"/>
      </symbol>
      <symbol id="sm-824">
         <name>TimerIntRegister</name>
         <value>0x4045</value>
         <object_component_ref idref="oc-2b4"/>
      </symbol>
      <symbol id="sm-825">
         <name>TimerEnable</name>
         <value>0x4131</value>
         <object_component_ref idref="oc-191"/>
      </symbol>
      <symbol id="sm-826">
         <name>TimerIntStatus</name>
         <value>0x418d</value>
         <object_component_ref idref="oc-197"/>
      </symbol>
      <symbol id="sm-827">
         <name>TimerValueGet</name>
         <value>0x4197</value>
         <object_component_ref idref="oc-2a2"/>
      </symbol>
      <symbol id="sm-828">
         <name>TimerIntEnable</name>
         <value>0x41b5</value>
         <object_component_ref idref="oc-18b"/>
      </symbol>
      <symbol id="sm-829">
         <name>TimerClockSourceSet</name>
         <value>0x41d1</value>
         <object_component_ref idref="oc-179"/>
      </symbol>
      <symbol id="sm-82a">
         <name>TimerConfigure</name>
         <value>0x3be1</value>
         <object_component_ref idref="oc-17f"/>
      </symbol>
      <symbol id="sm-82b">
         <name>TimerControlEvent</name>
         <value>0x4075</value>
         <object_component_ref idref="oc-2ae"/>
      </symbol>
      <symbol id="sm-82c">
         <name>TimerIntClear</name>
         <value>0x41e3</value>
         <object_component_ref idref="oc-19d"/>
      </symbol>
      <symbol id="sm-88d">
         <name>UARTConfigSetExpClk</name>
         <value>0x3e11</value>
         <object_component_ref idref="oc-b0"/>
      </symbol>
      <symbol id="sm-88e">
         <name>UARTDisable</name>
         <value>0x3fed</value>
         <object_component_ref idref="oc-215"/>
      </symbol>
      <symbol id="sm-88f">
         <name>UARTIntEnable</name>
         <value>0x41bd</value>
         <object_component_ref idref="oc-bc"/>
      </symbol>
      <symbol id="sm-890">
         <name>UARTCharsAvail</name>
         <value>0x414d</value>
         <object_component_ref idref="oc-d4"/>
      </symbol>
      <symbol id="sm-891">
         <name>UARTCharGetNonBlocking</name>
         <value>0x413f</value>
         <object_component_ref idref="oc-ce"/>
      </symbol>
      <symbol id="sm-892">
         <name>UARTClockSourceSet</name>
         <value>0x41d7</value>
         <object_component_ref idref="oc-145"/>
      </symbol>
      <symbol id="sm-893">
         <name>UARTEnable</name>
         <value>0x408b</value>
         <object_component_ref idref="oc-21b"/>
      </symbol>
      <symbol id="sm-894">
         <name>UARTFIFOEnable</name>
         <value>0x41a1</value>
         <object_component_ref idref="oc-1b6"/>
      </symbol>
      <symbol id="sm-895">
         <name>UARTIntClear</name>
         <value>0x41e7</value>
         <object_component_ref idref="oc-c8"/>
      </symbol>
      <symbol id="sm-896">
         <name>UARTIntStatus</name>
         <value>0x41ab</value>
         <object_component_ref idref="oc-c2"/>
      </symbol>
      <symbol id="sm-897">
         <name>UARTFIFOLevelSet</name>
         <value>0x41dd</value>
         <object_component_ref idref="oc-1bc"/>
      </symbol>
      <symbol id="sm-8a1">
         <name>CPUcpsie</name>
         <value>0x4169</value>
         <object_component_ref idref="oc-297"/>
      </symbol>
      <symbol id="sm-8a2">
         <name>__TI_static_base__</name>
         <value>0x0</value>
      </symbol>
      <symbol id="sm-8a5">
         <name>SHT$$INIT_ARRAY$$Limit</name>
         <value>0x0</value>
      </symbol>
      <symbol id="sm-8a6">
         <name>SHT$$INIT_ARRAY$$Base</name>
         <value>0x0</value>
      </symbol>
   </symbol_table>
   <title>Link successful</title>
</link_info>
