******************************************************************************
                  TI ARM Linker PC v16.9.0                     
******************************************************************************
>> Linked Wed Jan 23 16:43:30 2019

OUTPUT FILE NAME:   <Aircraft_v3.out>
ENTRY POINT SYMBOL: "_c_int00"  address: 000023e5


MEMORY CONFIGURATION

         name            origin    length      used     unused   attr    fill
----------------------  --------  ---------  --------  --------  ----  --------
  FLASH                 00000000   00040000  00002cce  0003d332  R  X
  SRAM                  20000000   00008000  00000660  000079a0  RW X


SEGMENT ALLOCATION MAP

run origin  load origin   length   init length attrs members
----------  ----------- ---------- ----------- ----- -------
00000000    00000000    00002cd0   00002cd0    r-x
  00000000    00000000    0000026c   0000026c    r-- .intvecs
  0000026c    0000026c    0000272a   0000272a    r-x .text
  00002998    00002998    000002d8   000002d8    r-- .const
  00002c70    00002c70    00000060   00000060    r-- .cinit
20000000    20000000    00000660   00000000    rw-
  20000000    20000000    0000026c   00000000    rw- .vtable
  2000026c    2000026c    00000200   00000000    rw- .stack
  2000046c    2000046c    00000158   00000000    rw- .bss
  200005c4    200005c4    0000009c   00000000    rw- .data


SECTION ALLOCATION MAP

 output                                  attributes/
section   page    origin      length       input sections
--------  ----  ----------  ----------   ----------------
.intvecs   0    00000000    0000026c     
                  00000000    0000026c     tm4c123gh6pm_startup_ccs.obj (.intvecs)

.text      0    0000026c    0000272a     
                  0000026c    000009e8     main.obj (.text)
                  00000c54    000004dc     uartstdio.obj (.text)
                  00001130    000003a0     ppm.obj (.text)
                  000014d0    00000274     mavlink.obj (.text)
                  00001744    000001dc     ultrasonic.obj (.text)
                  00001920    000001b6     rtsv7M4_T_le_v4SPD16_eabi.lib : fd_add_t2.obj (.text)
                  00001ad6    00000002                                   : i_div0.obj (.text)
                  00001ad8    00000170     receive.obj (.text)
                  00001c48    00000136     rtsv7M4_T_le_v4SPD16_eabi.lib : fd_div_t2.obj (.text)
                  00001d7e    00000132     driverlib.lib : gpio.obj (.text:GPIOPadConfigSet)
                  00001eb0    00000110                   : sysctl.obj (.text:SysCtlClockGet)
                  00001fc0    000000fc     rtsv7M4_T_le_v4SPD16_eabi.lib : fd_mul_t2.obj (.text)
                  000020bc    0000009c                                   : memcpy_t2.obj (.text)
                  00002158    0000007a                                   : memset_t2.obj (.text)
                  000021d2    00000002                                   : mpu_init.obj (.text)
                  000021d4    00000070                                   : autoinit.obj (.text)
                  00002244    0000006e                                   : fd_tos_t2.obj (.text)
                  000022b2    00000002                                   : startup.obj (.text)
                  000022b4    00000068     driverlib.lib : interrupt.obj (.text:IntEnable)
                  0000231c    00000068     rtsv7M4_T_le_v4SPD16_eabi.lib : copy_decompress_lzss.obj (.text:decompress:lzss)
                  00002384    00000060     driverlib.lib : timer.obj (.text:TimerConfigure)
                  000023e4    00000054     rtsv7M4_T_le_v4SPD16_eabi.lib : boot.obj (.text)
                  00002438    00000054                                   : exit.obj (.text)
                  0000248c    0000004c     driverlib.lib : timer.obj (.text:_TimerIntNumberGet)
                  000024d8    0000004c     rtsv7M4_T_le_v4SPD16_eabi.lib : cpy_tbl.obj (.text)
                  00002524    00000048     driverlib.lib : gpio.obj (.text:GPIOPinConfigure)
                  0000256c    00000048     rtsv7M4_T_le_v4SPD16_eabi.lib : fd_toi_t2.obj (.text)
                  000025b4    00000046     driverlib.lib : uart.obj (.text:UARTConfigSetExpClk)
                  000025fa    00000044     rtsv7M4_T_le_v4SPD16_eabi.lib : fd_tou_t2.obj (.text)
                  0000263e    00000040                                   : u_divt2.obj (.text)
                  0000267e    00000002     --HOLE-- [fill = 0]
                  00002680    00000038     driverlib.lib : sysctl.obj (.text:SysCtlPeripheralReady)
                  000026b8    00000038     rtsv7M4_T_le_v4SPD16_eabi.lib : fs_tod_t2.obj (.text)
                  000026f0    00000034     driverlib.lib : interrupt.obj (.text:IntRegister)
                  00002724    00000034                   : sysctl.obj (.text:SysCtlPeripheralEnable)
                  00002758    0000002a                   : gpio.obj (.text:GPIODirModeSet)
                  00002782    00000002     --HOLE-- [fill = 0]
                  00002784    00000024                   : interrupt.obj (.text:IntPrioritySet)
                  000027a8    00000020                   : uart.obj (.text:UARTDisable)
                  000027c8    00000020     rtsv7M4_T_le_v4SPD16_eabi.lib : u_tofd_t2.obj (.text)
                  000027e8    00000018     driverlib.lib : gpio.obj (.text:GPIOPinTypeGPIOOutput)
                  00002800    00000018                   : timer.obj (.text:TimerIntRegister)
                  00002818    00000018     rtsv7M4_T_le_v4SPD16_eabi.lib : args_main.obj (.text)
                  00002830    00000016     driverlib.lib : timer.obj (.text:TimerControlEvent)
                  00002846    00000014                   : uart.obj (.text:UARTEnable)
                  0000285a    00000002     --HOLE-- [fill = 0]
                  0000285c    00000014     rtsv7M4_T_le_v4SPD16_eabi.lib : _lock.obj (.text)
                  00002870    00000012     driverlib.lib : gpio.obj (.text:GPIOPinTypeGPIOInput)
                  00002882    00000012                   : gpio.obj (.text:GPIOPinTypeTimer)
                  00002894    00000012                   : gpio.obj (.text:GPIOPinTypeUART)
                  000028a6    00000002     --HOLE-- [fill = 0]
                  000028a8    00000010                   : fpu.obj (.text:FPUEnable)
                  000028b8    00000010                   : fpu.obj (.text:FPULazyStackingEnable)
                  000028c8    00000010                   : interrupt.obj (.text:IntMasterEnable)
                  000028d8    0000000e                   : timer.obj (.text:TimerEnable)
                  000028e6    0000000e                   : uart.obj (.text:UARTCharGetNonBlocking)
                  000028f4    0000000e                   : uart.obj (.text:UARTCharsAvail)
                  00002902    0000000e     rtsv7M4_T_le_v4SPD16_eabi.lib : copy_decompress_none.obj (.text:decompress:none)
                  00002910    0000000c     driverlib.lib : cpu.obj (.text:CPUcpsie)
                  0000291c    0000000c     rtsv7M4_T_le_v4SPD16_eabi.lib : copy_zero_init.obj (.text:decompress:ZI)
                  00002928    0000000c     tm4c123gh6pm_startup_ccs.obj (.text)
                  00002934    0000000a     driverlib.lib : timer.obj (.text:TimerIntStatus)
                  0000293e    0000000a                   : timer.obj (.text:TimerValueGet)
                  00002948    0000000a                   : uart.obj (.text:UARTFIFOEnable)
                  00002952    0000000a                   : uart.obj (.text:UARTIntStatus)
                  0000295c    00000008                   : timer.obj (.text:TimerIntEnable)
                  00002964    00000008                   : uart.obj (.text:UARTIntEnable)
                  0000296c    00000006                   : gpio.obj (.text:GPIOPinRead)
                  00002972    00000006                   : gpio.obj (.text:GPIOPinWrite)
                  00002978    00000006                   : timer.obj (.text:TimerClockSourceSet)
                  0000297e    00000006                   : uart.obj (.text:UARTClockSourceSet)
                  00002984    00000006                   : uart.obj (.text:UARTFIFOLevelSet)
                  0000298a    00000004                   : timer.obj (.text:TimerIntClear)
                  0000298e    00000004                   : uart.obj (.text:UARTIntClear)
                  00002992    00000004     rtsv7M4_T_le_v4SPD16_eabi.lib : pre_init.obj (.text)

.const     0    00002998    000002d8     
                  00002998    0000009c     driverlib.lib : interrupt.obj (.const:g_pui32Regs)
                  00002a34    00000090                   : gpio.obj (.const:g_pui32GPIOBaseAddrs)
                  00002ac4    00000070                   : interrupt.obj (.const)
                  00002b34    0000006c                   : sysctl.obj (.const:g_pui32Xtals)
                  00002ba0    00000060                   : timer.obj (.const:g_ppui32TimerIntMap)
                  00002c00    00000040                   : timer.obj (.const:g_ppui32TimerIntMapSnowflake)
                  00002c40    00000012     uartstdio.obj (.const:.string)
                  00002c52    00000002     --HOLE-- [fill = 0]
                  00002c54    0000000c     uartstdio.obj (.const:g_ui32UARTBase)
                  00002c60    0000000c     uartstdio.obj (.const:g_ui32UARTPeriph)
                  00002c6c    00000004     uartstdio.obj (.const)

.cinit     0    00002c70    00000060     
                  00002c70    00000025     (.cinit..data.load) [load image, compression = lzss]
                  00002c95    00000003     --HOLE-- [fill = 0]
                  00002c98    0000000c     (__TI_handler_table)
                  00002ca4    00000004     --HOLE-- [fill = 0]
                  00002ca8    00000008     (.cinit..bss.load) [load image, compression = zero_init]
                  00002cb0    00000008     (.cinit..vtable.load) [load image, compression = zero_init]
                  00002cb8    00000018     (__TI_cinit_table)

.init_array 
*          0    00000000    00000000     UNINITIALIZED

.vtable    0    20000000    0000026c     UNINITIALIZED
                  20000000    0000026c     driverlib.lib : interrupt.obj (.vtable)

.stack     0    2000026c    00000200     UNINITIALIZED
                  2000026c    00000200     --HOLE--

.bss       0    2000046c    00000158     UNINITIALIZED
                  2000046c    00000034     (.common:UART1_Rx_Buffers)
                  200004a0    00000034     (.common:UART1_Rx_Data)
                  200004d4    00000030     (.common:Source_attitude_payload)
                  20000504    00000024     ppm.obj (.bss:ppm_data_buf)
                  20000528    00000024     (.common:altitude_controler)
                  2000054c    0000001c     (.common:position_controler)
                  20000568    00000012     ppm.obj (.bss:ppm_data_shadow)
                  2000057a    00000012     (.common:ppm_data)
                  2000058c    0000000c     ppm.obj (.bss)
                  20000598    00000008     (.common:Source_Rangefinder_payload)
                  200005a0    00000004     (.common:int_mavlink_height)
                  200005a4    00000004     (.common:int_pitch)
                  200005a8    00000004     (.common:int_roll)
                  200005ac    00000004     (.common:int_yaw)
                  200005b0    00000004     (.common:mavlink_height)
                  200005b4    00000004     (.common:pitch)
                  200005b8    00000004     (.common:roll)
                  200005bc    00000004     (.common:yaw)
                  200005c0    00000001     (.common:UART1_Rx_Len)
                  200005c1    00000001     (.common:UART1_Sender_Address)
                  200005c2    00000001     (.common:payload_buf_index)
                  200005c3    00000001     (.common:rx_buffer)

.data      0    200005c4    0000009c     UNINITIALIZED
                  200005c4    00000028     mavlink.obj (.data:Rx_Buffer_attitude)
                  200005ec    00000014     mavlink.obj (.data:Rx_Buffer_height)
                  20000600    00000014     ultrasonic.obj (.data)
                  20000614    0000000c     rtsv7M4_T_le_v4SPD16_eabi.lib : exit.obj (.data:$O1$$)
                  20000620    0000000c     main.obj (.data)
                  2000062c    00000008     rtsv7M4_T_le_v4SPD16_eabi.lib : _lock.obj (.data:$O1$$)
                  20000634    00000008     receive.obj (.data)
                  2000063c    00000008     ultrasonic.obj (.data:ui32Time$2)
                  20000644    00000006     mavlink.obj (.data)
                  2000064a    00000002     --HOLE--
                  2000064c    00000005     ppm.obj (.data)
                  20000651    00000003     --HOLE--
                  20000654    00000005     uartstdio.obj (.data)
                  20000659    00000003     --HOLE--
                  2000065c    00000004     rtsv7M4_T_le_v4SPD16_eabi.lib : stkdepth_vars.obj (.data)

MODULE SUMMARY

       Module                         code    ro data   rw data
       ------                         ----    -------   -------
    .\
       main.obj                       2536    0         94     
       uartstdio.obj                  1244    46        5      
       ppm.obj                        928     0         71     
       mavlink.obj                    628     0         156    
       tm4c123gh6pm_startup_ccs.obj   12      620       0      
       ultrasonic.obj                 476     0         28     
       receive.obj                    368     0         114    
    +--+------------------------------+-------+---------+---------+
       Total:                         6192    666       468    
                                                               
    D:\ti\ccsv7\tools\compiler\ti-cgt-arm_16.9.0.LTS\lib\rtsv7M4_T_le_v4SPD16_eabi.lib
       fd_add_t2.obj                  438     0         0      
       fd_div_t2.obj                  310     0         0      
       fd_mul_t2.obj                  252     0         0      
       memcpy_t2.obj                  156     0         0      
       memset_t2.obj                  122     0         0      
       autoinit.obj                   112     0         0      
       fd_tos_t2.obj                  110     0         0      
       copy_decompress_lzss.obj       104     0         0      
       exit.obj                       84      0         12     
       boot.obj                       84      0         0      
       cpy_tbl.obj                    76      0         0      
       fd_toi_t2.obj                  72      0         0      
       fd_tou_t2.obj                  68      0         0      
       u_divt2.obj                    64      0         0      
       fs_tod_t2.obj                  56      0         0      
       u_tofd_t2.obj                  32      0         0      
       _lock.obj                      20      0         8      
       args_main.obj                  24      0         0      
       copy_decompress_none.obj       14      0         0      
       copy_zero_init.obj             12      0         0      
       pre_init.obj                   4       0         0      
       stkdepth_vars.obj              0       0         4      
       i_div0.obj                     2       0         0      
       mpu_init.obj                   2       0         0      
       startup.obj                    2       0         0      
    +--+------------------------------+-------+---------+---------+
       Total:                         2220    0         24     
                                                               
    F:/TIVAWARE002/driverlib/ccs/Debug/driverlib.lib
       interrupt.obj                  208     268       620    
       gpio.obj                       510     144       0      
       sysctl.obj                     380     108       0      
       timer.obj                      270     160       0      
       uart.obj                       194     0         0      
       fpu.obj                        32      0         0      
       cpu.obj                        12      0         0      
    +--+------------------------------+-------+---------+---------+
       Total:                         1606    680       620    
                                                               
       Stack:                         0       0         512    
       Linker Generated:              0       89        0      
    +--+------------------------------+-------+---------+---------+
       Grand Total:                   10018   1435      1624   


LINKER GENERATED COPY TABLES

__TI_cinit_table @ 00002cb8 records: 3, size/record: 8, table size: 24
	.data: load addr=00002c70, load size=00000025 bytes, run addr=200005c4, run size=0000009c bytes, compression=lzss
	.bss: load addr=00002ca8, load size=00000008 bytes, run addr=2000046c, run size=00000158 bytes, compression=zero_init
	.vtable: load addr=00002cb0, load size=00000008 bytes, run addr=20000000, run size=0000026c bytes, compression=zero_init


LINKER GENERATED HANDLER TABLE

__TI_handler_table @ 00002c98 records: 3, size/record: 4, table size: 12
	index: 0, handler: __TI_zero_init
	index: 1, handler: __TI_decompress_lzss
	index: 2, handler: __TI_decompress_none


GLOBAL SYMBOLS: SORTED ALPHABETICALLY BY Name 

address   name                           
-------   ----                           
000007b1  Aircraft_Base_Output           
0000074d  Aircraft_Unlock                
0000026d  AltitudeControlerInit          
000002a9  AltitudeGet                    
000002c7  Altitude_Control               
00001531  Attitude_Data_Store            
000016a3  Attitude_init                  
00002439  C$$EXIT                        
00002911  CPUcpsie                       
00000483  ConfigureUART0                 
000016b1  Distance_init                  
000028a9  FPUEnable                      
000028b9  FPULazyStackingEnable          
00002759  GPIODirModeSet                 
00001745  GPIOE3_Init                    
00001d7f  GPIOPadConfigSet               
00002525  GPIOPinConfigure               
0000296d  GPIOPinRead                    
00002871  GPIOPinTypeGPIOInput           
000027e9  GPIOPinTypeGPIOOutput          
00002883  GPIOPinTypeTimer               
00002895  GPIOPinTypeUART                
00002973  GPIOPinWrite                   
000022b5  IntEnable                      
000028c9  IntMasterEnable                
00002785  IntPrioritySet                 
000026f1  IntRegister                    
000006b9  KEY_PF4_Pros                   
00000689  Key_PF4_Init                   
000004bf  LED_Init                       
0000051d  MavLink_Data_Get               
000014d1  Mav_recive_UART2_Config        
000016bf  Mavlink_DateInit               
00000703  PPM_Channal_Init               
00000479  PositionControlerInit          
00000481  Position_Control               
00001ad9  Recive_UART1_Config            
00002929  ResetISR                       
00000815  RolloverProtection             
200005c4  Rx_Buffer_attitude             
200005ec  Rx_Buffer_height               
UNDEFED   SHT$$INIT_ARRAY$$Base          
UNDEFED   SHT$$INIT_ARRAY$$Limit         
0000176b  SonicTrig                      
20000598  Source_Rangefinder_payload     
200004d4  Source_attitude_payload        
00001eb1  SysCtlClockGet                 
00002725  SysCtlPeripheralEnable         
00002681  SysCtlPeripheralReady          
0000120d  Timer0AIntHandler              
0000091d  Timer1AIntHandler              
0000088d  Timer1A_Init                   
00002979  TimerClockSourceSet            
00002385  TimerConfigure                 
00002831  TimerControlEvent              
000028d9  TimerEnable                    
0000298b  TimerIntClear                  
0000295d  TimerIntEnable                 
00002801  TimerIntRegister               
00002935  TimerIntStatus                 
0000293f  TimerValueGet                  
00001b1f  UART1IntHandler                
00000991  UART1_Data_Pros                
2000046c  UART1_Rx_Buffers               
200004a0  UART1_Rx_Data                  
200005c0  UART1_Rx_Len                   
200005c1  UART1_Sender_Address           
20000634  UART1_Updated_Flag             
00001567  UART2IntHandler                
000028e7  UARTCharGetNonBlocking         
000028f5  UARTCharsAvail                 
0000297f  UARTClockSourceSet             
000025b5  UARTConfigSetExpClk            
000027a9  UARTDisable                    
00002847  UARTEnable                     
00002949  UARTFIFOEnable                 
00002985  UARTFIFOLevelSet               
0000298f  UARTIntClear                   
00002965  UARTIntEnable                  
00002953  UARTIntStatus                  
00000c55  UARTStdioConfig                
00000dcd  UARTgetc                       
00000d07  UARTgets                       
000010fb  UARTprintf                     
00000e01  UARTvprintf                    
00000cb5  UARTwrite                      
000018b9  UltrasonicConfigure            
00001857  WTimer0BConfigure              
0000179b  WTimer0BIntHandler             
2000046c  __STACK_END                    
00000200  __STACK_SIZE                   
2000046c  __STACK_TOP                    
00002cb8  __TI_CINIT_Base                
00002cd0  __TI_CINIT_Limit               
00002c98  __TI_Handler_Table_Base        
00002ca4  __TI_Handler_Table_Limit       
000021d5  __TI_auto_init                 
20000614  __TI_cleanup_ptr               
0000231d  __TI_decompress_lzss           
00002903  __TI_decompress_none           
20000618  __TI_dtors_ptr                 
2000061c  __TI_enable_exit_profile_output
ffffffff  __TI_pprof_out_hndl            
ffffffff  __TI_prof_data_size            
ffffffff  __TI_prof_data_start           
00000000  __TI_static_base__             
0000291d  __TI_zero_init                 
00002245  __aeabi_d2f                    
0000256d  __aeabi_d2iz                   
000025fb  __aeabi_d2uiz                  
0000192b  __aeabi_dadd                   
00001c49  __aeabi_ddiv                   
00001fc1  __aeabi_dmul                   
00001921  __aeabi_dsub                   
000026b9  __aeabi_f2d                    
00001ad7  __aeabi_idiv0                  
00002159  __aeabi_memclr                 
00002159  __aeabi_memclr4                
00002159  __aeabi_memclr8                
000020bd  __aeabi_memcpy                 
000020bd  __aeabi_memcpy4                
000020bd  __aeabi_memcpy8                
0000215b  __aeabi_memset                 
0000215b  __aeabi_memset4                
0000215b  __aeabi_memset8                
000027c9  __aeabi_ui2d                   
0000263f  __aeabi_uidiv                  
0000263f  __aeabi_uidivmod               
ffffffff  __binit__                      
ffffffff  __c_args__                     
000021d3  __mpu_init                     
2000026c  __stack                        
00002819  _args_main                     
000023e5  _c_int00                       
2000062c  _lock                          
0000286b  _nop                           
00002863  _register_lock                 
0000285d  _register_unlock               
000022b3  _system_post_cinit             
00002993  _system_pre_init               
20000630  _unlock                        
0000243d  abort                          
20000620  aircraft_start_flag            
20000528  altitude_controler             
20000600  bDataReady                     
ffffffff  binit                          
000024d9  copy_in                        
00002445  exit                           
20000000  g_pfnRAMVectors                
00000000  g_pfnVectors                   
200005a0  int_mavlink_height             
200005a4  int_pitch                      
200005a8  int_roll                       
2000060c  int_ultrasonic_height          
200005ac  int_yaw                        
00000a41  main                           
2000065c  main_func_sp                   
200005b0  mavlink_height                 
000020bd  memcpy                         
00002161  memset                         
20000644  newAttiFlag                    
20000645  newHeightFlag                  
200005c2  payload_buf_index              
200005b4  pitch                          
2000054c  position_controler             
2000057a  ppm_data                       
00001131  ppm_encoder_init               
00001237  ppm_encoder_set_data           
200005b8  roll                           
200005c3  rx_buffer                      
20000646  start_receive_attitude         
20000647  start_receive_height           
20000604  ui32Distance                   
20000608  ultrasonic_height              
20000610  ultrasonic_update_flag         
200005bc  yaw                            


GLOBAL SYMBOLS: SORTED BY Symbol Address 

address   name                           
-------   ----                           
00000000  __TI_static_base__             
00000000  g_pfnVectors                   
00000200  __STACK_SIZE                   
0000026d  AltitudeControlerInit          
000002a9  AltitudeGet                    
000002c7  Altitude_Control               
00000479  PositionControlerInit          
00000481  Position_Control               
00000483  ConfigureUART0                 
000004bf  LED_Init                       
0000051d  MavLink_Data_Get               
00000689  Key_PF4_Init                   
000006b9  KEY_PF4_Pros                   
00000703  PPM_Channal_Init               
0000074d  Aircraft_Unlock                
000007b1  Aircraft_Base_Output           
00000815  RolloverProtection             
0000088d  Timer1A_Init                   
0000091d  Timer1AIntHandler              
00000991  UART1_Data_Pros                
00000a41  main                           
00000c55  UARTStdioConfig                
00000cb5  UARTwrite                      
00000d07  UARTgets                       
00000dcd  UARTgetc                       
00000e01  UARTvprintf                    
000010fb  UARTprintf                     
00001131  ppm_encoder_init               
0000120d  Timer0AIntHandler              
00001237  ppm_encoder_set_data           
000014d1  Mav_recive_UART2_Config        
00001531  Attitude_Data_Store            
00001567  UART2IntHandler                
000016a3  Attitude_init                  
000016b1  Distance_init                  
000016bf  Mavlink_DateInit               
00001745  GPIOE3_Init                    
0000176b  SonicTrig                      
0000179b  WTimer0BIntHandler             
00001857  WTimer0BConfigure              
000018b9  UltrasonicConfigure            
00001921  __aeabi_dsub                   
0000192b  __aeabi_dadd                   
00001ad7  __aeabi_idiv0                  
00001ad9  Recive_UART1_Config            
00001b1f  UART1IntHandler                
00001c49  __aeabi_ddiv                   
00001d7f  GPIOPadConfigSet               
00001eb1  SysCtlClockGet                 
00001fc1  __aeabi_dmul                   
000020bd  __aeabi_memcpy                 
000020bd  __aeabi_memcpy4                
000020bd  __aeabi_memcpy8                
000020bd  memcpy                         
00002159  __aeabi_memclr                 
00002159  __aeabi_memclr4                
00002159  __aeabi_memclr8                
0000215b  __aeabi_memset                 
0000215b  __aeabi_memset4                
0000215b  __aeabi_memset8                
00002161  memset                         
000021d3  __mpu_init                     
000021d5  __TI_auto_init                 
00002245  __aeabi_d2f                    
000022b3  _system_post_cinit             
000022b5  IntEnable                      
0000231d  __TI_decompress_lzss           
00002385  TimerConfigure                 
000023e5  _c_int00                       
00002439  C$$EXIT                        
0000243d  abort                          
00002445  exit                           
000024d9  copy_in                        
00002525  GPIOPinConfigure               
0000256d  __aeabi_d2iz                   
000025b5  UARTConfigSetExpClk            
000025fb  __aeabi_d2uiz                  
0000263f  __aeabi_uidiv                  
0000263f  __aeabi_uidivmod               
00002681  SysCtlPeripheralReady          
000026b9  __aeabi_f2d                    
000026f1  IntRegister                    
00002725  SysCtlPeripheralEnable         
00002759  GPIODirModeSet                 
00002785  IntPrioritySet                 
000027a9  UARTDisable                    
000027c9  __aeabi_ui2d                   
000027e9  GPIOPinTypeGPIOOutput          
00002801  TimerIntRegister               
00002819  _args_main                     
00002831  TimerControlEvent              
00002847  UARTEnable                     
0000285d  _register_unlock               
00002863  _register_lock                 
0000286b  _nop                           
00002871  GPIOPinTypeGPIOInput           
00002883  GPIOPinTypeTimer               
00002895  GPIOPinTypeUART                
000028a9  FPUEnable                      
000028b9  FPULazyStackingEnable          
000028c9  IntMasterEnable                
000028d9  TimerEnable                    
000028e7  UARTCharGetNonBlocking         
000028f5  UARTCharsAvail                 
00002903  __TI_decompress_none           
00002911  CPUcpsie                       
0000291d  __TI_zero_init                 
00002929  ResetISR                       
00002935  TimerIntStatus                 
0000293f  TimerValueGet                  
00002949  UARTFIFOEnable                 
00002953  UARTIntStatus                  
0000295d  TimerIntEnable                 
00002965  UARTIntEnable                  
0000296d  GPIOPinRead                    
00002973  GPIOPinWrite                   
00002979  TimerClockSourceSet            
0000297f  UARTClockSourceSet             
00002985  UARTFIFOLevelSet               
0000298b  TimerIntClear                  
0000298f  UARTIntClear                   
00002993  _system_pre_init               
00002c98  __TI_Handler_Table_Base        
00002ca4  __TI_Handler_Table_Limit       
00002cb8  __TI_CINIT_Base                
00002cd0  __TI_CINIT_Limit               
20000000  g_pfnRAMVectors                
2000026c  __stack                        
2000046c  UART1_Rx_Buffers               
2000046c  __STACK_END                    
2000046c  __STACK_TOP                    
200004a0  UART1_Rx_Data                  
200004d4  Source_attitude_payload        
20000528  altitude_controler             
2000054c  position_controler             
2000057a  ppm_data                       
20000598  Source_Rangefinder_payload     
200005a0  int_mavlink_height             
200005a4  int_pitch                      
200005a8  int_roll                       
200005ac  int_yaw                        
200005b0  mavlink_height                 
200005b4  pitch                          
200005b8  roll                           
200005bc  yaw                            
200005c0  UART1_Rx_Len                   
200005c1  UART1_Sender_Address           
200005c2  payload_buf_index              
200005c3  rx_buffer                      
200005c4  Rx_Buffer_attitude             
200005ec  Rx_Buffer_height               
20000600  bDataReady                     
20000604  ui32Distance                   
20000608  ultrasonic_height              
2000060c  int_ultrasonic_height          
20000610  ultrasonic_update_flag         
20000614  __TI_cleanup_ptr               
20000618  __TI_dtors_ptr                 
2000061c  __TI_enable_exit_profile_output
20000620  aircraft_start_flag            
2000062c  _lock                          
20000630  _unlock                        
20000634  UART1_Updated_Flag             
20000644  newAttiFlag                    
20000645  newHeightFlag                  
20000646  start_receive_attitude         
20000647  start_receive_height           
2000065c  main_func_sp                   
ffffffff  __TI_pprof_out_hndl            
ffffffff  __TI_prof_data_size            
ffffffff  __TI_prof_data_start           
ffffffff  __binit__                      
ffffffff  __c_args__                     
ffffffff  binit                          
UNDEFED   SHT$$INIT_ARRAY$$Base          
UNDEFED   SHT$$INIT_ARRAY$$Limit         

[176 symbols]
