******************************************************************************
                  TI ARM Linker PC v16.9.0                     
******************************************************************************
>> Linked Sun Jan 27 23:29:41 2019

OUTPUT FILE NAME:   <Aircraft_v18.out>
ENTRY POINT SYMBOL: "_c_int00"  address: 00003cd9


MEMORY CONFIGURATION

         name            origin    length      used     unused   attr    fill
----------------------  --------  ---------  --------  --------  ----  --------
  FLASH                 00000000   00040000  000045f6  0003ba0a  R  X
  SRAM                  20000000   00008000  0000072c  000078d4  RW X


SEGMENT ALLOCATION MAP

run origin  load origin   length   init length attrs members
----------  ----------- ---------- ----------- ----- -------
00000000    00000000    000045f8   000045f8    r-x
  00000000    00000000    0000026c   0000026c    r-- .intvecs
  0000026c    0000026c    0000401a   0000401a    r-x .text
  00004288    00004288    00000308   00000308    r-- .const
  00004590    00004590    00000068   00000068    r-- .cinit
20000000    20000000    00000730   00000000    rw-
  20000000    20000000    0000026c   00000000    rw- .vtable
  2000026c    2000026c    00000200   00000000    rw- .stack
  20000470    20000470    000001e8   00000000    rw- .bss
  20000658    20000658    000000d8   00000000    rw- .data


SECTION ALLOCATION MAP

 output                                  attributes/
section   page    origin      length       input sections
--------  ----  ----------  ----------   ----------------
.intvecs   0    00000000    0000026c     
                  00000000    0000026c     tm4c123gh6pm_startup_ccs.obj (.intvecs)

.text      0    0000026c    0000401a     
                  0000026c    00000fc0     main.obj (.text)
                  0000122c    000009ac     rtsv7M4_T_le_v4SPD16_eabi.lib : e_pow.obj (.text)
                  00001bd8    000004dc     uartstdio.obj (.text)
                  000020b4    00000420     mavlink.obj (.text)
                  000024d4    000003a0     ppm.obj (.text)
                  00002874    00000288     filter.obj (.text)
                  00002afc    000001dc     ultrasonic.obj (.text)
                  00002cd8    000001c4     camera.obj (.text)
                  00002e9c    000001b6     rtsv7M4_T_le_v4SPD16_eabi.lib : fd_add_t2.obj (.text)
                  00003052    00000002                                   : i_div0.obj (.text)
                  00003054    00000170     receive.obj (.text)
                  000031c4    00000170     rtsv7M4_T_le_v4SPD16_eabi.lib : e_sqrt.obj (.text)
                  00003334    00000136                                   : fd_div_t2.obj (.text)
                  0000346a    00000132     driverlib.lib : gpio.obj (.text:GPIOPadConfigSet)
                  0000359c    00000110                   : sysctl.obj (.text:SysCtlClockGet)
                  000036ac    000000fc     rtsv7M4_T_le_v4SPD16_eabi.lib : fd_mul_t2.obj (.text)
                  000037a8    000000fc                                   : s_scalbn.obj (.text)
                  000038a4    0000009c                                   : memcpy_t2.obj (.text)
                  00003940    00000086                                   : fd_cmp_t2.obj (.text:__aeabi_cdcmple)
                  000039c6    00000086                                   : fd_cmp_t2.obj (.text:__aeabi_cdrcmple)
                  00003a4c    0000007a                                   : memset_t2.obj (.text)
                  00003ac6    00000002                                   : mpu_init.obj (.text)
                  00003ac8    00000070                                   : autoinit.obj (.text)
                  00003b38    0000006e                                   : fd_tos_t2.obj (.text)
                  00003ba6    00000002                                   : startup.obj (.text)
                  00003ba8    00000068     driverlib.lib : interrupt.obj (.text:IntEnable)
                  00003c10    00000068     rtsv7M4_T_le_v4SPD16_eabi.lib : copy_decompress_lzss.obj (.text:decompress:lzss)
                  00003c78    00000060     driverlib.lib : timer.obj (.text:TimerConfigure)
                  00003cd8    00000054     rtsv7M4_T_le_v4SPD16_eabi.lib : boot.obj (.text)
                  00003d2c    00000054                                   : exit.obj (.text)
                  00003d80    0000004c     driverlib.lib : timer.obj (.text:_TimerIntNumberGet)
                  00003dcc    0000004c     rtsv7M4_T_le_v4SPD16_eabi.lib : cpy_tbl.obj (.text)
                  00003e18    00000048     driverlib.lib : gpio.obj (.text:GPIOPinConfigure)
                  00003e60    00000048     rtsv7M4_T_le_v4SPD16_eabi.lib : fd_toi_t2.obj (.text)
                  00003ea8    00000046     driverlib.lib : uart.obj (.text:UARTConfigSetExpClk)
                  00003eee    00000040     rtsv7M4_T_le_v4SPD16_eabi.lib : u_divt2.obj (.text)
                  00003f2e    00000002     --HOLE-- [fill = 0]
                  00003f30    00000038     driverlib.lib : sysctl.obj (.text:SysCtlPeripheralReady)
                  00003f68    00000038     rtsv7M4_T_le_v4SPD16_eabi.lib : fs_tod_t2.obj (.text)
                  00003fa0    00000034     driverlib.lib : interrupt.obj (.text:IntRegister)
                  00003fd4    00000034                   : sysctl.obj (.text:SysCtlPeripheralEnable)
                  00004008    0000002e     rtsv7M4_T_le_v4SPD16_eabi.lib : i_tofd_t2.obj (.text)
                  00004036    0000002a     driverlib.lib : gpio.obj (.text:GPIODirModeSet)
                  00004060    00000024                   : interrupt.obj (.text:IntPrioritySet)
                  00004084    00000020                   : uart.obj (.text:UARTDisable)
                  000040a4    00000020     rtsv7M4_T_le_v4SPD16_eabi.lib : u_tofd_t2.obj (.text)
                  000040c4    00000018     driverlib.lib : gpio.obj (.text:GPIOPinTypeGPIOOutput)
                  000040dc    00000018                   : timer.obj (.text:TimerIntRegister)
                  000040f4    00000018     rtsv7M4_T_le_v4SPD16_eabi.lib : args_main.obj (.text)
                  0000410c    00000016     driverlib.lib : timer.obj (.text:TimerControlEvent)
                  00004122    00000014                   : uart.obj (.text:UARTEnable)
                  00004136    00000002     --HOLE-- [fill = 0]
                  00004138    00000014     rtsv7M4_T_le_v4SPD16_eabi.lib : _lock.obj (.text)
                  0000414c    00000014                                   : s_copysign.obj (.text)
                  00004160    00000012     driverlib.lib : gpio.obj (.text:GPIOPinTypeGPIOInput)
                  00004172    00000012                   : gpio.obj (.text:GPIOPinTypeTimer)
                  00004184    00000012                   : gpio.obj (.text:GPIOPinTypeUART)
                  00004196    00000002     --HOLE-- [fill = 0]
                  00004198    00000010                   : fpu.obj (.text:FPUEnable)
                  000041a8    00000010                   : fpu.obj (.text:FPULazyStackingEnable)
                  000041b8    00000010                   : interrupt.obj (.text:IntMasterEnable)
                  000041c8    0000000e                   : timer.obj (.text:TimerEnable)
                  000041d6    0000000e                   : uart.obj (.text:UARTCharGetNonBlocking)
                  000041e4    0000000e                   : uart.obj (.text:UARTCharsAvail)
                  000041f2    0000000e     rtsv7M4_T_le_v4SPD16_eabi.lib : copy_decompress_none.obj (.text:decompress:none)
                  00004200    0000000c     driverlib.lib : cpu.obj (.text:CPUcpsie)
                  0000420c    0000000c     rtsv7M4_T_le_v4SPD16_eabi.lib : copy_zero_init.obj (.text:decompress:ZI)
                  00004218    0000000c     tm4c123gh6pm_startup_ccs.obj (.text)
                  00004224    0000000a     driverlib.lib : timer.obj (.text:TimerIntStatus)
                  0000422e    0000000a                   : timer.obj (.text:TimerValueGet)
                  00004238    0000000a                   : uart.obj (.text:UARTFIFOEnable)
                  00004242    0000000a                   : uart.obj (.text:UARTIntStatus)
                  0000424c    00000008                   : timer.obj (.text:TimerIntEnable)
                  00004254    00000008                   : uart.obj (.text:UARTIntEnable)
                  0000425c    00000006                   : gpio.obj (.text:GPIOPinRead)
                  00004262    00000006                   : gpio.obj (.text:GPIOPinWrite)
                  00004268    00000006                   : timer.obj (.text:TimerClockSourceSet)
                  0000426e    00000006                   : uart.obj (.text:UARTClockSourceSet)
                  00004274    00000006                   : uart.obj (.text:UARTFIFOLevelSet)
                  0000427a    00000004                   : timer.obj (.text:TimerIntClear)
                  0000427e    00000004                   : uart.obj (.text:UARTIntClear)
                  00004282    00000004     rtsv7M4_T_le_v4SPD16_eabi.lib : pre_init.obj (.text)

.const     0    00004288    00000308     
                  00004288    0000009c     driverlib.lib : interrupt.obj (.const:g_pui32Regs)
                  00004324    00000090                   : gpio.obj (.const:g_pui32GPIOBaseAddrs)
                  000043b4    00000070                   : interrupt.obj (.const)
                  00004424    0000006c                   : sysctl.obj (.const:g_pui32Xtals)
                  00004490    00000060                   : timer.obj (.const:g_ppui32TimerIntMap)
                  000044f0    00000040                   : timer.obj (.const:g_ppui32TimerIntMapSnowflake)
                  00004530    00000030     rtsv7M4_T_le_v4SPD16_eabi.lib : e_pow.obj (.const:$O1$$)
                  00004560    00000012     uartstdio.obj (.const:.string)
                  00004572    00000002     --HOLE-- [fill = 0]
                  00004574    0000000c     uartstdio.obj (.const:g_ui32UARTBase)
                  00004580    0000000c     uartstdio.obj (.const:g_ui32UARTPeriph)
                  0000458c    00000004     uartstdio.obj (.const)

.cinit     0    00004590    00000068     
                  00004590    00000031     (.cinit..data.load) [load image, compression = lzss]
                  000045c1    00000003     --HOLE-- [fill = 0]
                  000045c4    0000000c     (__TI_handler_table)
                  000045d0    00000008     (.cinit..bss.load) [load image, compression = zero_init]
                  000045d8    00000008     (.cinit..vtable.load) [load image, compression = zero_init]
                  000045e0    00000018     (__TI_cinit_table)

.init_array 
*          0    00000000    00000000     UNINITIALIZED

.vtable    0    20000000    0000026c     UNINITIALIZED
                  20000000    0000026c     driverlib.lib : interrupt.obj (.vtable)

.stack     0    2000026c    00000200     UNINITIALIZED
                  2000026c    00000200     --HOLE--

.bss       0    20000470    000001e8     UNINITIALIZED
                  20000470    00000068     (.common:position_controler)
                  200004d8    00000034     (.common:UART1_Rx_Buffers)
                  2000050c    00000034     (.common:UART1_Rx_Data)
                  20000540    00000030     (.common:Source_attitude_payload)
                  20000570    00000030     (.common:altitude_ewa)
                  200005a0    0000002c     (.common:altitude_controler)
                  200005cc    00000024     ppm.obj (.bss:ppm_data_buf)
                  200005f0    00000012     ppm.obj (.bss:ppm_data_shadow)
                  20000602    00000012     (.common:ppm_data)
                  20000614    0000000c     ppm.obj (.bss)
                  20000620    0000000c     (.common:UART3_Rx_Buffers)
                  2000062c    00000008     (.common:Source_Rangefinder_payload)
                  20000634    00000004     (.common:int_mavlink_height)
                  20000638    00000004     (.common:int_pitch)
                  2000063c    00000004     (.common:int_roll)
                  20000640    00000004     (.common:int_yaw)
                  20000644    00000004     (.common:mavlink_height)
                  20000648    00000004     (.common:pitch)
                  2000064c    00000004     (.common:roll)
                  20000650    00000004     (.common:yaw)
                  20000654    00000001     (.common:UART1_Rx_Len)
                  20000655    00000001     (.common:UART1_Sender_Address)
                  20000656    00000001     (.common:payload_buf_index)
                  20000657    00000001     (.common:rx_buffer)

.data      0    20000658    000000d8     UNINITIALIZED
                  20000658    00000028     mavlink.obj (.data:Rx_Buffer_attitude)
                  20000680    00000028     ultrasonic.obj (.data:ultrasonic_distance_history)
                  200006a8    00000014     mavlink.obj (.data:Rx_Buffer_height)
                  200006bc    00000011     camera.obj (.data)
                  200006cd    00000003     --HOLE--
                  200006d0    00000010     main.obj (.data)
                  200006e0    0000000c     rtsv7M4_T_le_v4SPD16_eabi.lib : exit.obj (.data:$O1$$)
                  200006ec    0000000a     ultrasonic.obj (.data)
                  200006f6    00000002     --HOLE--
                  200006f8    00000008     rtsv7M4_T_le_v4SPD16_eabi.lib : _lock.obj (.data:$O1$$)
                  20000700    00000008     receive.obj (.data)
                  20000708    00000008     ultrasonic.obj (.data:ui32Time$2)
                  20000710    00000006     mavlink.obj (.data)
                  20000716    00000002     --HOLE--
                  20000718    00000005     ppm.obj (.data)
                  2000071d    00000003     --HOLE--
                  20000720    00000005     uartstdio.obj (.data)
                  20000725    00000003     --HOLE--
                  20000728    00000004     rtsv7M4_T_le_v4SPD16_eabi.lib : errno.obj (.data)
                  2000072c    00000004                                   : stkdepth_vars.obj (.data)

MODULE SUMMARY

       Module                         code    ro data   rw data
       ------                         ----    -------   -------
    .\
       main.obj                       4032    0         230    
       uartstdio.obj                  1244    46        5      
       mavlink.obj                    1056    0         156    
       ppm.obj                        928     0         71     
       filter.obj                     648     0         0      
       tm4c123gh6pm_startup_ccs.obj   12      620       0      
       ultrasonic.obj                 476     0         58     
       receive.obj                    368     0         114    
       camera.obj                     452     0         29     
    +--+------------------------------+-------+---------+---------+
       Total:                         9216    666       663    
                                                               
    D:\ti\ccsv7\tools\compiler\ti-cgt-arm_16.9.0.LTS\lib\rtsv7M4_T_le_v4SPD16_eabi.lib
       e_pow.obj                      2476    48        0      
       fd_add_t2.obj                  438     0         0      
       e_sqrt.obj                     368     0         0      
       fd_div_t2.obj                  310     0         0      
       fd_cmp_t2.obj                  268     0         0      
       fd_mul_t2.obj                  252     0         0      
       s_scalbn.obj                   252     0         0      
       memcpy_t2.obj                  156     0         0      
       memset_t2.obj                  122     0         0      
       autoinit.obj                   112     0         0      
       fd_tos_t2.obj                  110     0         0      
       copy_decompress_lzss.obj       104     0         0      
       exit.obj                       84      0         12     
       boot.obj                       84      0         0      
       cpy_tbl.obj                    76      0         0      
       fd_toi_t2.obj                  72      0         0      
       u_divt2.obj                    64      0         0      
       fs_tod_t2.obj                  56      0         0      
       i_tofd_t2.obj                  46      0         0      
       u_tofd_t2.obj                  32      0         0      
       _lock.obj                      20      0         8      
       args_main.obj                  24      0         0      
       s_copysign.obj                 20      0         0      
       copy_decompress_none.obj       14      0         0      
       copy_zero_init.obj             12      0         0      
       errno.obj                      0       0         4      
       pre_init.obj                   4       0         0      
       stkdepth_vars.obj              0       0         4      
       i_div0.obj                     2       0         0      
       mpu_init.obj                   2       0         0      
       startup.obj                    2       0         0      
    +--+------------------------------+-------+---------+---------+
       Total:                         5582    48        28     
                                                               
    F:/TIVAWARE002/driverlib/ccs/Debug/driverlib.lib
       interrupt.obj                  208     268       620    
       gpio.obj                       510     144       0      
       sysctl.obj                     380     108       0      
       timer.obj                      270     160       0      
       uart.obj                       194     0         0      
       fpu.obj                        32      0         0      
       cpu.obj                        12      0         0      
    +--+------------------------------+-------+---------+---------+
       Total:                         1606    680       620    
                                                               
       Stack:                         0       0         512    
       Linker Generated:              0       101       0      
    +--+------------------------------+-------+---------+---------+
       Grand Total:                   16404   1495      1823   


LINKER GENERATED COPY TABLES

__TI_cinit_table @ 000045e0 records: 3, size/record: 8, table size: 24
	.data: load addr=00004590, load size=00000031 bytes, run addr=20000658, run size=000000d8 bytes, compression=lzss
	.bss: load addr=000045d0, load size=00000008 bytes, run addr=20000470, run size=000001e8 bytes, compression=zero_init
	.vtable: load addr=000045d8, load size=00000008 bytes, run addr=20000000, run size=0000026c bytes, compression=zero_init


LINKER GENERATED HANDLER TABLE

__TI_handler_table @ 000045c4 records: 3, size/record: 4, table size: 12
	index: 0, handler: __TI_zero_init
	index: 1, handler: __TI_decompress_lzss
	index: 2, handler: __TI_decompress_none


GLOBAL SYMBOLS: SORTED ALPHABETICALLY BY Name 

address   name                           
-------   ----                           
00000869  AircraftDataReceive            
00000c15  Aircraft_Base_Output           
00000bc5  Aircraft_Unlock                
0000026d  AltitudeControlerInit          
000007e3  AltitudeGet                    
00000361  Altitude_Control               
00002115  Attitude_Data_Store            
00002287  Attitude_init                  
00003d2d  C$$EXIT                        
00004201  CPUcpsie                       
00000a6d  ConfigureUART0                 
00002295  Distance_init                  
000028d7  EWA_Filter_Compute             
00002875  EWA_Filter_Init                
00004199  FPUEnable                      
000041a9  FPULazyStackingEnable          
00004037  GPIODirModeSet                 
00002afd  GPIOE3_Init                    
0000346b  GPIOPadConfigSet               
00003e19  GPIOPinConfigure               
0000425d  GPIOPinRead                    
00004161  GPIOPinTypeGPIOInput           
000040c5  GPIOPinTypeGPIOOutput          
00004173  GPIOPinTypeTimer               
00004185  GPIOPinTypeUART                
00004263  GPIOPinWrite                   
00003ba9  IntEnable                      
000041b9  IntMasterEnable                
00004061  IntPrioritySet                 
00003fa1  IntRegister                    
00000b09  KEY_PF4_Pros                   
00000ad5  Key_PF4_Init                   
00000aa9  LED_Init                       
00002a11  MA_Filter_Compute              
000029bf  MA_Filter_Init                 
000022e5  MavLink_Data_Get               
000020b5  Mav_recive_UART2_Config        
000022a3  Mavlink_DateInit               
00000b61  PPM_Channal_Init               
000002c5  PositionControlerInit          
000005ed  Position_Control               
00003055  Recive_UART1_Config            
00002cd9  Recive_UART3_Config            
00004219  ResetISR                       
00000c75  RolloverProtection             
20000658  Rx_Buffer_attitude             
200006a8  Rx_Buffer_height               
UNDEFED   SHT$$INIT_ARRAY$$Base          
UNDEFED   SHT$$INIT_ARRAY$$Limit         
00002b23  SonicTrig                      
2000062c  Source_Rangefinder_payload     
20000540  Source_attitude_payload        
0000359d  SysCtlClockGet                 
00003fd5  SysCtlPeripheralEnable         
00003f31  SysCtlPeripheralReady          
000025b1  Timer0AIntHandler              
00000d9d  Timer1AIntHandler              
00000cfd  Timer1A_Init                   
00004269  TimerClockSourceSet            
00003c79  TimerConfigure                 
0000410d  TimerControlEvent              
000041c9  TimerEnable                    
0000427b  TimerIntClear                  
0000424d  TimerIntEnable                 
000040dd  TimerIntRegister               
00004225  TimerIntStatus                 
0000422f  TimerValueGet                  
0000309b  UART1IntHandler                
00000e29  UART1_Data_Pros                
200004d8  UART1_Rx_Buffers               
2000050c  UART1_Rx_Data                  
20000654  UART1_Rx_Len                   
20000655  UART1_Sender_Address           
20000700  UART1_Updated_Flag             
0000214b  UART2IntHandler                
00002d1d  UART3IntHandler                
20000620  UART3_Rx_Buffers               
200006c4  UART3_Updated_Flag             
000041d7  UARTCharGetNonBlocking         
000041e5  UARTCharsAvail                 
0000426f  UARTClockSourceSet             
00003ea9  UARTConfigSetExpClk            
00004085  UARTDisable                    
00004123  UARTEnable                     
00004239  UARTFIFOEnable                 
00004275  UARTFIFOLevelSet               
0000427f  UARTIntClear                   
00004255  UARTIntEnable                  
00004243  UARTIntStatus                  
00001bd9  UARTStdioConfig                
00001d51  UARTgetc                       
00001c8b  UARTgets                       
0000207f  UARTprintf                     
00001d85  UARTvprintf                    
00001c39  UARTwrite                      
00002c79  UltrasonicConfigure            
00002c17  WTimer0BConfigure              
00002b53  WTimer0BIntHandler             
2000046c  __STACK_END                    
00000200  __STACK_SIZE                   
2000046c  __STACK_TOP                    
000045e0  __TI_CINIT_Base                
000045f8  __TI_CINIT_Limit               
000045c4  __TI_Handler_Table_Base        
000045d0  __TI_Handler_Table_Limit       
00003ac9  __TI_auto_init                 
200006e0  __TI_cleanup_ptr               
00003c11  __TI_decompress_lzss           
000041f3  __TI_decompress_none           
200006e4  __TI_dtors_ptr                 
200006e8  __TI_enable_exit_profile_output
ffffffff  __TI_pprof_out_hndl            
ffffffff  __TI_prof_data_size            
ffffffff  __TI_prof_data_start           
00000000  __TI_static_base__             
0000420d  __TI_zero_init                 
00003941  __aeabi_cdcmpeq                
00003941  __aeabi_cdcmple                
000039c7  __aeabi_cdrcmple               
00003b39  __aeabi_d2f                    
00003e61  __aeabi_d2iz                   
00002ea7  __aeabi_dadd                   
00003335  __aeabi_ddiv                   
000036ad  __aeabi_dmul                   
00002e9d  __aeabi_dsub                   
00003f69  __aeabi_f2d                    
00004009  __aeabi_i2d                    
00003053  __aeabi_idiv0                  
00003a4d  __aeabi_memclr                 
00003a4d  __aeabi_memclr4                
00003a4d  __aeabi_memclr8                
000038a5  __aeabi_memcpy                 
000038a5  __aeabi_memcpy4                
000038a5  __aeabi_memcpy8                
00003a4f  __aeabi_memset                 
00003a4f  __aeabi_memset4                
00003a4f  __aeabi_memset8                
000040a5  __aeabi_ui2d                   
00003eef  __aeabi_uidiv                  
00003eef  __aeabi_uidivmod               
ffffffff  __binit__                      
ffffffff  __c_args__                     
00003ac7  __mpu_init                     
2000026c  __stack                        
000040f5  _args_main                     
00003cd9  _c_int00                       
200006f8  _lock                          
00004147  _nop                           
0000413f  _register_lock                 
00004139  _register_unlock               
00003ba7  _system_post_cinit             
00004283  _system_pre_init               
200006fc  _unlock                        
00003d31  abort                          
200006d0  aircraft_start_flag            
200005a0  altitude_controler             
20000570  altitude_ewa                   
ffffffff  binit                          
00003dcd  copy_in                        
0000414d  copysign                       
0000414d  copysignl                      
20000728  errno                          
00003d39  exit                           
20000000  g_pfnRAMVectors                
00000000  g_pfnVectors                   
20000634  int_mavlink_height             
20000638  int_pitch                      
2000063c  int_roll                       
20000640  int_yaw                        
000037a9  ldexp                          
000037a9  ldexpl                         
00000f2d  main                           
2000072c  main_func_sp                   
20000644  mavlink_height                 
000038a5  memcpy                         
00003a55  memset                         
20000710  newAttiFlag                    
20000711  newHeightFlag                  
20000656  payload_buf_index              
20000648  pitch                          
20000470  position_controler             
0000122d  pow                            
0000122d  powl                           
20000602  ppm_data                       
000024d5  ppm_encoder_init               
000025db  ppm_encoder_set_data           
2000064c  roll                           
20000657  rx_buffer                      
000037a9  scalbn                         
000037a9  scalbnl                        
000031c5  sqrt                           
000031c5  sqrtl                          
20000712  start_receive_attitude         
20000713  start_receive_height           
00002da5  u3Data_handle                  
200006f0  ultrasonic_distance            
20000680  ultrasonic_distance_history    
200006ec  ultrasonic_update_flag         
200006bc  x_hat                          
200006c0  y_hat                          
20000650  yaw                            


GLOBAL SYMBOLS: SORTED BY Symbol Address 

address   name                           
-------   ----                           
00000000  __TI_static_base__             
00000000  g_pfnVectors                   
00000200  __STACK_SIZE                   
0000026d  AltitudeControlerInit          
000002c5  PositionControlerInit          
00000361  Altitude_Control               
000005ed  Position_Control               
000007e3  AltitudeGet                    
00000869  AircraftDataReceive            
00000a6d  ConfigureUART0                 
00000aa9  LED_Init                       
00000ad5  Key_PF4_Init                   
00000b09  KEY_PF4_Pros                   
00000b61  PPM_Channal_Init               
00000bc5  Aircraft_Unlock                
00000c15  Aircraft_Base_Output           
00000c75  RolloverProtection             
00000cfd  Timer1A_Init                   
00000d9d  Timer1AIntHandler              
00000e29  UART1_Data_Pros                
00000f2d  main                           
0000122d  pow                            
0000122d  powl                           
00001bd9  UARTStdioConfig                
00001c39  UARTwrite                      
00001c8b  UARTgets                       
00001d51  UARTgetc                       
00001d85  UARTvprintf                    
0000207f  UARTprintf                     
000020b5  Mav_recive_UART2_Config        
00002115  Attitude_Data_Store            
0000214b  UART2IntHandler                
00002287  Attitude_init                  
00002295  Distance_init                  
000022a3  Mavlink_DateInit               
000022e5  MavLink_Data_Get               
000024d5  ppm_encoder_init               
000025b1  Timer0AIntHandler              
000025db  ppm_encoder_set_data           
00002875  EWA_Filter_Init                
000028d7  EWA_Filter_Compute             
000029bf  MA_Filter_Init                 
00002a11  MA_Filter_Compute              
00002afd  GPIOE3_Init                    
00002b23  SonicTrig                      
00002b53  WTimer0BIntHandler             
00002c17  WTimer0BConfigure              
00002c79  UltrasonicConfigure            
00002cd9  Recive_UART3_Config            
00002d1d  UART3IntHandler                
00002da5  u3Data_handle                  
00002e9d  __aeabi_dsub                   
00002ea7  __aeabi_dadd                   
00003053  __aeabi_idiv0                  
00003055  Recive_UART1_Config            
0000309b  UART1IntHandler                
000031c5  sqrt                           
000031c5  sqrtl                          
00003335  __aeabi_ddiv                   
0000346b  GPIOPadConfigSet               
0000359d  SysCtlClockGet                 
000036ad  __aeabi_dmul                   
000037a9  ldexp                          
000037a9  ldexpl                         
000037a9  scalbn                         
000037a9  scalbnl                        
000038a5  __aeabi_memcpy                 
000038a5  __aeabi_memcpy4                
000038a5  __aeabi_memcpy8                
000038a5  memcpy                         
00003941  __aeabi_cdcmpeq                
00003941  __aeabi_cdcmple                
000039c7  __aeabi_cdrcmple               
00003a4d  __aeabi_memclr                 
00003a4d  __aeabi_memclr4                
00003a4d  __aeabi_memclr8                
00003a4f  __aeabi_memset                 
00003a4f  __aeabi_memset4                
00003a4f  __aeabi_memset8                
00003a55  memset                         
00003ac7  __mpu_init                     
00003ac9  __TI_auto_init                 
00003b39  __aeabi_d2f                    
00003ba7  _system_post_cinit             
00003ba9  IntEnable                      
00003c11  __TI_decompress_lzss           
00003c79  TimerConfigure                 
00003cd9  _c_int00                       
00003d2d  C$$EXIT                        
00003d31  abort                          
00003d39  exit                           
00003dcd  copy_in                        
00003e19  GPIOPinConfigure               
00003e61  __aeabi_d2iz                   
00003ea9  UARTConfigSetExpClk            
00003eef  __aeabi_uidiv                  
00003eef  __aeabi_uidivmod               
00003f31  SysCtlPeripheralReady          
00003f69  __aeabi_f2d                    
00003fa1  IntRegister                    
00003fd5  SysCtlPeripheralEnable         
00004009  __aeabi_i2d                    
00004037  GPIODirModeSet                 
00004061  IntPrioritySet                 
00004085  UARTDisable                    
000040a5  __aeabi_ui2d                   
000040c5  GPIOPinTypeGPIOOutput          
000040dd  TimerIntRegister               
000040f5  _args_main                     
0000410d  TimerControlEvent              
00004123  UARTEnable                     
00004139  _register_unlock               
0000413f  _register_lock                 
00004147  _nop                           
0000414d  copysign                       
0000414d  copysignl                      
00004161  GPIOPinTypeGPIOInput           
00004173  GPIOPinTypeTimer               
00004185  GPIOPinTypeUART                
00004199  FPUEnable                      
000041a9  FPULazyStackingEnable          
000041b9  IntMasterEnable                
000041c9  TimerEnable                    
000041d7  UARTCharGetNonBlocking         
000041e5  UARTCharsAvail                 
000041f3  __TI_decompress_none           
00004201  CPUcpsie                       
0000420d  __TI_zero_init                 
00004219  ResetISR                       
00004225  TimerIntStatus                 
0000422f  TimerValueGet                  
00004239  UARTFIFOEnable                 
00004243  UARTIntStatus                  
0000424d  TimerIntEnable                 
00004255  UARTIntEnable                  
0000425d  GPIOPinRead                    
00004263  GPIOPinWrite                   
00004269  TimerClockSourceSet            
0000426f  UARTClockSourceSet             
00004275  UARTFIFOLevelSet               
0000427b  TimerIntClear                  
0000427f  UARTIntClear                   
00004283  _system_pre_init               
000045c4  __TI_Handler_Table_Base        
000045d0  __TI_Handler_Table_Limit       
000045e0  __TI_CINIT_Base                
000045f8  __TI_CINIT_Limit               
20000000  g_pfnRAMVectors                
2000026c  __stack                        
2000046c  __STACK_END                    
2000046c  __STACK_TOP                    
20000470  position_controler             
200004d8  UART1_Rx_Buffers               
2000050c  UART1_Rx_Data                  
20000540  Source_attitude_payload        
20000570  altitude_ewa                   
200005a0  altitude_controler             
20000602  ppm_data                       
20000620  UART3_Rx_Buffers               
2000062c  Source_Rangefinder_payload     
20000634  int_mavlink_height             
20000638  int_pitch                      
2000063c  int_roll                       
20000640  int_yaw                        
20000644  mavlink_height                 
20000648  pitch                          
2000064c  roll                           
20000650  yaw                            
20000654  UART1_Rx_Len                   
20000655  UART1_Sender_Address           
20000656  payload_buf_index              
20000657  rx_buffer                      
20000658  Rx_Buffer_attitude             
20000680  ultrasonic_distance_history    
200006a8  Rx_Buffer_height               
200006bc  x_hat                          
200006c0  y_hat                          
200006c4  UART3_Updated_Flag             
200006d0  aircraft_start_flag            
200006e0  __TI_cleanup_ptr               
200006e4  __TI_dtors_ptr                 
200006e8  __TI_enable_exit_profile_output
200006ec  ultrasonic_update_flag         
200006f0  ultrasonic_distance            
200006f8  _lock                          
200006fc  _unlock                        
20000700  UART1_Updated_Flag             
20000710  newAttiFlag                    
20000711  newHeightFlag                  
20000712  start_receive_attitude         
20000713  start_receive_height           
20000728  errno                          
2000072c  main_func_sp                   
ffffffff  __TI_pprof_out_hndl            
ffffffff  __TI_prof_data_size            
ffffffff  __TI_prof_data_start           
ffffffff  __binit__                      
ffffffff  __c_args__                     
ffffffff  binit                          
UNDEFED   SHT$$INIT_ARRAY$$Base          
UNDEFED   SHT$$INIT_ARRAY$$Limit         

[201 symbols]
