******************************************************************************
                  TI ARM Linker PC v16.9.0                     
******************************************************************************
>> Linked Tue Jan 29 23:27:58 2019

OUTPUT FILE NAME:   <Big_Aircraft_v4.out>
ENTRY POINT SYMBOL: "_c_int00"  address: 000043c1


MEMORY CONFIGURATION

         name            origin    length      used     unused   attr    fill
----------------------  --------  ---------  --------  --------  ----  --------
  FLASH                 00000000   00040000  00004d20  0003b2e0  R  X
  SRAM                  20000000   00008000  00000730  000078d0  RW X


SEGMENT ALLOCATION MAP

run origin  load origin   length   init length attrs members
----------  ----------- ---------- ----------- ----- -------
00000000    00000000    00004d20   00004d20    r-x
  00000000    00000000    0000026c   0000026c    r-- .intvecs
  0000026c    0000026c    00004744   00004744    r-x .text
  000049b0    000049b0    00000308   00000308    r-- .const
  00004cb8    00004cb8    00000068   00000068    r-- .cinit
20000000    20000000    00000734   00000000    rw-
  20000000    20000000    0000026c   00000000    rw- .vtable
  2000026c    2000026c    00000200   00000000    rw- .stack
  20000470    20000470    000001e8   00000000    rw- .bss
  20000658    20000658    000000dc   00000000    rw- .data


SECTION ALLOCATION MAP

 output                                  attributes/
section   page    origin      length       input sections
--------  ----  ----------  ----------   ----------------
.intvecs   0    00000000    0000026c     
                  00000000    0000026c     tm4c123gh6pm_startup_ccs.obj (.intvecs)

.text      0    0000026c    00004744     
                  0000026c    00001670     main.obj (.text)
                  000018dc    000009ac     rtsv7M4_T_le_v4SPD16_eabi.lib : e_pow.obj (.text)
                  00002288    000004dc     uartstdio.obj (.text)
                  00002764    00000420     mavlink.obj (.text)
                  00002b84    000003a0     ppm.obj (.text)
                  00002f24    00000288     filter.obj (.text)
                  000031ac    000001fc     camera.obj (.text)
                  000033a8    000001dc     ultrasonic.obj (.text)
                  00003584    000001b6     rtsv7M4_T_le_v4SPD16_eabi.lib : fd_add_t2.obj (.text)
                  0000373a    00000002                                   : i_div0.obj (.text)
                  0000373c    00000170     receive.obj (.text)
                  000038ac    00000170     rtsv7M4_T_le_v4SPD16_eabi.lib : e_sqrt.obj (.text)
                  00003a1c    00000136                                   : fd_div_t2.obj (.text)
                  00003b52    00000132     driverlib.lib : gpio.obj (.text:GPIOPadConfigSet)
                  00003c84    00000110                   : sysctl.obj (.text:SysCtlClockGet)
                  00003d94    000000fc     rtsv7M4_T_le_v4SPD16_eabi.lib : fd_mul_t2.obj (.text)
                  00003e90    000000fc                                   : s_scalbn.obj (.text)
                  00003f8c    0000009c                                   : memcpy_t2.obj (.text)
                  00004028    00000086                                   : fd_cmp_t2.obj (.text:__aeabi_cdcmple)
                  000040ae    00000086                                   : fd_cmp_t2.obj (.text:__aeabi_cdrcmple)
                  00004134    0000007a                                   : memset_t2.obj (.text)
                  000041ae    00000002                                   : mpu_init.obj (.text)
                  000041b0    00000070                                   : autoinit.obj (.text)
                  00004220    0000006e                                   : fd_tos_t2.obj (.text)
                  0000428e    00000002                                   : startup.obj (.text)
                  00004290    00000068     driverlib.lib : interrupt.obj (.text:IntEnable)
                  000042f8    00000068     rtsv7M4_T_le_v4SPD16_eabi.lib : copy_decompress_lzss.obj (.text:decompress:lzss)
                  00004360    00000060     driverlib.lib : timer.obj (.text:TimerConfigure)
                  000043c0    00000054     rtsv7M4_T_le_v4SPD16_eabi.lib : boot.obj (.text)
                  00004414    00000054                                   : exit.obj (.text)
                  00004468    0000004c     driverlib.lib : timer.obj (.text:_TimerIntNumberGet)
                  000044b4    0000004c     rtsv7M4_T_le_v4SPD16_eabi.lib : cpy_tbl.obj (.text)
                  00004500    00000048     driverlib.lib : gpio.obj (.text:GPIOPinConfigure)
                  00004548    00000048     rtsv7M4_T_le_v4SPD16_eabi.lib : fd_toi_t2.obj (.text)
                  00004590    00000046     driverlib.lib : uart.obj (.text:UARTConfigSetExpClk)
                  000045d6    00000040     rtsv7M4_T_le_v4SPD16_eabi.lib : u_divt2.obj (.text)
                  00004616    00000002     --HOLE-- [fill = 0]
                  00004618    00000038     driverlib.lib : sysctl.obj (.text:SysCtlPeripheralReady)
                  00004650    00000038     rtsv7M4_T_le_v4SPD16_eabi.lib : fs_tod_t2.obj (.text)
                  00004688    00000034     driverlib.lib : interrupt.obj (.text:IntRegister)
                  000046bc    00000034                   : sysctl.obj (.text:SysCtlPeripheralEnable)
                  000046f0    0000002e     rtsv7M4_T_le_v4SPD16_eabi.lib : i_tofd_t2.obj (.text)
                  0000471e    0000002a     driverlib.lib : gpio.obj (.text:GPIODirModeSet)
                  00004748    00000024                   : interrupt.obj (.text:IntPrioritySet)
                  0000476c    00000020                   : uart.obj (.text:UARTDisable)
                  0000478c    00000020     rtsv7M4_T_le_v4SPD16_eabi.lib : u_tofd_t2.obj (.text)
                  000047ac    00000018     driverlib.lib : gpio.obj (.text:GPIOPinTypeGPIOOutput)
                  000047c4    00000018                   : timer.obj (.text:TimerIntRegister)
                  000047dc    00000018     rtsv7M4_T_le_v4SPD16_eabi.lib : args_main.obj (.text)
                  000047f4    00000016     driverlib.lib : timer.obj (.text:TimerControlEvent)
                  0000480a    00000014                   : uart.obj (.text:UARTEnable)
                  0000481e    00000002     --HOLE-- [fill = 0]
                  00004820    00000014     rtsv7M4_T_le_v4SPD16_eabi.lib : _lock.obj (.text)
                  00004834    00000014                                   : s_copysign.obj (.text)
                  00004848    00000012     driverlib.lib : gpio.obj (.text:GPIOPinTypeGPIOInput)
                  0000485a    00000012                   : gpio.obj (.text:GPIOPinTypeTimer)
                  0000486c    00000012                   : gpio.obj (.text:GPIOPinTypeUART)
                  0000487e    00000012                   : timer.obj (.text:TimerLoadSet)
                  00004890    00000012                   : timer.obj (.text:TimerPrescaleSet)
                  000048a2    00000002     --HOLE-- [fill = 0]
                  000048a4    00000010                   : fpu.obj (.text:FPUEnable)
                  000048b4    00000010                   : fpu.obj (.text:FPULazyStackingEnable)
                  000048c4    00000010                   : interrupt.obj (.text:IntMasterEnable)
                  000048d4    0000000e                   : timer.obj (.text:TimerEnable)
                  000048e2    0000000e                   : uart.obj (.text:UARTCharGetNonBlocking)
                  000048f0    0000000e                   : uart.obj (.text:UARTCharPutNonBlocking)
                  000048fe    0000000e                   : uart.obj (.text:UARTCharsAvail)
                  0000490c    0000000e     rtsv7M4_T_le_v4SPD16_eabi.lib : copy_decompress_none.obj (.text:decompress:none)
                  0000491a    0000000c     driverlib.lib : cpu.obj (.text:CPUcpsie)
                  00004926    0000000c     rtsv7M4_T_le_v4SPD16_eabi.lib : copy_zero_init.obj (.text:decompress:ZI)
                  00004932    0000000c     tm4c123gh6pm_startup_ccs.obj (.text)
                  0000493e    0000000a     driverlib.lib : timer.obj (.text:TimerIntStatus)
                  00004948    0000000a                   : timer.obj (.text:TimerPrescaleGet)
                  00004952    0000000a                   : timer.obj (.text:TimerValueGet)
                  0000495c    0000000a                   : uart.obj (.text:UARTFIFOEnable)
                  00004966    0000000a                   : uart.obj (.text:UARTIntStatus)
                  00004970    00000008                   : timer.obj (.text:TimerIntEnable)
                  00004978    00000008                   : uart.obj (.text:UARTIntEnable)
                  00004980    00000006                   : gpio.obj (.text:GPIOPinRead)
                  00004986    00000006                   : gpio.obj (.text:GPIOPinWrite)
                  0000498c    00000006                   : sysctl.obj (.text:SysCtlDelay)
                  00004992    00000006                   : timer.obj (.text:TimerClockSourceSet)
                  00004998    00000006                   : uart.obj (.text:UARTClockSourceSet)
                  0000499e    00000006                   : uart.obj (.text:UARTFIFOLevelSet)
                  000049a4    00000004                   : timer.obj (.text:TimerIntClear)
                  000049a8    00000004                   : uart.obj (.text:UARTIntClear)
                  000049ac    00000004     rtsv7M4_T_le_v4SPD16_eabi.lib : pre_init.obj (.text)

.const     0    000049b0    00000308     
                  000049b0    0000009c     driverlib.lib : interrupt.obj (.const:g_pui32Regs)
                  00004a4c    00000090                   : gpio.obj (.const:g_pui32GPIOBaseAddrs)
                  00004adc    00000070                   : interrupt.obj (.const)
                  00004b4c    0000006c                   : sysctl.obj (.const:g_pui32Xtals)
                  00004bb8    00000060                   : timer.obj (.const:g_ppui32TimerIntMap)
                  00004c18    00000040                   : timer.obj (.const:g_ppui32TimerIntMapSnowflake)
                  00004c58    00000030     rtsv7M4_T_le_v4SPD16_eabi.lib : e_pow.obj (.const:$O1$$)
                  00004c88    00000012     uartstdio.obj (.const:.string)
                  00004c9a    00000002     --HOLE-- [fill = 0]
                  00004c9c    0000000c     uartstdio.obj (.const:g_ui32UARTBase)
                  00004ca8    0000000c     uartstdio.obj (.const:g_ui32UARTPeriph)
                  00004cb4    00000004     uartstdio.obj (.const)

.cinit     0    00004cb8    00000068     
                  00004cb8    0000002f     (.cinit..data.load) [load image, compression = lzss]
                  00004ce7    00000001     --HOLE-- [fill = 0]
                  00004ce8    0000000c     (__TI_handler_table)
                  00004cf4    00000004     --HOLE-- [fill = 0]
                  00004cf8    00000008     (.cinit..bss.load) [load image, compression = zero_init]
                  00004d00    00000008     (.cinit..vtable.load) [load image, compression = zero_init]
                  00004d08    00000018     (__TI_cinit_table)

.init_array 
*          0    00000000    00000000     UNINITIALIZED

.vtable    0    20000000    0000026c     UNINITIALIZED
                  20000000    0000026c     driverlib.lib : interrupt.obj (.vtable)

.stack     0    2000026c    00000200     UNINITIALIZED
                  2000026c    00000200     --HOLE--

.bss       0    20000470    000001e8     UNINITIALIZED
                  20000470    00000068     (.common:position_controler)
                  200004d8    00000034     (.common:UART1_Rx_Buffers)
                  2000050c    00000034     (.common:UART1_Rx_Data)
                  20000540    00000030     (.common:Source_attitude_payload)
                  20000570    00000030     (.common:altitude_ewa)
                  200005a0    0000002c     (.common:altitude_controler)
                  200005cc    00000024     ppm.obj (.bss:ppm_data_buf)
                  200005f0    00000012     ppm.obj (.bss:ppm_data_shadow)
                  20000602    00000012     (.common:ppm_data)
                  20000614    0000000c     ppm.obj (.bss)
                  20000620    0000000c     (.common:UART3_Rx_Buffers)
                  2000062c    00000008     (.common:Source_Rangefinder_payload)
                  20000634    00000004     (.common:int_mavlink_height)
                  20000638    00000004     (.common:int_pitch)
                  2000063c    00000004     (.common:int_roll)
                  20000640    00000004     (.common:int_yaw)
                  20000644    00000004     (.common:mavlink_height)
                  20000648    00000004     (.common:pitch)
                  2000064c    00000004     (.common:roll)
                  20000650    00000004     (.common:yaw)
                  20000654    00000001     (.common:UART1_Rx_Len)
                  20000655    00000001     (.common:UART1_Sender_Address)
                  20000656    00000001     (.common:payload_buf_index)
                  20000657    00000001     (.common:rx_buffer)

.data      0    20000658    000000dc     UNINITIALIZED
                  20000658    00000028     mavlink.obj (.data:Rx_Buffer_attitude)
                  20000680    00000028     ultrasonic.obj (.data:ultrasonic_distance_history)
                  200006a8    00000014     mavlink.obj (.data:Rx_Buffer_height)
                  200006bc    00000014     main.obj (.data)
                  200006d0    00000011     camera.obj (.data)
                  200006e1    00000003     --HOLE--
                  200006e4    0000000c     rtsv7M4_T_le_v4SPD16_eabi.lib : exit.obj (.data:$O1$$)
                  200006f0    0000000a     ultrasonic.obj (.data)
                  200006fa    00000002     --HOLE--
                  200006fc    00000008     rtsv7M4_T_le_v4SPD16_eabi.lib : _lock.obj (.data:$O1$$)
                  20000704    00000008     receive.obj (.data)
                  2000070c    00000008     ultrasonic.obj (.data:ui32Time$2)
                  20000714    00000006     mavlink.obj (.data)
                  2000071a    00000002     --HOLE--
                  2000071c    00000005     ppm.obj (.data)
                  20000721    00000003     --HOLE--
                  20000724    00000005     uartstdio.obj (.data)
                  20000729    00000003     --HOLE--
                  2000072c    00000004     rtsv7M4_T_le_v4SPD16_eabi.lib : errno.obj (.data)
                  20000730    00000004                                   : stkdepth_vars.obj (.data)

MODULE SUMMARY

       Module                         code    ro data   rw data
       ------                         ----    -------   -------
    .\
       main.obj                       5744    0         234    
       uartstdio.obj                  1244    46        5      
       mavlink.obj                    1056    0         156    
       ppm.obj                        928     0         71     
       filter.obj                     648     0         0      
       tm4c123gh6pm_startup_ccs.obj   12      620       0      
       camera.obj                     508     0         29     
       ultrasonic.obj                 476     0         58     
       receive.obj                    368     0         114    
    +--+------------------------------+-------+---------+---------+
       Total:                         10984   666       667    
                                                               
    D:\ti\ccsv7\tools\compiler\ti-cgt-arm_16.9.0.LTS\lib\rtsv7M4_T_le_v4SPD16_eabi.lib
       e_pow.obj                      2476    48        0      
       fd_add_t2.obj                  438     0         0      
       e_sqrt.obj                     368     0         0      
       fd_div_t2.obj                  310     0         0      
       fd_cmp_t2.obj                  268     0         0      
       fd_mul_t2.obj                  252     0         0      
       s_scalbn.obj                   252     0         0      
       memcpy_t2.obj                  156     0         0      
       memset_t2.obj                  122     0         0      
       autoinit.obj                   112     0         0      
       fd_tos_t2.obj                  110     0         0      
       copy_decompress_lzss.obj       104     0         0      
       exit.obj                       84      0         12     
       boot.obj                       84      0         0      
       cpy_tbl.obj                    76      0         0      
       fd_toi_t2.obj                  72      0         0      
       u_divt2.obj                    64      0         0      
       fs_tod_t2.obj                  56      0         0      
       i_tofd_t2.obj                  46      0         0      
       u_tofd_t2.obj                  32      0         0      
       _lock.obj                      20      0         8      
       args_main.obj                  24      0         0      
       s_copysign.obj                 20      0         0      
       copy_decompress_none.obj       14      0         0      
       copy_zero_init.obj             12      0         0      
       errno.obj                      0       0         4      
       pre_init.obj                   4       0         0      
       stkdepth_vars.obj              0       0         4      
       i_div0.obj                     2       0         0      
       mpu_init.obj                   2       0         0      
       startup.obj                    2       0         0      
    +--+------------------------------+-------+---------+---------+
       Total:                         5582    48        28     
                                                               
    F:/TIVAWARE002/driverlib/ccs/Debug/driverlib.lib
       interrupt.obj                  208     268       620    
       gpio.obj                       510     144       0      
       sysctl.obj                     386     108       0      
       timer.obj                      316     160       0      
       uart.obj                       208     0         0      
       fpu.obj                        32      0         0      
       cpu.obj                        12      0         0      
    +--+------------------------------+-------+---------+---------+
       Total:                         1672    680       620    
                                                               
       Stack:                         0       0         512    
       Linker Generated:              0       99        0      
    +--+------------------------------+-------+---------+---------+
       Grand Total:                   18238   1493      1827   


LINKER GENERATED COPY TABLES

__TI_cinit_table @ 00004d08 records: 3, size/record: 8, table size: 24
	.data: load addr=00004cb8, load size=0000002f bytes, run addr=20000658, run size=000000dc bytes, compression=lzss
	.bss: load addr=00004cf8, load size=00000008 bytes, run addr=20000470, run size=000001e8 bytes, compression=zero_init
	.vtable: load addr=00004d00, load size=00000008 bytes, run addr=20000000, run size=0000026c bytes, compression=zero_init


LINKER GENERATED HANDLER TABLE

__TI_handler_table @ 00004ce8 records: 3, size/record: 4, table size: 12
	index: 0, handler: __TI_zero_init
	index: 1, handler: __TI_decompress_lzss
	index: 2, handler: __TI_decompress_none


GLOBAL SYMBOLS: SORTED ALPHABETICALLY BY Name 

address   name                           
-------   ----                           
00000865  AircraftDataReceive            
00001619  AircraftMain                   
00000cc1  Aircraft_Base_Output           
00001379  Aircraft_Startup_Detection     
00000c59  Aircraft_Unlock                
0000026d  AltitudeControlerInit          
000007db  AltitudeGet                    
0000035d  Altitude_Control               
000027c5  Attitude_Data_Store            
00002937  Attitude_init                  
00004415  C$$EXIT                        
0000491b  CPUcpsie                       
000010bd  CalibrationMain                
0000333f  Camera_Hold_Black_Blob         
0000335b  Camera_Hold_Red_Blob           
00000a69  ConfigureUART0                 
00002945  Distance_init                  
00002f87  EWA_Filter_Compute             
00002f25  EWA_Filter_Init                
000048a5  FPUEnable                      
000048b5  FPULazyStackingEnable          
0000471f  GPIODirModeSet                 
000033a9  GPIOE3_Init                    
00003b53  GPIOPadConfigSet               
00004501  GPIOPinConfigure               
00004981  GPIOPinRead                    
00004849  GPIOPinTypeGPIOInput           
000047ad  GPIOPinTypeGPIOOutput          
0000485b  GPIOPinTypeTimer               
0000486d  GPIOPinTypeUART                
00004987  GPIOPinWrite                   
00004291  IntEnable                      
000048c5  IntMasterEnable                
00004749  IntPrioritySet                 
00004689  IntRegister                    
00000b4f  Key_PF0_Init                   
00000ba9  Key_PF0_Pros                   
00000ad5  Key_PF4_Init                   
00000b05  Key_PF4_Pros                   
00000aad  LED_Init                       
000030c1  MA_Filter_Compute              
0000306f  MA_Filter_Init                 
00002995  MavLink_Data_Get               
00002765  Mav_recive_UART2_Config        
00002953  Mavlink_DateInit               
00000c05  PPM_Channal_Init               
000002c5  PositionControlerInit          
000005e5  Position_Control               
0000373d  Recive_UART1_Config            
000031ad  Recive_UART3_Config            
00004933  ResetISR                       
00000d1d  RolloverProtection             
20000658  Rx_Buffer_attitude             
200006a8  Rx_Buffer_height               
UNDEFED   SHT$$INIT_ARRAY$$Base          
UNDEFED   SHT$$INIT_ARRAY$$Limit         
000033cf  SonicTrig                      
2000062c  Source_Rangefinder_payload     
20000540  Source_attitude_payload        
00003c85  SysCtlClockGet                 
0000498d  SysCtlDelay                    
000046bd  SysCtlPeripheralEnable         
00004619  SysCtlPeripheralReady          
00002c61  Timer0AIntHandler              
00000e31  Timer1AIntHandler              
00000da1  Timer1A_Init                   
00000ead  Timer2AIntHandler              
00000ec9  Timer2A_Init                   
00004993  TimerClockSourceSet            
00004361  TimerConfigure                 
000047f5  TimerControlEvent              
000048d5  TimerEnable                    
000049a5  TimerIntClear                  
00004971  TimerIntEnable                 
000047c5  TimerIntRegister               
0000493f  TimerIntStatus                 
0000487f  TimerLoadSet                   
00004949  TimerPrescaleGet               
00004891  TimerPrescaleSet               
00004953  TimerValueGet                  
00003783  UART1IntHandler                
00000f5d  UART1_Data_Pros                
200004d8  UART1_Rx_Buffers               
2000050c  UART1_Rx_Data                  
20000654  UART1_Rx_Len                   
20000655  UART1_Sender_Address           
20000704  UART1_Updated_Flag             
000027fb  UART2IntHandler                
000031f1  UART3IntHandler                
20000620  UART3_Rx_Buffers               
200006d8  UART3_Updated_Flag             
000048e3  UARTCharGetNonBlocking         
000048f1  UARTCharPutNonBlocking         
000048ff  UARTCharsAvail                 
00004999  UARTClockSourceSet             
00004591  UARTConfigSetExpClk            
0000476d  UARTDisable                    
0000480b  UARTEnable                     
0000495d  UARTFIFOEnable                 
0000499f  UARTFIFOLevelSet               
000049a9  UARTIntClear                   
00004979  UARTIntEnable                  
00004967  UARTIntStatus                  
00002289  UARTStdioConfig                
00002401  UARTgetc                       
0000233b  UARTgets                       
0000272f  UARTprintf                     
00002435  UARTvprintf                    
000022e9  UARTwrite                      
00003525  UltrasonicConfigure            
000034c3  WTimer0BConfigure              
000033ff  WTimer0BIntHandler             
2000046c  __STACK_END                    
00000200  __STACK_SIZE                   
2000046c  __STACK_TOP                    
00004d08  __TI_CINIT_Base                
00004d20  __TI_CINIT_Limit               
00004ce8  __TI_Handler_Table_Base        
00004cf4  __TI_Handler_Table_Limit       
000041b1  __TI_auto_init                 
200006e4  __TI_cleanup_ptr               
000042f9  __TI_decompress_lzss           
0000490d  __TI_decompress_none           
200006e8  __TI_dtors_ptr                 
200006ec  __TI_enable_exit_profile_output
ffffffff  __TI_pprof_out_hndl            
ffffffff  __TI_prof_data_size            
ffffffff  __TI_prof_data_start           
00000000  __TI_static_base__             
00004927  __TI_zero_init                 
00004029  __aeabi_cdcmpeq                
00004029  __aeabi_cdcmple                
000040af  __aeabi_cdrcmple               
00004221  __aeabi_d2f                    
00004549  __aeabi_d2iz                   
0000358f  __aeabi_dadd                   
00003a1d  __aeabi_ddiv                   
00003d95  __aeabi_dmul                   
00003585  __aeabi_dsub                   
00004651  __aeabi_f2d                    
000046f1  __aeabi_i2d                    
0000373b  __aeabi_idiv0                  
00004135  __aeabi_memclr                 
00004135  __aeabi_memclr4                
00004135  __aeabi_memclr8                
00003f8d  __aeabi_memcpy                 
00003f8d  __aeabi_memcpy4                
00003f8d  __aeabi_memcpy8                
00004137  __aeabi_memset                 
00004137  __aeabi_memset4                
00004137  __aeabi_memset8                
0000478d  __aeabi_ui2d                   
000045d7  __aeabi_uidiv                  
000045d7  __aeabi_uidivmod               
ffffffff  __binit__                      
ffffffff  __c_args__                     
000041af  __mpu_init                     
2000026c  __stack                        
000047dd  _args_main                     
000043c1  _c_int00                       
200006fc  _lock                          
0000482f  _nop                           
00004827  _register_lock                 
00004821  _register_unlock               
0000428f  _system_post_cinit             
000049ad  _system_pre_init               
20000700  _unlock                        
00004419  abort                          
200006bc  aircraft_mission               
200006c0  aircraft_start_flag            
200005a0  altitude_controler             
20000570  altitude_ewa                   
ffffffff  binit                          
000044b5  copy_in                        
00004835  copysign                       
00004835  copysignl                      
2000072c  errno                          
00004421  exit                           
20000000  g_pfnRAMVectors                
00000000  g_pfnVectors                   
20000634  int_mavlink_height             
20000638  int_pitch                      
2000063c  int_roll                       
20000640  int_yaw                        
00003e91  ldexp                          
00003e91  ldexpl                         
0000185d  main                           
20000730  main_func_sp                   
20000644  mavlink_height                 
00003f8d  memcpy                         
0000413d  memset                         
20000714  newAttiFlag                    
20000715  newHeightFlag                  
20000656  payload_buf_index              
20000648  pitch                          
20000470  position_controler             
000018dd  pow                            
000018dd  powl                           
20000602  ppm_data                       
00002b85  ppm_encoder_init               
00002c8b  ppm_encoder_set_data           
2000064c  roll                           
20000657  rx_buffer                      
00003e91  scalbn                         
00003e91  scalbnl                        
000038ad  sqrt                           
000038ad  sqrtl                          
20000716  start_receive_attitude         
20000717  start_receive_height           
00003279  u3Data_handle                  
200006f4  ultrasonic_distance            
20000680  ultrasonic_distance_history    
200006f0  ultrasonic_update_flag         
200006d0  x_hat                          
200006d4  y_hat                          
20000650  yaw                            


GLOBAL SYMBOLS: SORTED BY Symbol Address 

address   name                           
-------   ----                           
00000000  __TI_static_base__             
00000000  g_pfnVectors                   
00000200  __STACK_SIZE                   
0000026d  AltitudeControlerInit          
000002c5  PositionControlerInit          
0000035d  Altitude_Control               
000005e5  Position_Control               
000007db  AltitudeGet                    
00000865  AircraftDataReceive            
00000a69  ConfigureUART0                 
00000aad  LED_Init                       
00000ad5  Key_PF4_Init                   
00000b05  Key_PF4_Pros                   
00000b4f  Key_PF0_Init                   
00000ba9  Key_PF0_Pros                   
00000c05  PPM_Channal_Init               
00000c59  Aircraft_Unlock                
00000cc1  Aircraft_Base_Output           
00000d1d  RolloverProtection             
00000da1  Timer1A_Init                   
00000e31  Timer1AIntHandler              
00000ead  Timer2AIntHandler              
00000ec9  Timer2A_Init                   
00000f5d  UART1_Data_Pros                
000010bd  CalibrationMain                
00001379  Aircraft_Startup_Detection     
00001619  AircraftMain                   
0000185d  main                           
000018dd  pow                            
000018dd  powl                           
00002289  UARTStdioConfig                
000022e9  UARTwrite                      
0000233b  UARTgets                       
00002401  UARTgetc                       
00002435  UARTvprintf                    
0000272f  UARTprintf                     
00002765  Mav_recive_UART2_Config        
000027c5  Attitude_Data_Store            
000027fb  UART2IntHandler                
00002937  Attitude_init                  
00002945  Distance_init                  
00002953  Mavlink_DateInit               
00002995  MavLink_Data_Get               
00002b85  ppm_encoder_init               
00002c61  Timer0AIntHandler              
00002c8b  ppm_encoder_set_data           
00002f25  EWA_Filter_Init                
00002f87  EWA_Filter_Compute             
0000306f  MA_Filter_Init                 
000030c1  MA_Filter_Compute              
000031ad  Recive_UART3_Config            
000031f1  UART3IntHandler                
00003279  u3Data_handle                  
0000333f  Camera_Hold_Black_Blob         
0000335b  Camera_Hold_Red_Blob           
000033a9  GPIOE3_Init                    
000033cf  SonicTrig                      
000033ff  WTimer0BIntHandler             
000034c3  WTimer0BConfigure              
00003525  UltrasonicConfigure            
00003585  __aeabi_dsub                   
0000358f  __aeabi_dadd                   
0000373b  __aeabi_idiv0                  
0000373d  Recive_UART1_Config            
00003783  UART1IntHandler                
000038ad  sqrt                           
000038ad  sqrtl                          
00003a1d  __aeabi_ddiv                   
00003b53  GPIOPadConfigSet               
00003c85  SysCtlClockGet                 
00003d95  __aeabi_dmul                   
00003e91  ldexp                          
00003e91  ldexpl                         
00003e91  scalbn                         
00003e91  scalbnl                        
00003f8d  __aeabi_memcpy                 
00003f8d  __aeabi_memcpy4                
00003f8d  __aeabi_memcpy8                
00003f8d  memcpy                         
00004029  __aeabi_cdcmpeq                
00004029  __aeabi_cdcmple                
000040af  __aeabi_cdrcmple               
00004135  __aeabi_memclr                 
00004135  __aeabi_memclr4                
00004135  __aeabi_memclr8                
00004137  __aeabi_memset                 
00004137  __aeabi_memset4                
00004137  __aeabi_memset8                
0000413d  memset                         
000041af  __mpu_init                     
000041b1  __TI_auto_init                 
00004221  __aeabi_d2f                    
0000428f  _system_post_cinit             
00004291  IntEnable                      
000042f9  __TI_decompress_lzss           
00004361  TimerConfigure                 
000043c1  _c_int00                       
00004415  C$$EXIT                        
00004419  abort                          
00004421  exit                           
000044b5  copy_in                        
00004501  GPIOPinConfigure               
00004549  __aeabi_d2iz                   
00004591  UARTConfigSetExpClk            
000045d7  __aeabi_uidiv                  
000045d7  __aeabi_uidivmod               
00004619  SysCtlPeripheralReady          
00004651  __aeabi_f2d                    
00004689  IntRegister                    
000046bd  SysCtlPeripheralEnable         
000046f1  __aeabi_i2d                    
0000471f  GPIODirModeSet                 
00004749  IntPrioritySet                 
0000476d  UARTDisable                    
0000478d  __aeabi_ui2d                   
000047ad  GPIOPinTypeGPIOOutput          
000047c5  TimerIntRegister               
000047dd  _args_main                     
000047f5  TimerControlEvent              
0000480b  UARTEnable                     
00004821  _register_unlock               
00004827  _register_lock                 
0000482f  _nop                           
00004835  copysign                       
00004835  copysignl                      
00004849  GPIOPinTypeGPIOInput           
0000485b  GPIOPinTypeTimer               
0000486d  GPIOPinTypeUART                
0000487f  TimerLoadSet                   
00004891  TimerPrescaleSet               
000048a5  FPUEnable                      
000048b5  FPULazyStackingEnable          
000048c5  IntMasterEnable                
000048d5  TimerEnable                    
000048e3  UARTCharGetNonBlocking         
000048f1  UARTCharPutNonBlocking         
000048ff  UARTCharsAvail                 
0000490d  __TI_decompress_none           
0000491b  CPUcpsie                       
00004927  __TI_zero_init                 
00004933  ResetISR                       
0000493f  TimerIntStatus                 
00004949  TimerPrescaleGet               
00004953  TimerValueGet                  
0000495d  UARTFIFOEnable                 
00004967  UARTIntStatus                  
00004971  TimerIntEnable                 
00004979  UARTIntEnable                  
00004981  GPIOPinRead                    
00004987  GPIOPinWrite                   
0000498d  SysCtlDelay                    
00004993  TimerClockSourceSet            
00004999  UARTClockSourceSet             
0000499f  UARTFIFOLevelSet               
000049a5  TimerIntClear                  
000049a9  UARTIntClear                   
000049ad  _system_pre_init               
00004ce8  __TI_Handler_Table_Base        
00004cf4  __TI_Handler_Table_Limit       
00004d08  __TI_CINIT_Base                
00004d20  __TI_CINIT_Limit               
20000000  g_pfnRAMVectors                
2000026c  __stack                        
2000046c  __STACK_END                    
2000046c  __STACK_TOP                    
20000470  position_controler             
200004d8  UART1_Rx_Buffers               
2000050c  UART1_Rx_Data                  
20000540  Source_attitude_payload        
20000570  altitude_ewa                   
200005a0  altitude_controler             
20000602  ppm_data                       
20000620  UART3_Rx_Buffers               
2000062c  Source_Rangefinder_payload     
20000634  int_mavlink_height             
20000638  int_pitch                      
2000063c  int_roll                       
20000640  int_yaw                        
20000644  mavlink_height                 
20000648  pitch                          
2000064c  roll                           
20000650  yaw                            
20000654  UART1_Rx_Len                   
20000655  UART1_Sender_Address           
20000656  payload_buf_index              
20000657  rx_buffer                      
20000658  Rx_Buffer_attitude             
20000680  ultrasonic_distance_history    
200006a8  Rx_Buffer_height               
200006bc  aircraft_mission               
200006c0  aircraft_start_flag            
200006d0  x_hat                          
200006d4  y_hat                          
200006d8  UART3_Updated_Flag             
200006e4  __TI_cleanup_ptr               
200006e8  __TI_dtors_ptr                 
200006ec  __TI_enable_exit_profile_output
200006f0  ultrasonic_update_flag         
200006f4  ultrasonic_distance            
200006fc  _lock                          
20000700  _unlock                        
20000704  UART1_Updated_Flag             
20000714  newAttiFlag                    
20000715  newHeightFlag                  
20000716  start_receive_attitude         
20000717  start_receive_height           
2000072c  errno                          
20000730  main_func_sp                   
ffffffff  __TI_pprof_out_hndl            
ffffffff  __TI_prof_data_size            
ffffffff  __TI_prof_data_start           
ffffffff  __binit__                      
ffffffff  __c_args__                     
ffffffff  binit                          
UNDEFED   SHT$$INIT_ARRAY$$Base          
UNDEFED   SHT$$INIT_ARRAY$$Limit         

[216 symbols]
