******************************************************************************
                  TI ARM Linker PC v16.9.0                     
******************************************************************************
>> Linked Tue Jan 29 23:08:11 2019

OUTPUT FILE NAME:   <Big_Aircraft_v3.out>
ENTRY POINT SYMBOL: "_c_int00"  address: 000042f1


MEMORY CONFIGURATION

         name            origin    length      used     unused   attr    fill
----------------------  --------  ---------  --------  --------  ----  --------
  FLASH                 00000000   00040000  00004c22  0003b3de  R  X
  SRAM                  20000000   00008000  00000730  000078d0  RW X


SEGMENT ALLOCATION MAP

run origin  load origin   length   init length attrs members
----------  ----------- ---------- ----------- ----- -------
00000000    00000000    00004c28   00004c28    r-x
  00000000    00000000    0000026c   0000026c    r-- .intvecs
  0000026c    0000026c    00004646   00004646    r-x .text
  000048b8    000048b8    00000308   00000308    r-- .const
  00004bc0    00004bc0    00000068   00000068    r-- .cinit
20000000    20000000    00000734   00000000    rw-
  20000000    20000000    0000026c   00000000    rw- .vtable
  2000026c    2000026c    00000200   00000000    rw- .stack
  20000470    20000470    000001e8   00000000    rw- .bss
  20000658    20000658    000000dc   00000000    rw- .data


SECTION ALLOCATION MAP

 output                                  attributes/
section   page    origin      length       input sections
--------  ----  ----------  ----------   ----------------
.intvecs   0    00000000    0000026c     
                  00000000    0000026c     tm4c123gh6pm_startup_ccs.obj (.intvecs)

.text      0    0000026c    00004646     
                  0000026c    000015a0     main.obj (.text)
                  0000180c    000009ac     rtsv7M4_T_le_v4SPD16_eabi.lib : e_pow.obj (.text)
                  000021b8    000004dc     uartstdio.obj (.text)
                  00002694    00000420     mavlink.obj (.text)
                  00002ab4    000003a0     ppm.obj (.text)
                  00002e54    00000288     filter.obj (.text)
                  000030dc    000001fc     camera.obj (.text)
                  000032d8    000001dc     ultrasonic.obj (.text)
                  000034b4    000001b6     rtsv7M4_T_le_v4SPD16_eabi.lib : fd_add_t2.obj (.text)
                  0000366a    00000002                                   : i_div0.obj (.text)
                  0000366c    00000170     receive.obj (.text)
                  000037dc    00000170     rtsv7M4_T_le_v4SPD16_eabi.lib : e_sqrt.obj (.text)
                  0000394c    00000136                                   : fd_div_t2.obj (.text)
                  00003a82    00000132     driverlib.lib : gpio.obj (.text:GPIOPadConfigSet)
                  00003bb4    00000110                   : sysctl.obj (.text:SysCtlClockGet)
                  00003cc4    000000fc     rtsv7M4_T_le_v4SPD16_eabi.lib : fd_mul_t2.obj (.text)
                  00003dc0    000000fc                                   : s_scalbn.obj (.text)
                  00003ebc    0000009c                                   : memcpy_t2.obj (.text)
                  00003f58    00000086                                   : fd_cmp_t2.obj (.text:__aeabi_cdcmple)
                  00003fde    00000086                                   : fd_cmp_t2.obj (.text:__aeabi_cdrcmple)
                  00004064    0000007a                                   : memset_t2.obj (.text)
                  000040de    00000002                                   : mpu_init.obj (.text)
                  000040e0    00000070                                   : autoinit.obj (.text)
                  00004150    0000006e                                   : fd_tos_t2.obj (.text)
                  000041be    00000002                                   : startup.obj (.text)
                  000041c0    00000068     driverlib.lib : interrupt.obj (.text:IntEnable)
                  00004228    00000068     rtsv7M4_T_le_v4SPD16_eabi.lib : copy_decompress_lzss.obj (.text:decompress:lzss)
                  00004290    00000060     driverlib.lib : timer.obj (.text:TimerConfigure)
                  000042f0    00000054     rtsv7M4_T_le_v4SPD16_eabi.lib : boot.obj (.text)
                  00004344    00000054                                   : exit.obj (.text)
                  00004398    0000004c     driverlib.lib : timer.obj (.text:_TimerIntNumberGet)
                  000043e4    0000004c     rtsv7M4_T_le_v4SPD16_eabi.lib : cpy_tbl.obj (.text)
                  00004430    00000048     driverlib.lib : gpio.obj (.text:GPIOPinConfigure)
                  00004478    00000048     rtsv7M4_T_le_v4SPD16_eabi.lib : fd_toi_t2.obj (.text)
                  000044c0    00000046     driverlib.lib : uart.obj (.text:UARTConfigSetExpClk)
                  00004506    00000040     rtsv7M4_T_le_v4SPD16_eabi.lib : u_divt2.obj (.text)
                  00004546    00000002     --HOLE-- [fill = 0]
                  00004548    00000038     driverlib.lib : sysctl.obj (.text:SysCtlPeripheralReady)
                  00004580    00000038     rtsv7M4_T_le_v4SPD16_eabi.lib : fs_tod_t2.obj (.text)
                  000045b8    00000034     driverlib.lib : interrupt.obj (.text:IntRegister)
                  000045ec    00000034                   : sysctl.obj (.text:SysCtlPeripheralEnable)
                  00004620    0000002e     rtsv7M4_T_le_v4SPD16_eabi.lib : i_tofd_t2.obj (.text)
                  0000464e    0000002a     driverlib.lib : gpio.obj (.text:GPIODirModeSet)
                  00004678    00000024                   : interrupt.obj (.text:IntPrioritySet)
                  0000469c    00000020                   : uart.obj (.text:UARTDisable)
                  000046bc    00000020     rtsv7M4_T_le_v4SPD16_eabi.lib : u_tofd_t2.obj (.text)
                  000046dc    00000018     driverlib.lib : gpio.obj (.text:GPIOPinTypeGPIOOutput)
                  000046f4    00000018                   : timer.obj (.text:TimerIntRegister)
                  0000470c    00000018     rtsv7M4_T_le_v4SPD16_eabi.lib : args_main.obj (.text)
                  00004724    00000016     driverlib.lib : timer.obj (.text:TimerControlEvent)
                  0000473a    00000014                   : uart.obj (.text:UARTEnable)
                  0000474e    00000002     --HOLE-- [fill = 0]
                  00004750    00000014     rtsv7M4_T_le_v4SPD16_eabi.lib : _lock.obj (.text)
                  00004764    00000014                                   : s_copysign.obj (.text)
                  00004778    00000012     driverlib.lib : gpio.obj (.text:GPIOPinTypeGPIOInput)
                  0000478a    00000012                   : gpio.obj (.text:GPIOPinTypeTimer)
                  0000479c    00000012                   : gpio.obj (.text:GPIOPinTypeUART)
                  000047ae    00000002     --HOLE-- [fill = 0]
                  000047b0    00000010                   : fpu.obj (.text:FPUEnable)
                  000047c0    00000010                   : fpu.obj (.text:FPULazyStackingEnable)
                  000047d0    00000010                   : interrupt.obj (.text:IntMasterEnable)
                  000047e0    0000000e                   : timer.obj (.text:TimerEnable)
                  000047ee    0000000e                   : uart.obj (.text:UARTCharGetNonBlocking)
                  000047fc    0000000e                   : uart.obj (.text:UARTCharPutNonBlocking)
                  0000480a    0000000e                   : uart.obj (.text:UARTCharsAvail)
                  00004818    0000000e     rtsv7M4_T_le_v4SPD16_eabi.lib : copy_decompress_none.obj (.text:decompress:none)
                  00004826    0000000c     driverlib.lib : cpu.obj (.text:CPUcpsie)
                  00004832    0000000c     rtsv7M4_T_le_v4SPD16_eabi.lib : copy_zero_init.obj (.text:decompress:ZI)
                  0000483e    0000000c     tm4c123gh6pm_startup_ccs.obj (.text)
                  0000484a    0000000a     driverlib.lib : timer.obj (.text:TimerIntStatus)
                  00004854    0000000a                   : timer.obj (.text:TimerValueGet)
                  0000485e    0000000a                   : uart.obj (.text:UARTFIFOEnable)
                  00004868    0000000a                   : uart.obj (.text:UARTIntStatus)
                  00004872    00000008                   : timer.obj (.text:TimerIntEnable)
                  0000487a    00000008                   : uart.obj (.text:UARTIntEnable)
                  00004882    00000006                   : gpio.obj (.text:GPIOPinRead)
                  00004888    00000006                   : gpio.obj (.text:GPIOPinWrite)
                  0000488e    00000006                   : sysctl.obj (.text:SysCtlDelay)
                  00004894    00000006                   : timer.obj (.text:TimerClockSourceSet)
                  0000489a    00000006                   : uart.obj (.text:UARTClockSourceSet)
                  000048a0    00000006                   : uart.obj (.text:UARTFIFOLevelSet)
                  000048a6    00000004                   : timer.obj (.text:TimerIntClear)
                  000048aa    00000004                   : uart.obj (.text:UARTIntClear)
                  000048ae    00000004     rtsv7M4_T_le_v4SPD16_eabi.lib : pre_init.obj (.text)

.const     0    000048b8    00000308     
                  000048b8    0000009c     driverlib.lib : interrupt.obj (.const:g_pui32Regs)
                  00004954    00000090                   : gpio.obj (.const:g_pui32GPIOBaseAddrs)
                  000049e4    00000070                   : interrupt.obj (.const)
                  00004a54    0000006c                   : sysctl.obj (.const:g_pui32Xtals)
                  00004ac0    00000060                   : timer.obj (.const:g_ppui32TimerIntMap)
                  00004b20    00000040                   : timer.obj (.const:g_ppui32TimerIntMapSnowflake)
                  00004b60    00000030     rtsv7M4_T_le_v4SPD16_eabi.lib : e_pow.obj (.const:$O1$$)
                  00004b90    00000012     uartstdio.obj (.const:.string)
                  00004ba2    00000002     --HOLE-- [fill = 0]
                  00004ba4    0000000c     uartstdio.obj (.const:g_ui32UARTBase)
                  00004bb0    0000000c     uartstdio.obj (.const:g_ui32UARTPeriph)
                  00004bbc    00000004     uartstdio.obj (.const)

.cinit     0    00004bc0    00000068     
                  00004bc0    0000002f     (.cinit..data.load) [load image, compression = lzss]
                  00004bef    00000001     --HOLE-- [fill = 0]
                  00004bf0    0000000c     (__TI_handler_table)
                  00004bfc    00000004     --HOLE-- [fill = 0]
                  00004c00    00000008     (.cinit..bss.load) [load image, compression = zero_init]
                  00004c08    00000008     (.cinit..vtable.load) [load image, compression = zero_init]
                  00004c10    00000018     (__TI_cinit_table)

.init_array 
*          0    00000000    00000000     UNINITIALIZED

.vtable    0    20000000    0000026c     UNINITIALIZED
                  20000000    0000026c     driverlib.lib : interrupt.obj (.vtable)

.stack     0    2000026c    00000200     UNINITIALIZED
                  2000026c    00000200     --HOLE--

.bss       0    20000470    000001e8     UNINITIALIZED
                  20000470    00000068     (.common:position_controler)
                  200004d8    00000034     (.common:UART1_Rx_Buffers)
                  2000050c    00000034     (.common:UART1_Rx_Data)
                  20000540    00000030     (.common:Source_attitude_payload)
                  20000570    00000030     (.common:altitude_ewa)
                  200005a0    0000002c     (.common:altitude_controler)
                  200005cc    00000024     ppm.obj (.bss:ppm_data_buf)
                  200005f0    00000012     ppm.obj (.bss:ppm_data_shadow)
                  20000602    00000012     (.common:ppm_data)
                  20000614    0000000c     ppm.obj (.bss)
                  20000620    0000000c     (.common:UART3_Rx_Buffers)
                  2000062c    00000008     (.common:Source_Rangefinder_payload)
                  20000634    00000004     (.common:int_mavlink_height)
                  20000638    00000004     (.common:int_pitch)
                  2000063c    00000004     (.common:int_roll)
                  20000640    00000004     (.common:int_yaw)
                  20000644    00000004     (.common:mavlink_height)
                  20000648    00000004     (.common:pitch)
                  2000064c    00000004     (.common:roll)
                  20000650    00000004     (.common:yaw)
                  20000654    00000001     (.common:UART1_Rx_Len)
                  20000655    00000001     (.common:UART1_Sender_Address)
                  20000656    00000001     (.common:payload_buf_index)
                  20000657    00000001     (.common:rx_buffer)

.data      0    20000658    000000dc     UNINITIALIZED
                  20000658    00000028     mavlink.obj (.data:Rx_Buffer_attitude)
                  20000680    00000028     ultrasonic.obj (.data:ultrasonic_distance_history)
                  200006a8    00000014     mavlink.obj (.data:Rx_Buffer_height)
                  200006bc    00000014     main.obj (.data)
                  200006d0    00000011     camera.obj (.data)
                  200006e1    00000003     --HOLE--
                  200006e4    0000000c     rtsv7M4_T_le_v4SPD16_eabi.lib : exit.obj (.data:$O1$$)
                  200006f0    0000000a     ultrasonic.obj (.data)
                  200006fa    00000002     --HOLE--
                  200006fc    00000008     rtsv7M4_T_le_v4SPD16_eabi.lib : _lock.obj (.data:$O1$$)
                  20000704    00000008     receive.obj (.data)
                  2000070c    00000008     ultrasonic.obj (.data:ui32Time$2)
                  20000714    00000006     mavlink.obj (.data)
                  2000071a    00000002     --HOLE--
                  2000071c    00000005     ppm.obj (.data)
                  20000721    00000003     --HOLE--
                  20000724    00000005     uartstdio.obj (.data)
                  20000729    00000003     --HOLE--
                  2000072c    00000004     rtsv7M4_T_le_v4SPD16_eabi.lib : errno.obj (.data)
                  20000730    00000004                                   : stkdepth_vars.obj (.data)

MODULE SUMMARY

       Module                         code    ro data   rw data
       ------                         ----    -------   -------
    .\
       main.obj                       5536    0         234    
       uartstdio.obj                  1244    46        5      
       mavlink.obj                    1056    0         156    
       ppm.obj                        928     0         71     
       filter.obj                     648     0         0      
       tm4c123gh6pm_startup_ccs.obj   12      620       0      
       camera.obj                     508     0         29     
       ultrasonic.obj                 476     0         58     
       receive.obj                    368     0         114    
    +--+------------------------------+-------+---------+---------+
       Total:                         10776   666       667    
                                                               
    D:\ti\ccsv7\tools\compiler\ti-cgt-arm_16.9.0.LTS\lib\rtsv7M4_T_le_v4SPD16_eabi.lib
       e_pow.obj                      2476    48        0      
       fd_add_t2.obj                  438     0         0      
       e_sqrt.obj                     368     0         0      
       fd_div_t2.obj                  310     0         0      
       fd_cmp_t2.obj                  268     0         0      
       fd_mul_t2.obj                  252     0         0      
       s_scalbn.obj                   252     0         0      
       memcpy_t2.obj                  156     0         0      
       memset_t2.obj                  122     0         0      
       autoinit.obj                   112     0         0      
       fd_tos_t2.obj                  110     0         0      
       copy_decompress_lzss.obj       104     0         0      
       exit.obj                       84      0         12     
       boot.obj                       84      0         0      
       cpy_tbl.obj                    76      0         0      
       fd_toi_t2.obj                  72      0         0      
       u_divt2.obj                    64      0         0      
       fs_tod_t2.obj                  56      0         0      
       i_tofd_t2.obj                  46      0         0      
       u_tofd_t2.obj                  32      0         0      
       _lock.obj                      20      0         8      
       args_main.obj                  24      0         0      
       s_copysign.obj                 20      0         0      
       copy_decompress_none.obj       14      0         0      
       copy_zero_init.obj             12      0         0      
       errno.obj                      0       0         4      
       pre_init.obj                   4       0         0      
       stkdepth_vars.obj              0       0         4      
       i_div0.obj                     2       0         0      
       mpu_init.obj                   2       0         0      
       startup.obj                    2       0         0      
    +--+------------------------------+-------+---------+---------+
       Total:                         5582    48        28     
                                                               
    F:/TIVAWARE002/driverlib/ccs/Debug/driverlib.lib
       interrupt.obj                  208     268       620    
       gpio.obj                       510     144       0      
       sysctl.obj                     386     108       0      
       timer.obj                      270     160       0      
       uart.obj                       208     0         0      
       fpu.obj                        32      0         0      
       cpu.obj                        12      0         0      
    +--+------------------------------+-------+---------+---------+
       Total:                         1626    680       620    
                                                               
       Stack:                         0       0         512    
       Linker Generated:              0       99        0      
    +--+------------------------------+-------+---------+---------+
       Grand Total:                   17984   1493      1827   


LINKER GENERATED COPY TABLES

__TI_cinit_table @ 00004c10 records: 3, size/record: 8, table size: 24
	.data: load addr=00004bc0, load size=0000002f bytes, run addr=20000658, run size=000000dc bytes, compression=lzss
	.bss: load addr=00004c00, load size=00000008 bytes, run addr=20000470, run size=000001e8 bytes, compression=zero_init
	.vtable: load addr=00004c08, load size=00000008 bytes, run addr=20000000, run size=0000026c bytes, compression=zero_init


LINKER GENERATED HANDLER TABLE

__TI_handler_table @ 00004bf0 records: 3, size/record: 4, table size: 12
	index: 0, handler: __TI_zero_init
	index: 1, handler: __TI_decompress_lzss
	index: 2, handler: __TI_decompress_none


GLOBAL SYMBOLS: SORTED ALPHABETICALLY BY Name 

address   name                           
-------   ----                           
00000865  AircraftDataReceive            
0000156d  AircraftMain                   
00000cc1  Aircraft_Base_Output           
000012ed  Aircraft_Startup_Detection     
00000c59  Aircraft_Unlock                
0000026d  AltitudeControlerInit          
000007db  AltitudeGet                    
0000035d  Altitude_Control               
000026f5  Attitude_Data_Store            
00002867  Attitude_init                  
00004345  C$$EXIT                        
00004827  CPUcpsie                       
00001031  CalibrationMain                
0000326f  Camera_Hold_Black_Blob         
0000328b  Camera_Hold_Red_Blob           
00000a69  ConfigureUART0                 
00002875  Distance_init                  
00002eb7  EWA_Filter_Compute             
00002e55  EWA_Filter_Init                
000047b1  FPUEnable                      
000047c1  FPULazyStackingEnable          
0000464f  GPIODirModeSet                 
000032d9  GPIOE3_Init                    
00003a83  GPIOPadConfigSet               
00004431  GPIOPinConfigure               
00004883  GPIOPinRead                    
00004779  GPIOPinTypeGPIOInput           
000046dd  GPIOPinTypeGPIOOutput          
0000478b  GPIOPinTypeTimer               
0000479d  GPIOPinTypeUART                
00004889  GPIOPinWrite                   
000041c1  IntEnable                      
000047d1  IntMasterEnable                
00004679  IntPrioritySet                 
000045b9  IntRegister                    
00000b4f  Key_PF0_Init                   
00000ba9  Key_PF0_Pros                   
00000ad5  Key_PF4_Init                   
00000b05  Key_PF4_Pros                   
00000aad  LED_Init                       
00002ff1  MA_Filter_Compute              
00002f9f  MA_Filter_Init                 
000028c5  MavLink_Data_Get               
00002695  Mav_recive_UART2_Config        
00002883  Mavlink_DateInit               
00000c05  PPM_Channal_Init               
000002c5  PositionControlerInit          
000005e5  Position_Control               
0000366d  Recive_UART1_Config            
000030dd  Recive_UART3_Config            
0000483f  ResetISR                       
00000d1d  RolloverProtection             
20000658  Rx_Buffer_attitude             
200006a8  Rx_Buffer_height               
UNDEFED   SHT$$INIT_ARRAY$$Base          
UNDEFED   SHT$$INIT_ARRAY$$Limit         
000032ff  SonicTrig                      
2000062c  Source_Rangefinder_payload     
20000540  Source_attitude_payload        
00003bb5  SysCtlClockGet                 
0000488f  SysCtlDelay                    
000045ed  SysCtlPeripheralEnable         
00004549  SysCtlPeripheralReady          
00002b91  Timer0AIntHandler              
00000e31  Timer1AIntHandler              
00000da1  Timer1A_Init                   
00004895  TimerClockSourceSet            
00004291  TimerConfigure                 
00004725  TimerControlEvent              
000047e1  TimerEnable                    
000048a7  TimerIntClear                  
00004873  TimerIntEnable                 
000046f5  TimerIntRegister               
0000484b  TimerIntStatus                 
00004855  TimerValueGet                  
000036b3  UART1IntHandler                
00000ec1  UART1_Data_Pros                
200004d8  UART1_Rx_Buffers               
2000050c  UART1_Rx_Data                  
20000654  UART1_Rx_Len                   
20000655  UART1_Sender_Address           
20000704  UART1_Updated_Flag             
0000272b  UART2IntHandler                
00003121  UART3IntHandler                
20000620  UART3_Rx_Buffers               
200006d8  UART3_Updated_Flag             
000047ef  UARTCharGetNonBlocking         
000047fd  UARTCharPutNonBlocking         
0000480b  UARTCharsAvail                 
0000489b  UARTClockSourceSet             
000044c1  UARTConfigSetExpClk            
0000469d  UARTDisable                    
0000473b  UARTEnable                     
0000485f  UARTFIFOEnable                 
000048a1  UARTFIFOLevelSet               
000048ab  UARTIntClear                   
0000487b  UARTIntEnable                  
00004869  UARTIntStatus                  
000021b9  UARTStdioConfig                
00002331  UARTgetc                       
0000226b  UARTgets                       
0000265f  UARTprintf                     
00002365  UARTvprintf                    
00002219  UARTwrite                      
00003455  UltrasonicConfigure            
000033f3  WTimer0BConfigure              
0000332f  WTimer0BIntHandler             
2000046c  __STACK_END                    
00000200  __STACK_SIZE                   
2000046c  __STACK_TOP                    
00004c10  __TI_CINIT_Base                
00004c28  __TI_CINIT_Limit               
00004bf0  __TI_Handler_Table_Base        
00004bfc  __TI_Handler_Table_Limit       
000040e1  __TI_auto_init                 
200006e4  __TI_cleanup_ptr               
00004229  __TI_decompress_lzss           
00004819  __TI_decompress_none           
200006e8  __TI_dtors_ptr                 
200006ec  __TI_enable_exit_profile_output
ffffffff  __TI_pprof_out_hndl            
ffffffff  __TI_prof_data_size            
ffffffff  __TI_prof_data_start           
00000000  __TI_static_base__             
00004833  __TI_zero_init                 
00003f59  __aeabi_cdcmpeq                
00003f59  __aeabi_cdcmple                
00003fdf  __aeabi_cdrcmple               
00004151  __aeabi_d2f                    
00004479  __aeabi_d2iz                   
000034bf  __aeabi_dadd                   
0000394d  __aeabi_ddiv                   
00003cc5  __aeabi_dmul                   
000034b5  __aeabi_dsub                   
00004581  __aeabi_f2d                    
00004621  __aeabi_i2d                    
0000366b  __aeabi_idiv0                  
00004065  __aeabi_memclr                 
00004065  __aeabi_memclr4                
00004065  __aeabi_memclr8                
00003ebd  __aeabi_memcpy                 
00003ebd  __aeabi_memcpy4                
00003ebd  __aeabi_memcpy8                
00004067  __aeabi_memset                 
00004067  __aeabi_memset4                
00004067  __aeabi_memset8                
000046bd  __aeabi_ui2d                   
00004507  __aeabi_uidiv                  
00004507  __aeabi_uidivmod               
ffffffff  __binit__                      
ffffffff  __c_args__                     
000040df  __mpu_init                     
2000026c  __stack                        
0000470d  _args_main                     
000042f1  _c_int00                       
200006fc  _lock                          
0000475f  _nop                           
00004757  _register_lock                 
00004751  _register_unlock               
000041bf  _system_post_cinit             
000048af  _system_pre_init               
20000700  _unlock                        
00004349  abort                          
200006bc  aircraft_mission               
200006c0  aircraft_start_flag            
200005a0  altitude_controler             
20000570  altitude_ewa                   
ffffffff  binit                          
000043e5  copy_in                        
00004765  copysign                       
00004765  copysignl                      
2000072c  errno                          
00004351  exit                           
20000000  g_pfnRAMVectors                
00000000  g_pfnVectors                   
20000634  int_mavlink_height             
20000638  int_pitch                      
2000063c  int_roll                       
20000640  int_yaw                        
00003dc1  ldexp                          
00003dc1  ldexpl                         
0000178b  main                           
20000730  main_func_sp                   
20000644  mavlink_height                 
00003ebd  memcpy                         
0000406d  memset                         
20000714  newAttiFlag                    
20000715  newHeightFlag                  
20000656  payload_buf_index              
20000648  pitch                          
20000470  position_controler             
0000180d  pow                            
0000180d  powl                           
20000602  ppm_data                       
00002ab5  ppm_encoder_init               
00002bbb  ppm_encoder_set_data           
2000064c  roll                           
20000657  rx_buffer                      
00003dc1  scalbn                         
00003dc1  scalbnl                        
000037dd  sqrt                           
000037dd  sqrtl                          
20000716  start_receive_attitude         
20000717  start_receive_height           
000031a9  u3Data_handle                  
200006f4  ultrasonic_distance            
20000680  ultrasonic_distance_history    
200006f0  ultrasonic_update_flag         
200006d0  x_hat                          
200006d4  y_hat                          
20000650  yaw                            


GLOBAL SYMBOLS: SORTED BY Symbol Address 

address   name                           
-------   ----                           
00000000  __TI_static_base__             
00000000  g_pfnVectors                   
00000200  __STACK_SIZE                   
0000026d  AltitudeControlerInit          
000002c5  PositionControlerInit          
0000035d  Altitude_Control               
000005e5  Position_Control               
000007db  AltitudeGet                    
00000865  AircraftDataReceive            
00000a69  ConfigureUART0                 
00000aad  LED_Init                       
00000ad5  Key_PF4_Init                   
00000b05  Key_PF4_Pros                   
00000b4f  Key_PF0_Init                   
00000ba9  Key_PF0_Pros                   
00000c05  PPM_Channal_Init               
00000c59  Aircraft_Unlock                
00000cc1  Aircraft_Base_Output           
00000d1d  RolloverProtection             
00000da1  Timer1A_Init                   
00000e31  Timer1AIntHandler              
00000ec1  UART1_Data_Pros                
00001031  CalibrationMain                
000012ed  Aircraft_Startup_Detection     
0000156d  AircraftMain                   
0000178b  main                           
0000180d  pow                            
0000180d  powl                           
000021b9  UARTStdioConfig                
00002219  UARTwrite                      
0000226b  UARTgets                       
00002331  UARTgetc                       
00002365  UARTvprintf                    
0000265f  UARTprintf                     
00002695  Mav_recive_UART2_Config        
000026f5  Attitude_Data_Store            
0000272b  UART2IntHandler                
00002867  Attitude_init                  
00002875  Distance_init                  
00002883  Mavlink_DateInit               
000028c5  MavLink_Data_Get               
00002ab5  ppm_encoder_init               
00002b91  Timer0AIntHandler              
00002bbb  ppm_encoder_set_data           
00002e55  EWA_Filter_Init                
00002eb7  EWA_Filter_Compute             
00002f9f  MA_Filter_Init                 
00002ff1  MA_Filter_Compute              
000030dd  Recive_UART3_Config            
00003121  UART3IntHandler                
000031a9  u3Data_handle                  
0000326f  Camera_Hold_Black_Blob         
0000328b  Camera_Hold_Red_Blob           
000032d9  GPIOE3_Init                    
000032ff  SonicTrig                      
0000332f  WTimer0BIntHandler             
000033f3  WTimer0BConfigure              
00003455  UltrasonicConfigure            
000034b5  __aeabi_dsub                   
000034bf  __aeabi_dadd                   
0000366b  __aeabi_idiv0                  
0000366d  Recive_UART1_Config            
000036b3  UART1IntHandler                
000037dd  sqrt                           
000037dd  sqrtl                          
0000394d  __aeabi_ddiv                   
00003a83  GPIOPadConfigSet               
00003bb5  SysCtlClockGet                 
00003cc5  __aeabi_dmul                   
00003dc1  ldexp                          
00003dc1  ldexpl                         
00003dc1  scalbn                         
00003dc1  scalbnl                        
00003ebd  __aeabi_memcpy                 
00003ebd  __aeabi_memcpy4                
00003ebd  __aeabi_memcpy8                
00003ebd  memcpy                         
00003f59  __aeabi_cdcmpeq                
00003f59  __aeabi_cdcmple                
00003fdf  __aeabi_cdrcmple               
00004065  __aeabi_memclr                 
00004065  __aeabi_memclr4                
00004065  __aeabi_memclr8                
00004067  __aeabi_memset                 
00004067  __aeabi_memset4                
00004067  __aeabi_memset8                
0000406d  memset                         
000040df  __mpu_init                     
000040e1  __TI_auto_init                 
00004151  __aeabi_d2f                    
000041bf  _system_post_cinit             
000041c1  IntEnable                      
00004229  __TI_decompress_lzss           
00004291  TimerConfigure                 
000042f1  _c_int00                       
00004345  C$$EXIT                        
00004349  abort                          
00004351  exit                           
000043e5  copy_in                        
00004431  GPIOPinConfigure               
00004479  __aeabi_d2iz                   
000044c1  UARTConfigSetExpClk            
00004507  __aeabi_uidiv                  
00004507  __aeabi_uidivmod               
00004549  SysCtlPeripheralReady          
00004581  __aeabi_f2d                    
000045b9  IntRegister                    
000045ed  SysCtlPeripheralEnable         
00004621  __aeabi_i2d                    
0000464f  GPIODirModeSet                 
00004679  IntPrioritySet                 
0000469d  UARTDisable                    
000046bd  __aeabi_ui2d                   
000046dd  GPIOPinTypeGPIOOutput          
000046f5  TimerIntRegister               
0000470d  _args_main                     
00004725  TimerControlEvent              
0000473b  UARTEnable                     
00004751  _register_unlock               
00004757  _register_lock                 
0000475f  _nop                           
00004765  copysign                       
00004765  copysignl                      
00004779  GPIOPinTypeGPIOInput           
0000478b  GPIOPinTypeTimer               
0000479d  GPIOPinTypeUART                
000047b1  FPUEnable                      
000047c1  FPULazyStackingEnable          
000047d1  IntMasterEnable                
000047e1  TimerEnable                    
000047ef  UARTCharGetNonBlocking         
000047fd  UARTCharPutNonBlocking         
0000480b  UARTCharsAvail                 
00004819  __TI_decompress_none           
00004827  CPUcpsie                       
00004833  __TI_zero_init                 
0000483f  ResetISR                       
0000484b  TimerIntStatus                 
00004855  TimerValueGet                  
0000485f  UARTFIFOEnable                 
00004869  UARTIntStatus                  
00004873  TimerIntEnable                 
0000487b  UARTIntEnable                  
00004883  GPIOPinRead                    
00004889  GPIOPinWrite                   
0000488f  SysCtlDelay                    
00004895  TimerClockSourceSet            
0000489b  UARTClockSourceSet             
000048a1  UARTFIFOLevelSet               
000048a7  TimerIntClear                  
000048ab  UARTIntClear                   
000048af  _system_pre_init               
00004bf0  __TI_Handler_Table_Base        
00004bfc  __TI_Handler_Table_Limit       
00004c10  __TI_CINIT_Base                
00004c28  __TI_CINIT_Limit               
20000000  g_pfnRAMVectors                
2000026c  __stack                        
2000046c  __STACK_END                    
2000046c  __STACK_TOP                    
20000470  position_controler             
200004d8  UART1_Rx_Buffers               
2000050c  UART1_Rx_Data                  
20000540  Source_attitude_payload        
20000570  altitude_ewa                   
200005a0  altitude_controler             
20000602  ppm_data                       
20000620  UART3_Rx_Buffers               
2000062c  Source_Rangefinder_payload     
20000634  int_mavlink_height             
20000638  int_pitch                      
2000063c  int_roll                       
20000640  int_yaw                        
20000644  mavlink_height                 
20000648  pitch                          
2000064c  roll                           
20000650  yaw                            
20000654  UART1_Rx_Len                   
20000655  UART1_Sender_Address           
20000656  payload_buf_index              
20000657  rx_buffer                      
20000658  Rx_Buffer_attitude             
20000680  ultrasonic_distance_history    
200006a8  Rx_Buffer_height               
200006bc  aircraft_mission               
200006c0  aircraft_start_flag            
200006d0  x_hat                          
200006d4  y_hat                          
200006d8  UART3_Updated_Flag             
200006e4  __TI_cleanup_ptr               
200006e8  __TI_dtors_ptr                 
200006ec  __TI_enable_exit_profile_output
200006f0  ultrasonic_update_flag         
200006f4  ultrasonic_distance            
200006fc  _lock                          
20000700  _unlock                        
20000704  UART1_Updated_Flag             
20000714  newAttiFlag                    
20000715  newHeightFlag                  
20000716  start_receive_attitude         
20000717  start_receive_height           
2000072c  errno                          
20000730  main_func_sp                   
ffffffff  __TI_pprof_out_hndl            
ffffffff  __TI_prof_data_size            
ffffffff  __TI_prof_data_start           
ffffffff  __binit__                      
ffffffff  __c_args__                     
ffffffff  binit                          
UNDEFED   SHT$$INIT_ARRAY$$Base          
UNDEFED   SHT$$INIT_ARRAY$$Limit         

[211 symbols]
