******************************************************************************
                  TI ARM Linker PC v16.9.0                     
******************************************************************************
>> Linked Wed Jan 30 03:17:11 2019

OUTPUT FILE NAME:   <Big_Aircraft_20190130_002.out>
ENTRY POINT SYMBOL: "_c_int00"  address: 00004499


MEMORY CONFIGURATION

         name            origin    length      used     unused   attr    fill
----------------------  --------  ---------  --------  --------  ----  --------
  FLASH                 00000000   00040000  00004df8  0003b208  R  X
  SRAM                  20000000   00008000  00000738  000078c8  RW X


SEGMENT ALLOCATION MAP

run origin  load origin   length   init length attrs members
----------  ----------- ---------- ----------- ----- -------
00000000    00000000    00004df8   00004df8    r-x
  00000000    00000000    0000026c   0000026c    r-- .intvecs
  0000026c    0000026c    0000481c   0000481c    r-x .text
  00004a88    00004a88    00000308   00000308    r-- .const
  00004d90    00004d90    00000068   00000068    r-- .cinit
20000000    20000000    0000073c   00000000    rw-
  20000000    20000000    0000026c   00000000    rw- .vtable
  2000026c    2000026c    00000200   00000000    rw- .stack
  20000470    20000470    000001e8   00000000    rw- .bss
  20000658    20000658    000000e4   00000000    rw- .data


SECTION ALLOCATION MAP

 output                                  attributes/
section   page    origin      length       input sections
--------  ----  ----------  ----------   ----------------
.intvecs   0    00000000    0000026c     
                  00000000    0000026c     tm4c123gh6pm_startup_ccs.obj (.intvecs)

.text      0    0000026c    0000481c     
                  0000026c    00001748     main.obj (.text)
                  000019b4    000009ac     rtsv7M4_T_le_v4SPD16_eabi.lib : e_pow.obj (.text)
                  00002360    000004dc     uartstdio.obj (.text)
                  0000283c    00000420     mavlink.obj (.text)
                  00002c5c    000003a0     ppm.obj (.text)
                  00002ffc    00000288     filter.obj (.text)
                  00003284    000001fc     camera.obj (.text)
                  00003480    000001dc     ultrasonic.obj (.text)
                  0000365c    000001b6     rtsv7M4_T_le_v4SPD16_eabi.lib : fd_add_t2.obj (.text)
                  00003812    00000002                                   : i_div0.obj (.text)
                  00003814    00000170     receive.obj (.text)
                  00003984    00000170     rtsv7M4_T_le_v4SPD16_eabi.lib : e_sqrt.obj (.text)
                  00003af4    00000136                                   : fd_div_t2.obj (.text)
                  00003c2a    00000132     driverlib.lib : gpio.obj (.text:GPIOPadConfigSet)
                  00003d5c    00000110                   : sysctl.obj (.text:SysCtlClockGet)
                  00003e6c    000000fc     rtsv7M4_T_le_v4SPD16_eabi.lib : fd_mul_t2.obj (.text)
                  00003f68    000000fc                                   : s_scalbn.obj (.text)
                  00004064    0000009c                                   : memcpy_t2.obj (.text)
                  00004100    00000086                                   : fd_cmp_t2.obj (.text:__aeabi_cdcmple)
                  00004186    00000086                                   : fd_cmp_t2.obj (.text:__aeabi_cdrcmple)
                  0000420c    0000007a                                   : memset_t2.obj (.text)
                  00004286    00000002                                   : mpu_init.obj (.text)
                  00004288    00000070                                   : autoinit.obj (.text)
                  000042f8    0000006e                                   : fd_tos_t2.obj (.text)
                  00004366    00000002                                   : startup.obj (.text)
                  00004368    00000068     driverlib.lib : interrupt.obj (.text:IntEnable)
                  000043d0    00000068     rtsv7M4_T_le_v4SPD16_eabi.lib : copy_decompress_lzss.obj (.text:decompress:lzss)
                  00004438    00000060     driverlib.lib : timer.obj (.text:TimerConfigure)
                  00004498    00000054     rtsv7M4_T_le_v4SPD16_eabi.lib : boot.obj (.text)
                  000044ec    00000054                                   : exit.obj (.text)
                  00004540    0000004c     driverlib.lib : timer.obj (.text:_TimerIntNumberGet)
                  0000458c    0000004c     rtsv7M4_T_le_v4SPD16_eabi.lib : cpy_tbl.obj (.text)
                  000045d8    00000048     driverlib.lib : gpio.obj (.text:GPIOPinConfigure)
                  00004620    00000048     rtsv7M4_T_le_v4SPD16_eabi.lib : fd_toi_t2.obj (.text)
                  00004668    00000046     driverlib.lib : uart.obj (.text:UARTConfigSetExpClk)
                  000046ae    00000040     rtsv7M4_T_le_v4SPD16_eabi.lib : u_divt2.obj (.text)
                  000046ee    00000002     --HOLE-- [fill = 0]
                  000046f0    00000038     driverlib.lib : sysctl.obj (.text:SysCtlPeripheralReady)
                  00004728    00000038     rtsv7M4_T_le_v4SPD16_eabi.lib : fs_tod_t2.obj (.text)
                  00004760    00000034     driverlib.lib : interrupt.obj (.text:IntRegister)
                  00004794    00000034                   : sysctl.obj (.text:SysCtlPeripheralEnable)
                  000047c8    0000002e     rtsv7M4_T_le_v4SPD16_eabi.lib : i_tofd_t2.obj (.text)
                  000047f6    0000002a     driverlib.lib : gpio.obj (.text:GPIODirModeSet)
                  00004820    00000024                   : interrupt.obj (.text:IntPrioritySet)
                  00004844    00000020                   : uart.obj (.text:UARTDisable)
                  00004864    00000020     rtsv7M4_T_le_v4SPD16_eabi.lib : u_tofd_t2.obj (.text)
                  00004884    00000018     driverlib.lib : gpio.obj (.text:GPIOPinTypeGPIOOutput)
                  0000489c    00000018                   : timer.obj (.text:TimerIntRegister)
                  000048b4    00000018     rtsv7M4_T_le_v4SPD16_eabi.lib : args_main.obj (.text)
                  000048cc    00000016     driverlib.lib : timer.obj (.text:TimerControlEvent)
                  000048e2    00000014                   : uart.obj (.text:UARTEnable)
                  000048f6    00000002     --HOLE-- [fill = 0]
                  000048f8    00000014     rtsv7M4_T_le_v4SPD16_eabi.lib : _lock.obj (.text)
                  0000490c    00000014                                   : s_copysign.obj (.text)
                  00004920    00000012     driverlib.lib : gpio.obj (.text:GPIOPinTypeGPIOInput)
                  00004932    00000012                   : gpio.obj (.text:GPIOPinTypeTimer)
                  00004944    00000012                   : gpio.obj (.text:GPIOPinTypeUART)
                  00004956    00000012                   : timer.obj (.text:TimerLoadSet)
                  00004968    00000012                   : timer.obj (.text:TimerPrescaleSet)
                  0000497a    00000002     --HOLE-- [fill = 0]
                  0000497c    00000010                   : fpu.obj (.text:FPUEnable)
                  0000498c    00000010                   : fpu.obj (.text:FPULazyStackingEnable)
                  0000499c    00000010                   : interrupt.obj (.text:IntMasterEnable)
                  000049ac    0000000e                   : timer.obj (.text:TimerEnable)
                  000049ba    0000000e                   : uart.obj (.text:UARTCharGetNonBlocking)
                  000049c8    0000000e                   : uart.obj (.text:UARTCharPutNonBlocking)
                  000049d6    0000000e                   : uart.obj (.text:UARTCharsAvail)
                  000049e4    0000000e     rtsv7M4_T_le_v4SPD16_eabi.lib : copy_decompress_none.obj (.text:decompress:none)
                  000049f2    0000000c     driverlib.lib : cpu.obj (.text:CPUcpsie)
                  000049fe    0000000c     rtsv7M4_T_le_v4SPD16_eabi.lib : copy_zero_init.obj (.text:decompress:ZI)
                  00004a0a    0000000c     tm4c123gh6pm_startup_ccs.obj (.text)
                  00004a16    0000000a     driverlib.lib : timer.obj (.text:TimerIntStatus)
                  00004a20    0000000a                   : timer.obj (.text:TimerPrescaleGet)
                  00004a2a    0000000a                   : timer.obj (.text:TimerValueGet)
                  00004a34    0000000a                   : uart.obj (.text:UARTFIFOEnable)
                  00004a3e    0000000a                   : uart.obj (.text:UARTIntStatus)
                  00004a48    00000008                   : timer.obj (.text:TimerIntEnable)
                  00004a50    00000008                   : uart.obj (.text:UARTIntEnable)
                  00004a58    00000006                   : gpio.obj (.text:GPIOPinRead)
                  00004a5e    00000006                   : gpio.obj (.text:GPIOPinWrite)
                  00004a64    00000006                   : sysctl.obj (.text:SysCtlDelay)
                  00004a6a    00000006                   : timer.obj (.text:TimerClockSourceSet)
                  00004a70    00000006                   : uart.obj (.text:UARTClockSourceSet)
                  00004a76    00000006                   : uart.obj (.text:UARTFIFOLevelSet)
                  00004a7c    00000004                   : timer.obj (.text:TimerIntClear)
                  00004a80    00000004                   : uart.obj (.text:UARTIntClear)
                  00004a84    00000004     rtsv7M4_T_le_v4SPD16_eabi.lib : pre_init.obj (.text)

.const     0    00004a88    00000308     
                  00004a88    0000009c     driverlib.lib : interrupt.obj (.const:g_pui32Regs)
                  00004b24    00000090                   : gpio.obj (.const:g_pui32GPIOBaseAddrs)
                  00004bb4    00000070                   : interrupt.obj (.const)
                  00004c24    0000006c                   : sysctl.obj (.const:g_pui32Xtals)
                  00004c90    00000060                   : timer.obj (.const:g_ppui32TimerIntMap)
                  00004cf0    00000040                   : timer.obj (.const:g_ppui32TimerIntMapSnowflake)
                  00004d30    00000030     rtsv7M4_T_le_v4SPD16_eabi.lib : e_pow.obj (.const:$O1$$)
                  00004d60    00000012     uartstdio.obj (.const:.string)
                  00004d72    00000002     --HOLE-- [fill = 0]
                  00004d74    0000000c     uartstdio.obj (.const:g_ui32UARTBase)
                  00004d80    0000000c     uartstdio.obj (.const:g_ui32UARTPeriph)
                  00004d8c    00000004     uartstdio.obj (.const)

.cinit     0    00004d90    00000068     
                  00004d90    00000031     (.cinit..data.load) [load image, compression = lzss]
                  00004dc1    00000003     --HOLE-- [fill = 0]
                  00004dc4    0000000c     (__TI_handler_table)
                  00004dd0    00000008     (.cinit..bss.load) [load image, compression = zero_init]
                  00004dd8    00000008     (.cinit..vtable.load) [load image, compression = zero_init]
                  00004de0    00000018     (__TI_cinit_table)

.init_array 
*          0    00000000    00000000     UNINITIALIZED

.vtable    0    20000000    0000026c     UNINITIALIZED
                  20000000    0000026c     driverlib.lib : interrupt.obj (.vtable)

.stack     0    2000026c    00000200     UNINITIALIZED
                  2000026c    00000200     --HOLE--

.bss       0    20000470    000001e8     UNINITIALIZED
                  20000470    00000068     (.common:position_controler)
                  200004d8    00000034     (.common:UART1_Rx_Buffers)
                  2000050c    00000034     (.common:UART1_Rx_Data)
                  20000540    00000030     (.common:Source_attitude_payload)
                  20000570    00000030     (.common:altitude_ewa)
                  200005a0    0000002c     (.common:altitude_controler)
                  200005cc    00000024     ppm.obj (.bss:ppm_data_buf)
                  200005f0    00000012     ppm.obj (.bss:ppm_data_shadow)
                  20000602    00000012     (.common:ppm_data)
                  20000614    0000000c     ppm.obj (.bss)
                  20000620    0000000c     (.common:UART3_Rx_Buffers)
                  2000062c    00000008     (.common:Source_Rangefinder_payload)
                  20000634    00000004     (.common:int_mavlink_height)
                  20000638    00000004     (.common:int_pitch)
                  2000063c    00000004     (.common:int_roll)
                  20000640    00000004     (.common:int_yaw)
                  20000644    00000004     (.common:mavlink_height)
                  20000648    00000004     (.common:pitch)
                  2000064c    00000004     (.common:roll)
                  20000650    00000004     (.common:yaw)
                  20000654    00000001     (.common:UART1_Rx_Len)
                  20000655    00000001     (.common:UART1_Sender_Address)
                  20000656    00000001     (.common:payload_buf_index)
                  20000657    00000001     (.common:rx_buffer)

.data      0    20000658    000000e4     UNINITIALIZED
                  20000658    00000028     mavlink.obj (.data:Rx_Buffer_attitude)
                  20000680    00000028     ultrasonic.obj (.data:ultrasonic_distance_history)
                  200006a8    0000001c     main.obj (.data)
                  200006c4    00000014     mavlink.obj (.data:Rx_Buffer_height)
                  200006d8    00000011     camera.obj (.data)
                  200006e9    00000003     --HOLE--
                  200006ec    0000000c     rtsv7M4_T_le_v4SPD16_eabi.lib : exit.obj (.data:$O1$$)
                  200006f8    0000000a     ultrasonic.obj (.data)
                  20000702    00000002     --HOLE--
                  20000704    00000008     rtsv7M4_T_le_v4SPD16_eabi.lib : _lock.obj (.data:$O1$$)
                  2000070c    00000008     receive.obj (.data)
                  20000714    00000008     ultrasonic.obj (.data:ui32Time$2)
                  2000071c    00000006     mavlink.obj (.data)
                  20000722    00000002     --HOLE--
                  20000724    00000005     ppm.obj (.data)
                  20000729    00000003     --HOLE--
                  2000072c    00000005     uartstdio.obj (.data)
                  20000731    00000003     --HOLE--
                  20000734    00000004     rtsv7M4_T_le_v4SPD16_eabi.lib : errno.obj (.data)
                  20000738    00000004                                   : stkdepth_vars.obj (.data)

MODULE SUMMARY

       Module                         code    ro data   rw data
       ------                         ----    -------   -------
    .\
       main.obj                       5960    0         242    
       uartstdio.obj                  1244    46        5      
       mavlink.obj                    1056    0         156    
       ppm.obj                        928     0         71     
       filter.obj                     648     0         0      
       tm4c123gh6pm_startup_ccs.obj   12      620       0      
       camera.obj                     508     0         29     
       ultrasonic.obj                 476     0         58     
       receive.obj                    368     0         114    
    +--+------------------------------+-------+---------+---------+
       Total:                         11200   666       675    
                                                               
    D:\ti\ccsv7\tools\compiler\ti-cgt-arm_16.9.0.LTS\lib\rtsv7M4_T_le_v4SPD16_eabi.lib
       e_pow.obj                      2476    48        0      
       fd_add_t2.obj                  438     0         0      
       e_sqrt.obj                     368     0         0      
       fd_div_t2.obj                  310     0         0      
       fd_cmp_t2.obj                  268     0         0      
       fd_mul_t2.obj                  252     0         0      
       s_scalbn.obj                   252     0         0      
       memcpy_t2.obj                  156     0         0      
       memset_t2.obj                  122     0         0      
       autoinit.obj                   112     0         0      
       fd_tos_t2.obj                  110     0         0      
       copy_decompress_lzss.obj       104     0         0      
       exit.obj                       84      0         12     
       boot.obj                       84      0         0      
       cpy_tbl.obj                    76      0         0      
       fd_toi_t2.obj                  72      0         0      
       u_divt2.obj                    64      0         0      
       fs_tod_t2.obj                  56      0         0      
       i_tofd_t2.obj                  46      0         0      
       u_tofd_t2.obj                  32      0         0      
       _lock.obj                      20      0         8      
       args_main.obj                  24      0         0      
       s_copysign.obj                 20      0         0      
       copy_decompress_none.obj       14      0         0      
       copy_zero_init.obj             12      0         0      
       errno.obj                      0       0         4      
       pre_init.obj                   4       0         0      
       stkdepth_vars.obj              0       0         4      
       i_div0.obj                     2       0         0      
       mpu_init.obj                   2       0         0      
       startup.obj                    2       0         0      
    +--+------------------------------+-------+---------+---------+
       Total:                         5582    48        28     
                                                               
    F:/TIVAWARE002/driverlib/ccs/Debug/driverlib.lib
       interrupt.obj                  208     268       620    
       gpio.obj                       510     144       0      
       sysctl.obj                     386     108       0      
       timer.obj                      316     160       0      
       uart.obj                       208     0         0      
       fpu.obj                        32      0         0      
       cpu.obj                        12      0         0      
    +--+------------------------------+-------+---------+---------+
       Total:                         1672    680       620    
                                                               
       Stack:                         0       0         512    
       Linker Generated:              0       101       0      
    +--+------------------------------+-------+---------+---------+
       Grand Total:                   18454   1495      1835   


LINKER GENERATED COPY TABLES

__TI_cinit_table @ 00004de0 records: 3, size/record: 8, table size: 24
	.data: load addr=00004d90, load size=00000031 bytes, run addr=20000658, run size=000000e4 bytes, compression=lzss
	.bss: load addr=00004dd0, load size=00000008 bytes, run addr=20000470, run size=000001e8 bytes, compression=zero_init
	.vtable: load addr=00004dd8, load size=00000008 bytes, run addr=20000000, run size=0000026c bytes, compression=zero_init


LINKER GENERATED HANDLER TABLE

__TI_handler_table @ 00004dc4 records: 3, size/record: 4, table size: 12
	index: 0, handler: __TI_zero_init
	index: 1, handler: __TI_decompress_lzss
	index: 2, handler: __TI_decompress_none


GLOBAL SYMBOLS: SORTED ALPHABETICALLY BY Name 

address   name                           
-------   ----                           
000008a5  AircraftDataReceive            
000016f9  AircraftMain                   
00000cf9  Aircraft_Base_Output           
00001451  Aircraft_Startup_Detection     
00000c91  Aircraft_Unlock                
0000026d  AltitudeControlerInit          
00000813  AltitudeGet                    
00000361  Altitude_Control               
0000289d  Attitude_Data_Store            
00002a0f  Attitude_init                  
000044ed  C$$EXIT                        
000049f3  CPUcpsie                       
00001191  CalibrationMain                
00003417  Camera_Hold_Black_Blob         
00003433  Camera_Hold_Red_Blob           
00000aad  ConfigureUART0                 
00002a1d  Distance_init                  
0000305f  EWA_Filter_Compute             
00002ffd  EWA_Filter_Init                
0000497d  FPUEnable                      
0000498d  FPULazyStackingEnable          
000047f7  GPIODirModeSet                 
00003481  GPIOE3_Init                    
00003c2b  GPIOPadConfigSet               
000045d9  GPIOPinConfigure               
00004a59  GPIOPinRead                    
00004921  GPIOPinTypeGPIOInput           
00004885  GPIOPinTypeGPIOOutput          
00004933  GPIOPinTypeTimer               
00004945  GPIOPinTypeUART                
00004a5f  GPIOPinWrite                   
00004369  IntEnable                      
0000499d  IntMasterEnable                
00004821  IntPrioritySet                 
00004761  IntRegister                    
00000b87  Key_PF0_Init                   
00000be1  Key_PF0_Pros                   
00000b0d  Key_PF4_Init                   
00000b3d  Key_PF4_Pros                   
00000aed  LED_Init                       
00003199  MA_Filter_Compute              
00003147  MA_Filter_Init                 
00002a6d  MavLink_Data_Get               
0000283d  Mav_recive_UART2_Config        
00002a2b  Mavlink_DateInit               
00000c3d  PPM_Channal_Init               
000002c5  PositionControlerInit          
00000ee5  PositionHoldLand               
000005ed  Position_Control               
00003815  Recive_UART1_Config            
00003285  Recive_UART3_Config            
00004a0b  ResetISR                       
00000d55  RolloverProtection             
20000658  Rx_Buffer_attitude             
200006c4  Rx_Buffer_height               
UNDEFED   SHT$$INIT_ARRAY$$Base          
UNDEFED   SHT$$INIT_ARRAY$$Limit         
000034a7  SonicTrig                      
2000062c  Source_Rangefinder_payload     
20000540  Source_attitude_payload        
00003d5d  SysCtlClockGet                 
00004a65  SysCtlDelay                    
00004795  SysCtlPeripheralEnable         
000046f1  SysCtlPeripheralReady          
00002d39  Timer0AIntHandler              
00000e69  Timer1AIntHandler              
00000dd9  Timer1A_Init                   
00000f45  Timer2AIntHandler              
00000fa5  Timer2A_Init                   
00004a6b  TimerClockSourceSet            
00004439  TimerConfigure                 
000048cd  TimerControlEvent              
000049ad  TimerEnable                    
00004a7d  TimerIntClear                  
00004a49  TimerIntEnable                 
0000489d  TimerIntRegister               
00004a17  TimerIntStatus                 
00004957  TimerLoadSet                   
00004a21  TimerPrescaleGet               
00004969  TimerPrescaleSet               
00004a2b  TimerValueGet                  
0000385b  UART1IntHandler                
00001029  UART1_Data_Pros                
200004d8  UART1_Rx_Buffers               
2000050c  UART1_Rx_Data                  
20000654  UART1_Rx_Len                   
20000655  UART1_Sender_Address           
2000070c  UART1_Updated_Flag             
000028d3  UART2IntHandler                
000032c9  UART3IntHandler                
20000620  UART3_Rx_Buffers               
200006e0  UART3_Updated_Flag             
000049bb  UARTCharGetNonBlocking         
000049c9  UARTCharPutNonBlocking         
000049d7  UARTCharsAvail                 
00004a71  UARTClockSourceSet             
00004669  UARTConfigSetExpClk            
00004845  UARTDisable                    
000048e3  UARTEnable                     
00004a35  UARTFIFOEnable                 
00004a77  UARTFIFOLevelSet               
00004a81  UARTIntClear                   
00004a51  UARTIntEnable                  
00004a3f  UARTIntStatus                  
00002361  UARTStdioConfig                
000024d9  UARTgetc                       
00002413  UARTgets                       
00002807  UARTprintf                     
0000250d  UARTvprintf                    
000023c1  UARTwrite                      
000035fd  UltrasonicConfigure            
0000359b  WTimer0BConfigure              
000034d7  WTimer0BIntHandler             
2000046c  __STACK_END                    
00000200  __STACK_SIZE                   
2000046c  __STACK_TOP                    
00004de0  __TI_CINIT_Base                
00004df8  __TI_CINIT_Limit               
00004dc4  __TI_Handler_Table_Base        
00004dd0  __TI_Handler_Table_Limit       
00004289  __TI_auto_init                 
200006ec  __TI_cleanup_ptr               
000043d1  __TI_decompress_lzss           
000049e5  __TI_decompress_none           
200006f0  __TI_dtors_ptr                 
200006f4  __TI_enable_exit_profile_output
ffffffff  __TI_pprof_out_hndl            
ffffffff  __TI_prof_data_size            
ffffffff  __TI_prof_data_start           
00000000  __TI_static_base__             
000049ff  __TI_zero_init                 
00004101  __aeabi_cdcmpeq                
00004101  __aeabi_cdcmple                
00004187  __aeabi_cdrcmple               
000042f9  __aeabi_d2f                    
00004621  __aeabi_d2iz                   
00003667  __aeabi_dadd                   
00003af5  __aeabi_ddiv                   
00003e6d  __aeabi_dmul                   
0000365d  __aeabi_dsub                   
00004729  __aeabi_f2d                    
000047c9  __aeabi_i2d                    
00003813  __aeabi_idiv0                  
0000420d  __aeabi_memclr                 
0000420d  __aeabi_memclr4                
0000420d  __aeabi_memclr8                
00004065  __aeabi_memcpy                 
00004065  __aeabi_memcpy4                
00004065  __aeabi_memcpy8                
0000420f  __aeabi_memset                 
0000420f  __aeabi_memset4                
0000420f  __aeabi_memset8                
00004865  __aeabi_ui2d                   
000046af  __aeabi_uidiv                  
000046af  __aeabi_uidivmod               
ffffffff  __binit__                      
ffffffff  __c_args__                     
00004287  __mpu_init                     
2000026c  __stack                        
000048b5  _args_main                     
00004499  _c_int00                       
20000704  _lock                          
00004907  _nop                           
000048ff  _register_lock                 
000048f9  _register_unlock               
00004367  _system_post_cinit             
00004a85  _system_pre_init               
20000708  _unlock                        
000044f1  abort                          
200006a8  aircraft_mission               
200006ac  aircraft_start_flag            
200005a0  altitude_controler             
20000570  altitude_ewa                   
ffffffff  binit                          
0000458d  copy_in                        
0000490d  copysign                       
0000490d  copysignl                      
20000734  errno                          
000044f9  exit                           
20000000  g_pfnRAMVectors                
00000000  g_pfnVectors                   
20000634  int_mavlink_height             
20000638  int_pitch                      
2000063c  int_roll                       
20000640  int_yaw                        
00003f69  ldexp                          
00003f69  ldexpl                         
00001939  main                           
20000738  main_func_sp                   
20000644  mavlink_height                 
00004065  memcpy                         
00004215  memset                         
2000071c  newAttiFlag                    
2000071d  newHeightFlag                  
20000656  payload_buf_index              
20000648  pitch                          
20000470  position_controler             
000019b5  pow                            
000019b5  powl                           
20000602  ppm_data                       
00002c5d  ppm_encoder_init               
00002d63  ppm_encoder_set_data           
2000064c  roll                           
20000657  rx_buffer                      
00003f69  scalbn                         
00003f69  scalbnl                        
00003985  sqrt                           
00003985  sqrtl                          
2000071e  start_receive_attitude         
2000071f  start_receive_height           
00003351  u3Data_handle                  
200006fc  ultrasonic_distance            
20000680  ultrasonic_distance_history    
200006f8  ultrasonic_update_flag         
200006d8  x_hat                          
200006dc  y_hat                          
20000650  yaw                            


GLOBAL SYMBOLS: SORTED BY Symbol Address 

address   name                           
-------   ----                           
00000000  __TI_static_base__             
00000000  g_pfnVectors                   
00000200  __STACK_SIZE                   
0000026d  AltitudeControlerInit          
000002c5  PositionControlerInit          
00000361  Altitude_Control               
000005ed  Position_Control               
00000813  AltitudeGet                    
000008a5  AircraftDataReceive            
00000aad  ConfigureUART0                 
00000aed  LED_Init                       
00000b0d  Key_PF4_Init                   
00000b3d  Key_PF4_Pros                   
00000b87  Key_PF0_Init                   
00000be1  Key_PF0_Pros                   
00000c3d  PPM_Channal_Init               
00000c91  Aircraft_Unlock                
00000cf9  Aircraft_Base_Output           
00000d55  RolloverProtection             
00000dd9  Timer1A_Init                   
00000e69  Timer1AIntHandler              
00000ee5  PositionHoldLand               
00000f45  Timer2AIntHandler              
00000fa5  Timer2A_Init                   
00001029  UART1_Data_Pros                
00001191  CalibrationMain                
00001451  Aircraft_Startup_Detection     
000016f9  AircraftMain                   
00001939  main                           
000019b5  pow                            
000019b5  powl                           
00002361  UARTStdioConfig                
000023c1  UARTwrite                      
00002413  UARTgets                       
000024d9  UARTgetc                       
0000250d  UARTvprintf                    
00002807  UARTprintf                     
0000283d  Mav_recive_UART2_Config        
0000289d  Attitude_Data_Store            
000028d3  UART2IntHandler                
00002a0f  Attitude_init                  
00002a1d  Distance_init                  
00002a2b  Mavlink_DateInit               
00002a6d  MavLink_Data_Get               
00002c5d  ppm_encoder_init               
00002d39  Timer0AIntHandler              
00002d63  ppm_encoder_set_data           
00002ffd  EWA_Filter_Init                
0000305f  EWA_Filter_Compute             
00003147  MA_Filter_Init                 
00003199  MA_Filter_Compute              
00003285  Recive_UART3_Config            
000032c9  UART3IntHandler                
00003351  u3Data_handle                  
00003417  Camera_Hold_Black_Blob         
00003433  Camera_Hold_Red_Blob           
00003481  GPIOE3_Init                    
000034a7  SonicTrig                      
000034d7  WTimer0BIntHandler             
0000359b  WTimer0BConfigure              
000035fd  UltrasonicConfigure            
0000365d  __aeabi_dsub                   
00003667  __aeabi_dadd                   
00003813  __aeabi_idiv0                  
00003815  Recive_UART1_Config            
0000385b  UART1IntHandler                
00003985  sqrt                           
00003985  sqrtl                          
00003af5  __aeabi_ddiv                   
00003c2b  GPIOPadConfigSet               
00003d5d  SysCtlClockGet                 
00003e6d  __aeabi_dmul                   
00003f69  ldexp                          
00003f69  ldexpl                         
00003f69  scalbn                         
00003f69  scalbnl                        
00004065  __aeabi_memcpy                 
00004065  __aeabi_memcpy4                
00004065  __aeabi_memcpy8                
00004065  memcpy                         
00004101  __aeabi_cdcmpeq                
00004101  __aeabi_cdcmple                
00004187  __aeabi_cdrcmple               
0000420d  __aeabi_memclr                 
0000420d  __aeabi_memclr4                
0000420d  __aeabi_memclr8                
0000420f  __aeabi_memset                 
0000420f  __aeabi_memset4                
0000420f  __aeabi_memset8                
00004215  memset                         
00004287  __mpu_init                     
00004289  __TI_auto_init                 
000042f9  __aeabi_d2f                    
00004367  _system_post_cinit             
00004369  IntEnable                      
000043d1  __TI_decompress_lzss           
00004439  TimerConfigure                 
00004499  _c_int00                       
000044ed  C$$EXIT                        
000044f1  abort                          
000044f9  exit                           
0000458d  copy_in                        
000045d9  GPIOPinConfigure               
00004621  __aeabi_d2iz                   
00004669  UARTConfigSetExpClk            
000046af  __aeabi_uidiv                  
000046af  __aeabi_uidivmod               
000046f1  SysCtlPeripheralReady          
00004729  __aeabi_f2d                    
00004761  IntRegister                    
00004795  SysCtlPeripheralEnable         
000047c9  __aeabi_i2d                    
000047f7  GPIODirModeSet                 
00004821  IntPrioritySet                 
00004845  UARTDisable                    
00004865  __aeabi_ui2d                   
00004885  GPIOPinTypeGPIOOutput          
0000489d  TimerIntRegister               
000048b5  _args_main                     
000048cd  TimerControlEvent              
000048e3  UARTEnable                     
000048f9  _register_unlock               
000048ff  _register_lock                 
00004907  _nop                           
0000490d  copysign                       
0000490d  copysignl                      
00004921  GPIOPinTypeGPIOInput           
00004933  GPIOPinTypeTimer               
00004945  GPIOPinTypeUART                
00004957  TimerLoadSet                   
00004969  TimerPrescaleSet               
0000497d  FPUEnable                      
0000498d  FPULazyStackingEnable          
0000499d  IntMasterEnable                
000049ad  TimerEnable                    
000049bb  UARTCharGetNonBlocking         
000049c9  UARTCharPutNonBlocking         
000049d7  UARTCharsAvail                 
000049e5  __TI_decompress_none           
000049f3  CPUcpsie                       
000049ff  __TI_zero_init                 
00004a0b  ResetISR                       
00004a17  TimerIntStatus                 
00004a21  TimerPrescaleGet               
00004a2b  TimerValueGet                  
00004a35  UARTFIFOEnable                 
00004a3f  UARTIntStatus                  
00004a49  TimerIntEnable                 
00004a51  UARTIntEnable                  
00004a59  GPIOPinRead                    
00004a5f  GPIOPinWrite                   
00004a65  SysCtlDelay                    
00004a6b  TimerClockSourceSet            
00004a71  UARTClockSourceSet             
00004a77  UARTFIFOLevelSet               
00004a7d  TimerIntClear                  
00004a81  UARTIntClear                   
00004a85  _system_pre_init               
00004dc4  __TI_Handler_Table_Base        
00004dd0  __TI_Handler_Table_Limit       
00004de0  __TI_CINIT_Base                
00004df8  __TI_CINIT_Limit               
20000000  g_pfnRAMVectors                
2000026c  __stack                        
2000046c  __STACK_END                    
2000046c  __STACK_TOP                    
20000470  position_controler             
200004d8  UART1_Rx_Buffers               
2000050c  UART1_Rx_Data                  
20000540  Source_attitude_payload        
20000570  altitude_ewa                   
200005a0  altitude_controler             
20000602  ppm_data                       
20000620  UART3_Rx_Buffers               
2000062c  Source_Rangefinder_payload     
20000634  int_mavlink_height             
20000638  int_pitch                      
2000063c  int_roll                       
20000640  int_yaw                        
20000644  mavlink_height                 
20000648  pitch                          
2000064c  roll                           
20000650  yaw                            
20000654  UART1_Rx_Len                   
20000655  UART1_Sender_Address           
20000656  payload_buf_index              
20000657  rx_buffer                      
20000658  Rx_Buffer_attitude             
20000680  ultrasonic_distance_history    
200006a8  aircraft_mission               
200006ac  aircraft_start_flag            
200006c4  Rx_Buffer_height               
200006d8  x_hat                          
200006dc  y_hat                          
200006e0  UART3_Updated_Flag             
200006ec  __TI_cleanup_ptr               
200006f0  __TI_dtors_ptr                 
200006f4  __TI_enable_exit_profile_output
200006f8  ultrasonic_update_flag         
200006fc  ultrasonic_distance            
20000704  _lock                          
20000708  _unlock                        
2000070c  UART1_Updated_Flag             
2000071c  newAttiFlag                    
2000071d  newHeightFlag                  
2000071e  start_receive_attitude         
2000071f  start_receive_height           
20000734  errno                          
20000738  main_func_sp                   
ffffffff  __TI_pprof_out_hndl            
ffffffff  __TI_prof_data_size            
ffffffff  __TI_prof_data_start           
ffffffff  __binit__                      
ffffffff  __c_args__                     
ffffffff  binit                          
UNDEFED   SHT$$INIT_ARRAY$$Base          
UNDEFED   SHT$$INIT_ARRAY$$Limit         

[217 symbols]
