******************************************************************************
                  TI ARM Linker PC v16.9.0                     
******************************************************************************
>> Linked Tue Jan 29 22:04:07 2019

OUTPUT FILE NAME:   <Big_Aircraft_v1.out>
ENTRY POINT SYMBOL: "_c_int00"  address: 00003fc1


MEMORY CONFIGURATION

         name            origin    length      used     unused   attr    fill
----------------------  --------  ---------  --------  --------  ----  --------
  FLASH                 00000000   00040000  000048de  0003b722  R  X
  SRAM                  20000000   00008000  0000072c  000078d4  RW X


SEGMENT ALLOCATION MAP

run origin  load origin   length   init length attrs members
----------  ----------- ---------- ----------- ----- -------
00000000    00000000    000048e0   000048e0    r-x
  00000000    00000000    0000026c   0000026c    r-- .intvecs
  0000026c    0000026c    00004302   00004302    r-x .text
  00004570    00004570    00000308   00000308    r-- .const
  00004878    00004878    00000068   00000068    r-- .cinit
20000000    20000000    00000730   00000000    rw-
  20000000    20000000    0000026c   00000000    rw- .vtable
  2000026c    2000026c    00000200   00000000    rw- .stack
  20000470    20000470    000001e8   00000000    rw- .bss
  20000658    20000658    000000d8   00000000    rw- .data


SECTION ALLOCATION MAP

 output                                  attributes/
section   page    origin      length       input sections
--------  ----  ----------  ----------   ----------------
.intvecs   0    00000000    0000026c     
                  00000000    0000026c     tm4c123gh6pm_startup_ccs.obj (.intvecs)

.text      0    0000026c    00004302     
                  0000026c    000012a8     main.obj (.text)
                  00001514    000009ac     rtsv7M4_T_le_v4SPD16_eabi.lib : e_pow.obj (.text)
                  00001ec0    000004dc     uartstdio.obj (.text)
                  0000239c    00000420     mavlink.obj (.text)
                  000027bc    000003a0     ppm.obj (.text)
                  00002b5c    00000288     filter.obj (.text)
                  00002de4    000001dc     ultrasonic.obj (.text)
                  00002fc0    000001c4     camera.obj (.text)
                  00003184    000001b6     rtsv7M4_T_le_v4SPD16_eabi.lib : fd_add_t2.obj (.text)
                  0000333a    00000002                                   : i_div0.obj (.text)
                  0000333c    00000170     receive.obj (.text)
                  000034ac    00000170     rtsv7M4_T_le_v4SPD16_eabi.lib : e_sqrt.obj (.text)
                  0000361c    00000136                                   : fd_div_t2.obj (.text)
                  00003752    00000132     driverlib.lib : gpio.obj (.text:GPIOPadConfigSet)
                  00003884    00000110                   : sysctl.obj (.text:SysCtlClockGet)
                  00003994    000000fc     rtsv7M4_T_le_v4SPD16_eabi.lib : fd_mul_t2.obj (.text)
                  00003a90    000000fc                                   : s_scalbn.obj (.text)
                  00003b8c    0000009c                                   : memcpy_t2.obj (.text)
                  00003c28    00000086                                   : fd_cmp_t2.obj (.text:__aeabi_cdcmple)
                  00003cae    00000086                                   : fd_cmp_t2.obj (.text:__aeabi_cdrcmple)
                  00003d34    0000007a                                   : memset_t2.obj (.text)
                  00003dae    00000002                                   : mpu_init.obj (.text)
                  00003db0    00000070                                   : autoinit.obj (.text)
                  00003e20    0000006e                                   : fd_tos_t2.obj (.text)
                  00003e8e    00000002                                   : startup.obj (.text)
                  00003e90    00000068     driverlib.lib : interrupt.obj (.text:IntEnable)
                  00003ef8    00000068     rtsv7M4_T_le_v4SPD16_eabi.lib : copy_decompress_lzss.obj (.text:decompress:lzss)
                  00003f60    00000060     driverlib.lib : timer.obj (.text:TimerConfigure)
                  00003fc0    00000054     rtsv7M4_T_le_v4SPD16_eabi.lib : boot.obj (.text)
                  00004014    00000054                                   : exit.obj (.text)
                  00004068    0000004c     driverlib.lib : timer.obj (.text:_TimerIntNumberGet)
                  000040b4    0000004c     rtsv7M4_T_le_v4SPD16_eabi.lib : cpy_tbl.obj (.text)
                  00004100    00000048     driverlib.lib : gpio.obj (.text:GPIOPinConfigure)
                  00004148    00000048     rtsv7M4_T_le_v4SPD16_eabi.lib : fd_toi_t2.obj (.text)
                  00004190    00000046     driverlib.lib : uart.obj (.text:UARTConfigSetExpClk)
                  000041d6    00000040     rtsv7M4_T_le_v4SPD16_eabi.lib : u_divt2.obj (.text)
                  00004216    00000002     --HOLE-- [fill = 0]
                  00004218    00000038     driverlib.lib : sysctl.obj (.text:SysCtlPeripheralReady)
                  00004250    00000038     rtsv7M4_T_le_v4SPD16_eabi.lib : fs_tod_t2.obj (.text)
                  00004288    00000034     driverlib.lib : interrupt.obj (.text:IntRegister)
                  000042bc    00000034                   : sysctl.obj (.text:SysCtlPeripheralEnable)
                  000042f0    0000002e     rtsv7M4_T_le_v4SPD16_eabi.lib : i_tofd_t2.obj (.text)
                  0000431e    0000002a     driverlib.lib : gpio.obj (.text:GPIODirModeSet)
                  00004348    00000024                   : interrupt.obj (.text:IntPrioritySet)
                  0000436c    00000020                   : uart.obj (.text:UARTDisable)
                  0000438c    00000020     rtsv7M4_T_le_v4SPD16_eabi.lib : u_tofd_t2.obj (.text)
                  000043ac    00000018     driverlib.lib : gpio.obj (.text:GPIOPinTypeGPIOOutput)
                  000043c4    00000018                   : timer.obj (.text:TimerIntRegister)
                  000043dc    00000018     rtsv7M4_T_le_v4SPD16_eabi.lib : args_main.obj (.text)
                  000043f4    00000016     driverlib.lib : timer.obj (.text:TimerControlEvent)
                  0000440a    00000014                   : uart.obj (.text:UARTEnable)
                  0000441e    00000002     --HOLE-- [fill = 0]
                  00004420    00000014     rtsv7M4_T_le_v4SPD16_eabi.lib : _lock.obj (.text)
                  00004434    00000014                                   : s_copysign.obj (.text)
                  00004448    00000012     driverlib.lib : gpio.obj (.text:GPIOPinTypeGPIOInput)
                  0000445a    00000012                   : gpio.obj (.text:GPIOPinTypeTimer)
                  0000446c    00000012                   : gpio.obj (.text:GPIOPinTypeUART)
                  0000447e    00000002     --HOLE-- [fill = 0]
                  00004480    00000010                   : fpu.obj (.text:FPUEnable)
                  00004490    00000010                   : fpu.obj (.text:FPULazyStackingEnable)
                  000044a0    00000010                   : interrupt.obj (.text:IntMasterEnable)
                  000044b0    0000000e                   : timer.obj (.text:TimerEnable)
                  000044be    0000000e                   : uart.obj (.text:UARTCharGetNonBlocking)
                  000044cc    0000000e                   : uart.obj (.text:UARTCharsAvail)
                  000044da    0000000e     rtsv7M4_T_le_v4SPD16_eabi.lib : copy_decompress_none.obj (.text:decompress:none)
                  000044e8    0000000c     driverlib.lib : cpu.obj (.text:CPUcpsie)
                  000044f4    0000000c     rtsv7M4_T_le_v4SPD16_eabi.lib : copy_zero_init.obj (.text:decompress:ZI)
                  00004500    0000000c     tm4c123gh6pm_startup_ccs.obj (.text)
                  0000450c    0000000a     driverlib.lib : timer.obj (.text:TimerIntStatus)
                  00004516    0000000a                   : timer.obj (.text:TimerValueGet)
                  00004520    0000000a                   : uart.obj (.text:UARTFIFOEnable)
                  0000452a    0000000a                   : uart.obj (.text:UARTIntStatus)
                  00004534    00000008                   : timer.obj (.text:TimerIntEnable)
                  0000453c    00000008                   : uart.obj (.text:UARTIntEnable)
                  00004544    00000006                   : gpio.obj (.text:GPIOPinRead)
                  0000454a    00000006                   : gpio.obj (.text:GPIOPinWrite)
                  00004550    00000006                   : timer.obj (.text:TimerClockSourceSet)
                  00004556    00000006                   : uart.obj (.text:UARTClockSourceSet)
                  0000455c    00000006                   : uart.obj (.text:UARTFIFOLevelSet)
                  00004562    00000004                   : timer.obj (.text:TimerIntClear)
                  00004566    00000004                   : uart.obj (.text:UARTIntClear)
                  0000456a    00000004     rtsv7M4_T_le_v4SPD16_eabi.lib : pre_init.obj (.text)

.const     0    00004570    00000308     
                  00004570    0000009c     driverlib.lib : interrupt.obj (.const:g_pui32Regs)
                  0000460c    00000090                   : gpio.obj (.const:g_pui32GPIOBaseAddrs)
                  0000469c    00000070                   : interrupt.obj (.const)
                  0000470c    0000006c                   : sysctl.obj (.const:g_pui32Xtals)
                  00004778    00000060                   : timer.obj (.const:g_ppui32TimerIntMap)
                  000047d8    00000040                   : timer.obj (.const:g_ppui32TimerIntMapSnowflake)
                  00004818    00000030     rtsv7M4_T_le_v4SPD16_eabi.lib : e_pow.obj (.const:$O1$$)
                  00004848    00000012     uartstdio.obj (.const:.string)
                  0000485a    00000002     --HOLE-- [fill = 0]
                  0000485c    0000000c     uartstdio.obj (.const:g_ui32UARTBase)
                  00004868    0000000c     uartstdio.obj (.const:g_ui32UARTPeriph)
                  00004874    00000004     uartstdio.obj (.const)

.cinit     0    00004878    00000068     
                  00004878    00000031     (.cinit..data.load) [load image, compression = lzss]
                  000048a9    00000003     --HOLE-- [fill = 0]
                  000048ac    0000000c     (__TI_handler_table)
                  000048b8    00000008     (.cinit..bss.load) [load image, compression = zero_init]
                  000048c0    00000008     (.cinit..vtable.load) [load image, compression = zero_init]
                  000048c8    00000018     (__TI_cinit_table)

.init_array 
*          0    00000000    00000000     UNINITIALIZED

.vtable    0    20000000    0000026c     UNINITIALIZED
                  20000000    0000026c     driverlib.lib : interrupt.obj (.vtable)

.stack     0    2000026c    00000200     UNINITIALIZED
                  2000026c    00000200     --HOLE--

.bss       0    20000470    000001e8     UNINITIALIZED
                  20000470    00000068     (.common:position_controler)
                  200004d8    00000034     (.common:UART1_Rx_Buffers)
                  2000050c    00000034     (.common:UART1_Rx_Data)
                  20000540    00000030     (.common:Source_attitude_payload)
                  20000570    00000030     (.common:altitude_ewa)
                  200005a0    0000002c     (.common:altitude_controler)
                  200005cc    00000024     ppm.obj (.bss:ppm_data_buf)
                  200005f0    00000012     ppm.obj (.bss:ppm_data_shadow)
                  20000602    00000012     (.common:ppm_data)
                  20000614    0000000c     ppm.obj (.bss)
                  20000620    0000000c     (.common:UART3_Rx_Buffers)
                  2000062c    00000008     (.common:Source_Rangefinder_payload)
                  20000634    00000004     (.common:int_mavlink_height)
                  20000638    00000004     (.common:int_pitch)
                  2000063c    00000004     (.common:int_roll)
                  20000640    00000004     (.common:int_yaw)
                  20000644    00000004     (.common:mavlink_height)
                  20000648    00000004     (.common:pitch)
                  2000064c    00000004     (.common:roll)
                  20000650    00000004     (.common:yaw)
                  20000654    00000001     (.common:UART1_Rx_Len)
                  20000655    00000001     (.common:UART1_Sender_Address)
                  20000656    00000001     (.common:payload_buf_index)
                  20000657    00000001     (.common:rx_buffer)

.data      0    20000658    000000d8     UNINITIALIZED
                  20000658    00000028     mavlink.obj (.data:Rx_Buffer_attitude)
                  20000680    00000028     ultrasonic.obj (.data:ultrasonic_distance_history)
                  200006a8    00000014     mavlink.obj (.data:Rx_Buffer_height)
                  200006bc    00000011     camera.obj (.data)
                  200006cd    00000003     --HOLE--
                  200006d0    00000010     main.obj (.data)
                  200006e0    0000000c     rtsv7M4_T_le_v4SPD16_eabi.lib : exit.obj (.data:$O1$$)
                  200006ec    0000000a     ultrasonic.obj (.data)
                  200006f6    00000002     --HOLE--
                  200006f8    00000008     rtsv7M4_T_le_v4SPD16_eabi.lib : _lock.obj (.data:$O1$$)
                  20000700    00000008     receive.obj (.data)
                  20000708    00000008     ultrasonic.obj (.data:ui32Time$2)
                  20000710    00000006     mavlink.obj (.data)
                  20000716    00000002     --HOLE--
                  20000718    00000005     ppm.obj (.data)
                  2000071d    00000003     --HOLE--
                  20000720    00000005     uartstdio.obj (.data)
                  20000725    00000003     --HOLE--
                  20000728    00000004     rtsv7M4_T_le_v4SPD16_eabi.lib : errno.obj (.data)
                  2000072c    00000004                                   : stkdepth_vars.obj (.data)

MODULE SUMMARY

       Module                         code    ro data   rw data
       ------                         ----    -------   -------
    .\
       main.obj                       4776    0         230    
       uartstdio.obj                  1244    46        5      
       mavlink.obj                    1056    0         156    
       ppm.obj                        928     0         71     
       filter.obj                     648     0         0      
       tm4c123gh6pm_startup_ccs.obj   12      620       0      
       ultrasonic.obj                 476     0         58     
       receive.obj                    368     0         114    
       camera.obj                     452     0         29     
    +--+------------------------------+-------+---------+---------+
       Total:                         9960    666       663    
                                                               
    D:\ti\ccsv7\tools\compiler\ti-cgt-arm_16.9.0.LTS\lib\rtsv7M4_T_le_v4SPD16_eabi.lib
       e_pow.obj                      2476    48        0      
       fd_add_t2.obj                  438     0         0      
       e_sqrt.obj                     368     0         0      
       fd_div_t2.obj                  310     0         0      
       fd_cmp_t2.obj                  268     0         0      
       fd_mul_t2.obj                  252     0         0      
       s_scalbn.obj                   252     0         0      
       memcpy_t2.obj                  156     0         0      
       memset_t2.obj                  122     0         0      
       autoinit.obj                   112     0         0      
       fd_tos_t2.obj                  110     0         0      
       copy_decompress_lzss.obj       104     0         0      
       exit.obj                       84      0         12     
       boot.obj                       84      0         0      
       cpy_tbl.obj                    76      0         0      
       fd_toi_t2.obj                  72      0         0      
       u_divt2.obj                    64      0         0      
       fs_tod_t2.obj                  56      0         0      
       i_tofd_t2.obj                  46      0         0      
       u_tofd_t2.obj                  32      0         0      
       _lock.obj                      20      0         8      
       args_main.obj                  24      0         0      
       s_copysign.obj                 20      0         0      
       copy_decompress_none.obj       14      0         0      
       copy_zero_init.obj             12      0         0      
       errno.obj                      0       0         4      
       pre_init.obj                   4       0         0      
       stkdepth_vars.obj              0       0         4      
       i_div0.obj                     2       0         0      
       mpu_init.obj                   2       0         0      
       startup.obj                    2       0         0      
    +--+------------------------------+-------+---------+---------+
       Total:                         5582    48        28     
                                                               
    F:/TIVAWARE002/driverlib/ccs/Debug/driverlib.lib
       interrupt.obj                  208     268       620    
       gpio.obj                       510     144       0      
       sysctl.obj                     380     108       0      
       timer.obj                      270     160       0      
       uart.obj                       194     0         0      
       fpu.obj                        32      0         0      
       cpu.obj                        12      0         0      
    +--+------------------------------+-------+---------+---------+
       Total:                         1606    680       620    
                                                               
       Stack:                         0       0         512    
       Linker Generated:              0       101       0      
    +--+------------------------------+-------+---------+---------+
       Grand Total:                   17148   1495      1823   


LINKER GENERATED COPY TABLES

__TI_cinit_table @ 000048c8 records: 3, size/record: 8, table size: 24
	.data: load addr=00004878, load size=00000031 bytes, run addr=20000658, run size=000000d8 bytes, compression=lzss
	.bss: load addr=000048b8, load size=00000008 bytes, run addr=20000470, run size=000001e8 bytes, compression=zero_init
	.vtable: load addr=000048c0, load size=00000008 bytes, run addr=20000000, run size=0000026c bytes, compression=zero_init


LINKER GENERATED HANDLER TABLE

__TI_handler_table @ 000048ac records: 3, size/record: 4, table size: 12
	index: 0, handler: __TI_zero_init
	index: 1, handler: __TI_decompress_lzss
	index: 2, handler: __TI_decompress_none


GLOBAL SYMBOLS: SORTED ALPHABETICALLY BY Name 

address   name                           
-------   ----                           
00000865  AircraftDataReceive            
00001229  AircraftMain                   
00000c11  Aircraft_Base_Output           
00000bc1  Aircraft_Unlock                
0000026d  AltitudeControlerInit          
000007db  AltitudeGet                    
0000035d  Altitude_Control               
000023fd  Attitude_Data_Store            
0000256f  Attitude_init                  
00004015  C$$EXIT                        
000044e9  CPUcpsie                       
00000f79  CalibrationMain                
00000a69  ConfigureUART0                 
0000257d  Distance_init                  
00002bbf  EWA_Filter_Compute             
00002b5d  EWA_Filter_Init                
00004481  FPUEnable                      
00004491  FPULazyStackingEnable          
0000431f  GPIODirModeSet                 
00002de5  GPIOE3_Init                    
00003753  GPIOPadConfigSet               
00004101  GPIOPinConfigure               
00004545  GPIOPinRead                    
00004449  GPIOPinTypeGPIOInput           
000043ad  GPIOPinTypeGPIOOutput          
0000445b  GPIOPinTypeTimer               
0000446d  GPIOPinTypeUART                
0000454b  GPIOPinWrite                   
00003e91  IntEnable                      
000044a1  IntMasterEnable                
00004349  IntPrioritySet                 
00004289  IntRegister                    
00000b05  KEY_PF4_Pros                   
00000ad5  Key_PF4_Init                   
00000aad  LED_Init                       
00002cf9  MA_Filter_Compute              
00002ca7  MA_Filter_Init                 
000025cd  MavLink_Data_Get               
0000239d  Mav_recive_UART2_Config        
0000258b  Mavlink_DateInit               
00000b5d  PPM_Channal_Init               
000002c5  PositionControlerInit          
000005e5  Position_Control               
0000333d  Recive_UART1_Config            
00002fc1  Recive_UART3_Config            
00004501  ResetISR                       
00000c71  RolloverProtection             
20000658  Rx_Buffer_attitude             
200006a8  Rx_Buffer_height               
UNDEFED   SHT$$INIT_ARRAY$$Base          
UNDEFED   SHT$$INIT_ARRAY$$Limit         
00002e0b  SonicTrig                      
2000062c  Source_Rangefinder_payload     
20000540  Source_attitude_payload        
00003885  SysCtlClockGet                 
000042bd  SysCtlPeripheralEnable         
00004219  SysCtlPeripheralReady          
00002899  Timer0AIntHandler              
00000d9d  Timer1AIntHandler              
00000cfd  Timer1A_Init                   
00004551  TimerClockSourceSet            
00003f61  TimerConfigure                 
000043f5  TimerControlEvent              
000044b1  TimerEnable                    
00004563  TimerIntClear                  
00004535  TimerIntEnable                 
000043c5  TimerIntRegister               
0000450d  TimerIntStatus                 
00004517  TimerValueGet                  
00003383  UART1IntHandler                
00000e29  UART1_Data_Pros                
200004d8  UART1_Rx_Buffers               
2000050c  UART1_Rx_Data                  
20000654  UART1_Rx_Len                   
20000655  UART1_Sender_Address           
20000700  UART1_Updated_Flag             
00002433  UART2IntHandler                
00003005  UART3IntHandler                
20000620  UART3_Rx_Buffers               
200006c4  UART3_Updated_Flag             
000044bf  UARTCharGetNonBlocking         
000044cd  UARTCharsAvail                 
00004557  UARTClockSourceSet             
00004191  UARTConfigSetExpClk            
0000436d  UARTDisable                    
0000440b  UARTEnable                     
00004521  UARTFIFOEnable                 
0000455d  UARTFIFOLevelSet               
00004567  UARTIntClear                   
0000453d  UARTIntEnable                  
0000452b  UARTIntStatus                  
00001ec1  UARTStdioConfig                
00002039  UARTgetc                       
00001f73  UARTgets                       
00002367  UARTprintf                     
0000206d  UARTvprintf                    
00001f21  UARTwrite                      
00002f61  UltrasonicConfigure            
00002eff  WTimer0BConfigure              
00002e3b  WTimer0BIntHandler             
2000046c  __STACK_END                    
00000200  __STACK_SIZE                   
2000046c  __STACK_TOP                    
000048c8  __TI_CINIT_Base                
000048e0  __TI_CINIT_Limit               
000048ac  __TI_Handler_Table_Base        
000048b8  __TI_Handler_Table_Limit       
00003db1  __TI_auto_init                 
200006e0  __TI_cleanup_ptr               
00003ef9  __TI_decompress_lzss           
000044db  __TI_decompress_none           
200006e4  __TI_dtors_ptr                 
200006e8  __TI_enable_exit_profile_output
ffffffff  __TI_pprof_out_hndl            
ffffffff  __TI_prof_data_size            
ffffffff  __TI_prof_data_start           
00000000  __TI_static_base__             
000044f5  __TI_zero_init                 
00003c29  __aeabi_cdcmpeq                
00003c29  __aeabi_cdcmple                
00003caf  __aeabi_cdrcmple               
00003e21  __aeabi_d2f                    
00004149  __aeabi_d2iz                   
0000318f  __aeabi_dadd                   
0000361d  __aeabi_ddiv                   
00003995  __aeabi_dmul                   
00003185  __aeabi_dsub                   
00004251  __aeabi_f2d                    
000042f1  __aeabi_i2d                    
0000333b  __aeabi_idiv0                  
00003d35  __aeabi_memclr                 
00003d35  __aeabi_memclr4                
00003d35  __aeabi_memclr8                
00003b8d  __aeabi_memcpy                 
00003b8d  __aeabi_memcpy4                
00003b8d  __aeabi_memcpy8                
00003d37  __aeabi_memset                 
00003d37  __aeabi_memset4                
00003d37  __aeabi_memset8                
0000438d  __aeabi_ui2d                   
000041d7  __aeabi_uidiv                  
000041d7  __aeabi_uidivmod               
ffffffff  __binit__                      
ffffffff  __c_args__                     
00003daf  __mpu_init                     
2000026c  __stack                        
000043dd  _args_main                     
00003fc1  _c_int00                       
200006f8  _lock                          
0000442f  _nop                           
00004427  _register_lock                 
00004421  _register_unlock               
00003e8f  _system_post_cinit             
0000456b  _system_pre_init               
200006fc  _unlock                        
00004019  abort                          
200006d0  aircraft_start_flag            
200005a0  altitude_controler             
20000570  altitude_ewa                   
ffffffff  binit                          
000040b5  copy_in                        
00004435  copysign                       
00004435  copysignl                      
20000728  errno                          
00004021  exit                           
20000000  g_pfnRAMVectors                
00000000  g_pfnVectors                   
20000634  int_mavlink_height             
20000638  int_pitch                      
2000063c  int_roll                       
20000640  int_yaw                        
00003a91  ldexp                          
00003a91  ldexpl                         
0000149d  main                           
2000072c  main_func_sp                   
20000644  mavlink_height                 
00003b8d  memcpy                         
00003d3d  memset                         
20000710  newAttiFlag                    
20000711  newHeightFlag                  
20000656  payload_buf_index              
20000648  pitch                          
20000470  position_controler             
00001515  pow                            
00001515  powl                           
20000602  ppm_data                       
000027bd  ppm_encoder_init               
000028c3  ppm_encoder_set_data           
2000064c  roll                           
20000657  rx_buffer                      
00003a91  scalbn                         
00003a91  scalbnl                        
000034ad  sqrt                           
000034ad  sqrtl                          
20000712  start_receive_attitude         
20000713  start_receive_height           
0000308d  u3Data_handle                  
200006f0  ultrasonic_distance            
20000680  ultrasonic_distance_history    
200006ec  ultrasonic_update_flag         
200006bc  x_hat                          
200006c0  y_hat                          
20000650  yaw                            


GLOBAL SYMBOLS: SORTED BY Symbol Address 

address   name                           
-------   ----                           
00000000  __TI_static_base__             
00000000  g_pfnVectors                   
00000200  __STACK_SIZE                   
0000026d  AltitudeControlerInit          
000002c5  PositionControlerInit          
0000035d  Altitude_Control               
000005e5  Position_Control               
000007db  AltitudeGet                    
00000865  AircraftDataReceive            
00000a69  ConfigureUART0                 
00000aad  LED_Init                       
00000ad5  Key_PF4_Init                   
00000b05  KEY_PF4_Pros                   
00000b5d  PPM_Channal_Init               
00000bc1  Aircraft_Unlock                
00000c11  Aircraft_Base_Output           
00000c71  RolloverProtection             
00000cfd  Timer1A_Init                   
00000d9d  Timer1AIntHandler              
00000e29  UART1_Data_Pros                
00000f79  CalibrationMain                
00001229  AircraftMain                   
0000149d  main                           
00001515  pow                            
00001515  powl                           
00001ec1  UARTStdioConfig                
00001f21  UARTwrite                      
00001f73  UARTgets                       
00002039  UARTgetc                       
0000206d  UARTvprintf                    
00002367  UARTprintf                     
0000239d  Mav_recive_UART2_Config        
000023fd  Attitude_Data_Store            
00002433  UART2IntHandler                
0000256f  Attitude_init                  
0000257d  Distance_init                  
0000258b  Mavlink_DateInit               
000025cd  MavLink_Data_Get               
000027bd  ppm_encoder_init               
00002899  Timer0AIntHandler              
000028c3  ppm_encoder_set_data           
00002b5d  EWA_Filter_Init                
00002bbf  EWA_Filter_Compute             
00002ca7  MA_Filter_Init                 
00002cf9  MA_Filter_Compute              
00002de5  GPIOE3_Init                    
00002e0b  SonicTrig                      
00002e3b  WTimer0BIntHandler             
00002eff  WTimer0BConfigure              
00002f61  UltrasonicConfigure            
00002fc1  Recive_UART3_Config            
00003005  UART3IntHandler                
0000308d  u3Data_handle                  
00003185  __aeabi_dsub                   
0000318f  __aeabi_dadd                   
0000333b  __aeabi_idiv0                  
0000333d  Recive_UART1_Config            
00003383  UART1IntHandler                
000034ad  sqrt                           
000034ad  sqrtl                          
0000361d  __aeabi_ddiv                   
00003753  GPIOPadConfigSet               
00003885  SysCtlClockGet                 
00003995  __aeabi_dmul                   
00003a91  ldexp                          
00003a91  ldexpl                         
00003a91  scalbn                         
00003a91  scalbnl                        
00003b8d  __aeabi_memcpy                 
00003b8d  __aeabi_memcpy4                
00003b8d  __aeabi_memcpy8                
00003b8d  memcpy                         
00003c29  __aeabi_cdcmpeq                
00003c29  __aeabi_cdcmple                
00003caf  __aeabi_cdrcmple               
00003d35  __aeabi_memclr                 
00003d35  __aeabi_memclr4                
00003d35  __aeabi_memclr8                
00003d37  __aeabi_memset                 
00003d37  __aeabi_memset4                
00003d37  __aeabi_memset8                
00003d3d  memset                         
00003daf  __mpu_init                     
00003db1  __TI_auto_init                 
00003e21  __aeabi_d2f                    
00003e8f  _system_post_cinit             
00003e91  IntEnable                      
00003ef9  __TI_decompress_lzss           
00003f61  TimerConfigure                 
00003fc1  _c_int00                       
00004015  C$$EXIT                        
00004019  abort                          
00004021  exit                           
000040b5  copy_in                        
00004101  GPIOPinConfigure               
00004149  __aeabi_d2iz                   
00004191  UARTConfigSetExpClk            
000041d7  __aeabi_uidiv                  
000041d7  __aeabi_uidivmod               
00004219  SysCtlPeripheralReady          
00004251  __aeabi_f2d                    
00004289  IntRegister                    
000042bd  SysCtlPeripheralEnable         
000042f1  __aeabi_i2d                    
0000431f  GPIODirModeSet                 
00004349  IntPrioritySet                 
0000436d  UARTDisable                    
0000438d  __aeabi_ui2d                   
000043ad  GPIOPinTypeGPIOOutput          
000043c5  TimerIntRegister               
000043dd  _args_main                     
000043f5  TimerControlEvent              
0000440b  UARTEnable                     
00004421  _register_unlock               
00004427  _register_lock                 
0000442f  _nop                           
00004435  copysign                       
00004435  copysignl                      
00004449  GPIOPinTypeGPIOInput           
0000445b  GPIOPinTypeTimer               
0000446d  GPIOPinTypeUART                
00004481  FPUEnable                      
00004491  FPULazyStackingEnable          
000044a1  IntMasterEnable                
000044b1  TimerEnable                    
000044bf  UARTCharGetNonBlocking         
000044cd  UARTCharsAvail                 
000044db  __TI_decompress_none           
000044e9  CPUcpsie                       
000044f5  __TI_zero_init                 
00004501  ResetISR                       
0000450d  TimerIntStatus                 
00004517  TimerValueGet                  
00004521  UARTFIFOEnable                 
0000452b  UARTIntStatus                  
00004535  TimerIntEnable                 
0000453d  UARTIntEnable                  
00004545  GPIOPinRead                    
0000454b  GPIOPinWrite                   
00004551  TimerClockSourceSet            
00004557  UARTClockSourceSet             
0000455d  UARTFIFOLevelSet               
00004563  TimerIntClear                  
00004567  UARTIntClear                   
0000456b  _system_pre_init               
000048ac  __TI_Handler_Table_Base        
000048b8  __TI_Handler_Table_Limit       
000048c8  __TI_CINIT_Base                
000048e0  __TI_CINIT_Limit               
20000000  g_pfnRAMVectors                
2000026c  __stack                        
2000046c  __STACK_END                    
2000046c  __STACK_TOP                    
20000470  position_controler             
200004d8  UART1_Rx_Buffers               
2000050c  UART1_Rx_Data                  
20000540  Source_attitude_payload        
20000570  altitude_ewa                   
200005a0  altitude_controler             
20000602  ppm_data                       
20000620  UART3_Rx_Buffers               
2000062c  Source_Rangefinder_payload     
20000634  int_mavlink_height             
20000638  int_pitch                      
2000063c  int_roll                       
20000640  int_yaw                        
20000644  mavlink_height                 
20000648  pitch                          
2000064c  roll                           
20000650  yaw                            
20000654  UART1_Rx_Len                   
20000655  UART1_Sender_Address           
20000656  payload_buf_index              
20000657  rx_buffer                      
20000658  Rx_Buffer_attitude             
20000680  ultrasonic_distance_history    
200006a8  Rx_Buffer_height               
200006bc  x_hat                          
200006c0  y_hat                          
200006c4  UART3_Updated_Flag             
200006d0  aircraft_start_flag            
200006e0  __TI_cleanup_ptr               
200006e4  __TI_dtors_ptr                 
200006e8  __TI_enable_exit_profile_output
200006ec  ultrasonic_update_flag         
200006f0  ultrasonic_distance            
200006f8  _lock                          
200006fc  _unlock                        
20000700  UART1_Updated_Flag             
20000710  newAttiFlag                    
20000711  newHeightFlag                  
20000712  start_receive_attitude         
20000713  start_receive_height           
20000728  errno                          
2000072c  main_func_sp                   
ffffffff  __TI_pprof_out_hndl            
ffffffff  __TI_prof_data_size            
ffffffff  __TI_prof_data_start           
ffffffff  __binit__                      
ffffffff  __c_args__                     
ffffffff  binit                          
UNDEFED   SHT$$INIT_ARRAY$$Base          
UNDEFED   SHT$$INIT_ARRAY$$Limit         

[203 symbols]
