******************************************************************************
                  TI ARM Linker PC v16.9.0                     
******************************************************************************
>> Linked Wed Jan 30 08:09:14 2019

OUTPUT FILE NAME:   <Small_Aircraft_20190130_003.out>
ENTRY POINT SYMBOL: "_c_int00"  address: 000044ed


MEMORY CONFIGURATION

         name            origin    length      used     unused   attr    fill
----------------------  --------  ---------  --------  --------  ----  --------
  FLASH                 00000000   00040000  00004e4c  0003b1b4  R  X
  SRAM                  20000000   00008000  00000738  000078c8  RW X


SEGMENT ALLOCATION MAP

run origin  load origin   length   init length attrs members
----------  ----------- ---------- ----------- ----- -------
00000000    00000000    00004e50   00004e50    r-x
  00000000    00000000    0000026c   0000026c    r-- .intvecs
  0000026c    0000026c    00004870   00004870    r-x .text
  00004ae0    00004ae0    00000308   00000308    r-- .const
  00004de8    00004de8    00000068   00000068    r-- .cinit
20000000    20000000    0000073c   00000000    rw-
  20000000    20000000    0000026c   00000000    rw- .vtable
  2000026c    2000026c    00000200   00000000    rw- .stack
  20000470    20000470    000001e8   00000000    rw- .bss
  20000658    20000658    000000e4   00000000    rw- .data


SECTION ALLOCATION MAP

 output                                  attributes/
section   page    origin      length       input sections
--------  ----  ----------  ----------   ----------------
.intvecs   0    00000000    0000026c     
                  00000000    0000026c     tm4c123gh6pm_startup_ccs.obj (.intvecs)

.text      0    0000026c    00004870     
                  0000026c    0000179c     main.obj (.text)
                  00001a08    000009ac     rtsv7M4_T_le_v4SPD16_eabi.lib : e_pow.obj (.text)
                  000023b4    000004dc     uartstdio.obj (.text)
                  00002890    00000420     mavlink.obj (.text)
                  00002cb0    000003a0     ppm.obj (.text)
                  00003050    00000288     filter.obj (.text)
                  000032d8    000001fc     camera.obj (.text)
                  000034d4    000001dc     ultrasonic.obj (.text)
                  000036b0    000001b6     rtsv7M4_T_le_v4SPD16_eabi.lib : fd_add_t2.obj (.text)
                  00003866    00000002                                   : i_div0.obj (.text)
                  00003868    00000170     receive.obj (.text)
                  000039d8    00000170     rtsv7M4_T_le_v4SPD16_eabi.lib : e_sqrt.obj (.text)
                  00003b48    00000136                                   : fd_div_t2.obj (.text)
                  00003c7e    00000132     driverlib.lib : gpio.obj (.text:GPIOPadConfigSet)
                  00003db0    00000110                   : sysctl.obj (.text:SysCtlClockGet)
                  00003ec0    000000fc     rtsv7M4_T_le_v4SPD16_eabi.lib : fd_mul_t2.obj (.text)
                  00003fbc    000000fc                                   : s_scalbn.obj (.text)
                  000040b8    0000009c                                   : memcpy_t2.obj (.text)
                  00004154    00000086                                   : fd_cmp_t2.obj (.text:__aeabi_cdcmple)
                  000041da    00000086                                   : fd_cmp_t2.obj (.text:__aeabi_cdrcmple)
                  00004260    0000007a                                   : memset_t2.obj (.text)
                  000042da    00000002                                   : mpu_init.obj (.text)
                  000042dc    00000070                                   : autoinit.obj (.text)
                  0000434c    0000006e                                   : fd_tos_t2.obj (.text)
                  000043ba    00000002                                   : startup.obj (.text)
                  000043bc    00000068     driverlib.lib : interrupt.obj (.text:IntEnable)
                  00004424    00000068     rtsv7M4_T_le_v4SPD16_eabi.lib : copy_decompress_lzss.obj (.text:decompress:lzss)
                  0000448c    00000060     driverlib.lib : timer.obj (.text:TimerConfigure)
                  000044ec    00000054     rtsv7M4_T_le_v4SPD16_eabi.lib : boot.obj (.text)
                  00004540    00000054                                   : exit.obj (.text)
                  00004594    0000004c     driverlib.lib : timer.obj (.text:_TimerIntNumberGet)
                  000045e0    0000004c     rtsv7M4_T_le_v4SPD16_eabi.lib : cpy_tbl.obj (.text)
                  0000462c    00000048     driverlib.lib : gpio.obj (.text:GPIOPinConfigure)
                  00004674    00000048     rtsv7M4_T_le_v4SPD16_eabi.lib : fd_toi_t2.obj (.text)
                  000046bc    00000046     driverlib.lib : uart.obj (.text:UARTConfigSetExpClk)
                  00004702    00000040     rtsv7M4_T_le_v4SPD16_eabi.lib : u_divt2.obj (.text)
                  00004742    00000002     --HOLE-- [fill = 0]
                  00004744    00000038     driverlib.lib : sysctl.obj (.text:SysCtlPeripheralReady)
                  0000477c    00000038     rtsv7M4_T_le_v4SPD16_eabi.lib : fs_tod_t2.obj (.text)
                  000047b4    00000034     driverlib.lib : interrupt.obj (.text:IntRegister)
                  000047e8    00000034                   : sysctl.obj (.text:SysCtlPeripheralEnable)
                  0000481c    0000002e     rtsv7M4_T_le_v4SPD16_eabi.lib : i_tofd_t2.obj (.text)
                  0000484a    0000002a     driverlib.lib : gpio.obj (.text:GPIODirModeSet)
                  00004874    00000024                   : interrupt.obj (.text:IntPrioritySet)
                  00004898    00000020                   : uart.obj (.text:UARTDisable)
                  000048b8    00000020     rtsv7M4_T_le_v4SPD16_eabi.lib : u_tofd_t2.obj (.text)
                  000048d8    00000018     driverlib.lib : gpio.obj (.text:GPIOPinTypeGPIOOutput)
                  000048f0    00000018                   : timer.obj (.text:TimerIntRegister)
                  00004908    00000018     rtsv7M4_T_le_v4SPD16_eabi.lib : args_main.obj (.text)
                  00004920    00000016     driverlib.lib : timer.obj (.text:TimerControlEvent)
                  00004936    00000014                   : uart.obj (.text:UARTEnable)
                  0000494a    00000002     --HOLE-- [fill = 0]
                  0000494c    00000014     rtsv7M4_T_le_v4SPD16_eabi.lib : _lock.obj (.text)
                  00004960    00000014                                   : s_copysign.obj (.text)
                  00004974    00000012     driverlib.lib : gpio.obj (.text:GPIOPinTypeGPIOInput)
                  00004986    00000012                   : gpio.obj (.text:GPIOPinTypeTimer)
                  00004998    00000012                   : gpio.obj (.text:GPIOPinTypeUART)
                  000049aa    00000012                   : timer.obj (.text:TimerLoadSet)
                  000049bc    00000012                   : timer.obj (.text:TimerPrescaleSet)
                  000049ce    00000002     --HOLE-- [fill = 0]
                  000049d0    00000010                   : fpu.obj (.text:FPUEnable)
                  000049e0    00000010                   : fpu.obj (.text:FPULazyStackingEnable)
                  000049f0    00000010                   : interrupt.obj (.text:IntMasterEnable)
                  00004a00    0000000e                   : timer.obj (.text:TimerEnable)
                  00004a0e    0000000e                   : uart.obj (.text:UARTCharGetNonBlocking)
                  00004a1c    0000000e                   : uart.obj (.text:UARTCharPutNonBlocking)
                  00004a2a    0000000e                   : uart.obj (.text:UARTCharsAvail)
                  00004a38    0000000e     rtsv7M4_T_le_v4SPD16_eabi.lib : copy_decompress_none.obj (.text:decompress:none)
                  00004a46    0000000c     driverlib.lib : cpu.obj (.text:CPUcpsie)
                  00004a52    0000000c     rtsv7M4_T_le_v4SPD16_eabi.lib : copy_zero_init.obj (.text:decompress:ZI)
                  00004a5e    0000000c     tm4c123gh6pm_startup_ccs.obj (.text)
                  00004a6a    0000000a     driverlib.lib : timer.obj (.text:TimerIntStatus)
                  00004a74    0000000a                   : timer.obj (.text:TimerPrescaleGet)
                  00004a7e    0000000a                   : timer.obj (.text:TimerValueGet)
                  00004a88    0000000a                   : uart.obj (.text:UARTFIFOEnable)
                  00004a92    0000000a                   : uart.obj (.text:UARTIntStatus)
                  00004a9c    00000008                   : timer.obj (.text:TimerIntEnable)
                  00004aa4    00000008                   : uart.obj (.text:UARTIntEnable)
                  00004aac    00000006                   : gpio.obj (.text:GPIOPinRead)
                  00004ab2    00000006                   : gpio.obj (.text:GPIOPinWrite)
                  00004ab8    00000006                   : sysctl.obj (.text:SysCtlDelay)
                  00004abe    00000006                   : timer.obj (.text:TimerClockSourceSet)
                  00004ac4    00000006                   : uart.obj (.text:UARTClockSourceSet)
                  00004aca    00000006                   : uart.obj (.text:UARTFIFOLevelSet)
                  00004ad0    00000004                   : timer.obj (.text:TimerIntClear)
                  00004ad4    00000004                   : uart.obj (.text:UARTIntClear)
                  00004ad8    00000004     rtsv7M4_T_le_v4SPD16_eabi.lib : pre_init.obj (.text)

.const     0    00004ae0    00000308     
                  00004ae0    0000009c     driverlib.lib : interrupt.obj (.const:g_pui32Regs)
                  00004b7c    00000090                   : gpio.obj (.const:g_pui32GPIOBaseAddrs)
                  00004c0c    00000070                   : interrupt.obj (.const)
                  00004c7c    0000006c                   : sysctl.obj (.const:g_pui32Xtals)
                  00004ce8    00000060                   : timer.obj (.const:g_ppui32TimerIntMap)
                  00004d48    00000040                   : timer.obj (.const:g_ppui32TimerIntMapSnowflake)
                  00004d88    00000030     rtsv7M4_T_le_v4SPD16_eabi.lib : e_pow.obj (.const:$O1$$)
                  00004db8    00000012     uartstdio.obj (.const:.string)
                  00004dca    00000002     --HOLE-- [fill = 0]
                  00004dcc    0000000c     uartstdio.obj (.const:g_ui32UARTBase)
                  00004dd8    0000000c     uartstdio.obj (.const:g_ui32UARTPeriph)
                  00004de4    00000004     uartstdio.obj (.const)

.cinit     0    00004de8    00000068     
                  00004de8    00000031     (.cinit..data.load) [load image, compression = lzss]
                  00004e19    00000003     --HOLE-- [fill = 0]
                  00004e1c    0000000c     (__TI_handler_table)
                  00004e28    00000008     (.cinit..bss.load) [load image, compression = zero_init]
                  00004e30    00000008     (.cinit..vtable.load) [load image, compression = zero_init]
                  00004e38    00000018     (__TI_cinit_table)

.init_array 
*          0    00000000    00000000     UNINITIALIZED

.vtable    0    20000000    0000026c     UNINITIALIZED
                  20000000    0000026c     driverlib.lib : interrupt.obj (.vtable)

.stack     0    2000026c    00000200     UNINITIALIZED
                  2000026c    00000200     --HOLE--

.bss       0    20000470    000001e8     UNINITIALIZED
                  20000470    00000068     (.common:position_controler)
                  200004d8    00000034     (.common:UART1_Rx_Buffers)
                  2000050c    00000034     (.common:UART1_Rx_Data)
                  20000540    00000030     (.common:Source_attitude_payload)
                  20000570    00000030     (.common:altitude_ewa)
                  200005a0    0000002c     (.common:altitude_controler)
                  200005cc    00000024     ppm.obj (.bss:ppm_data_buf)
                  200005f0    00000012     ppm.obj (.bss:ppm_data_shadow)
                  20000602    00000012     (.common:ppm_data)
                  20000614    0000000c     ppm.obj (.bss)
                  20000620    0000000c     (.common:UART3_Rx_Buffers)
                  2000062c    00000008     (.common:Source_Rangefinder_payload)
                  20000634    00000004     (.common:int_mavlink_height)
                  20000638    00000004     (.common:int_pitch)
                  2000063c    00000004     (.common:int_roll)
                  20000640    00000004     (.common:int_yaw)
                  20000644    00000004     (.common:mavlink_height)
                  20000648    00000004     (.common:pitch)
                  2000064c    00000004     (.common:roll)
                  20000650    00000004     (.common:yaw)
                  20000654    00000001     (.common:UART1_Rx_Len)
                  20000655    00000001     (.common:UART1_Sender_Address)
                  20000656    00000001     (.common:payload_buf_index)
                  20000657    00000001     (.common:rx_buffer)

.data      0    20000658    000000e4     UNINITIALIZED
                  20000658    00000028     mavlink.obj (.data:Rx_Buffer_attitude)
                  20000680    00000028     ultrasonic.obj (.data:ultrasonic_distance_history)
                  200006a8    0000001c     main.obj (.data)
                  200006c4    00000014     mavlink.obj (.data:Rx_Buffer_height)
                  200006d8    00000011     camera.obj (.data)
                  200006e9    00000003     --HOLE--
                  200006ec    0000000c     rtsv7M4_T_le_v4SPD16_eabi.lib : exit.obj (.data:$O1$$)
                  200006f8    0000000a     ultrasonic.obj (.data)
                  20000702    00000002     --HOLE--
                  20000704    00000008     rtsv7M4_T_le_v4SPD16_eabi.lib : _lock.obj (.data:$O1$$)
                  2000070c    00000008     receive.obj (.data)
                  20000714    00000008     ultrasonic.obj (.data:ui32Time$2)
                  2000071c    00000006     mavlink.obj (.data)
                  20000722    00000002     --HOLE--
                  20000724    00000005     ppm.obj (.data)
                  20000729    00000003     --HOLE--
                  2000072c    00000005     uartstdio.obj (.data)
                  20000731    00000003     --HOLE--
                  20000734    00000004     rtsv7M4_T_le_v4SPD16_eabi.lib : errno.obj (.data)
                  20000738    00000004                                   : stkdepth_vars.obj (.data)

MODULE SUMMARY

       Module                         code    ro data   rw data
       ------                         ----    -------   -------
    .\
       main.obj                       6044    0         242    
       uartstdio.obj                  1244    46        5      
       mavlink.obj                    1056    0         156    
       ppm.obj                        928     0         71     
       filter.obj                     648     0         0      
       tm4c123gh6pm_startup_ccs.obj   12      620       0      
       camera.obj                     508     0         29     
       ultrasonic.obj                 476     0         58     
       receive.obj                    368     0         114    
    +--+------------------------------+-------+---------+---------+
       Total:                         11284   666       675    
                                                               
    D:\ti\ccsv7\tools\compiler\ti-cgt-arm_16.9.0.LTS\lib\rtsv7M4_T_le_v4SPD16_eabi.lib
       e_pow.obj                      2476    48        0      
       fd_add_t2.obj                  438     0         0      
       e_sqrt.obj                     368     0         0      
       fd_div_t2.obj                  310     0         0      
       fd_cmp_t2.obj                  268     0         0      
       fd_mul_t2.obj                  252     0         0      
       s_scalbn.obj                   252     0         0      
       memcpy_t2.obj                  156     0         0      
       memset_t2.obj                  122     0         0      
       autoinit.obj                   112     0         0      
       fd_tos_t2.obj                  110     0         0      
       copy_decompress_lzss.obj       104     0         0      
       exit.obj                       84      0         12     
       boot.obj                       84      0         0      
       cpy_tbl.obj                    76      0         0      
       fd_toi_t2.obj                  72      0         0      
       u_divt2.obj                    64      0         0      
       fs_tod_t2.obj                  56      0         0      
       i_tofd_t2.obj                  46      0         0      
       u_tofd_t2.obj                  32      0         0      
       _lock.obj                      20      0         8      
       args_main.obj                  24      0         0      
       s_copysign.obj                 20      0         0      
       copy_decompress_none.obj       14      0         0      
       copy_zero_init.obj             12      0         0      
       errno.obj                      0       0         4      
       pre_init.obj                   4       0         0      
       stkdepth_vars.obj              0       0         4      
       i_div0.obj                     2       0         0      
       mpu_init.obj                   2       0         0      
       startup.obj                    2       0         0      
    +--+------------------------------+-------+---------+---------+
       Total:                         5582    48        28     
                                                               
    F:/TIVAWARE002/driverlib/ccs/Debug/driverlib.lib
       interrupt.obj                  208     268       620    
       gpio.obj                       510     144       0      
       sysctl.obj                     386     108       0      
       timer.obj                      316     160       0      
       uart.obj                       208     0         0      
       fpu.obj                        32      0         0      
       cpu.obj                        12      0         0      
    +--+------------------------------+-------+---------+---------+
       Total:                         1672    680       620    
                                                               
       Stack:                         0       0         512    
       Linker Generated:              0       101       0      
    +--+------------------------------+-------+---------+---------+
       Grand Total:                   18538   1495      1835   


LINKER GENERATED COPY TABLES

__TI_cinit_table @ 00004e38 records: 3, size/record: 8, table size: 24
	.data: load addr=00004de8, load size=00000031 bytes, run addr=20000658, run size=000000e4 bytes, compression=lzss
	.bss: load addr=00004e28, load size=00000008 bytes, run addr=20000470, run size=000001e8 bytes, compression=zero_init
	.vtable: load addr=00004e30, load size=00000008 bytes, run addr=20000000, run size=0000026c bytes, compression=zero_init


LINKER GENERATED HANDLER TABLE

__TI_handler_table @ 00004e1c records: 3, size/record: 4, table size: 12
	index: 0, handler: __TI_zero_init
	index: 1, handler: __TI_decompress_lzss
	index: 2, handler: __TI_decompress_none


GLOBAL SYMBOLS: SORTED ALPHABETICALLY BY Name 

address   name                           
-------   ----                           
0000089d  AircraftDataReceive            
00001731  AircraftMain                   
00000cf1  Aircraft_Base_Output           
0000148d  Aircraft_Startup_Detection     
00000c89  Aircraft_Unlock                
0000026d  AltitudeControlerInit          
0000080b  AltitudeGet                    
0000035d  Altitude_Control               
000028f1  Attitude_Data_Store            
00002a63  Attitude_init                  
00004541  C$$EXIT                        
00004a47  CPUcpsie                       
000011d5  CalibrationMain                
0000346b  Camera_Hold_Black_Blob         
00003487  Camera_Hold_Red_Blob           
00000aa5  ConfigureUART0                 
00002a71  Distance_init                  
000030b3  EWA_Filter_Compute             
00003051  EWA_Filter_Init                
000049d1  FPUEnable                      
000049e1  FPULazyStackingEnable          
0000484b  GPIODirModeSet                 
000034d5  GPIOE3_Init                    
00003c7f  GPIOPadConfigSet               
0000462d  GPIOPinConfigure               
00004aad  GPIOPinRead                    
00004975  GPIOPinTypeGPIOInput           
000048d9  GPIOPinTypeGPIOOutput          
00004987  GPIOPinTypeTimer               
00004999  GPIOPinTypeUART                
00004ab3  GPIOPinWrite                   
000043bd  IntEnable                      
000049f1  IntMasterEnable                
00004875  IntPrioritySet                 
000047b5  IntRegister                    
00000b7f  Key_PF0_Init                   
00000bd9  Key_PF0_Pros                   
00000b05  Key_PF4_Init                   
00000b35  Key_PF4_Pros                   
00000ae5  LED_Init                       
000031ed  MA_Filter_Compute              
0000319b  MA_Filter_Init                 
00002ac1  MavLink_Data_Get               
00002891  Mav_recive_UART2_Config        
00002a7f  Mavlink_DateInit               
00000c35  PPM_Channal_Init               
000002c5  PositionControlerInit          
00000edd  PositionHoldLand               
000005e5  Position_Control               
00003869  Recive_UART1_Config            
000032d9  Recive_UART3_Config            
00004a5f  ResetISR                       
00000d4d  RolloverProtection             
20000658  Rx_Buffer_attitude             
200006c4  Rx_Buffer_height               
UNDEFED   SHT$$INIT_ARRAY$$Base          
UNDEFED   SHT$$INIT_ARRAY$$Limit         
000034fb  SonicTrig                      
2000062c  Source_Rangefinder_payload     
20000540  Source_attitude_payload        
00003db1  SysCtlClockGet                 
00004ab9  SysCtlDelay                    
000047e9  SysCtlPeripheralEnable         
00004745  SysCtlPeripheralReady          
00002d8d  Timer0AIntHandler              
00000e61  Timer1AIntHandler              
00000dd1  Timer1A_Init                   
00000f3d  Timer2AIntHandler              
00000f9d  Timer2A_Init                   
00004abf  TimerClockSourceSet            
0000448d  TimerConfigure                 
00004921  TimerControlEvent              
00004a01  TimerEnable                    
00004ad1  TimerIntClear                  
00004a9d  TimerIntEnable                 
000048f1  TimerIntRegister               
00004a6b  TimerIntStatus                 
000049ab  TimerLoadSet                   
00004a75  TimerPrescaleGet               
000049bd  TimerPrescaleSet               
00004a7f  TimerValueGet                  
000038af  UART1IntHandler                
00001025  UART1_Data_Pros                
200004d8  UART1_Rx_Buffers               
2000050c  UART1_Rx_Data                  
20000654  UART1_Rx_Len                   
20000655  UART1_Sender_Address           
2000070c  UART1_Updated_Flag             
00002927  UART2IntHandler                
0000331d  UART3IntHandler                
20000620  UART3_Rx_Buffers               
200006e0  UART3_Updated_Flag             
00004a0f  UARTCharGetNonBlocking         
00004a1d  UARTCharPutNonBlocking         
00004a2b  UARTCharsAvail                 
00004ac5  UARTClockSourceSet             
000046bd  UARTConfigSetExpClk            
00004899  UARTDisable                    
00004937  UARTEnable                     
00004a89  UARTFIFOEnable                 
00004acb  UARTFIFOLevelSet               
00004ad5  UARTIntClear                   
00004aa5  UARTIntEnable                  
00004a93  UARTIntStatus                  
000023b5  UARTStdioConfig                
0000252d  UARTgetc                       
00002467  UARTgets                       
0000285b  UARTprintf                     
00002561  UARTvprintf                    
00002415  UARTwrite                      
00003651  UltrasonicConfigure            
000035ef  WTimer0BConfigure              
0000352b  WTimer0BIntHandler             
2000046c  __STACK_END                    
00000200  __STACK_SIZE                   
2000046c  __STACK_TOP                    
00004e38  __TI_CINIT_Base                
00004e50  __TI_CINIT_Limit               
00004e1c  __TI_Handler_Table_Base        
00004e28  __TI_Handler_Table_Limit       
000042dd  __TI_auto_init                 
200006ec  __TI_cleanup_ptr               
00004425  __TI_decompress_lzss           
00004a39  __TI_decompress_none           
200006f0  __TI_dtors_ptr                 
200006f4  __TI_enable_exit_profile_output
ffffffff  __TI_pprof_out_hndl            
ffffffff  __TI_prof_data_size            
ffffffff  __TI_prof_data_start           
00000000  __TI_static_base__             
00004a53  __TI_zero_init                 
00004155  __aeabi_cdcmpeq                
00004155  __aeabi_cdcmple                
000041db  __aeabi_cdrcmple               
0000434d  __aeabi_d2f                    
00004675  __aeabi_d2iz                   
000036bb  __aeabi_dadd                   
00003b49  __aeabi_ddiv                   
00003ec1  __aeabi_dmul                   
000036b1  __aeabi_dsub                   
0000477d  __aeabi_f2d                    
0000481d  __aeabi_i2d                    
00003867  __aeabi_idiv0                  
00004261  __aeabi_memclr                 
00004261  __aeabi_memclr4                
00004261  __aeabi_memclr8                
000040b9  __aeabi_memcpy                 
000040b9  __aeabi_memcpy4                
000040b9  __aeabi_memcpy8                
00004263  __aeabi_memset                 
00004263  __aeabi_memset4                
00004263  __aeabi_memset8                
000048b9  __aeabi_ui2d                   
00004703  __aeabi_uidiv                  
00004703  __aeabi_uidivmod               
ffffffff  __binit__                      
ffffffff  __c_args__                     
000042db  __mpu_init                     
2000026c  __stack                        
00004909  _args_main                     
000044ed  _c_int00                       
20000704  _lock                          
0000495b  _nop                           
00004953  _register_lock                 
0000494d  _register_unlock               
000043bb  _system_post_cinit             
00004ad9  _system_pre_init               
20000708  _unlock                        
00004545  abort                          
200006a8  aircraft_mission               
200006ac  aircraft_start_flag            
200005a0  altitude_controler             
20000570  altitude_ewa                   
ffffffff  binit                          
000045e1  copy_in                        
00004961  copysign                       
00004961  copysignl                      
20000734  errno                          
0000454d  exit                           
20000000  g_pfnRAMVectors                
00000000  g_pfnVectors                   
20000634  int_mavlink_height             
20000638  int_pitch                      
2000063c  int_roll                       
20000640  int_yaw                        
00003fbd  ldexp                          
00003fbd  ldexpl                         
0000198b  main                           
20000738  main_func_sp                   
20000644  mavlink_height                 
000040b9  memcpy                         
00004269  memset                         
2000071c  newAttiFlag                    
2000071d  newHeightFlag                  
20000656  payload_buf_index              
20000648  pitch                          
20000470  position_controler             
00001a09  pow                            
00001a09  powl                           
20000602  ppm_data                       
00002cb1  ppm_encoder_init               
00002db7  ppm_encoder_set_data           
2000064c  roll                           
20000657  rx_buffer                      
00003fbd  scalbn                         
00003fbd  scalbnl                        
000039d9  sqrt                           
000039d9  sqrtl                          
2000071e  start_receive_attitude         
2000071f  start_receive_height           
000033a5  u3Data_handle                  
200006fc  ultrasonic_distance            
20000680  ultrasonic_distance_history    
200006f8  ultrasonic_update_flag         
200006d8  x_hat                          
200006dc  y_hat                          
20000650  yaw                            


GLOBAL SYMBOLS: SORTED BY Symbol Address 

address   name                           
-------   ----                           
00000000  __TI_static_base__             
00000000  g_pfnVectors                   
00000200  __STACK_SIZE                   
0000026d  AltitudeControlerInit          
000002c5  PositionControlerInit          
0000035d  Altitude_Control               
000005e5  Position_Control               
0000080b  AltitudeGet                    
0000089d  AircraftDataReceive            
00000aa5  ConfigureUART0                 
00000ae5  LED_Init                       
00000b05  Key_PF4_Init                   
00000b35  Key_PF4_Pros                   
00000b7f  Key_PF0_Init                   
00000bd9  Key_PF0_Pros                   
00000c35  PPM_Channal_Init               
00000c89  Aircraft_Unlock                
00000cf1  Aircraft_Base_Output           
00000d4d  RolloverProtection             
00000dd1  Timer1A_Init                   
00000e61  Timer1AIntHandler              
00000edd  PositionHoldLand               
00000f3d  Timer2AIntHandler              
00000f9d  Timer2A_Init                   
00001025  UART1_Data_Pros                
000011d5  CalibrationMain                
0000148d  Aircraft_Startup_Detection     
00001731  AircraftMain                   
0000198b  main                           
00001a09  pow                            
00001a09  powl                           
000023b5  UARTStdioConfig                
00002415  UARTwrite                      
00002467  UARTgets                       
0000252d  UARTgetc                       
00002561  UARTvprintf                    
0000285b  UARTprintf                     
00002891  Mav_recive_UART2_Config        
000028f1  Attitude_Data_Store            
00002927  UART2IntHandler                
00002a63  Attitude_init                  
00002a71  Distance_init                  
00002a7f  Mavlink_DateInit               
00002ac1  MavLink_Data_Get               
00002cb1  ppm_encoder_init               
00002d8d  Timer0AIntHandler              
00002db7  ppm_encoder_set_data           
00003051  EWA_Filter_Init                
000030b3  EWA_Filter_Compute             
0000319b  MA_Filter_Init                 
000031ed  MA_Filter_Compute              
000032d9  Recive_UART3_Config            
0000331d  UART3IntHandler                
000033a5  u3Data_handle                  
0000346b  Camera_Hold_Black_Blob         
00003487  Camera_Hold_Red_Blob           
000034d5  GPIOE3_Init                    
000034fb  SonicTrig                      
0000352b  WTimer0BIntHandler             
000035ef  WTimer0BConfigure              
00003651  UltrasonicConfigure            
000036b1  __aeabi_dsub                   
000036bb  __aeabi_dadd                   
00003867  __aeabi_idiv0                  
00003869  Recive_UART1_Config            
000038af  UART1IntHandler                
000039d9  sqrt                           
000039d9  sqrtl                          
00003b49  __aeabi_ddiv                   
00003c7f  GPIOPadConfigSet               
00003db1  SysCtlClockGet                 
00003ec1  __aeabi_dmul                   
00003fbd  ldexp                          
00003fbd  ldexpl                         
00003fbd  scalbn                         
00003fbd  scalbnl                        
000040b9  __aeabi_memcpy                 
000040b9  __aeabi_memcpy4                
000040b9  __aeabi_memcpy8                
000040b9  memcpy                         
00004155  __aeabi_cdcmpeq                
00004155  __aeabi_cdcmple                
000041db  __aeabi_cdrcmple               
00004261  __aeabi_memclr                 
00004261  __aeabi_memclr4                
00004261  __aeabi_memclr8                
00004263  __aeabi_memset                 
00004263  __aeabi_memset4                
00004263  __aeabi_memset8                
00004269  memset                         
000042db  __mpu_init                     
000042dd  __TI_auto_init                 
0000434d  __aeabi_d2f                    
000043bb  _system_post_cinit             
000043bd  IntEnable                      
00004425  __TI_decompress_lzss           
0000448d  TimerConfigure                 
000044ed  _c_int00                       
00004541  C$$EXIT                        
00004545  abort                          
0000454d  exit                           
000045e1  copy_in                        
0000462d  GPIOPinConfigure               
00004675  __aeabi_d2iz                   
000046bd  UARTConfigSetExpClk            
00004703  __aeabi_uidiv                  
00004703  __aeabi_uidivmod               
00004745  SysCtlPeripheralReady          
0000477d  __aeabi_f2d                    
000047b5  IntRegister                    
000047e9  SysCtlPeripheralEnable         
0000481d  __aeabi_i2d                    
0000484b  GPIODirModeSet                 
00004875  IntPrioritySet                 
00004899  UARTDisable                    
000048b9  __aeabi_ui2d                   
000048d9  GPIOPinTypeGPIOOutput          
000048f1  TimerIntRegister               
00004909  _args_main                     
00004921  TimerControlEvent              
00004937  UARTEnable                     
0000494d  _register_unlock               
00004953  _register_lock                 
0000495b  _nop                           
00004961  copysign                       
00004961  copysignl                      
00004975  GPIOPinTypeGPIOInput           
00004987  GPIOPinTypeTimer               
00004999  GPIOPinTypeUART                
000049ab  TimerLoadSet                   
000049bd  TimerPrescaleSet               
000049d1  FPUEnable                      
000049e1  FPULazyStackingEnable          
000049f1  IntMasterEnable                
00004a01  TimerEnable                    
00004a0f  UARTCharGetNonBlocking         
00004a1d  UARTCharPutNonBlocking         
00004a2b  UARTCharsAvail                 
00004a39  __TI_decompress_none           
00004a47  CPUcpsie                       
00004a53  __TI_zero_init                 
00004a5f  ResetISR                       
00004a6b  TimerIntStatus                 
00004a75  TimerPrescaleGet               
00004a7f  TimerValueGet                  
00004a89  UARTFIFOEnable                 
00004a93  UARTIntStatus                  
00004a9d  TimerIntEnable                 
00004aa5  UARTIntEnable                  
00004aad  GPIOPinRead                    
00004ab3  GPIOPinWrite                   
00004ab9  SysCtlDelay                    
00004abf  TimerClockSourceSet            
00004ac5  UARTClockSourceSet             
00004acb  UARTFIFOLevelSet               
00004ad1  TimerIntClear                  
00004ad5  UARTIntClear                   
00004ad9  _system_pre_init               
00004e1c  __TI_Handler_Table_Base        
00004e28  __TI_Handler_Table_Limit       
00004e38  __TI_CINIT_Base                
00004e50  __TI_CINIT_Limit               
20000000  g_pfnRAMVectors                
2000026c  __stack                        
2000046c  __STACK_END                    
2000046c  __STACK_TOP                    
20000470  position_controler             
200004d8  UART1_Rx_Buffers               
2000050c  UART1_Rx_Data                  
20000540  Source_attitude_payload        
20000570  altitude_ewa                   
200005a0  altitude_controler             
20000602  ppm_data                       
20000620  UART3_Rx_Buffers               
2000062c  Source_Rangefinder_payload     
20000634  int_mavlink_height             
20000638  int_pitch                      
2000063c  int_roll                       
20000640  int_yaw                        
20000644  mavlink_height                 
20000648  pitch                          
2000064c  roll                           
20000650  yaw                            
20000654  UART1_Rx_Len                   
20000655  UART1_Sender_Address           
20000656  payload_buf_index              
20000657  rx_buffer                      
20000658  Rx_Buffer_attitude             
20000680  ultrasonic_distance_history    
200006a8  aircraft_mission               
200006ac  aircraft_start_flag            
200006c4  Rx_Buffer_height               
200006d8  x_hat                          
200006dc  y_hat                          
200006e0  UART3_Updated_Flag             
200006ec  __TI_cleanup_ptr               
200006f0  __TI_dtors_ptr                 
200006f4  __TI_enable_exit_profile_output
200006f8  ultrasonic_update_flag         
200006fc  ultrasonic_distance            
20000704  _lock                          
20000708  _unlock                        
2000070c  UART1_Updated_Flag             
2000071c  newAttiFlag                    
2000071d  newHeightFlag                  
2000071e  start_receive_attitude         
2000071f  start_receive_height           
20000734  errno                          
20000738  main_func_sp                   
ffffffff  __TI_pprof_out_hndl            
ffffffff  __TI_prof_data_size            
ffffffff  __TI_prof_data_start           
ffffffff  __binit__                      
ffffffff  __c_args__                     
ffffffff  binit                          
UNDEFED   SHT$$INIT_ARRAY$$Base          
UNDEFED   SHT$$INIT_ARRAY$$Limit         

[217 symbols]
