******************************************************************************
                  TI ARM Linker PC v16.9.0                     
******************************************************************************
>> Linked Wed Jan 30 06:30:13 2019

OUTPUT FILE NAME:   <Small_Aircraft_20190130_002.out>
ENTRY POINT SYMBOL: "_c_int00"  address: 00004491


MEMORY CONFIGURATION

         name            origin    length      used     unused   attr    fill
----------------------  --------  ---------  --------  --------  ----  --------
  FLASH                 00000000   00040000  00004df0  0003b210  R  X
  SRAM                  20000000   00008000  00000738  000078c8  RW X


SEGMENT ALLOCATION MAP

run origin  load origin   length   init length attrs members
----------  ----------- ---------- ----------- ----- -------
00000000    00000000    00004df0   00004df0    r-x
  00000000    00000000    0000026c   0000026c    r-- .intvecs
  0000026c    0000026c    00004814   00004814    r-x .text
  00004a80    00004a80    00000308   00000308    r-- .const
  00004d88    00004d88    00000068   00000068    r-- .cinit
20000000    20000000    0000073c   00000000    rw-
  20000000    20000000    0000026c   00000000    rw- .vtable
  2000026c    2000026c    00000200   00000000    rw- .stack
  20000470    20000470    000001e8   00000000    rw- .bss
  20000658    20000658    000000e4   00000000    rw- .data


SECTION ALLOCATION MAP

 output                                  attributes/
section   page    origin      length       input sections
--------  ----  ----------  ----------   ----------------
.intvecs   0    00000000    0000026c     
                  00000000    0000026c     tm4c123gh6pm_startup_ccs.obj (.intvecs)

.text      0    0000026c    00004814     
                  0000026c    00001740     main.obj (.text)
                  000019ac    000009ac     rtsv7M4_T_le_v4SPD16_eabi.lib : e_pow.obj (.text)
                  00002358    000004dc     uartstdio.obj (.text)
                  00002834    00000420     mavlink.obj (.text)
                  00002c54    000003a0     ppm.obj (.text)
                  00002ff4    00000288     filter.obj (.text)
                  0000327c    000001fc     camera.obj (.text)
                  00003478    000001dc     ultrasonic.obj (.text)
                  00003654    000001b6     rtsv7M4_T_le_v4SPD16_eabi.lib : fd_add_t2.obj (.text)
                  0000380a    00000002                                   : i_div0.obj (.text)
                  0000380c    00000170     receive.obj (.text)
                  0000397c    00000170     rtsv7M4_T_le_v4SPD16_eabi.lib : e_sqrt.obj (.text)
                  00003aec    00000136                                   : fd_div_t2.obj (.text)
                  00003c22    00000132     driverlib.lib : gpio.obj (.text:GPIOPadConfigSet)
                  00003d54    00000110                   : sysctl.obj (.text:SysCtlClockGet)
                  00003e64    000000fc     rtsv7M4_T_le_v4SPD16_eabi.lib : fd_mul_t2.obj (.text)
                  00003f60    000000fc                                   : s_scalbn.obj (.text)
                  0000405c    0000009c                                   : memcpy_t2.obj (.text)
                  000040f8    00000086                                   : fd_cmp_t2.obj (.text:__aeabi_cdcmple)
                  0000417e    00000086                                   : fd_cmp_t2.obj (.text:__aeabi_cdrcmple)
                  00004204    0000007a                                   : memset_t2.obj (.text)
                  0000427e    00000002                                   : mpu_init.obj (.text)
                  00004280    00000070                                   : autoinit.obj (.text)
                  000042f0    0000006e                                   : fd_tos_t2.obj (.text)
                  0000435e    00000002                                   : startup.obj (.text)
                  00004360    00000068     driverlib.lib : interrupt.obj (.text:IntEnable)
                  000043c8    00000068     rtsv7M4_T_le_v4SPD16_eabi.lib : copy_decompress_lzss.obj (.text:decompress:lzss)
                  00004430    00000060     driverlib.lib : timer.obj (.text:TimerConfigure)
                  00004490    00000054     rtsv7M4_T_le_v4SPD16_eabi.lib : boot.obj (.text)
                  000044e4    00000054                                   : exit.obj (.text)
                  00004538    0000004c     driverlib.lib : timer.obj (.text:_TimerIntNumberGet)
                  00004584    0000004c     rtsv7M4_T_le_v4SPD16_eabi.lib : cpy_tbl.obj (.text)
                  000045d0    00000048     driverlib.lib : gpio.obj (.text:GPIOPinConfigure)
                  00004618    00000048     rtsv7M4_T_le_v4SPD16_eabi.lib : fd_toi_t2.obj (.text)
                  00004660    00000046     driverlib.lib : uart.obj (.text:UARTConfigSetExpClk)
                  000046a6    00000040     rtsv7M4_T_le_v4SPD16_eabi.lib : u_divt2.obj (.text)
                  000046e6    00000002     --HOLE-- [fill = 0]
                  000046e8    00000038     driverlib.lib : sysctl.obj (.text:SysCtlPeripheralReady)
                  00004720    00000038     rtsv7M4_T_le_v4SPD16_eabi.lib : fs_tod_t2.obj (.text)
                  00004758    00000034     driverlib.lib : interrupt.obj (.text:IntRegister)
                  0000478c    00000034                   : sysctl.obj (.text:SysCtlPeripheralEnable)
                  000047c0    0000002e     rtsv7M4_T_le_v4SPD16_eabi.lib : i_tofd_t2.obj (.text)
                  000047ee    0000002a     driverlib.lib : gpio.obj (.text:GPIODirModeSet)
                  00004818    00000024                   : interrupt.obj (.text:IntPrioritySet)
                  0000483c    00000020                   : uart.obj (.text:UARTDisable)
                  0000485c    00000020     rtsv7M4_T_le_v4SPD16_eabi.lib : u_tofd_t2.obj (.text)
                  0000487c    00000018     driverlib.lib : gpio.obj (.text:GPIOPinTypeGPIOOutput)
                  00004894    00000018                   : timer.obj (.text:TimerIntRegister)
                  000048ac    00000018     rtsv7M4_T_le_v4SPD16_eabi.lib : args_main.obj (.text)
                  000048c4    00000016     driverlib.lib : timer.obj (.text:TimerControlEvent)
                  000048da    00000014                   : uart.obj (.text:UARTEnable)
                  000048ee    00000002     --HOLE-- [fill = 0]
                  000048f0    00000014     rtsv7M4_T_le_v4SPD16_eabi.lib : _lock.obj (.text)
                  00004904    00000014                                   : s_copysign.obj (.text)
                  00004918    00000012     driverlib.lib : gpio.obj (.text:GPIOPinTypeGPIOInput)
                  0000492a    00000012                   : gpio.obj (.text:GPIOPinTypeTimer)
                  0000493c    00000012                   : gpio.obj (.text:GPIOPinTypeUART)
                  0000494e    00000012                   : timer.obj (.text:TimerLoadSet)
                  00004960    00000012                   : timer.obj (.text:TimerPrescaleSet)
                  00004972    00000002     --HOLE-- [fill = 0]
                  00004974    00000010                   : fpu.obj (.text:FPUEnable)
                  00004984    00000010                   : fpu.obj (.text:FPULazyStackingEnable)
                  00004994    00000010                   : interrupt.obj (.text:IntMasterEnable)
                  000049a4    0000000e                   : timer.obj (.text:TimerEnable)
                  000049b2    0000000e                   : uart.obj (.text:UARTCharGetNonBlocking)
                  000049c0    0000000e                   : uart.obj (.text:UARTCharPutNonBlocking)
                  000049ce    0000000e                   : uart.obj (.text:UARTCharsAvail)
                  000049dc    0000000e     rtsv7M4_T_le_v4SPD16_eabi.lib : copy_decompress_none.obj (.text:decompress:none)
                  000049ea    0000000c     driverlib.lib : cpu.obj (.text:CPUcpsie)
                  000049f6    0000000c     rtsv7M4_T_le_v4SPD16_eabi.lib : copy_zero_init.obj (.text:decompress:ZI)
                  00004a02    0000000c     tm4c123gh6pm_startup_ccs.obj (.text)
                  00004a0e    0000000a     driverlib.lib : timer.obj (.text:TimerIntStatus)
                  00004a18    0000000a                   : timer.obj (.text:TimerPrescaleGet)
                  00004a22    0000000a                   : timer.obj (.text:TimerValueGet)
                  00004a2c    0000000a                   : uart.obj (.text:UARTFIFOEnable)
                  00004a36    0000000a                   : uart.obj (.text:UARTIntStatus)
                  00004a40    00000008                   : timer.obj (.text:TimerIntEnable)
                  00004a48    00000008                   : uart.obj (.text:UARTIntEnable)
                  00004a50    00000006                   : gpio.obj (.text:GPIOPinRead)
                  00004a56    00000006                   : gpio.obj (.text:GPIOPinWrite)
                  00004a5c    00000006                   : sysctl.obj (.text:SysCtlDelay)
                  00004a62    00000006                   : timer.obj (.text:TimerClockSourceSet)
                  00004a68    00000006                   : uart.obj (.text:UARTClockSourceSet)
                  00004a6e    00000006                   : uart.obj (.text:UARTFIFOLevelSet)
                  00004a74    00000004                   : timer.obj (.text:TimerIntClear)
                  00004a78    00000004                   : uart.obj (.text:UARTIntClear)
                  00004a7c    00000004     rtsv7M4_T_le_v4SPD16_eabi.lib : pre_init.obj (.text)

.const     0    00004a80    00000308     
                  00004a80    0000009c     driverlib.lib : interrupt.obj (.const:g_pui32Regs)
                  00004b1c    00000090                   : gpio.obj (.const:g_pui32GPIOBaseAddrs)
                  00004bac    00000070                   : interrupt.obj (.const)
                  00004c1c    0000006c                   : sysctl.obj (.const:g_pui32Xtals)
                  00004c88    00000060                   : timer.obj (.const:g_ppui32TimerIntMap)
                  00004ce8    00000040                   : timer.obj (.const:g_ppui32TimerIntMapSnowflake)
                  00004d28    00000030     rtsv7M4_T_le_v4SPD16_eabi.lib : e_pow.obj (.const:$O1$$)
                  00004d58    00000012     uartstdio.obj (.const:.string)
                  00004d6a    00000002     --HOLE-- [fill = 0]
                  00004d6c    0000000c     uartstdio.obj (.const:g_ui32UARTBase)
                  00004d78    0000000c     uartstdio.obj (.const:g_ui32UARTPeriph)
                  00004d84    00000004     uartstdio.obj (.const)

.cinit     0    00004d88    00000068     
                  00004d88    00000031     (.cinit..data.load) [load image, compression = lzss]
                  00004db9    00000003     --HOLE-- [fill = 0]
                  00004dbc    0000000c     (__TI_handler_table)
                  00004dc8    00000008     (.cinit..bss.load) [load image, compression = zero_init]
                  00004dd0    00000008     (.cinit..vtable.load) [load image, compression = zero_init]
                  00004dd8    00000018     (__TI_cinit_table)

.init_array 
*          0    00000000    00000000     UNINITIALIZED

.vtable    0    20000000    0000026c     UNINITIALIZED
                  20000000    0000026c     driverlib.lib : interrupt.obj (.vtable)

.stack     0    2000026c    00000200     UNINITIALIZED
                  2000026c    00000200     --HOLE--

.bss       0    20000470    000001e8     UNINITIALIZED
                  20000470    00000068     (.common:position_controler)
                  200004d8    00000034     (.common:UART1_Rx_Buffers)
                  2000050c    00000034     (.common:UART1_Rx_Data)
                  20000540    00000030     (.common:Source_attitude_payload)
                  20000570    00000030     (.common:altitude_ewa)
                  200005a0    0000002c     (.common:altitude_controler)
                  200005cc    00000024     ppm.obj (.bss:ppm_data_buf)
                  200005f0    00000012     ppm.obj (.bss:ppm_data_shadow)
                  20000602    00000012     (.common:ppm_data)
                  20000614    0000000c     ppm.obj (.bss)
                  20000620    0000000c     (.common:UART3_Rx_Buffers)
                  2000062c    00000008     (.common:Source_Rangefinder_payload)
                  20000634    00000004     (.common:int_mavlink_height)
                  20000638    00000004     (.common:int_pitch)
                  2000063c    00000004     (.common:int_roll)
                  20000640    00000004     (.common:int_yaw)
                  20000644    00000004     (.common:mavlink_height)
                  20000648    00000004     (.common:pitch)
                  2000064c    00000004     (.common:roll)
                  20000650    00000004     (.common:yaw)
                  20000654    00000001     (.common:UART1_Rx_Len)
                  20000655    00000001     (.common:UART1_Sender_Address)
                  20000656    00000001     (.common:payload_buf_index)
                  20000657    00000001     (.common:rx_buffer)

.data      0    20000658    000000e4     UNINITIALIZED
                  20000658    00000028     mavlink.obj (.data:Rx_Buffer_attitude)
                  20000680    00000028     ultrasonic.obj (.data:ultrasonic_distance_history)
                  200006a8    0000001c     main.obj (.data)
                  200006c4    00000014     mavlink.obj (.data:Rx_Buffer_height)
                  200006d8    00000011     camera.obj (.data)
                  200006e9    00000003     --HOLE--
                  200006ec    0000000c     rtsv7M4_T_le_v4SPD16_eabi.lib : exit.obj (.data:$O1$$)
                  200006f8    0000000a     ultrasonic.obj (.data)
                  20000702    00000002     --HOLE--
                  20000704    00000008     rtsv7M4_T_le_v4SPD16_eabi.lib : _lock.obj (.data:$O1$$)
                  2000070c    00000008     receive.obj (.data)
                  20000714    00000008     ultrasonic.obj (.data:ui32Time$2)
                  2000071c    00000006     mavlink.obj (.data)
                  20000722    00000002     --HOLE--
                  20000724    00000005     ppm.obj (.data)
                  20000729    00000003     --HOLE--
                  2000072c    00000005     uartstdio.obj (.data)
                  20000731    00000003     --HOLE--
                  20000734    00000004     rtsv7M4_T_le_v4SPD16_eabi.lib : errno.obj (.data)
                  20000738    00000004                                   : stkdepth_vars.obj (.data)

MODULE SUMMARY

       Module                         code    ro data   rw data
       ------                         ----    -------   -------
    .\
       main.obj                       5952    0         242    
       uartstdio.obj                  1244    46        5      
       mavlink.obj                    1056    0         156    
       ppm.obj                        928     0         71     
       filter.obj                     648     0         0      
       tm4c123gh6pm_startup_ccs.obj   12      620       0      
       camera.obj                     508     0         29     
       ultrasonic.obj                 476     0         58     
       receive.obj                    368     0         114    
    +--+------------------------------+-------+---------+---------+
       Total:                         11192   666       675    
                                                               
    D:\ti\ccsv7\tools\compiler\ti-cgt-arm_16.9.0.LTS\lib\rtsv7M4_T_le_v4SPD16_eabi.lib
       e_pow.obj                      2476    48        0      
       fd_add_t2.obj                  438     0         0      
       e_sqrt.obj                     368     0         0      
       fd_div_t2.obj                  310     0         0      
       fd_cmp_t2.obj                  268     0         0      
       fd_mul_t2.obj                  252     0         0      
       s_scalbn.obj                   252     0         0      
       memcpy_t2.obj                  156     0         0      
       memset_t2.obj                  122     0         0      
       autoinit.obj                   112     0         0      
       fd_tos_t2.obj                  110     0         0      
       copy_decompress_lzss.obj       104     0         0      
       exit.obj                       84      0         12     
       boot.obj                       84      0         0      
       cpy_tbl.obj                    76      0         0      
       fd_toi_t2.obj                  72      0         0      
       u_divt2.obj                    64      0         0      
       fs_tod_t2.obj                  56      0         0      
       i_tofd_t2.obj                  46      0         0      
       u_tofd_t2.obj                  32      0         0      
       _lock.obj                      20      0         8      
       args_main.obj                  24      0         0      
       s_copysign.obj                 20      0         0      
       copy_decompress_none.obj       14      0         0      
       copy_zero_init.obj             12      0         0      
       errno.obj                      0       0         4      
       pre_init.obj                   4       0         0      
       stkdepth_vars.obj              0       0         4      
       i_div0.obj                     2       0         0      
       mpu_init.obj                   2       0         0      
       startup.obj                    2       0         0      
    +--+------------------------------+-------+---------+---------+
       Total:                         5582    48        28     
                                                               
    F:/TIVAWARE002/driverlib/ccs/Debug/driverlib.lib
       interrupt.obj                  208     268       620    
       gpio.obj                       510     144       0      
       sysctl.obj                     386     108       0      
       timer.obj                      316     160       0      
       uart.obj                       208     0         0      
       fpu.obj                        32      0         0      
       cpu.obj                        12      0         0      
    +--+------------------------------+-------+---------+---------+
       Total:                         1672    680       620    
                                                               
       Stack:                         0       0         512    
       Linker Generated:              0       101       0      
    +--+------------------------------+-------+---------+---------+
       Grand Total:                   18446   1495      1835   


LINKER GENERATED COPY TABLES

__TI_cinit_table @ 00004dd8 records: 3, size/record: 8, table size: 24
	.data: load addr=00004d88, load size=00000031 bytes, run addr=20000658, run size=000000e4 bytes, compression=lzss
	.bss: load addr=00004dc8, load size=00000008 bytes, run addr=20000470, run size=000001e8 bytes, compression=zero_init
	.vtable: load addr=00004dd0, load size=00000008 bytes, run addr=20000000, run size=0000026c bytes, compression=zero_init


LINKER GENERATED HANDLER TABLE

__TI_handler_table @ 00004dbc records: 3, size/record: 4, table size: 12
	index: 0, handler: __TI_zero_init
	index: 1, handler: __TI_decompress_lzss
	index: 2, handler: __TI_decompress_none


GLOBAL SYMBOLS: SORTED ALPHABETICALLY BY Name 

address   name                           
-------   ----                           
0000089d  AircraftDataReceive            
000016f1  AircraftMain                   
00000cf1  Aircraft_Base_Output           
00001449  Aircraft_Startup_Detection     
00000c89  Aircraft_Unlock                
0000026d  AltitudeControlerInit          
0000080b  AltitudeGet                    
0000035d  Altitude_Control               
00002895  Attitude_Data_Store            
00002a07  Attitude_init                  
000044e5  C$$EXIT                        
000049eb  CPUcpsie                       
00001189  CalibrationMain                
0000340f  Camera_Hold_Black_Blob         
0000342b  Camera_Hold_Red_Blob           
00000aa5  ConfigureUART0                 
00002a15  Distance_init                  
00003057  EWA_Filter_Compute             
00002ff5  EWA_Filter_Init                
00004975  FPUEnable                      
00004985  FPULazyStackingEnable          
000047ef  GPIODirModeSet                 
00003479  GPIOE3_Init                    
00003c23  GPIOPadConfigSet               
000045d1  GPIOPinConfigure               
00004a51  GPIOPinRead                    
00004919  GPIOPinTypeGPIOInput           
0000487d  GPIOPinTypeGPIOOutput          
0000492b  GPIOPinTypeTimer               
0000493d  GPIOPinTypeUART                
00004a57  GPIOPinWrite                   
00004361  IntEnable                      
00004995  IntMasterEnable                
00004819  IntPrioritySet                 
00004759  IntRegister                    
00000b7f  Key_PF0_Init                   
00000bd9  Key_PF0_Pros                   
00000b05  Key_PF4_Init                   
00000b35  Key_PF4_Pros                   
00000ae5  LED_Init                       
00003191  MA_Filter_Compute              
0000313f  MA_Filter_Init                 
00002a65  MavLink_Data_Get               
00002835  Mav_recive_UART2_Config        
00002a23  Mavlink_DateInit               
00000c35  PPM_Channal_Init               
000002c5  PositionControlerInit          
00000edd  PositionHoldLand               
000005e5  Position_Control               
0000380d  Recive_UART1_Config            
0000327d  Recive_UART3_Config            
00004a03  ResetISR                       
00000d4d  RolloverProtection             
20000658  Rx_Buffer_attitude             
200006c4  Rx_Buffer_height               
UNDEFED   SHT$$INIT_ARRAY$$Base          
UNDEFED   SHT$$INIT_ARRAY$$Limit         
0000349f  SonicTrig                      
2000062c  Source_Rangefinder_payload     
20000540  Source_attitude_payload        
00003d55  SysCtlClockGet                 
00004a5d  SysCtlDelay                    
0000478d  SysCtlPeripheralEnable         
000046e9  SysCtlPeripheralReady          
00002d31  Timer0AIntHandler              
00000e61  Timer1AIntHandler              
00000dd1  Timer1A_Init                   
00000f3d  Timer2AIntHandler              
00000f9d  Timer2A_Init                   
00004a63  TimerClockSourceSet            
00004431  TimerConfigure                 
000048c5  TimerControlEvent              
000049a5  TimerEnable                    
00004a75  TimerIntClear                  
00004a41  TimerIntEnable                 
00004895  TimerIntRegister               
00004a0f  TimerIntStatus                 
0000494f  TimerLoadSet                   
00004a19  TimerPrescaleGet               
00004961  TimerPrescaleSet               
00004a23  TimerValueGet                  
00003853  UART1IntHandler                
00001021  UART1_Data_Pros                
200004d8  UART1_Rx_Buffers               
2000050c  UART1_Rx_Data                  
20000654  UART1_Rx_Len                   
20000655  UART1_Sender_Address           
2000070c  UART1_Updated_Flag             
000028cb  UART2IntHandler                
000032c1  UART3IntHandler                
20000620  UART3_Rx_Buffers               
200006e0  UART3_Updated_Flag             
000049b3  UARTCharGetNonBlocking         
000049c1  UARTCharPutNonBlocking         
000049cf  UARTCharsAvail                 
00004a69  UARTClockSourceSet             
00004661  UARTConfigSetExpClk            
0000483d  UARTDisable                    
000048db  UARTEnable                     
00004a2d  UARTFIFOEnable                 
00004a6f  UARTFIFOLevelSet               
00004a79  UARTIntClear                   
00004a49  UARTIntEnable                  
00004a37  UARTIntStatus                  
00002359  UARTStdioConfig                
000024d1  UARTgetc                       
0000240b  UARTgets                       
000027ff  UARTprintf                     
00002505  UARTvprintf                    
000023b9  UARTwrite                      
000035f5  UltrasonicConfigure            
00003593  WTimer0BConfigure              
000034cf  WTimer0BIntHandler             
2000046c  __STACK_END                    
00000200  __STACK_SIZE                   
2000046c  __STACK_TOP                    
00004dd8  __TI_CINIT_Base                
00004df0  __TI_CINIT_Limit               
00004dbc  __TI_Handler_Table_Base        
00004dc8  __TI_Handler_Table_Limit       
00004281  __TI_auto_init                 
200006ec  __TI_cleanup_ptr               
000043c9  __TI_decompress_lzss           
000049dd  __TI_decompress_none           
200006f0  __TI_dtors_ptr                 
200006f4  __TI_enable_exit_profile_output
ffffffff  __TI_pprof_out_hndl            
ffffffff  __TI_prof_data_size            
ffffffff  __TI_prof_data_start           
00000000  __TI_static_base__             
000049f7  __TI_zero_init                 
000040f9  __aeabi_cdcmpeq                
000040f9  __aeabi_cdcmple                
0000417f  __aeabi_cdrcmple               
000042f1  __aeabi_d2f                    
00004619  __aeabi_d2iz                   
0000365f  __aeabi_dadd                   
00003aed  __aeabi_ddiv                   
00003e65  __aeabi_dmul                   
00003655  __aeabi_dsub                   
00004721  __aeabi_f2d                    
000047c1  __aeabi_i2d                    
0000380b  __aeabi_idiv0                  
00004205  __aeabi_memclr                 
00004205  __aeabi_memclr4                
00004205  __aeabi_memclr8                
0000405d  __aeabi_memcpy                 
0000405d  __aeabi_memcpy4                
0000405d  __aeabi_memcpy8                
00004207  __aeabi_memset                 
00004207  __aeabi_memset4                
00004207  __aeabi_memset8                
0000485d  __aeabi_ui2d                   
000046a7  __aeabi_uidiv                  
000046a7  __aeabi_uidivmod               
ffffffff  __binit__                      
ffffffff  __c_args__                     
0000427f  __mpu_init                     
2000026c  __stack                        
000048ad  _args_main                     
00004491  _c_int00                       
20000704  _lock                          
000048ff  _nop                           
000048f7  _register_lock                 
000048f1  _register_unlock               
0000435f  _system_post_cinit             
00004a7d  _system_pre_init               
20000708  _unlock                        
000044e9  abort                          
200006a8  aircraft_mission               
200006ac  aircraft_start_flag            
200005a0  altitude_controler             
20000570  altitude_ewa                   
ffffffff  binit                          
00004585  copy_in                        
00004905  copysign                       
00004905  copysignl                      
20000734  errno                          
000044f1  exit                           
20000000  g_pfnRAMVectors                
00000000  g_pfnVectors                   
20000634  int_mavlink_height             
20000638  int_pitch                      
2000063c  int_roll                       
20000640  int_yaw                        
00003f61  ldexp                          
00003f61  ldexpl                         
00001931  main                           
20000738  main_func_sp                   
20000644  mavlink_height                 
0000405d  memcpy                         
0000420d  memset                         
2000071c  newAttiFlag                    
2000071d  newHeightFlag                  
20000656  payload_buf_index              
20000648  pitch                          
20000470  position_controler             
000019ad  pow                            
000019ad  powl                           
20000602  ppm_data                       
00002c55  ppm_encoder_init               
00002d5b  ppm_encoder_set_data           
2000064c  roll                           
20000657  rx_buffer                      
00003f61  scalbn                         
00003f61  scalbnl                        
0000397d  sqrt                           
0000397d  sqrtl                          
2000071e  start_receive_attitude         
2000071f  start_receive_height           
00003349  u3Data_handle                  
200006fc  ultrasonic_distance            
20000680  ultrasonic_distance_history    
200006f8  ultrasonic_update_flag         
200006d8  x_hat                          
200006dc  y_hat                          
20000650  yaw                            


GLOBAL SYMBOLS: SORTED BY Symbol Address 

address   name                           
-------   ----                           
00000000  __TI_static_base__             
00000000  g_pfnVectors                   
00000200  __STACK_SIZE                   
0000026d  AltitudeControlerInit          
000002c5  PositionControlerInit          
0000035d  Altitude_Control               
000005e5  Position_Control               
0000080b  AltitudeGet                    
0000089d  AircraftDataReceive            
00000aa5  ConfigureUART0                 
00000ae5  LED_Init                       
00000b05  Key_PF4_Init                   
00000b35  Key_PF4_Pros                   
00000b7f  Key_PF0_Init                   
00000bd9  Key_PF0_Pros                   
00000c35  PPM_Channal_Init               
00000c89  Aircraft_Unlock                
00000cf1  Aircraft_Base_Output           
00000d4d  RolloverProtection             
00000dd1  Timer1A_Init                   
00000e61  Timer1AIntHandler              
00000edd  PositionHoldLand               
00000f3d  Timer2AIntHandler              
00000f9d  Timer2A_Init                   
00001021  UART1_Data_Pros                
00001189  CalibrationMain                
00001449  Aircraft_Startup_Detection     
000016f1  AircraftMain                   
00001931  main                           
000019ad  pow                            
000019ad  powl                           
00002359  UARTStdioConfig                
000023b9  UARTwrite                      
0000240b  UARTgets                       
000024d1  UARTgetc                       
00002505  UARTvprintf                    
000027ff  UARTprintf                     
00002835  Mav_recive_UART2_Config        
00002895  Attitude_Data_Store            
000028cb  UART2IntHandler                
00002a07  Attitude_init                  
00002a15  Distance_init                  
00002a23  Mavlink_DateInit               
00002a65  MavLink_Data_Get               
00002c55  ppm_encoder_init               
00002d31  Timer0AIntHandler              
00002d5b  ppm_encoder_set_data           
00002ff5  EWA_Filter_Init                
00003057  EWA_Filter_Compute             
0000313f  MA_Filter_Init                 
00003191  MA_Filter_Compute              
0000327d  Recive_UART3_Config            
000032c1  UART3IntHandler                
00003349  u3Data_handle                  
0000340f  Camera_Hold_Black_Blob         
0000342b  Camera_Hold_Red_Blob           
00003479  GPIOE3_Init                    
0000349f  SonicTrig                      
000034cf  WTimer0BIntHandler             
00003593  WTimer0BConfigure              
000035f5  UltrasonicConfigure            
00003655  __aeabi_dsub                   
0000365f  __aeabi_dadd                   
0000380b  __aeabi_idiv0                  
0000380d  Recive_UART1_Config            
00003853  UART1IntHandler                
0000397d  sqrt                           
0000397d  sqrtl                          
00003aed  __aeabi_ddiv                   
00003c23  GPIOPadConfigSet               
00003d55  SysCtlClockGet                 
00003e65  __aeabi_dmul                   
00003f61  ldexp                          
00003f61  ldexpl                         
00003f61  scalbn                         
00003f61  scalbnl                        
0000405d  __aeabi_memcpy                 
0000405d  __aeabi_memcpy4                
0000405d  __aeabi_memcpy8                
0000405d  memcpy                         
000040f9  __aeabi_cdcmpeq                
000040f9  __aeabi_cdcmple                
0000417f  __aeabi_cdrcmple               
00004205  __aeabi_memclr                 
00004205  __aeabi_memclr4                
00004205  __aeabi_memclr8                
00004207  __aeabi_memset                 
00004207  __aeabi_memset4                
00004207  __aeabi_memset8                
0000420d  memset                         
0000427f  __mpu_init                     
00004281  __TI_auto_init                 
000042f1  __aeabi_d2f                    
0000435f  _system_post_cinit             
00004361  IntEnable                      
000043c9  __TI_decompress_lzss           
00004431  TimerConfigure                 
00004491  _c_int00                       
000044e5  C$$EXIT                        
000044e9  abort                          
000044f1  exit                           
00004585  copy_in                        
000045d1  GPIOPinConfigure               
00004619  __aeabi_d2iz                   
00004661  UARTConfigSetExpClk            
000046a7  __aeabi_uidiv                  
000046a7  __aeabi_uidivmod               
000046e9  SysCtlPeripheralReady          
00004721  __aeabi_f2d                    
00004759  IntRegister                    
0000478d  SysCtlPeripheralEnable         
000047c1  __aeabi_i2d                    
000047ef  GPIODirModeSet                 
00004819  IntPrioritySet                 
0000483d  UARTDisable                    
0000485d  __aeabi_ui2d                   
0000487d  GPIOPinTypeGPIOOutput          
00004895  TimerIntRegister               
000048ad  _args_main                     
000048c5  TimerControlEvent              
000048db  UARTEnable                     
000048f1  _register_unlock               
000048f7  _register_lock                 
000048ff  _nop                           
00004905  copysign                       
00004905  copysignl                      
00004919  GPIOPinTypeGPIOInput           
0000492b  GPIOPinTypeTimer               
0000493d  GPIOPinTypeUART                
0000494f  TimerLoadSet                   
00004961  TimerPrescaleSet               
00004975  FPUEnable                      
00004985  FPULazyStackingEnable          
00004995  IntMasterEnable                
000049a5  TimerEnable                    
000049b3  UARTCharGetNonBlocking         
000049c1  UARTCharPutNonBlocking         
000049cf  UARTCharsAvail                 
000049dd  __TI_decompress_none           
000049eb  CPUcpsie                       
000049f7  __TI_zero_init                 
00004a03  ResetISR                       
00004a0f  TimerIntStatus                 
00004a19  TimerPrescaleGet               
00004a23  TimerValueGet                  
00004a2d  UARTFIFOEnable                 
00004a37  UARTIntStatus                  
00004a41  TimerIntEnable                 
00004a49  UARTIntEnable                  
00004a51  GPIOPinRead                    
00004a57  GPIOPinWrite                   
00004a5d  SysCtlDelay                    
00004a63  TimerClockSourceSet            
00004a69  UARTClockSourceSet             
00004a6f  UARTFIFOLevelSet               
00004a75  TimerIntClear                  
00004a79  UARTIntClear                   
00004a7d  _system_pre_init               
00004dbc  __TI_Handler_Table_Base        
00004dc8  __TI_Handler_Table_Limit       
00004dd8  __TI_CINIT_Base                
00004df0  __TI_CINIT_Limit               
20000000  g_pfnRAMVectors                
2000026c  __stack                        
2000046c  __STACK_END                    
2000046c  __STACK_TOP                    
20000470  position_controler             
200004d8  UART1_Rx_Buffers               
2000050c  UART1_Rx_Data                  
20000540  Source_attitude_payload        
20000570  altitude_ewa                   
200005a0  altitude_controler             
20000602  ppm_data                       
20000620  UART3_Rx_Buffers               
2000062c  Source_Rangefinder_payload     
20000634  int_mavlink_height             
20000638  int_pitch                      
2000063c  int_roll                       
20000640  int_yaw                        
20000644  mavlink_height                 
20000648  pitch                          
2000064c  roll                           
20000650  yaw                            
20000654  UART1_Rx_Len                   
20000655  UART1_Sender_Address           
20000656  payload_buf_index              
20000657  rx_buffer                      
20000658  Rx_Buffer_attitude             
20000680  ultrasonic_distance_history    
200006a8  aircraft_mission               
200006ac  aircraft_start_flag            
200006c4  Rx_Buffer_height               
200006d8  x_hat                          
200006dc  y_hat                          
200006e0  UART3_Updated_Flag             
200006ec  __TI_cleanup_ptr               
200006f0  __TI_dtors_ptr                 
200006f4  __TI_enable_exit_profile_output
200006f8  ultrasonic_update_flag         
200006fc  ultrasonic_distance            
20000704  _lock                          
20000708  _unlock                        
2000070c  UART1_Updated_Flag             
2000071c  newAttiFlag                    
2000071d  newHeightFlag                  
2000071e  start_receive_attitude         
2000071f  start_receive_height           
20000734  errno                          
20000738  main_func_sp                   
ffffffff  __TI_pprof_out_hndl            
ffffffff  __TI_prof_data_size            
ffffffff  __TI_prof_data_start           
ffffffff  __binit__                      
ffffffff  __c_args__                     
ffffffff  binit                          
UNDEFED   SHT$$INIT_ARRAY$$Base          
UNDEFED   SHT$$INIT_ARRAY$$Limit         

[217 symbols]
